L1-r1k1	SAME	store-run-bind-mixed-kind-alloc:eof	prod
L1-r1k2	SAME	store-run-bind-mixed-kind-alloc:eof	prod
L1-r1k3	SAME	store-run-bind-mixed-kind-alloc:eof	const
L1-r1k4	SAME	store-run-bind-mixed-kind-alloc:eof	const
L1-r2k2	SAME	store-run-bind-mixed-kind-alloc:eof	prod
L1-r2k3	SAME	store-run-bind-mixed-kind-alloc:eof	prod
L1-r2k4	SAME	store-run-bind-mixed-kind-alloc:eof	const
L1-r2k5	SAME	store-run-bind-mixed-kind-alloc:eof	const
L1-r3k3	SAME	store-run-bind-mixed-kind-alloc:eof	prod
L1-r3k4	SAME	store-run-bind-mixed-kind-alloc:eof	prod
L1-r3k5	SAME	store-run-bind-mixed-kind-alloc:eof	const
L1-r3k6	SAME	store-run-bind-mixed-kind-alloc:eof	const
L1-r4k5	SAME	store-run-bind-mixed-kind-alloc:eof	prod
L1-r4k6	SAME	store-run-bind-mixed-kind-alloc:eof	const
L1-r4k7	SAME	store-run-bind-mixed-kind-alloc:eof	const
L2-r1k1	MIRROR	store-run-bind-mixed-kind-alloc:eof	prod
L2-r1k2	MIRROR	store-run-bind-mixed-kind-alloc:eof	prod
L2-r1k3	MIRROR	store-run-bind-mixed-kind-alloc:eof	const
L2-r1k4	MIRROR	store-run-bind-mixed-kind-alloc:eof	const
L2-r2k2	MIRROR	store-run-bind-mixed-kind-alloc:eof	prod
L2-r2k3	MIRROR	store-run-bind-mixed-kind-alloc:eof	prod
L2-r2k4	MIRROR	store-run-bind-mixed-kind-alloc:eof	const
L2-r2k5	MIRROR	store-run-bind-mixed-kind-alloc:eof	const
L2-r3k3	MIRROR	store-run-bind-mixed-kind-alloc:eof	prod
L2-r3k4	MIRROR	store-run-bind-mixed-kind-alloc:eof	prod
L2-r3k5	MIRROR	store-run-bind-mixed-kind-alloc:eof	const
L2-r3k6	MIRROR	store-run-bind-mixed-kind-alloc:eof	const
L2-r4k5	MIRROR	store-run-bind-mixed-kind-alloc:eof	prod
L2-r4k6	MIRROR	store-run-bind-mixed-kind-alloc:eof	const
L2-r4k7	MIRROR	store-run-bind-mixed-kind-alloc:eof	const
L3-r1k1	TWOBIND	store-run-bind-mixed-kind-alloc:eof	const
L3-r1k2	TWOBIND	store-run-bind-mixed-kind-alloc:eof	const
L3-r1k3	TWOBIND	store-run-bind-mixed-kind-alloc:eof	const
L3-r1k4	TWOBIND	store-run-bind-mixed-kind-alloc:eof	const
L3-r2k2	TWOBIND	store-run-bind-mixed-kind-alloc:eof	prod
L3-r2k3	TWOBIND	store-run-bind-mixed-kind-alloc:eof	prod
L3-r2k4	TWOBIND	store-run-bind-mixed-kind-alloc:eof	const
L3-r2k5	TWOBIND	store-run-bind-mixed-kind-alloc:eof	const
L3-r3k3	TWOBIND	store-run-bind-mixed-kind-alloc:eof	prod
L3-r3k4	TWOBIND	store-run-bind-mixed-kind-alloc:eof	prod
L3-r3k5	TWOBIND	store-run-bind-mixed-kind-alloc:eof	const
L3-r3k6	TWOBIND	store-run-bind-mixed-kind-alloc:eof	const
L3-r4k5	TWOBIND	store-run-bind-mixed-kind-alloc:eof	prod
L3-r4k6	TWOBIND	store-run-bind-mixed-kind-alloc:eof	const
L3-r4k7	TWOBIND	store-run-bind-mixed-kind-alloc:eof	const
L4-r1k1	ALIAS	store-run-bind-mixed-kind-alloc:eof	prod
L4-r1k2	ALIAS	store-run-bind-mixed-kind-alloc:eof	prod
L4-r1k3	ALIAS	store-run-bind-mixed-kind-alloc:eof	const
L4-r1k4	ALIAS	store-run-bind-mixed-kind-alloc:eof	const
L4-r2k2	ALIAS	store-run-bind-mixed-kind-alloc:eof	prod
L4-r2k3	ALIAS	store-run-bind-mixed-kind-alloc:eof	prod
L4-r2k4	ALIAS	store-run-bind-mixed-kind-alloc:eof	prod
L4-r2k5	ALIAS	store-run-bind-mixed-kind-alloc:eof	const
L4-r3k3	ALIAS	store-run-bind-mixed-kind-alloc:eof	prod
L4-r3k4	ALIAS	store-run-bind-mixed-kind-alloc:eof	prod
L4-r3k5	ALIAS	store-run-bind-mixed-kind-alloc:eof	prod
L4-r3k6	ALIAS	store-run-bind-mixed-kind-alloc:eof	const
L4-r4k5	ALIAS	store-run-bind-mixed-kind-alloc:eof	prod
L4-r4k6	ALIAS	store-run-bind-mixed-kind-alloc:eof	prod
L4-r4k7	ALIAS	store-run-bind-mixed-kind-alloc:eof	const
L5-r1k1	XOBJ	store-run-bind-mixed-kind-alloc:eof	const
L5-r1k2	XOBJ	store-run-bind-mixed-kind-alloc:eof	const
L5-r1k3	XOBJ	store-run-bind-mixed-kind-alloc:eof	const
L5-r1k4	XOBJ	store-run-bind-mixed-kind-alloc:eof	const
L5-r2k2	XOBJ	store-run-bind-mixed-kind-alloc:eof	prod
L5-r2k3	XOBJ	store-run-bind-mixed-kind-alloc:eof	prod
L5-r2k4	XOBJ	store-run-bind-mixed-kind-alloc:eof	const
L5-r2k5	XOBJ	store-run-bind-mixed-kind-alloc:eof	const
L5-r3k3	XOBJ	store-run-bind-mixed-kind-alloc:eof	prod
L5-r3k4	XOBJ	store-run-bind-mixed-kind-alloc:eof	prod
L5-r3k5	XOBJ	store-run-bind-mixed-kind-alloc:eof	const
L5-r3k6	XOBJ	store-run-bind-mixed-kind-alloc:eof	const
L5-r4k5	XOBJ	store-run-bind-mixed-kind-alloc:eof	prod
L5-r4k6	XOBJ	store-run-bind-mixed-kind-alloc:eof	const
L5-r4k7	XOBJ	store-run-bind-mixed-kind-alloc:eof	const
C1-r2k3	CHAINBIND	expr-op-0x27	prod
C1-r2k4	CHAINBIND	expr-op-0x27	const
C2-r2k3	DEEP-GP	expr-op-0x27	prod
C2-r2k4	DEEP-GP	expr-op-0x27	const
C3-r2k3	REVERSE	expr-op-0x27	prod
C3-r2k4	REVERSE	expr-op-0x27	const
C4-r2k3	SELF-2B	expr-op-0x27	prod
C4-r2k4	SELF-2B	expr-op-0x27	prod
