stores harvested : 484 over 0x10c3cc10..0x10c6770c
phase anchor     : record base 0x10c46ddc (name '-EHs', kind 0x101)

record      name          value ptr   kind    what
0x10c46bd8  -AllowCompatibleILVersions0x10c2eb6c  0x0101  
0x10c46be4  -bigobj       0x10c45d60  0x0101  
0x10c46bf0  -cbstring     0x10c2eae0  0x0101  
0x10c46bfc  -Gs#          0x10c386f4  0x2401  
0x10c46c08  -Gt#          0x10c386f8  0x2401  
0x10c46c14  -cvtcil       0x10c45d6c  0x0101  
0x10c46c20  -stkfill#     0x10b021a4  0x2401  
0x10c46c2c  -fastcap      0x10c2ec98  0x0101  
0x10c46c38  -Wall         0x10c46bb4  0x0101  
0x10c46c44  -G#           0x10b13710  0x2301  
0x10c46c50  -W#           0x10b137d0  0x2301  
0x10c46c5c  -db#          0x10c2ecc8  0x2201  
0x10c46c68  -off#         0x10c2eccc  0x2201  
0x10c46c74  -ef#          (reg)       0x2201  
0x10c46c80  -f#           0x10c46bb0  0x2201  
0x10c46c8c  -Fd#          0x10c2eb2c  0x2201  
0x10c46c98  -isize#       0x10c2ea88  0x2401  
0x10c46ca4  -il#          0x10c2ea60  0x2201  
0x10c46cb0  -inlS#        0x10c45e10  0x2401  
0x10c46cbc  -inlT#        0x10c45e0c  0x2401  
0x10c46cc8  -inlfcsw#     0x10c45e08  0x2401  
0x10c46cd4  -inlflcsw#    0x10c45e04  0x2401  
0x10c46ce0  -inlld#       0x10c45dd0  0x2401  
0x10c46cec  -inld#        0x10c45dcc  0x2401  
0x10c46cf8  -inlniln#     0x10c45dc8  0x2401  
0x10c46d04  -inlnild#     0x10c45dc4  0x2401  
0x10c46d10  -inlnoln#     0x10c45dc0  0x2401  
0x10c46d1c  -inlnold#     0x10c45dbc  0x2401  
0x10c46d28  -inlnobr#     0x10c45dd4  0x2401  
0x10c46d34  -inlnlw       0x10c45db8  0x0101  
0x10c46d40  -inlocsa1#    0x10c45e00  0x2401  
0x10c46d4c  -inlocsa2#    0x10c45dfc  0x2401  
0x10c46d58  -inlocsa3#    0x10c45df8  0x2401  
0x10c46d64  -inlocsa4#    0x10c45df4  0x2401  
0x10c46d70  -inlcrmax#    0x10c45db4  0x2401  
0x10c46d7c  -inlfcsa#     0x10c45df0  0x2401  
0x10c46d88  -inluserinl#  0x10c45dec  0x2401  
0x10c46d94  -inlmlsa#     0x10c45de8  0x2401  
0x10c46da0  -inlcsw#      0x10c45de4  0x2401  
0x10c46dac  -inlcasw#     0x10c45de0  0x2401  
0x10c46db8  -inldasw#     0x10c45ddc  0x2401  
0x10c46dc4  -inlipfw#     0x10c45dd8  0x2401  
0x10c46dd0  -vol#         0x10c2ea98  0x2401  <<< the inline size ceiling shift k, FUN_10b5e4cc:0x10b5e4cc
0x10c46ddc  -EHs          (reg)       0x0101  
0x10c46de8  -EHa          (reg)       0x0501  
0x10c46df4  -Loop#        0x10c2eb24  0x2401  
0x10c46e00  -loopopt      0x10c2eaf0  0x0101  
0x10c46e0c  -useoldhandlers0x10c2eb68  0x0101  
0x10c46e18  -unwindtab    0x10c2eabc  0x0101  
0x10c46e24  -MLd          0x10c2eb00  0x0101  
0x10c46e30  -MDd          0x10c2eb04  0x0101  
0x10c46e3c  -MTd          0x10c2eb08  0x0101  
0x10c46e48  -ML           0x10c2eaf4  0x0101  
0x10c46e54  -MD           0x10c2eaf8  0x0101  
0x10c46e60  -MT           0x10c2eafc  0x0101  
0x10c46e6c  -msilDebug    0x10c46b68  0x0101  
0x10c46e78  -ehopt        (reg)       0x0501  
0x10c46e84  -noehopt      (reg)       0x0101  
0x10c46e90  -nopdata      0x10c2eab8  0x0101  
0x10c46e9c  -nodatasort   0x10c2eadc  0x0101  
0x10c46ea8  -dshigh#      0x10c2ece8  0x2401  
0x10c46eb4  -dslow#       0x10c2ecec  0x2401  
0x10c46ec0  -Fl#          0x10c45fa0  0x2601  
0x10c46ecc  -ltcg         0x10c46308  0x0101  
0x10c46ed8  -optref       0x10c45f9c  0x0101  
0x10c46ee4  -pchmap#      0x10c2ec70  0x2201  
0x10c46ef0  -FAf          (reg)       0x0101  
0x10c46efc  -FAF          (reg)       0x0101  
0x10c46f08  -FA#          0x10c46bac  0x2201  
0x10c46f14  -Fa#          0x10c46ba8  0x2201  
0x10c46f20  -Fs#          (reg)       0x2201  
0x10c46f2c  -Bd           0x10c2ea90  0x0101  
0x10c46f38  -Brepro       0x10c2ead8  0x0101  
0x10c46f44  -Zi           0x10c2ea64  0x0101  
0x10c46f50  -Z7           0x10c2ea68  0x0101  
0x10c46f5c  -Za           0x10c2ea80  0x0101  
0x10c46f68  -Zl           0x10c2ea7c  0x0501  
0x10c46f74  -Zvc6         0x10c2eb44  0x0101  
0x10c46f80  -Zo-          0x10c2ea6c  0x0101  
0x10c46f8c  -Zi+          0x10c2ea70  0x0101  
0x10c46f98  -OptCodeDebugIncludeMaybeRange0x10c2ea74  0x0101  
0x10c46fa4  -OptCodeDebugParamOnly0x10c2ea78  0x0101  
0x10c46fb0  -H#           0x10c2ea84  0x2401  
0x10c46fbc  -Fo#          0x10c2ead4  0x2201  
0x10c46fc8  -dos          0x10c2eae4  0x0101  
0x10c46fd4  -S            0x10c46ba4  0x0101  
0x10c46fe0  -nowarn4715   0x10c2eb1c  0x0501  
0x10c46fec  -nowarn4786   0x10c2eb20  0x0501  
0x10c46ff8  -omp          0x10c2ea9c  0x0101  
0x10c47004  -pinth#       0x10c2e948  0x2401  
0x10c47010  -pgi#         (reg)       0x2201  
0x10c4701c  -pgo#         (reg)       0x2201  
0x10c47028  -pgu#         0x10c46bc4  0x2201  
0x10c47034  -pi#          (reg)       0x2201  
0x10c47040  -po#          (reg)       0x2201  
0x10c4704c  -pv#          0x10c46bc8  0x2201  
0x10c47058  -Fg#          0x10c2ee28  0x2201  
0x10c47064  -callcap      0x10c2ec94  0x0101  
0x10c47070  -cap          0x10c2ec90  0x0101  
0x10c4707c  -Qimprecise_fwaits0x10c2ec84  0x0101  
0x10c47088  -Qfast_transcendentals0x10c2ec88  0x0101  
0x10c47094  -Qsafe_fp_loads0x10c2ec8c  0x0101  
0x10c470a0  -NoLUR        0x10c2ec9c  0x0101  
0x10c470ac  -initialAppDomain0x10c46b6c  0x0101  
0x10c470b8  -Ob#          0x10c46bc0  0x2401  
0x10c470c4  -Og           0x10c2ecac  0x0101  
0x10c470d0  -AlignFuncs   0x10c2eb30  0x0101  
0x10c470dc  -xoff         (reg)       0x0101  
0x10c470e8  -QPa          0x10c386ec  0x0101  
0x10c470f4  -QPi          0x10c386f0  0x0101  
0x10c47100  -QPltls       0x10c386fc  0x0101  
0x10c4710c  -QPiim        0x10c38700  0x0101  
0x10c47118  -QPifp        0x10c38704  0x0101  
0x10c47124  -QPfpe-       0x10c386e8  0x0501  
0x10c47130  -QVMX128      0x10c2e978  0x0101  
0x10c4713c  -QVMXReserve  0x10c2e97c  0x0101  
0x10c47148  -QGPRReserve  0x10c2e980  0x0101  
0x10c47154  -QFPU#        0x10c2e974  0x2401  
0x10c47160  -Qoptasm      0x10c2e984  0x0101  
0x10c4716c  -Qhypervisor  0x10c2ecf0  0x0101  
0x10c47178  -QXSTALLS     0x10c2e988  0x0101  
0x10c47184  -QDD2         0x10c2ecf4  0x0101  
0x10c47190  -QXnobdnz     0x10c2ecf8  0x0101  
0x10c4719c  -QXnopreinc   0x10c2ecfc  0x0101  
0x10c471a8  -QXnonov08    0x10c2ed00  0x0101  
0x10c471b4  -QXnojan10    0x10c2ed04  0x0101  
0x10c471c0  -QXnonov10    0x10c2ed08  0x0101  
0x10c471cc  -QXnoloopreduction0x10c2ed0c  0x0101  
0x10c471d8  -QXnoxbld     0x10c2ed10  0x0101  
0x10c471e4  -PogoCodeCoverage0x10c2ec7c  0x0101  
0x10c471f0  -PogoNtoskrnl 0x10c2ec74  0x0101  
0x10c471fc  -PogoKmode    0x10c2ec78  0x0101  
0x10c47208  -PogoNoThunks 0x10c2ee18  0x0101  
0x10c47214  -PogoSafeMode 0x10c2ec80  0x0101  
0x10c47220  -errorreport:queue(reg)       0x0101  
0x10c4722c  -errorreport:prompt(reg)       0x0101  
0x10c47238  -errorreport:send(reg)       0x0101  
0x10c47244  -errorreport:none(reg)       0x0501  
0x10c47250  -MPdiagMutex  0x10c45d74  0x2201  
0x10c4725c  -mnunmrf#     0x10c45d70  0x2201  
0x10c47268  -UI#          0x10c6fe30  0x2201  
0x10c47274  -schdat#      0x10c2eb40  0x2401  
0x10c47280  -Yc           0x10c46b78  0x0101  
0x10c4728c  -Y-           0x10c46b74  0x0101  
0x10c47298  -typedil      0x10c46b70  0x0101  
0x10c472a4  -memoryBarriers0x10c2eca0  0x0101  
0x10c472b0  *             (reg)       0x2206  
0x10c67584               0x10b16108  0x10b160ec
