stage neutrality: 386 fixtures, payload=on, flags /O1 /Oi /EHsc /GS- /c
  [1/386] SAME     add3.cpp  hits=71 regions=43 tuples=309
  [2/386] SAME     il_accum4.cpp  hits=125 regions=62 tuples=328
  [3/386] SAME     il_base_member.cpp  hits=105 regions=56 tuples=273
  [4/386] SAME     il_bool_materialization.cpp  hits=90 regions=48 tuples=290
  [5/386] SAME     il_call_args1.cpp  hits=60 regions=32 tuples=166
  [6/386] SAME     il_call_args2.cpp  hits=90 regions=48 tuples=255
  [7/386] SAME     il_call_bound_neg.cpp  hits=30 regions=16 tuples=86
  [8/386] SAME     il_call_multi.cpp  hits=105 regions=56 tuples=353
  [9/386] SAME     il_call_perm.cpp  hits=105 regions=56 tuples=329
  [10/386] SAME     il_call_return.cpp  hits=136 regions=80 tuples=662
  [11/386] SAME     il_call_value.cpp  hits=75 regions=40 tuples=215
  [12/386] SAME     il_convert_scalar.cpp  hits=247 regions=114 tuples=549
  [13/386] SAME     il_deep_chain.cpp  hits=42 regions=21 tuples=125
  [14/386] SAME     il_dllexport_neg.cpp  hits=30 regions=16 tuples=78
  [15/386] SAME     il_drectve_pragma.cpp  hits=14 regions=7 tuples=33
  [16/386] SAME     il_dyninit_static.cpp  hits=15 regions=8 tuples=54
  [17/386] SAME     il_expr_call_value.cpp  hits=105 regions=56 tuples=352
  [18/386] SAME     il_expr_cast.cpp  hits=125 regions=62 tuples=316
  [19/386] SAME     il_expr_deref.cpp  hits=240 regions=128 tuples=624
  [20/386] SAME     il_expr_index.cpp  hits=150 regions=80 tuples=394
  [21/386] SAME     il_expr_load_neg.cpp  hits=255 regions=136 tuples=724
  [22/386] SAME     il_expr_member.cpp  hits=90 regions=48 tuples=234
  [23/386] SAME     il_expr_temp.cpp  hits=45 regions=24 tuples=160
  [24/386] SAME     il_expr_ternary.cpp  hits=86 regions=58 tuples=480
  [25/386] SAME     il_extern_c_name.cpp  hits=28 regions=14 tuples=66
  [26/386] SAME     il_gl_data_symbol.cpp  hits=14 regions=7 tuples=33
  [27/386] SAME     il_gl_record_order.cpp  hits=29 regions=15 tuples=75
  [28/386] SAME     il_gl_sep26.cpp  hits=15 regions=8 tuples=39
  [29/386] SAME     il_intra_tu_call.cpp  hits=28 regions=14 tuples=66
  [30/386] SAME     il_intrinsic_bits.cpp  hits=301 regions=154 tuples=869
  [31/386] SAME     il_intrinsic_byval.cpp  hits=75 regions=40 tuples=335
  [32/386] SAME     il_intrinsic_call.cpp  hits=226 regions=142 tuples=1313
  [33/386] SAME     il_intrinsic_fold.cpp  hits=150 regions=80 tuples=459
  [34/386] SAME     il_intrinsic_layout.cpp  hits=157 regions=101 tuples=847
  [35/386] SAME     il_intrinsic_nullary.cpp  hits=75 regions=40 tuples=188
  [36/386] SAME     il_line_marker.cpp  hits=14 regions=7 tuples=36
  [37/386] SAME     il_param_aggr.cpp  hits=135 regions=72 tuples=351
  [38/386] SAME     il_param_aggr_neg.cpp  hits=60 regions=32 tuples=156
  [39/386] SAME     il_param_poly.cpp  hits=45 regions=24 tuples=117
  [40/386] SAME     il_reassoc.cpp  hits=221 regions=109 tuples=540
  [41/386] SAME     il_repeated_leaf.cpp  hits=85 regions=43 tuples=209
  [42/386] SAME     il_stmt_bare_block.cpp  hits=68 regions=33 tuples=152
  [43/386] SAME     il_stmt_compound_assign.cpp  hits=54 regions=26 tuples=120
  [44/386] SAME     il_stmt_early_return.cpp  hits=50 regions=29 tuples=181
  [45/386] SAME     il_stmt_for.cpp  hits=54 regions=40 tuples=452
  [46/386] SAME     il_stmt_global.cpp  hits=44 regions=23 tuples=127
  [47/386] SAME     il_stmt_if.cpp  hits=60 regions=39 tuples=261
  [48/386] SAME     il_stmt_if_else.cpp  hits=54 regions=40 tuples=324
  [49/386] SAME     il_stmt_local_decl.cpp  hits=36 regions=15 tuples=66
  [50/386] SAME     il_stmt_multi.cpp  hits=15 regions=8 tuples=43
  [51/386] SAME     il_stmt_param_assign.cpp  hits=43 regions=22 tuples=105
  [52/386] SAME     il_stmt_scope.cpp  hits=98 regions=49 tuples=231
  [53/386] SAME     il_stmt_seq.cpp  hits=56 regions=28 tuples=146
  [54/386] SAME     il_stmt_static.cpp  hits=57 regions=29 tuples=162
  [55/386] SAME     il_stmt_while.cpp  hits=38 regions=24 tuples=229
  [56/386] SAME     il_sy_locals.cpp  hits=188 regions=97 tuples=535
  [57/386] SAME     il_sy_locals_clean.cpp  hits=136 regions=66 tuples=308
  [58/386] SAME     il_sy_size_extent.cpp  hits=60 regions=32 tuples=156
  [59/386] SAME     il_this_line70.cpp  hits=30 regions=16 tuples=78
  [60/386] SAME     il_this_straightline.cpp  hits=153 regions=76 tuples=363
  [61/386] SAME     il_type_intlike.cpp  hits=167 regions=83 tuples=406
  [62/386] SAME     il_type_narrow.cpp  hits=146 regions=76 tuples=408
  [63/386] SAME     il_type_pack_neg.cpp  hits=90 regions=48 tuples=275
  [64/386] SAME     il_type_scalars.cpp  hits=192 regions=80 tuples=352
  [65/386] SAME     il_varargs_neg.cpp  hits=82 regions=40 tuples=188
  [66/386] SAME     mvp_add3.cpp  hits=14 regions=7 tuples=36
  [67/386] SAME     mvp_argtail.cpp  hits=15 regions=8 tuples=43
  [68/386] SAME     mvp_call.cpp  hits=15 regions=8 tuples=34
  [69/386] SAME     mvp_call_argframed_plusk.cpp  hits=15 regions=8 tuples=52
  [70/386] SAME     mvp_call_mulmod.cpp  hits=15 regions=8 tuples=50
  [71/386] SAME     mvp_call_plus1plus2.cpp  hits=15 regions=8 tuples=50
  [72/386] SAME     mvp_call_seq.cpp  hits=150 regions=80 tuples=504
  [73/386] SAME     mvp_call_seq_b.cpp  hits=270 regions=144 tuples=1126
  [74/386] SAME     mvp_call_seq_b_neg.cpp  hits=105 regions=56 tuples=447
  [75/386] SAME     mvp_call_seq_neg.cpp  hits=30 regions=16 tuples=106
  [76/386] SAME     mvp_call_submod.cpp  hits=15 regions=8 tuples=50
  [77/386] SAME     mvp_call_then_stmt.cpp  hits=15 regions=8 tuples=52
  [78/386] SAME     mvp_call_twice.cpp  hits=15 regions=8 tuples=46
  [79/386] SAME     mvp_call_two_framed.cpp  hits=15 regions=8 tuples=69
  [80/386] SAME     mvp_call_widemod.cpp  hits=15 regions=8 tuples=54
  [81/386] SAME     mvp_edit_ab.cpp  hits=14 regions=7 tuples=33
  [82/386] SAME     mvp_edit_addk.cpp  hits=14 regions=7 tuples=33
  [83/386] SAME     mvp_edit_addk2.cpp  hits=14 regions=7 tuples=33
  [84/386] NOFIRE   mvp_empty.cpp  hits=0 regions=0 tuples=0
  [85/386] SAME     mvp_fmul3.cpp  hits=15 regions=8 tuples=41
  [86/386] SAME     mvp_framed.cpp  hits=15 regions=8 tuples=50
  [87/386] SAME     mvp_lit.cpp  hits=43 regions=22 tuples=105
  [88/386] SAME     mvp_plus0.cpp  hits=15 regions=8 tuples=41
  [89/386] SAME     mvp_sub.cpp  hits=42 regions=21 tuples=105
  [90/386] SAME     mvp_tailret.cpp  hits=15 regions=8 tuples=41
  [91/386] SAME     mvp_two.cpp  hits=28 regions=14 tuples=72
  [92/386] SAME     mvp_wide.cpp  hits=45 regions=24 tuples=126
  [93/386] SAME     w10_empty_fn.cpp  hits=22 regions=8 tuples=32
  [94/386] SAME     w10_guarded_seq.cpp  hits=276 regions=192 tuples=1570
  [95/386] SAME     w10_guarded_seq_neg.cpp  hits=97 regions=69 tuples=592
  [96/386] SAME     w1199_bind_run.cpp  hits=225 regions=120 tuples=723
  [97/386] SAME     w1199_bind_run_neg.cpp  hits=60 regions=32 tuples=204
  [98/386] SAME     w11_early_return.cpp  hits=437 regions=332 tuples=4323
  [99/386] SAME     w11_early_return_neg.cpp  hits=169 regions=127 tuples=1558
  [100/386] SAME     w1212_bind_run_call.cpp  hits=135 regions=72 tuples=618
  [101/386] SAME     w1274_addr_producer.cpp  hits=71 regions=36 tuples=219
  [102/386] SAME     w12_aggr_type.cpp  hits=60 regions=32 tuples=176
  [103/386] SAME     w12_narrow_getters.cpp  hits=765 regions=408 tuples=2013
  [104/386] SAME     w12_narrow_neg.cpp  hits=257 regions=145 tuples=934
  [105/386] SAME     w12_ptr_leaf.cpp  hits=183 regions=92 tuples=439
  [106/386] SAME     w12_ptr_leaf_neg.cpp  hits=172 regions=95 tuples=569
  [107/386] SAME     w13_fabi.cpp  hits=120 regions=57 tuples=262
  [108/386] SAME     w13_fneg.cpp  hits=282 regions=142 tuples=873
  [109/386] SAME     w13_fops.cpp  hits=168 regions=77 tuples=347
  [110/386] SAME     w13_fparam_neg.cpp  hits=45 regions=24 tuples=117
  [111/386] SAME     w13_freassoc.cpp  hits=174 regions=90 tuples=474
  [112/386] SAME     w13_fscratch.cpp  hits=165 regions=88 tuples=573
  [113/386] SAME     w13b_fconst.cpp  hits=15 regions=8 tuples=45
  [114/386] SAME     w13b_fdedup.cpp  hits=60 regions=32 tuples=180
  [115/386] SAME     w13b_ffold.cpp  hits=66 regions=31 tuples=156
  [116/386] SAME     w13b_fpool.cpp  hits=30 regions=16 tuples=92
  [117/386] SAME     w14_dtor_delegate.cpp  hits=135 regions=72 tuples=315
  [118/386] SAME     w14_dtor_delegate_neg.cpp  hits=83 regions=48 tuples=446
  [119/386] SAME     w15_dtor_member.cpp  hits=150 regions=80 tuples=366
  [120/386] SAME     w16_addr_leaf.cpp  hits=401 regions=198 tuples=930
  [121/386] SAME     w16_addr_leaf_neg.cpp  hits=157 regions=80 tuples=415
  [122/386] SAME     w17_ptr_operand.cpp  hits=336 regions=175 tuples=888
  [123/386] SAME     w17_ptr_operand_neg.cpp  hits=359 regions=184 tuples=981
  [124/386] SAME     w18_reg_move.cpp  hits=505 regions=239 tuples=1101
  [125/386] SAME     w18_reg_move_neg.cpp  hits=217 regions=112 tuples=633
  [126/386] SAME     w19_ctor_this.cpp  hits=201 regions=82 tuples=356
  [127/386] SAME     w19_ctor_this_neg.cpp  hits=120 regions=64 tuples=389
  [128/386] SAME     w20_convert.cpp  hits=595 regions=287 tuples=1369
  [129/386] SAME     w20_convert_neg.cpp  hits=260 regions=127 tuples=649
  [130/386] SAME     w21_census_gate.cpp  hits=130 regions=67 tuples=370
  [131/386] SAME     w21_census_gate_neg.cpp  hits=118 regions=62 tuples=362
  [132/386] SAME     w22_int_spelling.cpp  hits=182 regions=91 tuples=432
  [133/386] SAME     w22_int_spelling_neg.cpp  hits=93 regions=44 tuples=210
  [134/386] SAME     w232_gl_sep26_implicit.cpp  hits=30 regions=16 tuples=90
  [135/386] SAME     w23_gl_callee_bind.cpp  hits=75 regions=40 tuples=175
  [136/386] SAME     w23_gl_callee_bind_neg.cpp  hits=37 regions=16 tuples=66
  [137/386] SAME     w25_store_leaf.cpp  hits=548 regions=261 tuples=1175
  [138/386] SAME     w25_store_leaf_neg.cpp  hits=219 regions=114 tuples=561
  [139/386] SAME     w26_bool_value.cpp  hits=207 regions=102 tuples=478
  [140/386] SAME     w26_bool_value_neg.cpp  hits=156 regions=86 tuples=589
  [141/386] SAME     w275_entry_park.cpp  hits=189 regions=140 tuples=1910
  [142/386] SAME     w27_fp_reg.cpp  hits=425 regions=194 tuples=871
  [143/386] SAME     w27_fp_reg_qual.cpp  hits=128 regions=58 tuples=258
  [144/386] SAME     w28_fltused_order.cpp  hits=67 regions=32 tuples=145
  [145/386] SAME     w28_fp_store.cpp  hits=182 regions=84 tuples=364
  [146/386] SAME     w28_fp_store_framed.cpp  hits=95 regions=46 tuples=232
  [147/386] SAME     w28_fp_store_framed_neg.cpp  hits=59 regions=31 tuples=169
  [148/386] SAME     w28_fp_store_neg.cpp  hits=163 regions=86 tuples=435
  [149/386] SAME     w29_fp_contract.cpp  hits=210 regions=98 tuples=465
  [150/386] SAME     w30_callseq_tail_intlike.cpp  hits=315 regions=168 tuples=1082
  [151/386] SAME     w30_callseq_tail_intlike_neg.cpp  hits=195 regions=104 tuples=654
  [152/386] SAME     w31_fp_tail.cpp  hits=240 regions=128 tuples=662
  [153/386] SAME     w31_fp_tail_neg.cpp  hits=150 regions=80 tuples=509
  [154/386] SAME     w32_volatile_formal_neg.cpp  hits=210 regions=112 tuples=677
  [155/386] SAME     w32_volatile_free.cpp  hits=102 regions=53 tuples=262
  [156/386] SAME     w34_fp_multi.cpp  hits=405 regions=216 tuples=1208
  [157/386] SAME     w34_fp_multi_neg.cpp  hits=165 regions=88 tuples=535
  [158/386] SAME     w35_offset_run.cpp  hits=330 regions=176 tuples=858
  [159/386] SAME     w35_offset_run_neg.cpp  hits=120 regions=64 tuples=337
  [160/386] SAME     w36_member_call.cpp  hits=375 regions=200 tuples=969
  [161/386] SAME     w36_member_call_neg.cpp  hits=255 regions=136 tuples=781
  [162/386] SAME     w37_bit_and_neg.cpp  hits=174 regions=104 tuples=873
  [163/386] SAME     w38_store_run.cpp  hits=360 regions=178 tuples=898
  [164/386] SAME     w38_store_run_neg.cpp  hits=189 regions=98 tuples=527
  [165/386] SAME     w41_framed_member_call.cpp  hits=375 regions=200 tuples=1189
  [166/386] SAME     w41_framed_member_call_neg.cpp  hits=225 regions=120 tuples=800
  [167/386] SAME     w42_shift_mask.cpp  hits=1674 regions=1240 tuples=16058
  [168/386] SAME     w42_shift_mask_neg.cpp  hits=189 regions=140 tuples=1838
  [169/386] SAME     w43_cmp_shift_or.cpp  hits=885 regions=472 tuples=3240
  [170/386] SAME     w43_cmp_shift_or_neg.cpp  hits=240 regions=128 tuples=841
  [171/386] SAME     w45_store_run_scheduled.cpp  hits=210 regions=112 tuples=780
  [172/386] SAME     w45_store_run_scheduled_neg.cpp  hits=90 regions=48 tuples=307
  [173/386] SAME     w5_chain.cpp  hits=57 regions=29 tuples=164
  [174/386] SAME     w5_tree2.cpp  hits=59 regions=31 tuples=168
  [175/386] SAME     w5_tree3.cpp  hits=60 regions=32 tuples=222
  [176/386] SAME     w5_tree_neg.cpp  hits=161 regions=84 tuples=522
  [177/386] SAME     w6_k_boundary.cpp  hits=30 regions=16 tuples=102
  [178/386] SAME     w6_rel_k.cpp  hits=285 regions=152 tuples=1047
  [179/386] SAME     w6_unsigned_wide.cpp  hits=105 regions=56 tuples=344
  [180/386] SAME     w70_bitwise.cpp  hits=471 regions=240 tuples=1241
  [181/386] SAME     w70_bitwise_neg.cpp  hits=322 regions=161 tuples=816
  [182/386] SAME     w71_alloc_undetermined.cpp  hits=171 regions=87 tuples=469
  [183/386] SAME     w71_alloc_undetermined_neg.cpp  hits=30 regions=16 tuples=96
  [184/386] SAME     w844_store_run_call.cpp  hits=180 regions=96 tuples=918
  [185/386] SAME     w844_store_run_call_neg.cpp  hits=105 regions=56 tuples=456
  [186/386] SAME     w8_cond_tail.cpp  hits=27 regions=20 tuples=224
  [187/386] SAME     w8_cond_tail_neg.cpp  hits=46 regions=32 tuples=312
  [188/386] SAME     w8_cond_tail_value.cpp  hits=54 regions=40 tuples=520
  [189/386] SAME     w9_cmp_zero_le.cpp  hits=103 regions=54 tuples=285
  [190/386] SAME     w9_rel_signed.cpp  hits=162 regions=120 tuples=1308
  [191/386] SAME     w9_rel_unsigned.cpp  hits=162 regions=120 tuples=1308
  [192/386] NOFIRE   wa16_bss_static_reloc.cpp  hits=0 regions=0 tuples=0
  [193/386] NOFIRE   wa16_bss_two_align16.cpp  hits=0 regions=0 tuples=0
  [194/386] NOFIRE   wa16_data_align16.cpp  hits=0 regions=0 tuples=0
  [195/386] NOFIRE   wa16_data_align32.cpp  hits=0 regions=0 tuples=0
  [196/386] NOFIRE   wa16_data_scalar_align16.cpp  hits=0 regions=0 tuples=0
  [197/386] SAME     wa16_dyninit_plain_align16.cpp  hits=15 regions=8 tuples=54
  [198/386] SAME     wadjust_obj_recv.cpp  hits=315 regions=168 tuples=986
  [199/386] SAME     wadjust_obj_recv_neg.cpp  hits=165 regions=88 tuples=547
  [200/386] SAME     wae_assign_dst.cpp  hits=69 regions=34 tuples=160
  [201/386] SAME     wae_assign_dst_neg.cpp  hits=87 regions=45 tuples=260
  [202/386] NOFIRE   walign_data_declalign8.cpp  hits=0 regions=0 tuples=0
  [203/386] SAME     walign_data_poly_object.cpp  hits=15 regions=8 tuples=50
  [204/386] SAME     walign_dyninit_align16.cpp  hits=15 regions=8 tuples=54
  [205/386] SAME     walign_dyninit_poly.cpp  hits=15 regions=8 tuples=54
  [206/386] SAME     walign_dyninit_poly_double.cpp  hits=15 regions=8 tuples=54
  [207/386] SAME     wbdnz_ctr.cpp  hits=600 regions=460 tuples=4780
  [208/386] SAME     wbdnz_ctr_neg.cpp  hits=709 regions=548 tuples=6103
  [209/386] SAME     wbdnz_ctr_then_framed_neg.cpp  hits=45 regions=31 tuples=289
  [210/386] SAME     wbiquad_fp_store_diamond.cpp  hits=46 regions=32 tuples=644
  [211/386] SAME     wbiquad_fp_store_diamond_neg.cpp  hits=322 regions=245 tuples=5658
  [212/386] SAME     wblockir_float_walk.cpp  hits=120 regions=92 tuples=1294
  [213/386] SAME     wblockir_float_walk_neg.cpp  hits=370 regions=286 tuples=4409
  [214/386] SAME     wblockir_float_walk_then_framed_neg.cpp  hits=45 regions=31 tuples=379
  [215/386] SAME     wcb_cmp_two_calls.cpp  hits=284 regions=151 tuples=1341
  [216/386] SAME     wcb_cmp_two_calls_neg.cpp  hits=373 regions=212 tuples=2163
  [217/386] SAME     wcf_neighbours.cpp  hits=205 regions=121 tuples=880
  [218/386] SAME     wcf_shapes.cpp  hits=316 regions=218 tuples=2060
  [219/386] SAME     wcfg1_if_call_join.cpp  hits=235 regions=200 tuples=3600
  [220/386] SAME     wcfg1_if_call_join_neg.cpp  hits=266 regions=224 tuples=3947
  [221/386] SAME     wch_chained_call.cpp  hits=254 regions=135 tuples=940
  [222/386] SAME     wch_chained_call_neg.cpp  hits=210 regions=112 tuples=856
  [223/386] SAME     wcl_chain_link_arg.cpp  hits=405 regions=216 tuples=1804
  [224/386] SAME     wcl_chain_link_arg_neg.cpp  hits=195 regions=104 tuples=920
  [225/386] SAME     wco_chain_tail_load.cpp  hits=285 regions=152 tuples=1123
  [226/386] SAME     wco_chain_tail_load_neg.cpp  hits=165 regions=88 tuples=645
  [227/386] SAME     wco_explicit_return.cpp  hits=195 regions=104 tuples=516
  [228/386] SAME     wcr_cmp_order.cpp  hits=449 regions=239 tuples=2361
  [229/386] SAME     wcr_cmp_order_neg.cpp  hits=443 regions=254 tuples=2713
  [230/386] SAME     wcv_reinterpret.cpp  hits=613 regions=277 tuples=1298
  [231/386] SAME     wcv_reinterpret_neg.cpp  hits=259 regions=126 tuples=613
  [232/386] SAME     wda_dataaddr_neg.cpp  hits=90 regions=48 tuples=316
  [233/386] SAME     wda_neighbours.cpp  hits=89 regions=47 tuples=242
  [234/386] SAME     wdata_static_scan.cpp  hits=138 regions=117 tuples=2085
  [235/386] SAME     wdata_static_scan_neg.cpp  hits=276 regions=234 tuples=4169
  [236/386] SAME     wdec_ec_localcall_neg.cpp  hits=28 regions=14 tuples=66
  [237/386] SAME     wdec_ec_varargs_long_neg.cpp  hits=14 regions=7 tuples=33
  [238/386] SAME     wdec_ec_varargs_neg.cpp  hits=14 regions=7 tuples=33
  [239/386] SAME     wdec_ecshort_eight.cpp  hits=28 regions=14 tuples=66
  [240/386] SAME     wdec_ecshort_leaf.cpp  hits=14 regions=7 tuples=33
  [241/386] SAME     wdec_ecshort_mix.cpp  hits=30 regions=16 tuples=84
  [242/386] SAME     wdivmod_leaf.cpp  hits=58 regions=30 tuples=196
  [243/386] SAME     wdr_neighbours.cpp  hits=157 regions=80 tuples=450
  [244/386] SAME     wdr_virtual_byval.cpp  hits=225 regions=120 tuples=938
  [245/386] SAME     wec_ctor_base.cpp  hits=120 regions=64 tuples=427
  [246/386] SAME     wec_ctor_base_neg.cpp  hits=120 regions=64 tuples=508
  [247/386] SAME     wextdata_guard_chain_shared_tail.cpp  hits=162 regions=141 tuples=4173
  [248/386] SAME     wextdata_guard_chain_shared_tail_neg.cpp  hits=429 regions=373 tuples=11067
  [249/386] SAME     wfcnt_fence_holds_exact.cpp  hits=28 regions=14 tuples=66
  [250/386] SAME     wfence2_forceinline_callee_neg.cpp  hits=117 regions=103 tuples=2839
  [251/386] SAME     wfence2_kept_local_callee.cpp  hits=72 regions=58 tuples=1458
  [252/386] SAME     wfence2_small_callee_neg.cpp  hits=28 regions=14 tuples=66
  [253/386] SAME     wfence2_static_callee_neg.cpp  hits=117 regions=103 tuples=2839
  [254/386] SAME     wfl_chain_tail_fp_load.cpp  hits=255 regions=136 tuples=1003
  [255/386] SAME     wfl_chain_tail_fp_load_neg.cpp  hits=120 regions=64 tuples=534
  [256/386] SAME     wfltret_value_tail.cpp  hits=120 regions=64 tuples=502
  [257/386] SAME     wfltret_value_tail_neg.cpp  hits=143 regions=80 tuples=679
  [258/386] SAME     wfr_argreg.cpp  hits=60 regions=32 tuples=203
  [259/386] SAME     wfr_argreg_member.cpp  hits=30 regions=16 tuples=102
  [260/386] SAME     wfr_argreg_neg.cpp  hits=30 regions=16 tuples=103
  [261/386] SAME     wfr_argreg_types.cpp  hits=105 regions=56 tuples=357
  [262/386] SAME     wfr_cmp_stride.cpp  hits=193 regions=102 tuples=590
  [263/386] SAME     wfr_cmp_stride_neg.cpp  hits=75 regions=40 tuples=264
  [264/386] SAME     whash_loop_then_framed.cpp  hits=46 regions=32 tuples=429
  [265/386] SAME     whash_ptr_walk_loop.cpp  hits=31 regions=24 tuples=379
  [266/386] SAME     wifn_guard_ret_chain.cpp  hits=101 regions=80 tuples=1477
  [267/386] SAME     wifn_guard_ret_chain_neg.cpp  hits=410 regions=340 tuples=6387
  [268/386] SAME     winlfence_local_callee_neg.cpp  hits=336 regions=217 tuples=2869
  [269/386] SAME     winlfence_opaque_callee.cpp  hits=89 regions=47 tuples=295
  [270/386] SAME     wjson_utf8_copy.cpp  hits=108 regions=101 tuples=5491
  [271/386] TRUNCATED wjson_utf8_copy_neg.cpp  REFUSE funcwalk arena-full
  [271/386] TRUNCATED wjson_utf8_copy_neg.cpp  ARENA bytes=4194303 full=1
  [271/386] SAME     wjson_utf8_copy_neg.cpp  hits=1084 regions=711 tuples=38302
  [272/386] SAME     wkg_splice_pos.cpp  hits=255 regions=171 tuples=2550
  [273/386] SAME     wla_lit_call_arg.cpp  hits=509 regions=271 tuples=1530
  [274/386] SAME     wla_lit_call_arg_neg.cpp  hits=300 regions=160 tuples=952
  [275/386] SAME     wlb_moved_formal.cpp  hits=359 regions=191 tuples=981
  [276/386] SAME     wlb_moved_formal_neg.cpp  hits=210 regions=112 tuples=630
  [277/386] SAME     wlin_mixed_bind.cpp  hits=30 regions=16 tuples=161
  [278/386] SAME     wlin_mixed_bind_neg.cpp  hits=45 regions=24 tuples=207
  [279/386] SAME     wlo_dyninit_mixed.cpp  hits=15 regions=8 tuples=40
  [280/386] SAME     wlo_dyninit_pair.cpp  hits=30 regions=16 tuples=104
  [281/386] SAME     wlr_lit_run.cpp  hits=375 regions=200 tuples=1310
  [282/386] SAME     wlr_lit_run_neg.cpp  hits=165 regions=88 tuples=603
  [283/386] SAME     wmain2_eh_scope.cpp  hits=15 regions=8 tuples=89
  [284/386] SAME     wmain2_eh_scope_neg.cpp  hits=15 regions=8 tuples=89
  [285/386] ERR    wmain_no_return.cpp  disarmed replay: tapped replay produced no (or an empty) obj at <home>/tmp/c2rs-cli-stage-2401378-1787307553253243359-284/cap/out.obj — c2 crashed or aborted mid-pass.
stderr:
[c2host] InvokeCompilerPass @10BEBFFD argc=20 argv0=<home>/code/milohax/c2-rs-wt-w-restim/crates/c2-reference/../../compilers/X360/16.00.11886.00/c2.dll
z:\<home>\code\milohax\c2-rs-wt-w-restim\fixtures\cpp\wmain_no_return.cpp(47) : error C4716: 'no_return_call' : must return a value
z:\<home>\code\milohax\c2-rs-wt-w-restim\fixtures\cpp\wmain_no_return.cpp(50) : error C4716: 'no_return_tail' : must return a value
[c2host] returned 1

  [286/386] ERR    wmain_no_return_neg.cpp  disarmed replay: tapped replay produced no (or an empty) obj at <home>/tmp/c2rs-cli-stage-2401378-1787307553323941043-285/cap/out.obj — c2 crashed or aborted mid-pass.
stderr:
[c2host] InvokeCompilerPass @10BEBFFD argc=20 argv0=<home>/code/milohax/c2-rs-wt-w-restim/crates/c2-reference/../../compilers/X360/16.00.11886.00/c2.dll
z:\<home>\code\milohax\c2-rs-wt-w-restim\fixtures\cpp\wmain_no_return_neg.cpp(45) : error C4716: 'neg_multi_reg' : must return a value
z:\<home>\code\milohax\c2-rs-wt-w-restim\fixtures\cpp\wmain_no_return_neg.cpp(49) : error C4716: 'neg_empty' : must return a value
z:\<home>\code\milohax\c2-rs-wt-w-restim\fixtures\cpp\wmain_no_return_neg.cpp(52) : error C4716: 'neg_call_stop' : must return a value
[c2host] returned 1

  [287/386] SAME     wmcall_seq.cpp  hits=120 regions=64 tuples=446
  [288/386] SAME     wmcall_seq_neg.cpp  hits=98 regions=56 tuples=466
  [289/386] SAME     wmmio3_close_call_chain.cpp  hits=92 regions=64 tuples=1155
  [290/386] SAME     wmmio3_close_call_chain_neg.cpp  hits=502 regions=418 tuples=10691
  [291/386] SAME     wmmio3_close_extern_neg.cpp  hits=93 regions=58 tuples=790
  [292/386] SAME     wmmio3_close_sibling_neg.cpp  hits=77 regions=56 tuples=1296
  [293/386] NOFIRE   wnpos_provide_rdata.cpp  hits=0 regions=0 tuples=0
  [294/386] NOFIRE   wnpos_provide_rw.cpp  hits=0 regions=0 tuples=0
  [295/386] NOFIRE   wnpos_provide_sizes.cpp  hits=0 regions=0 tuples=0
  [296/386] SAME     wnpos_refuse_explicit_inst.cpp  hits=15 regions=8 tuples=39
  [297/386] NOFIRE   wnpos_refuse_suppressed.cpp  hits=0 regions=0 tuples=0
  [298/386] SAME     wor_emit_order.cpp  hits=40 regions=19 tuples=104
  [299/386] SAME     wor_emit_order_led.cpp  hits=30 regions=16 tuples=90
  [300/386] SAME     wor_emit_order_neg.cpp  hits=30 regions=16 tuples=68
  [301/386] SAME     worder3_bss_slot_after_text.cpp  hits=15 regions=8 tuples=42
  [302/386] NOFIRE   worder3_bss_slot_extern.cpp  hits=0 regions=0 tuples=0
  [303/386] NOFIRE   worder3_bss_slot_mixed.cpp  hits=0 regions=0 tuples=0
  [304/386] NOFIRE   worder3_bss_slot_y3.cpp  hits=0 regions=0 tuples=0
  [305/386] SAME     wosf_handle_guard.cpp  hits=40 regions=33 tuples=859
  [306/386] SAME     wosf_handle_guard_neg.cpp  hits=399 regions=329 tuples=8611
  [307/386] SAME     wpark_lit_permuted.cpp  hits=159 regions=124 tuples=1918
  [308/386] SAME     wpark_lit_permuted_neg.cpp  hits=177 regions=128 tuples=1730
  [309/386] SAME     wpool2_free_list.cpp  hits=76 regions=55 tuples=651
  [310/386] SAME     wpool2_free_list_neg.cpp  hits=177 regions=128 tuples=1536
  [311/386] SAME     wpool_guard_bclr_fold_neg.cpp  hits=19 regions=12 tuples=99
  [312/386] SAME     wpool_store_leaf_member_value.cpp  hits=15 regions=8 tuples=40
  [313/386] SAME     wpool_store_run_member_value_neg.cpp  hits=15 regions=8 tuples=44
  [314/386] SAME     wr1_sym_addr.cpp  hits=405 regions=216 tuples=1276
  [315/386] SAME     wr1_sym_addr_neg.cpp  hits=195 regions=104 tuples=606
  [316/386] SAME     wr1c_dyninit_extern.cpp  hits=15 regions=8 tuples=54
  [317/386] SAME     wr1c_dyninit_two_objects.cpp  hits=15 regions=8 tuples=54
  [318/386] SAME     wrr_arg_vocab.cpp  hits=120 regions=64 tuples=335
  [319/386] SAME     wrr_arg_vocab_neg.cpp  hits=75 regions=40 tuples=212
  [320/386] NOFIRE   wsect_both.cpp  hits=0 regions=0 tuples=0
  [321/386] NOFIRE   wsect_bss_big.cpp  hits=0 regions=0 tuples=0
  [322/386] NOFIRE   wsect_bss_one.cpp  hits=0 regions=0 tuples=0
  [323/386] NOFIRE   wsect_bss_pad.cpp  hits=0 regions=0 tuples=0
  [324/386] NOFIRE   wsect_bss_two.cpp  hits=0 regions=0 tuples=0
  [325/386] NOFIRE   wsect_data_linkage.cpp  hits=0 regions=0 tuples=0
  [326/386] NOFIRE   wsect_data_one.cpp  hits=0 regions=0 tuples=0
  [327/386] NOFIRE   wsect_data_two.cpp  hits=0 regions=0 tuples=0
  [328/386] NOFIRE   wsect_drop_static.cpp  hits=0 regions=0 tuples=0
  [329/386] NOFIRE   wsect_refuse_const.cpp  hits=0 regions=0 tuples=0
  [330/386] NOFIRE   wsect_refuse_float.cpp  hits=0 regions=0 tuples=0
  [331/386] NOFIRE   wsect_refuse_ptr.cpp  hits=0 regions=0 tuples=0
  [332/386] NOFIRE   wsect_refuse_selectany.cpp  hits=0 regions=0 tuples=0
  [333/386] NOFIRE   wsect_refuse_three.cpp  hits=0 regions=0 tuples=0
  [334/386] NOFIRE   wsect_refuse_tls.cpp  hits=0 regions=0 tuples=0
  [335/386] SAME     wsl_store_load.cpp  hits=600 regions=320 tuples=1906
  [336/386] SAME     wsl_store_load_neg.cpp  hits=165 regions=88 tuples=571
  [337/386] SAME     wtu3_framed_leaves_framed.cpp  hits=100 regions=51 tuples=265
  [338/386] SAME     wundname_alloc_init_or_fail.cpp  hits=35 regions=28 tuples=523
  [339/386] SAME     wundname_alloc_init_or_fail_neg.cpp  hits=280 regions=224 tuples=4166
  [340/386] SAME     wunw_float_beside_framed.cpp  hits=70 regions=35 tuples=183
  [341/386] SAME     wunw_float_neg.cpp  hits=30 regions=16 tuples=95
  [342/386] SAME     wunw_framed_pair.cpp  hits=30 regions=16 tuples=100
  [343/386] SAME     wunw_leaf_then_framed.cpp  hits=29 regions=15 tuples=83
  [344/386] SAME     wunw_mixed_order.cpp  hits=56 regions=28 tuples=155
  [345/386] SAME     wunw_two_leaves_framed.cpp  hits=43 regions=22 tuples=116
  [346/386] SAME     wvalue_call_value.cpp  hits=90 regions=48 tuples=379
  [347/386] SAME     wvalue_call_value_neg.cpp  hits=98 regions=56 tuples=450
  [348/386] SAME     wvec_float_store_leaf.cpp  hits=13 regions=6 tuples=30
  [349/386] SAME     wvec_float_store_leaf_data_bss_neg.cpp  hits=13 regions=6 tuples=30
  [350/386] SAME     wvec_inclass_ctor_folded_statics_neg.cpp  hits=15 regions=8 tuples=44
  [351/386] SAME     wvl_chain3.cpp  hits=30 regions=23 tuples=283
  [352/386] SAME     wvl_chain6_same.cpp  hits=30 regions=23 tuples=319
  [353/386] SAME     wvl_chain_neg.cpp  hits=121 regions=93 tuples=1061
  [354/386] SAME     wvl_chain_two_lengths.cpp  hits=60 regions=46 tuples=590
  [355/386] SAME     wvsnprnc_guard_chain_arity_store.cpp  hits=126 regions=105 tuples=2788
  [356/386] SAME     wvsnprnc_guard_chain_arity_store_neg.cpp  hits=270 regions=235 tuples=6936
  [357/386] SAME     wvsnprnc_lit_insert_tail.cpp  hits=75 regions=40 tuples=260
  [358/386] SAME     wvsnprnc_lit_insert_tail_neg.cpp  hits=105 regions=56 tuples=385
  [359/386] SAME     wwbss_static_neg.cpp  hits=30 regions=16 tuples=80
  [360/386] SAME     wwbss_three_neg.cpp  hits=45 regions=24 tuples=120
  [361/386] SAME     wwbss_tls_neg.cpp  hits=15 regions=8 tuples=40
  [362/386] SAME     wwbss_two.cpp  hits=30 regions=16 tuples=80
  [363/386] SAME     wwrap_gstore.cpp  hits=15 regions=8 tuples=40
  [364/386] SAME     wwrap_gstore_conv_neg.cpp  hits=15 regions=8 tuples=41
  [365/386] SAME     wwrap_gstore_float_neg.cpp  hits=15 regions=8 tuples=40
  [366/386] SAME     wwrap_gstore_gg_neg.cpp  hits=15 regions=8 tuples=46
  [367/386] SAME     wwrap_gstore_lit_neg.cpp  hits=15 regions=8 tuples=42
  [368/386] SAME     wwrap_gstore_second_neg.cpp  hits=15 regions=8 tuples=40
  [369/386] SAME     wwrap_gstore_sub_neg.cpp  hits=15 regions=8 tuples=43
  [370/386] SAME     wwrap_gstore_two_neg.cpp  hits=15 regions=8 tuples=48
  [371/386] SAME     wwrap_gstore_widths.cpp  hits=45 regions=24 tuples=120
  [372/386] SAME     wxlr_create_guard.cpp  hits=55 regions=48 tuples=1072
  [373/386] SAME     wxlr_create_guard_neg.cpp  hits=550 regions=480 tuples=10580
  [374/386] SAME     wxtea2_mcpy_rev_neg.cpp  hits=30 regions=16 tuples=96
  [375/386] SAME     wxtea2_mcpy_short_neg.cpp  hits=30 regions=16 tuples=122
  [376/386] SAME     wxtea2_mcpy_srcoff_neg.cpp  hits=30 regions=16 tuples=100
  [377/386] SAME     wxtea2_mcpy_stmt_neg.cpp  hits=30 regions=16 tuples=116
  [378/386] SAME     wxtea2_memcpy_tail.cpp  hits=60 regions=32 tuples=185
  [379/386] SAME     wxtea3_encrypt_loop.cpp  hits=75 regions=47 tuples=651
  [380/386] SAME     wxtea3_nobump_neg.cpp  hits=45 regions=31 tuples=518
  [381/386] SAME     wxtea3_nonce1_neg.cpp  hits=15 regions=8 tuples=48
  [382/386] SAME     wxtea3_nonce_run.cpp  hits=15 regions=8 tuples=60
  [383/386] SAME     wxtea3_nonce_u64_neg.cpp  hits=15 regions=8 tuples=56
  [384/386] SAME     wxtea3_nosum_neg.cpp  hits=23 regions=16 tuples=258
  [385/386] SAME     wxtea3_round_loop.cpp  hits=23 regions=16 tuples=320
  [386/386] SAME     wxtea3_shift6_neg.cpp  hits=23 regions=16 tuples=320

  gap-metric stage-tap-obj-differs 0
  gap-metric stage-tap-armed-and-fired 355
  gap-metric stage-tap-armed-nofire 29
  gap-metric stage-tap-unarmed 0
  gap-metric stage-tap-graded 384
  gap-metric stage-tap-errors 2
  gap-metric stage-tap-hits 50928
  gap-metric stage-sites-armed 3072
  gap-metric stage-sites-refused 0
  gap-metric stage-tap-walk-refusals 2

  G1 HOLDS over 355 objs ON WHICH THE TAP ARMED AND FIRED (3072 sites
  armed, 0 refused, 50928 detour hits inside c2's own code): the armed obj is
  byte-identical to the disarmed one. 29 further objs armed but never fired —
  c2 ran no per-function phase on them — and are EXCLUDED from that denominator,
  because byte-identity is free where no detour executed.
  2 TRUNCATED payload(s): every tuple count from this campaign is a
  FLOOR and not a measurement.
