== il_call_perm.cpp digest=8be18ad34634346e
SCHEMA 1
SLIDE 0
ARMED sched1
ARMED globregs
ARMED sched2
ARMED color
ARMED sched3
ARMED sched0
ARMED region
ARMED after0
HITS after0 7
HITS color 7
HITS globregs 7
HITS region 56
HITS sched0 7
HITS sched1 7
HITS sched2 7
HITS sched3 7
TU 0 00000272 0d 01 04 | OP D 0 01 1004 02 00000000 unread 00000000 | OP S 0 01 1004 01 00000005 unread 00000005
TU 1 00000272 0d 01 04 | OP D 0 01 1004 02 00000000 unread 00000000 | OP S 0 01 1004 01 00000004 unread 00000004
TU 2 0000002b 0f 01 04 | OP D 0 04 1004 nofollow | OP D 1 01 1004 01 00000004 unread 00000004 | OP D 2 01 1004 01 00000005 unread 00000005 | OP D 3 0c 8000 nofollow | OP S 0 01 1004 01 00000004 unread 00000004 | OP S 1 0c 8000 nofollow | OP S 2 0b 0000 nofollow
TU 3 00000272 0d 01 04 | OP D 0 01 1004 01 00000004 unread 00000004 | OP S 0 01 1004 01 00000004 unread 00000004
TU 4 000002f8 15 01 04 | OP D 0 01 1004 01 00000004 unread 00000004
TU 5 0000030f 17 00 00
TU 6 00000309 1a 00 00
TU 7 0000030b 19 00 00
TU 8 00000309 1a 00 00
TU 0 0000030f 17 00 00
TU 1 00000309 1a 00 00
TU 2 0000030b 19 00 00
TU 3 00000309 1a 00 00
TU 0 0000002b 0f 01 04 | OP D 0 04 1004 nofollow | OP D 1 01 1004 01 00000004 unread 00000004 | OP D 2 01 1004 01 00000005 unread 00000005 | OP D 3 0c 8000 nofollow | OP S 0 01 1004 01 00000004 unread 00000004 | OP S 1 0c 8000 nofollow | OP S 2 0b 0000 nofollow
TU 1 00000272 0d 01 04 | OP D 0 01 1004 01 00000004 unread 00000004 | OP S 0 01 1004 01 00000004 unread 00000004
TU 2 000002f8 15 01 04 | OP D 0 01 1004 01 00000004 unread 00000004
TU 3 0000030f 17 00 00
TU 4 00000309 1a 00 00
TU 5 0000030b 19 00 00
TU 6 00000309 1a 00 00
TU 0 0000030f 17 00 00
TU 1 00000309 1a 00 00
TU 2 0000030b 19 00 00
TU 3 00000309 1a 00 00
TU 0 0000002b 0f 01 04 | OP D 0 04 1004 nofollow | OP D 1 01 1004 01 00000004 unread 00000004 | OP D 2 01 1004 01 00000005 unread 00000005 | OP D 3 0c 8000 nofollow | OP S 0 01 1004 01 00000004 unread 00000004 | OP S 1 0c 8000 nofollow | OP S 2 0b 0000 nofollow
TU 1 00000272 0d 01 04 | OP D 0 01 1004 01 00000004 unread 00000004 | OP S 0 01 1004 01 00000004 unread 00000004
TU 2 000002f8 15 01 04 | OP D 0 01 1004 01 00000004 unread 00000004
TU 3 0000030f 17 00 00
TU 4 00000309 1a 00 00
TU 5 0000030b 19 00 00
TU 6 00000309 1a 00 00
TU 0 0000030f 17 00 00
TU 1 00000309 1a 00 00
TU 2 0000030b 19 00 00
TU 3 00000309 1a 00 00
TU 0 0000001f 12 01 00 | OP D 0 04 1004 nofollow | OP D 1 01 1004 01 00000004 unread 00000004 | OP D 2 01 1004 01 00000005 unread 00000005 | OP D 3 0c 8000 nofollow | OP S 0 01 1004 01 00000004 unread 00000004 | OP S 1 0c 8000 nofollow | OP S 2 0b 0000 nofollow
TU 1 0000030f 17 00 00
TU 2 0000030b 19 00 00
TU 3 00000309 1a 00 00
TU 0 0000030f 17 00 00
TU 1 0000030b 19 00 00
TU 2 00000309 1a 00 00
TU 0 00000272 0d 01 04 | OP D 0 01 1004 02 00000000 unread 00000000 | OP S 0 01 1004 01 00000006 unread 00000006
TU 1 00000272 0d 01 04 | OP D 0 01 1004 02 00000000 unread 00000000 | OP S 0 01 1004 01 00000005 unread 00000005
TU 2 00000272 0d 01 04 | OP D 0 01 1004 02 00000000 unread 00000000 | OP S 0 01 1004 01 00000004 unread 00000004
TU 3 0000002b 0f 01 04 | OP D 0 04 1004 nofollow | OP D 1 01 1004 01 00000004 unread 00000004 | OP D 2 01 1004 01 00000005 unread 00000005 | OP D 3 01 1004 01 00000006 unread 00000006 | OP D 4 0c 8000 nofollow | OP S 0 01 1004 01 00000004 unread 00000004 | OP S 1 0c 8000 nofollow | OP S 2 0b 0000 nofollow
TU 4 00000272 0d 01 04 | OP D 0 01 1004 01 00000004 unread 00000004 | OP S 0 01 1004 01 00000004 unread 00000004
TU 5 000002f8 15 01 04 | OP D 0 01 1004 01 00000004 unread 00000004
TU 6 0000030f 17 00 00
TU 7 00000309 1a 00 00
TU 8 0000030b 19 00 00
TU 9 00000309 1a 00 00
TU 0 0000030f 17 00 00
TU 1 00000309 1a 00 00
TU 2 0000030b 19 00 00
TU 3 00000309 1a 00 00
TU 0 0000002b 0f 01 04 | OP D 0 04 1004 nofollow | OP D 1 01 1004 01 00000004 unread 00000004 | OP D 2 01 1004 01 00000005 unread 00000005 | OP D 3 01 1004 01 00000006 unread 00000006 | OP D 4 0c 8000 nofollow | OP S 0 01 1004 01 00000004 unread 00000004 | OP S 1 0c 8000 nofollow | OP S 2 0b 0000 nofollow
TU 1 00000272 0d 01 04 | OP D 0 01 1004 01 00000004 unread 00000004 | OP S 0 01 1004 01 00000004 unread 00000004
TU 2 000002f8 15 01 04 | OP D 0 01 1004 01 00000004 unread 00000004
TU 3 0000030f 17 00 00
TU 4 00000309 1a 00 00
TU 5 0000030b 19 00 00
TU 6 00000309 1a 00 00
TU 0 0000030f 17 00 00
TU 1 00000309 1a 00 00
TU 2 0000030b 19 00 00
TU 3 00000309 1a 00 00
TU 0 0000002b 0f 01 04 | OP D 0 04 1004 nofollow | OP D 1 01 1004 01 00000004 unread 00000004 | OP D 2 01 1004 01 00000005 unread 00000005 | OP D 3 01 1004 01 00000006 unread 00000006 | OP D 4 0c 8000 nofollow | OP S 0 01 1004 01 00000004 unread 00000004 | OP S 1 0c 8000 nofollow | OP S 2 0b 0000 nofollow
TU 1 00000272 0d 01 04 | OP D 0 01 1004 01 00000004 unread 00000004 | OP S 0 01 1004 01 00000004 unread 00000004
TU 2 000002f8 15 01 04 | OP D 0 01 1004 01 00000004 unread 00000004
TU 3 0000030f 17 00 00
TU 4 00000309 1a 00 00
TU 5 0000030b 19 00 00
TU 6 00000309 1a 00 00
TU 0 0000030f 17 00 00
TU 1 00000309 1a 00 00
TU 2 0000030b 19 00 00
TU 3 00000309 1a 00 00
TU 0 0000001f 12 01 00 | OP D 0 04 1004 nofollow | OP D 1 01 1004 01 00000004 unread 00000004 | OP D 2 01 1004 01 00000005 unread 00000005 | OP D 3 01 1004 01 00000006 unread 00000006 | OP D 4 0c 8000 nofollow | OP S 0 01 1004 01 00000004 unread 00000004 | OP S 1 0c 8000 nofollow | OP S 2 0b 0000 nofollow
TU 1 0000030f 17 00 00
TU 2 0000030b 19 00 00
TU 3 00000309 1a 00 00
TU 0 0000030f 17 00 00
TU 1 0000030b 19 00 00
TU 2 00000309 1a 00 00
TU 0 00000272 0d 01 04 | OP D 0 01 1004 02 00000000 unread 00000000 | OP S 0 01 1004 01 00000006 unread 00000006
TU 1 00000272 0d 01 04 | OP D 0 01 1004 02 00000000 unread 00000000 | OP S 0 01 1004 01 00000005 unread 00000005
TU 2 00000272 0d 01 04 | OP D 0 01 1004 02 00000000 unread 00000000 | OP S 0 01 1004 01 00000004 unread 00000004
TU 3 0000002b 0f 01 04 | OP D 0 04 1004 nofollow | OP D 1 01 1004 01 00000004 unread 00000004 | OP D 2 01 1004 01 00000005 unread 00000005 | OP D 3 01 1004 01 00000006 unread 00000006 | OP D 4 0c 8000 nofollow | OP S 0 01 1004 01 00000004 unread 00000004 | OP S 1 0c 8000 nofollow | OP S 2 0b 0000 nofollow
TU 4 00000272 0d 01 04 | OP D 0 01 1004 01 00000004 unread 00000004 | OP S 0 01 1004 01 00000004 unread 00000004
TU 5 000002f8 15 01 04 | OP D 0 01 1004 01 00000004 unread 00000004
TU 6 0000030f 17 00 00
TU 7 00000309 1a 00 00
TU 8 0000030b 19 00 00
TU 9 00000309 1a 00 00
TU 0 0000030f 17 00 00
TU 1 00000309 1a 00 00
TU 2 0000030b 19 00 00
TU 3 00000309 1a 00 00
TU 0 00000272 0d 01 04 | OP D 0 01 1004 03 0000004a unread 0000004a | OP S 0 01 1004 01 00000004 unread 00000004
TU 1 0000002b 0f 01 04 | OP D 0 04 1004 nofollow | OP D 1 01 1004 01 00000004 unread 00000004 | OP D 2 01 1004 01 00000005 unread 00000005 | OP D 3 01 1004 01 00000006 unread 00000006 | OP D 4 0c 8000 nofollow | OP S 0 01 1004 01 00000004 unread 00000004 | OP S 1 0c 8000 nofollow | OP S 2 0b 0000 nofollow
TU 2 00000272 0d 01 04 | OP D 0 01 1004 01 00000004 unread 00000004 | OP S 0 01 1004 01 00000004 unread 00000004
TU 3 000002f8 15 01 04 | OP D 0 01 1004 01 00000004 unread 00000004
TU 4 0000030f 17 00 00
TU 5 00000309 1a 00 00
TU 6 0000030b 19 00 00
TU 7 00000309 1a 00 00
TU 0 0000030f 17 00 00
TU 1 00000309 1a 00 00
TU 2 0000030b 19 00 00
TU 3 00000309 1a 00 00
TU 0 00000272 0d 01 04 | OP D 0 01 1004 03 0000004a unread 0000004a | OP S 0 01 1004 01 00000004 unread 00000004
TU 1 0000002b 0f 01 04 | OP D 0 04 1004 nofollow | OP D 1 01 1004 01 00000004 unread 00000004 | OP D 2 01 1004 01 00000005 unread 00000005 | OP D 3 01 1004 01 00000006 unread 00000006 | OP D 4 0c 8000 nofollow | OP S 0 01 1004 01 00000004 unread 00000004 | OP S 1 0c 8000 nofollow | OP S 2 0b 0000 nofollow
TU 2 00000272 0d 01 04 | OP D 0 01 1004 01 00000004 unread 00000004 | OP S 0 01 1004 01 00000004 unread 00000004
TU 3 000002f8 15 01 04 | OP D 0 01 1004 01 00000004 unread 00000004
TU 4 0000030f 17 00 00
TU 5 00000309 1a 00 00
TU 6 0000030b 19 00 00
TU 7 00000309 1a 00 00
TU 0 0000030f 17 00 00
TU 1 00000309 1a 00 00
TU 2 0000030b 19 00 00
TU 3 00000309 1a 00 00
TU 0 00000272 0d 01 04 | OP D 0 01 1004 01 00000005 unread 00000005 | OP S 0 01 1004 01 0000000c unread 0000000c
TU 1 00000272 0d 01 04 | OP D 0 01 1004 01 00000004 unread 00000004 | OP S 0 01 1004 01 00000005 unread 00000005
TU 2 00000272 0d 01 04 | OP D 0 01 1004 01 0000000c unread 0000000c | OP S 0 01 1004 01 00000004 unread 00000004
TU 3 0000001f 12 01 00 | OP D 0 04 1004 nofollow | OP D 1 01 1004 01 00000004 unread 00000004 | OP D 2 01 1004 01 00000005 unread 00000005 | OP D 3 01 1004 01 00000006 unread 00000006 | OP D 4 0c 8000 nofollow | OP S 0 01 1004 01 00000004 unread 00000004 | OP S 1 0c 8000 nofollow | OP S 2 0b 0000 nofollow
TU 4 0000030f 17 00 00
TU 5 0000030b 19 00 00
TU 6 00000309 1a 00 00
TU 0 0000030f 17 00 00
TU 1 0000030b 19 00 00
TU 2 00000309 1a 00 00
TU 0 00000272 0d 01 04 | OP D 0 01 1004 02 00000000 unread 00000000 | OP S 0 01 1004 01 00000006 unread 00000006
TU 1 00000272 0d 01 04 | OP D 0 01 1004 02 00000000 unread 00000000 | OP S 0 01 1004 01 00000005 unread 00000005
TU 2 00000272 0d 01 04 | OP D 0 01 1004 02 00000000 unread 00000000 | OP S 0 01 1004 01 00000004 unread 00000004
TU 3 0000002b 0f 01 04 | OP D 0 04 1004 nofollow | OP D 1 01 1004 01 00000004 unread 00000004 | OP D 2 01 1004 01 00000005 unread 00000005 | OP D 3 01 1004 01 00000006 unread 00000006 | OP D 4 0c 8000 nofollow | OP S 0 01 1004 01 00000004 unread 00000004 | OP S 1 0c 8000 nofollow | OP S 2 0b 0000 nofollow
TU 4 00000272 0d 01 04 | OP D 0 01 1004 01 00000004 unread 00000004 | OP S 0 01 1004 01 00000004 unread 00000004
TU 5 000002f8 15 01 04 | OP D 0 01 1004 01 00000004 unread 00000004
TU 6 0000030f 17 00 00
TU 7 00000309 1a 00 00
TU 8 0000030b 19 00 00
TU 9 00000309 1a 00 00
TU 0 0000030f 17 00 00
TU 1 00000309 1a 00 00
TU 2 0000030b 19 00 00
TU 3 00000309 1a 00 00
TU 0 00000272 0d 01 04 | OP D 0 01 1004 03 00000049 unread 00000049 | OP S 0 01 1004 01 00000005 unread 00000005
TU 1 00000272 0d 01 04 | OP D 0 01 1004 01 00000004 unread 00000004 | OP S 0 01 1004 01 00000004 unread 00000004
TU 2 0000002b 0f 01 04 | OP D 0 04 1004 nofollow | OP D 1 01 1004 01 00000004 unread 00000004 | OP D 2 01 1004 01 00000005 unread 00000005 | OP D 3 01 1004 01 00000006 unread 00000006 | OP D 4 0c 8000 nofollow | OP S 0 01 1004 01 00000004 unread 00000004 | OP S 1 0c 8000 nofollow | OP S 2 0b 0000 nofollow
TU 3 00000272 0d 01 04 | OP D 0 01 1004 01 00000004 unread 00000004 | OP S 0 01 1004 01 00000004 unread 00000004
TU 4 000002f8 15 01 04 | OP D 0 01 1004 01 00000004 unread 00000004
TU 5 0000030f 17 00 00
TU 6 00000309 1a 00 00
TU 7 0000030b 19 00 00
TU 8 00000309 1a 00 00
TU 0 0000030f 17 00 00
TU 1 00000309 1a 00 00
TU 2 0000030b 19 00 00
TU 3 00000309 1a 00 00
TU 0 00000272 0d 01 04 | OP D 0 01 1004 03 00000049 unread 00000049 | OP S 0 01 1004 01 00000005 unread 00000005
TU 1 00000272 0d 01 04 | OP D 0 01 1004 01 00000004 unread 00000004 | OP S 0 01 1004 01 00000004 unread 00000004
TU 2 0000002b 0f 01 04 | OP D 0 04 1004 nofollow | OP D 1 01 1004 01 00000004 unread 00000004 | OP D 2 01 1004 01 00000005 unread 00000005 | OP D 3 01 1004 01 00000006 unread 00000006 | OP D 4 0c 8000 nofollow | OP S 0 01 1004 01 00000004 unread 00000004 | OP S 1 0c 8000 nofollow | OP S 2 0b 0000 nofollow
TU 3 00000272 0d 01 04 | OP D 0 01 1004 01 00000004 unread 00000004 | OP S 0 01 1004 01 00000004 unread 00000004
TU 4 000002f8 15 01 04 | OP D 0 01 1004 01 00000004 unread 00000004
TU 5 0000030f 17 00 00
TU 6 00000309 1a 00 00
TU 7 0000030b 19 00 00
TU 8 00000309 1a 00 00
TU 0 0000030f 17 00 00
TU 1 00000309 1a 00 00
TU 2 0000030b 19 00 00
TU 3 00000309 1a 00 00
TU 0 00000272 0d 01 04 | OP D 0 01 1004 01 00000006 unread 00000006 | OP S 0 01 1004 01 0000000c unread 0000000c
TU 1 00000272 0d 01 04 | OP D 0 01 1004 01 00000005 unread 00000005 | OP S 0 01 1004 01 00000006 unread 00000006
TU 2 00000272 0d 01 04 | OP D 0 01 1004 01 0000000c unread 0000000c | OP S 0 01 1004 01 00000005 unread 00000005
TU 3 0000001f 12 01 00 | OP D 0 04 1004 nofollow | OP D 1 01 1004 01 00000004 unread 00000004 | OP D 2 01 1004 01 0000000c unread 0000000c | OP D 3 01 1004 01 00000006 unread 00000006 | OP D 4 0c 8000 nofollow | OP S 0 01 1004 01 00000004 unread 00000004 | OP S 1 0c 8000 nofollow | OP S 2 0b 0000 nofollow
TU 4 0000030f 17 00 00
TU 5 0000030b 19 00 00
TU 6 00000309 1a 00 00
TU 0 0000030f 17 00 00
TU 1 0000030b 19 00 00
TU 2 00000309 1a 00 00
TU 0 00000272 0d 01 04 | OP D 0 01 1004 02 00000000 unread 00000000 | OP S 0 01 1004 01 00000006 unread 00000006
TU 1 00000272 0d 01 04 | OP D 0 01 1004 02 00000000 unread 00000000 | OP S 0 01 1004 01 00000005 unread 00000005
TU 2 00000272 0d 01 04 | OP D 0 01 1004 02 00000000 unread 00000000 | OP S 0 01 1004 01 00000004 unread 00000004
TU 3 0000002b 0f 01 04 | OP D 0 04 1004 nofollow | OP D 1 01 1004 01 00000004 unread 00000004 | OP D 2 01 1004 01 00000005 unread 00000005 | OP D 3 01 1004 01 00000006 unread 00000006 | OP D 4 0c 8000 nofollow | OP S 0 01 1004 01 00000004 unread 00000004 | OP S 1 0c 8000 nofollow | OP S 2 0b 0000 nofollow
TU 4 00000272 0d 01 04 | OP D 0 01 1004 01 00000004 unread 00000004 | OP S 0 01 1004 01 00000004 unread 00000004
TU 5 000002f8 15 01 04 | OP D 0 01 1004 01 00000004 unread 00000004
TU 6 0000030f 17 00 00
TU 7 00000309 1a 00 00
TU 8 0000030b 19 00 00
TU 9 00000309 1a 00 00
TU 0 0000030f 17 00 00
TU 1 00000309 1a 00 00
TU 2 0000030b 19 00 00
TU 3 00000309 1a 00 00
TU 0 00000272 0d 01 04 | OP D 0 01 1004 03 00000049 unread 00000049 | OP S 0 01 1004 01 00000004 unread 00000004
TU 1 0000002b 0f 01 04 | OP D 0 04 1004 nofollow | OP D 1 01 1004 01 00000004 unread 00000004 | OP D 2 01 1004 01 00000005 unread 00000005 | OP D 3 01 1004 01 00000006 unread 00000006 | OP D 4 0c 8000 nofollow | OP S 0 01 1004 01 00000004 unread 00000004 | OP S 1 0c 8000 nofollow | OP S 2 0b 0000 nofollow
TU 2 00000272 0d 01 04 | OP D 0 01 1004 01 00000004 unread 00000004 | OP S 0 01 1004 01 00000004 unread 00000004
TU 3 000002f8 15 01 04 | OP D 0 01 1004 01 00000004 unread 00000004
TU 4 0000030f 17 00 00
TU 5 00000309 1a 00 00
TU 6 0000030b 19 00 00
TU 7 00000309 1a 00 00
TU 0 0000030f 17 00 00
TU 1 00000309 1a 00 00
TU 2 0000030b 19 00 00
TU 3 00000309 1a 00 00
TU 0 00000272 0d 01 04 | OP D 0 01 1004 03 00000049 unread 00000049 | OP S 0 01 1004 01 00000004 unread 00000004
TU 1 0000002b 0f 01 04 | OP D 0 04 1004 nofollow | OP D 1 01 1004 01 00000004 unread 00000004 | OP D 2 01 1004 01 00000005 unread 00000005 | OP D 3 01 1004 01 00000006 unread 00000006 | OP D 4 0c 8000 nofollow | OP S 0 01 1004 01 00000004 unread 00000004 | OP S 1 0c 8000 nofollow | OP S 2 0b 0000 nofollow
TU 2 00000272 0d 01 04 | OP D 0 01 1004 01 00000004 unread 00000004 | OP S 0 01 1004 01 00000004 unread 00000004
TU 3 000002f8 15 01 04 | OP D 0 01 1004 01 00000004 unread 00000004
TU 4 0000030f 17 00 00
TU 5 00000309 1a 00 00
TU 6 0000030b 19 00 00
TU 7 00000309 1a 00 00
TU 0 0000030f 17 00 00
TU 1 00000309 1a 00 00
TU 2 0000030b 19 00 00
TU 3 00000309 1a 00 00
TU 0 00000272 0d 01 04 | OP D 0 01 1004 01 00000006 unread 00000006 | OP S 0 01 1004 01 0000000c unread 0000000c
TU 1 00000272 0d 01 04 | OP D 0 01 1004 01 00000004 unread 00000004 | OP S 0 01 1004 01 00000006 unread 00000006
TU 2 00000272 0d 01 04 | OP D 0 01 1004 01 0000000c unread 0000000c | OP S 0 01 1004 01 00000004 unread 00000004
TU 3 0000001f 12 01 00 | OP D 0 04 1004 nofollow | OP D 1 01 1004 01 00000004 unread 00000004 | OP D 2 01 1004 01 00000005 unread 00000005 | OP D 3 01 1004 01 00000006 unread 00000006 | OP D 4 0c 8000 nofollow | OP S 0 01 1004 01 00000004 unread 00000004 | OP S 1 0c 8000 nofollow | OP S 2 0b 0000 nofollow
TU 4 0000030f 17 00 00
TU 5 0000030b 19 00 00
TU 6 00000309 1a 00 00
TU 0 0000030f 17 00 00
TU 1 0000030b 19 00 00
TU 2 00000309 1a 00 00
TU 0 00000272 0d 01 04 | OP D 0 01 1004 02 00000000 unread 00000000 | OP S 0 01 1004 01 00000006 unread 00000006
TU 1 00000272 0d 01 04 | OP D 0 01 1004 02 00000000 unread 00000000 | OP S 0 01 1004 01 00000005 unread 00000005
TU 2 00000272 0d 01 04 | OP D 0 01 1004 02 00000000 unread 00000000 | OP S 0 01 1004 01 00000004 unread 00000004
TU 3 0000002b 0f 01 04 | OP D 0 04 1004 nofollow | OP D 1 01 1004 01 00000004 unread 00000004 | OP D 2 01 1004 01 00000005 unread 00000005 | OP D 3 01 1004 01 00000006 unread 00000006 | OP D 4 0c 8000 nofollow | OP S 0 01 1004 01 00000004 unread 00000004 | OP S 1 0c 8000 nofollow | OP S 2 0b 0000 nofollow
TU 4 00000272 0d 01 04 | OP D 0 01 1004 01 00000004 unread 00000004 | OP S 0 01 1004 01 00000004 unread 00000004
TU 5 000002f8 15 01 04 | OP D 0 01 1004 01 00000004 unread 00000004
TU 6 0000030f 17 00 00
TU 7 00000309 1a 00 00
TU 8 0000030b 19 00 00
TU 9 00000309 1a 00 00
TU 0 0000030f 17 00 00
TU 1 00000309 1a 00 00
TU 2 0000030b 19 00 00
TU 3 00000309 1a 00 00
TU 0 00000272 0d 01 04 | OP D 0 01 1004 03 0000004a unread 0000004a | OP S 0 01 1004 01 00000004 unread 00000004
TU 1 0000002b 0f 01 04 | OP D 0 04 1004 nofollow | OP D 1 01 1004 01 00000004 unread 00000004 | OP D 2 01 1004 01 00000005 unread 00000005 | OP D 3 01 1004 01 00000006 unread 00000006 | OP D 4 0c 8000 nofollow | OP S 0 01 1004 01 00000004 unread 00000004 | OP S 1 0c 8000 nofollow | OP S 2 0b 0000 nofollow
TU 2 00000272 0d 01 04 | OP D 0 01 1004 01 00000004 unread 00000004 | OP S 0 01 1004 01 00000004 unread 00000004
TU 3 000002f8 15 01 04 | OP D 0 01 1004 01 00000004 unread 00000004
TU 4 0000030f 17 00 00
TU 5 00000309 1a 00 00
TU 6 0000030b 19 00 00
TU 7 00000309 1a 00 00
TU 0 0000030f 17 00 00
TU 1 00000309 1a 00 00
TU 2 0000030b 19 00 00
TU 3 00000309 1a 00 00
TU 0 00000272 0d 01 04 | OP D 0 01 1004 03 0000004a unread 0000004a | OP S 0 01 1004 01 00000004 unread 00000004
TU 1 0000002b 0f 01 04 | OP D 0 04 1004 nofollow | OP D 1 01 1004 01 00000004 unread 00000004 | OP D 2 01 1004 01 00000005 unread 00000005 | OP D 3 01 1004 01 00000006 unread 00000006 | OP D 4 0c 8000 nofollow | OP S 0 01 1004 01 00000004 unread 00000004 | OP S 1 0c 8000 nofollow | OP S 2 0b 0000 nofollow
TU 2 00000272 0d 01 04 | OP D 0 01 1004 01 00000004 unread 00000004 | OP S 0 01 1004 01 00000004 unread 00000004
TU 3 000002f8 15 01 04 | OP D 0 01 1004 01 00000004 unread 00000004
TU 4 0000030f 17 00 00
TU 5 00000309 1a 00 00
TU 6 0000030b 19 00 00
TU 7 00000309 1a 00 00
TU 0 0000030f 17 00 00
TU 1 00000309 1a 00 00
TU 2 0000030b 19 00 00
TU 3 00000309 1a 00 00
TU 0 00000272 0d 01 04 | OP D 0 01 1004 01 00000005 unread 00000005 | OP S 0 01 1004 01 0000000c unread 0000000c
TU 1 00000272 0d 01 04 | OP D 0 01 1004 01 00000006 unread 00000006 | OP S 0 01 1004 01 00000005 unread 00000005
TU 2 00000272 0d 01 04 | OP D 0 01 1004 01 00000004 unread 00000004 | OP S 0 01 1004 01 00000006 unread 00000006
TU 3 00000272 0d 01 04 | OP D 0 01 1004 01 0000000c unread 0000000c | OP S 0 01 1004 01 00000004 unread 00000004
TU 4 0000001f 12 01 00 | OP D 0 04 1004 nofollow | OP D 1 01 1004 01 00000004 unread 00000004 | OP D 2 01 1004 01 00000005 unread 00000005 | OP D 3 01 1004 01 00000006 unread 00000006 | OP D 4 0c 8000 nofollow | OP S 0 01 1004 01 00000004 unread 00000004 | OP S 1 0c 8000 nofollow | OP S 2 0b 0000 nofollow
TU 5 0000030f 17 00 00
TU 6 0000030b 19 00 00
TU 7 00000309 1a 00 00
TU 0 0000030f 17 00 00
TU 1 0000030b 19 00 00
TU 2 00000309 1a 00 00
TU 0 00000272 0d 01 04 | OP D 0 01 1004 02 00000000 unread 00000000 | OP S 0 01 1004 01 00000006 unread 00000006
TU 1 00000272 0d 01 04 | OP D 0 01 1004 02 00000000 unread 00000000 | OP S 0 01 1004 01 00000005 unread 00000005
TU 2 00000272 0d 01 04 | OP D 0 01 1004 02 00000000 unread 00000000 | OP S 0 01 1004 01 00000004 unread 00000004
TU 3 0000002b 0f 01 04 | OP D 0 04 1004 nofollow | OP D 1 01 1004 01 00000004 unread 00000004 | OP D 2 01 1004 01 00000005 unread 00000005 | OP D 3 01 1004 01 00000006 unread 00000006 | OP D 4 0c 8000 nofollow | OP S 0 01 1004 01 00000004 unread 00000004 | OP S 1 0c 8000 nofollow | OP S 2 0b 0000 nofollow
TU 4 00000272 0d 01 04 | OP D 0 01 1004 01 00000004 unread 00000004 | OP S 0 01 1004 01 00000004 unread 00000004
TU 5 000002f8 15 01 04 | OP D 0 01 1004 01 00000004 unread 00000004
TU 6 0000030f 17 00 00
TU 7 00000309 1a 00 00
TU 8 0000030b 19 00 00
TU 9 00000309 1a 00 00
TU 0 0000030f 17 00 00
TU 1 00000309 1a 00 00
TU 2 0000030b 19 00 00
TU 3 00000309 1a 00 00
TU 0 00000272 0d 01 04 | OP D 0 01 1004 03 00000049 unread 00000049 | OP S 0 01 1004 01 00000004 unread 00000004
TU 1 0000002b 0f 01 04 | OP D 0 04 1004 nofollow | OP D 1 01 1004 01 00000004 unread 00000004 | OP D 2 01 1004 01 00000005 unread 00000005 | OP D 3 01 1004 01 00000006 unread 00000006 | OP D 4 0c 8000 nofollow | OP S 0 01 1004 01 00000004 unread 00000004 | OP S 1 0c 8000 nofollow | OP S 2 0b 0000 nofollow
TU 2 00000272 0d 01 04 | OP D 0 01 1004 01 00000004 unread 00000004 | OP S 0 01 1004 01 00000004 unread 00000004
TU 3 000002f8 15 01 04 | OP D 0 01 1004 01 00000004 unread 00000004
TU 4 0000030f 17 00 00
TU 5 00000309 1a 00 00
TU 6 0000030b 19 00 00
TU 7 00000309 1a 00 00
TU 0 0000030f 17 00 00
TU 1 00000309 1a 00 00
TU 2 0000030b 19 00 00
TU 3 00000309 1a 00 00
TU 0 00000272 0d 01 04 | OP D 0 01 1004 03 00000049 unread 00000049 | OP S 0 01 1004 01 00000004 unread 00000004
TU 1 0000002b 0f 01 04 | OP D 0 04 1004 nofollow | OP D 1 01 1004 01 00000004 unread 00000004 | OP D 2 01 1004 01 00000005 unread 00000005 | OP D 3 01 1004 01 00000006 unread 00000006 | OP D 4 0c 8000 nofollow | OP S 0 01 1004 01 00000004 unread 00000004 | OP S 1 0c 8000 nofollow | OP S 2 0b 0000 nofollow
TU 2 00000272 0d 01 04 | OP D 0 01 1004 01 00000004 unread 00000004 | OP S 0 01 1004 01 00000004 unread 00000004
TU 3 000002f8 15 01 04 | OP D 0 01 1004 01 00000004 unread 00000004
TU 4 0000030f 17 00 00
TU 5 00000309 1a 00 00
TU 6 0000030b 19 00 00
TU 7 00000309 1a 00 00
TU 0 0000030f 17 00 00
TU 1 00000309 1a 00 00
TU 2 0000030b 19 00 00
TU 3 00000309 1a 00 00
TU 0 00000272 0d 01 04 | OP D 0 01 1004 01 00000006 unread 00000006 | OP S 0 01 1004 01 0000000c unread 0000000c
TU 1 00000272 0d 01 04 | OP D 0 01 1004 01 00000005 unread 00000005 | OP S 0 01 1004 01 00000006 unread 00000006
TU 2 00000272 0d 01 04 | OP D 0 01 1004 01 00000004 unread 00000004 | OP S 0 01 1004 01 00000005 unread 00000005
TU 3 00000272 0d 01 04 | OP D 0 01 1004 01 0000000c unread 0000000c | OP S 0 01 1004 01 00000004 unread 00000004
TU 4 0000001f 12 01 00 | OP D 0 04 1004 nofollow | OP D 1 01 1004 01 00000004 unread 00000004 | OP D 2 01 1004 01 00000005 unread 00000005 | OP D 3 01 1004 01 00000006 unread 00000006 | OP D 4 0c 8000 nofollow | OP S 0 01 1004 01 00000004 unread 00000004 | OP S 1 0c 8000 nofollow | OP S 2 0b 0000 nofollow
TU 5 0000030f 17 00 00
TU 6 0000030b 19 00 00
TU 7 00000309 1a 00 00
TU 0 0000030f 17 00 00
TU 1 0000030b 19 00 00
TU 2 00000309 1a 00 00
FN sched1 1
BLK 0
FT 0000030b 19 00 00
FT 00000309 1a 00 00
BLK 1
FT 0000030d 17 00 00
FT 000002f8 15 01 04 | OP S 0 01 1004 01 00000005 unread 00000005
FT 000002f8 15 01 04 | OP S 0 01 1004 01 00000004 unread 00000004
FT 0000017a 0d 01 04 | OP D 0 01 1004 01 00000004 unread 00000004 | OP S 0 02 1004 nofollow
FT 0000017a 0d 01 04 | OP D 0 01 1004 01 00000005 unread 00000005 | OP S 0 02 1004 nofollow
FT 00000272 0d 01 04 | OP D 0 01 1004 02 00000000 unread 00000000 | OP S 0 01 1004 01 00000005 unread 00000005
FT 00000272 0d 01 04 | OP D 0 01 1004 02 00000000 unread 00000000 | OP S 0 01 1004 01 00000004 unread 00000004
FT 0000002b 0f 01 04 | OP D 0 04 1004 nofollow | OP D 1 01 1004 01 00000004 unread 00000004 | OP D 2 01 1004 01 00000005 unread 00000005 | OP D 3 0c 8000 nofollow | OP S 0 01 1004 01 00000004 unread 00000004 | OP S 1 0c 8000 nofollow | OP S 2 0b 0000 nofollow
FT 00000272 0d 01 04 | OP D 0 01 1004 01 00000004 unread 00000004 | OP S 0 01 1004 01 00000004 unread 00000004
FT 000002f8 15 01 04 | OP D 0 01 1004 01 00000004 unread 00000004
FT 0000030f 17 00 00
FT 00000309 1a 00 00
BLK 2
FT 0000030a 18 00 00
FT 00000309 1a 00 00
FN globregs 1
BLK 0
FT 0000030b 19 00 00
FT 00000309 1a 00 00
BLK 1
FT 0000030d 17 00 00
FT 000002f8 15 01 04 | OP S 0 01 1004 01 00000005 unread 00000005
FT 000002f8 15 01 04 | OP S 0 01 1004 01 00000004 unread 00000004
FT 0000017a 0d 01 04 | OP D 0 01 1004 01 00000004 unread 00000004 | OP S 0 02 1004 nofollow
FT 0000017a 0d 01 04 | OP D 0 01 1004 01 00000005 unread 00000005 | OP S 0 02 1004 nofollow
FT 00000272 0d 01 04 | OP D 0 01 1004 02 00000000 unread 00000000 | OP S 0 01 1004 01 00000005 unread 00000005
FT 00000272 0d 01 04 | OP D 0 01 1004 02 00000000 unread 00000000 | OP S 0 01 1004 01 00000004 unread 00000004
FT 0000002b 0f 01 04 | OP D 0 04 1004 nofollow | OP D 1 01 1004 01 00000004 unread 00000004 | OP D 2 01 1004 01 00000005 unread 00000005 | OP D 3 0c 8000 nofollow | OP S 0 01 1004 01 00000004 unread 00000004 | OP S 1 0c 8000 nofollow | OP S 2 0b 0000 nofollow
FT 00000272 0d 01 04 | OP D 0 01 1004 01 00000004 unread 00000004 | OP S 0 01 1004 01 00000004 unread 00000004
FT 000002f8 15 01 04 | OP D 0 01 1004 01 00000004 unread 00000004
FT 0000030f 17 00 00
FT 00000309 1a 00 00
BLK 2
FT 0000030a 18 00 00
FT 00000309 1a 00 00
FN sched2 1
BLK 0
FT 0000030b 19 00 00
FT 00000309 1a 00 00
BLK 1
FT 0000030d 17 00 00
FT 000002f8 15 01 04 | OP S 0 01 1004 01 00000005 unread 00000005
FT 000002f8 15 01 04 | OP S 0 01 1004 01 00000004 unread 00000004
FT 00000272 0d 01 04 | OP D 0 01 1004 01 00000005 unread 00000005 | OP S 0 01 1004 01 00000005 unread 00000005
FT 00000272 0d 01 04 | OP D 0 01 1004 01 00000004 unread 00000004 | OP S 0 01 1004 01 00000004 unread 00000004
FT 0000002b 0f 01 04 | OP D 0 04 1004 nofollow | OP D 1 01 1004 01 00000004 unread 00000004 | OP D 2 01 1004 01 00000005 unread 00000005 | OP D 3 0c 8000 nofollow | OP S 0 01 1004 01 00000004 unread 00000004 | OP S 1 0c 8000 nofollow | OP S 2 0b 0000 nofollow
FT 00000272 0d 01 04 | OP D 0 01 1004 01 00000004 unread 00000004 | OP S 0 01 1004 01 00000004 unread 00000004
FT 000002f8 15 01 04 | OP D 0 01 1004 01 00000004 unread 00000004
FT 0000030f 17 00 00
FT 00000309 1a 00 00
BLK 2
FT 0000030a 18 00 00
FT 00000309 1a 00 00
FN color 1
BLK 0
FT 0000030b 19 00 00
FT 00000309 1a 00 00
BLK 1
FT 0000030d 17 00 00
FT 000002f8 15 01 04 | OP S 0 01 1004 01 00000005 unread 00000005
FT 000002f8 15 01 04 | OP S 0 01 1004 01 00000004 unread 00000004
FT 00000272 0d 01 04 | OP D 0 01 1004 01 00000005 unread 00000005 | OP S 0 01 1004 01 00000005 unread 00000005
FT 00000272 0d 01 04 | OP D 0 01 1004 01 00000004 unread 00000004 | OP S 0 01 1004 01 00000004 unread 00000004
FT 0000002b 0f 01 04 | OP D 0 04 1004 nofollow | OP D 1 01 1004 01 00000004 unread 00000004 | OP D 2 01 1004 01 00000005 unread 00000005 | OP D 3 0c 8000 nofollow | OP S 0 01 1004 01 00000004 unread 00000004 | OP S 1 0c 8000 nofollow | OP S 2 0b 0000 nofollow
FT 00000272 0d 01 04 | OP D 0 01 1004 01 00000004 unread 00000004 | OP S 0 01 1004 01 00000004 unread 00000004
FT 000002f8 15 01 04 | OP D 0 01 1004 01 00000004 unread 00000004
FT 0000030f 17 00 00
FT 00000309 1a 00 00
BLK 2
FT 0000030a 18 00 00
FT 00000309 1a 00 00
FN sched3 1
BLK 0
FT 0000030b 19 00 00
FT 00000309 1a 00 00
BLK 1
FT 0000030d 17 00 00
FT 000002f8 15 01 04 | OP S 0 01 1004 01 00000005 unread 00000005
FT 000002f8 15 01 04 | OP S 0 01 1004 01 00000004 unread 00000004
FT 00000272 0d 01 04 | OP D 0 01 1004 01 00000005 unread 00000005 | OP S 0 01 1004 01 00000005 unread 00000005
FT 00000272 0d 01 04 | OP D 0 01 1004 01 00000004 unread 00000004 | OP S 0 01 1004 01 00000004 unread 00000004
FT 0000002b 0f 01 04 | OP D 0 04 1004 nofollow | OP D 1 01 1004 01 00000004 unread 00000004 | OP D 2 01 1004 01 00000005 unread 00000005 | OP D 3 0c 8000 nofollow | OP S 0 01 1004 01 00000004 unread 00000004 | OP S 1 0c 8000 nofollow | OP S 2 0b 0000 nofollow
FT 00000272 0d 01 04 | OP D 0 01 1004 01 00000004 unread 00000004 | OP S 0 01 1004 01 00000004 unread 00000004
FT 000002f8 15 01 04 | OP D 0 01 1004 01 00000004 unread 00000004
FT 0000030f 17 00 00
FT 00000309 1a 00 00
BLK 2
FT 0000030a 18 00 00
FT 00000309 1a 00 00
FN sched0 1
BLK 0
FT 0000030a 18 00 00
FT 0000030d 17 00 00
FT 0000001f 12 01 00 | OP D 0 04 1004 nofollow | OP D 1 01 1004 01 00000004 unread 00000004 | OP D 2 01 1004 01 00000005 unread 00000005 | OP D 3 0c 8000 nofollow | OP S 0 01 1004 01 00000004 unread 00000004 | OP S 1 0c 8000 nofollow | OP S 2 0b 0000 nofollow
FT 0000030f 17 00 00
FT 0000030b 19 00 00
FT 00000309 1a 00 00
FN after0 1
BLK 0
FT 0000030a 18 00 00
FT 0000030d 17 00 00
FT 0000001f 12 01 00 | OP D 0 04 1004 nofollow | OP D 1 01 1004 01 00000004 unread 00000004 | OP D 2 01 1004 01 00000005 unread 00000005 | OP D 3 0c 8000 nofollow | OP S 0 01 1004 01 00000004 unread 00000004 | OP S 1 0c 8000 nofollow | OP S 2 0b 0000 nofollow
FT 0000030f 17 00 00
FT 0000030b 19 00 00
FT 00000309 1a 00 00
FN sched1 2
BLK 0
FT 0000030b 19 00 00
FT 00000309 1a 00 00
BLK 1
FT 0000030d 17 00 00
FT 000002f8 15 01 04 | OP S 0 01 1004 01 00000006 unread 00000006
FT 000002f8 15 01 04 | OP S 0 01 1004 01 00000005 unread 00000005
FT 000002f8 15 01 04 | OP S 0 01 1004 01 00000004 unread 00000004
FT 0000017a 0d 01 04 | OP D 0 01 1004 01 00000004 unread 00000004 | OP S 0 02 1004 nofollow
FT 0000017a 0d 01 04 | OP D 0 01 1004 01 00000005 unread 00000005 | OP S 0 02 1004 nofollow
FT 0000017a 0d 01 04 | OP D 0 01 1004 01 00000006 unread 00000006 | OP S 0 02 1004 nofollow
FT 00000272 0d 01 04 | OP D 0 01 1004 02 00000000 unread 00000000 | OP S 0 01 1004 01 00000006 unread 00000006
FT 00000272 0d 01 04 | OP D 0 01 1004 02 00000000 unread 00000000 | OP S 0 01 1004 01 00000005 unread 00000005
FT 00000272 0d 01 04 | OP D 0 01 1004 02 00000000 unread 00000000 | OP S 0 01 1004 01 00000004 unread 00000004
FT 0000002b 0f 01 04 | OP D 0 04 1004 nofollow | OP D 1 01 1004 01 00000004 unread 00000004 | OP D 2 01 1004 01 00000005 unread 00000005 | OP D 3 01 1004 01 00000006 unread 00000006 | OP D 4 0c 8000 nofollow | OP S 0 01 1004 01 00000004 unread 00000004 | OP S 1 0c 8000 nofollow | OP S 2 0b 0000 nofollow
FT 00000272 0d 01 04 | OP D 0 01 1004 01 00000004 unread 00000004 | OP S 0 01 1004 01 00000004 unread 00000004
FT 000002f8 15 01 04 | OP D 0 01 1004 01 00000004 unread 00000004
FT 0000030f 17 00 00
FT 00000309 1a 00 00
BLK 2
FT 0000030a 18 00 00
FT 00000309 1a 00 00
FN globregs 2
BLK 0
FT 0000030b 19 00 00
FT 00000309 1a 00 00
BLK 1
FT 0000030d 17 00 00
FT 000002f8 15 01 04 | OP S 0 01 1004 01 00000006 unread 00000006
FT 000002f8 15 01 04 | OP S 0 01 1004 01 00000005 unread 00000005
FT 000002f8 15 01 04 | OP S 0 01 1004 01 00000004 unread 00000004
FT 0000017a 0d 01 04 | OP D 0 01 1004 01 00000004 unread 00000004 | OP S 0 02 1004 nofollow
FT 0000017a 0d 01 04 | OP D 0 01 1004 01 00000005 unread 00000005 | OP S 0 02 1004 nofollow
FT 0000017a 0d 01 04 | OP D 0 01 1004 01 00000006 unread 00000006 | OP S 0 02 1004 nofollow
FT 00000272 0d 01 04 | OP D 0 01 1004 02 00000000 unread 00000000 | OP S 0 01 1004 01 00000006 unread 00000006
FT 00000272 0d 01 04 | OP D 0 01 1004 02 00000000 unread 00000000 | OP S 0 01 1004 01 00000005 unread 00000005
FT 00000272 0d 01 04 | OP D 0 01 1004 02 00000000 unread 00000000 | OP S 0 01 1004 01 00000004 unread 00000004
FT 0000002b 0f 01 04 | OP D 0 04 1004 nofollow | OP D 1 01 1004 01 00000004 unread 00000004 | OP D 2 01 1004 01 00000005 unread 00000005 | OP D 3 01 1004 01 00000006 unread 00000006 | OP D 4 0c 8000 nofollow | OP S 0 01 1004 01 00000004 unread 00000004 | OP S 1 0c 8000 nofollow | OP S 2 0b 0000 nofollow
FT 00000272 0d 01 04 | OP D 0 01 1004 01 00000004 unread 00000004 | OP S 0 01 1004 01 00000004 unread 00000004
FT 000002f8 15 01 04 | OP D 0 01 1004 01 00000004 unread 00000004
FT 0000030f 17 00 00
FT 00000309 1a 00 00
BLK 2
FT 0000030a 18 00 00
FT 00000309 1a 00 00
FN sched2 2
BLK 0
FT 0000030b 19 00 00
FT 00000309 1a 00 00
BLK 1
FT 0000030d 17 00 00
FT 000002f8 15 01 04 | OP S 0 01 1004 01 00000006 unread 00000006
FT 000002f8 15 01 04 | OP S 0 01 1004 01 00000005 unread 00000005
FT 000002f8 15 01 04 | OP S 0 01 1004 01 00000004 unread 00000004
FT 00000272 0d 01 04 | OP D 0 01 1004 01 00000006 unread 00000006 | OP S 0 01 1004 01 00000006 unread 00000006
FT 00000272 0d 01 04 | OP D 0 01 1004 01 00000005 unread 00000005 | OP S 0 01 1004 01 00000005 unread 00000005
FT 00000272 0d 01 04 | OP D 0 01 1004 01 00000004 unread 00000004 | OP S 0 01 1004 01 00000004 unread 00000004
FT 0000002b 0f 01 04 | OP D 0 04 1004 nofollow | OP D 1 01 1004 01 00000004 unread 00000004 | OP D 2 01 1004 01 00000005 unread 00000005 | OP D 3 01 1004 01 00000006 unread 00000006 | OP D 4 0c 8000 nofollow | OP S 0 01 1004 01 00000004 unread 00000004 | OP S 1 0c 8000 nofollow | OP S 2 0b 0000 nofollow
FT 00000272 0d 01 04 | OP D 0 01 1004 01 00000004 unread 00000004 | OP S 0 01 1004 01 00000004 unread 00000004
FT 000002f8 15 01 04 | OP D 0 01 1004 01 00000004 unread 00000004
FT 0000030f 17 00 00
FT 00000309 1a 00 00
BLK 2
FT 0000030a 18 00 00
FT 00000309 1a 00 00
FN color 2
BLK 0
FT 0000030b 19 00 00
FT 00000309 1a 00 00
BLK 1
FT 0000030d 17 00 00
FT 000002f8 15 01 04 | OP S 0 01 1004 01 00000006 unread 00000006
FT 000002f8 15 01 04 | OP S 0 01 1004 01 00000005 unread 00000005
FT 000002f8 15 01 04 | OP S 0 01 1004 01 00000004 unread 00000004
FT 00000272 0d 01 04 | OP D 0 01 1004 01 00000006 unread 00000006 | OP S 0 01 1004 01 00000006 unread 00000006
FT 00000272 0d 01 04 | OP D 0 01 1004 01 00000005 unread 00000005 | OP S 0 01 1004 01 00000005 unread 00000005
FT 00000272 0d 01 04 | OP D 0 01 1004 01 00000004 unread 00000004 | OP S 0 01 1004 01 00000004 unread 00000004
FT 0000002b 0f 01 04 | OP D 0 04 1004 nofollow | OP D 1 01 1004 01 00000004 unread 00000004 | OP D 2 01 1004 01 00000005 unread 00000005 | OP D 3 01 1004 01 00000006 unread 00000006 | OP D 4 0c 8000 nofollow | OP S 0 01 1004 01 00000004 unread 00000004 | OP S 1 0c 8000 nofollow | OP S 2 0b 0000 nofollow
FT 00000272 0d 01 04 | OP D 0 01 1004 01 00000004 unread 00000004 | OP S 0 01 1004 01 00000004 unread 00000004
FT 000002f8 15 01 04 | OP D 0 01 1004 01 00000004 unread 00000004
FT 0000030f 17 00 00
FT 00000309 1a 00 00
BLK 2
FT 0000030a 18 00 00
FT 00000309 1a 00 00
FN sched3 2
BLK 0
FT 0000030b 19 00 00
FT 00000309 1a 00 00
BLK 1
FT 0000030d 17 00 00
FT 000002f8 15 01 04 | OP S 0 01 1004 01 00000006 unread 00000006
FT 000002f8 15 01 04 | OP S 0 01 1004 01 00000005 unread 00000005
FT 000002f8 15 01 04 | OP S 0 01 1004 01 00000004 unread 00000004
FT 00000272 0d 01 04 | OP D 0 01 1004 01 00000006 unread 00000006 | OP S 0 01 1004 01 00000006 unread 00000006
FT 00000272 0d 01 04 | OP D 0 01 1004 01 00000005 unread 00000005 | OP S 0 01 1004 01 00000005 unread 00000005
FT 00000272 0d 01 04 | OP D 0 01 1004 01 00000004 unread 00000004 | OP S 0 01 1004 01 00000004 unread 00000004
FT 0000002b 0f 01 04 | OP D 0 04 1004 nofollow | OP D 1 01 1004 01 00000004 unread 00000004 | OP D 2 01 1004 01 00000005 unread 00000005 | OP D 3 01 1004 01 00000006 unread 00000006 | OP D 4 0c 8000 nofollow | OP S 0 01 1004 01 00000004 unread 00000004 | OP S 1 0c 8000 nofollow | OP S 2 0b 0000 nofollow
FT 00000272 0d 01 04 | OP D 0 01 1004 01 00000004 unread 00000004 | OP S 0 01 1004 01 00000004 unread 00000004
FT 000002f8 15 01 04 | OP D 0 01 1004 01 00000004 unread 00000004
FT 0000030f 17 00 00
FT 00000309 1a 00 00
BLK 2
FT 0000030a 18 00 00
FT 00000309 1a 00 00
FN sched0 2
BLK 0
FT 0000030a 18 00 00
FT 0000030d 17 00 00
FT 0000001f 12 01 00 | OP D 0 04 1004 nofollow | OP D 1 01 1004 01 00000004 unread 00000004 | OP D 2 01 1004 01 00000005 unread 00000005 | OP D 3 01 1004 01 00000006 unread 00000006 | OP D 4 0c 8000 nofollow | OP S 0 01 1004 01 00000004 unread 00000004 | OP S 1 0c 8000 nofollow | OP S 2 0b 0000 nofollow
FT 0000030f 17 00 00
FT 0000030b 19 00 00
FT 00000309 1a 00 00
FN after0 2
BLK 0
FT 0000030a 18 00 00
FT 0000030d 17 00 00
FT 0000001f 12 01 00 | OP D 0 04 1004 nofollow | OP D 1 01 1004 01 00000004 unread 00000004 | OP D 2 01 1004 01 00000005 unread 00000005 | OP D 3 01 1004 01 00000006 unread 00000006 | OP D 4 0c 8000 nofollow | OP S 0 01 1004 01 00000004 unread 00000004 | OP S 1 0c 8000 nofollow | OP S 2 0b 0000 nofollow
FT 0000030f 17 00 00
FT 0000030b 19 00 00
FT 00000309 1a 00 00
FN sched1 3
BLK 0
FT 0000030b 19 00 00
FT 00000309 1a 00 00
BLK 1
FT 0000030d 17 00 00
FT 000002f8 15 01 04 | OP S 0 01 1004 01 00000006 unread 00000006
FT 000002f8 15 01 04 | OP S 0 01 1004 01 00000005 unread 00000005
FT 000002f8 15 01 04 | OP S 0 01 1004 01 00000004 unread 00000004
FT 0000017a 0d 01 04 | OP D 0 01 1004 01 00000004 unread 00000004 | OP S 0 02 1004 nofollow
FT 0000017a 0d 01 04 | OP D 0 01 1004 01 00000005 unread 00000005 | OP S 0 02 1004 nofollow
FT 0000017a 0d 01 04 | OP D 0 01 1004 01 00000006 unread 00000006 | OP S 0 02 1004 nofollow
FT 00000272 0d 01 04 | OP D 0 01 1004 02 00000000 unread 00000000 | OP S 0 01 1004 01 00000006 unread 00000006
FT 00000272 0d 01 04 | OP D 0 01 1004 02 00000000 unread 00000000 | OP S 0 01 1004 01 00000005 unread 00000005
FT 00000272 0d 01 04 | OP D 0 01 1004 02 00000000 unread 00000000 | OP S 0 01 1004 01 00000004 unread 00000004
FT 0000002b 0f 01 04 | OP D 0 04 1004 nofollow | OP D 1 01 1004 01 00000004 unread 00000004 | OP D 2 01 1004 01 00000005 unread 00000005 | OP D 3 01 1004 01 00000006 unread 00000006 | OP D 4 0c 8000 nofollow | OP S 0 01 1004 01 00000004 unread 00000004 | OP S 1 0c 8000 nofollow | OP S 2 0b 0000 nofollow
FT 00000272 0d 01 04 | OP D 0 01 1004 01 00000004 unread 00000004 | OP S 0 01 1004 01 00000004 unread 00000004
FT 000002f8 15 01 04 | OP D 0 01 1004 01 00000004 unread 00000004
FT 0000030f 17 00 00
FT 00000309 1a 00 00
BLK 2
FT 0000030a 18 00 00
FT 00000309 1a 00 00
FN globregs 3
BLK 0
FT 0000030b 19 00 00
FT 00000309 1a 00 00
BLK 1
FT 0000030d 17 00 00
FT 000002f8 15 01 04 | OP S 0 01 1004 01 00000006 unread 00000006
FT 000002f8 15 01 04 | OP S 0 01 1004 01 00000005 unread 00000005
FT 000002f8 15 01 04 | OP S 0 01 1004 01 00000004 unread 00000004
FT 0000017a 0d 01 04 | OP D 0 01 1004 01 00000004 unread 00000004 | OP S 0 02 1004 nofollow
FT 0000017a 0d 01 04 | OP D 0 01 1004 01 00000005 unread 00000005 | OP S 0 02 1004 nofollow
FT 0000017a 0d 01 04 | OP D 0 01 1004 01 00000006 unread 00000006 | OP S 0 02 1004 nofollow
FT 00000272 0d 01 04 | OP D 0 01 1004 02 00000000 unread 00000000 | OP S 0 01 1004 01 00000006 unread 00000006
FT 00000272 0d 01 04 | OP D 0 01 1004 02 00000000 unread 00000000 | OP S 0 01 1004 01 00000005 unread 00000005
FT 00000272 0d 01 04 | OP D 0 01 1004 02 00000000 unread 00000000 | OP S 0 01 1004 01 00000004 unread 00000004
FT 0000002b 0f 01 04 | OP D 0 04 1004 nofollow | OP D 1 01 1004 01 00000004 unread 00000004 | OP D 2 01 1004 01 00000005 unread 00000005 | OP D 3 01 1004 01 00000006 unread 00000006 | OP D 4 0c 8000 nofollow | OP S 0 01 1004 01 00000004 unread 00000004 | OP S 1 0c 8000 nofollow | OP S 2 0b 0000 nofollow
FT 00000272 0d 01 04 | OP D 0 01 1004 01 00000004 unread 00000004 | OP S 0 01 1004 01 00000004 unread 00000004
FT 000002f8 15 01 04 | OP D 0 01 1004 01 00000004 unread 00000004
FT 0000030f 17 00 00
FT 00000309 1a 00 00
BLK 2
FT 0000030a 18 00 00
FT 00000309 1a 00 00
FN sched2 3
BLK 0
FT 0000030b 19 00 00
FT 00000309 1a 00 00
BLK 1
FT 0000030d 17 00 00
FT 000002f8 15 01 04 | OP S 0 01 1004 01 00000006 unread 00000006
FT 000002f8 15 01 04 | OP S 0 01 1004 01 00000005 unread 00000005
FT 000002f8 15 01 04 | OP S 0 01 1004 01 00000004 unread 00000004
FT 00000272 0d 01 04 | OP D 0 01 1004 01 00000005 unread 00000005 | OP S 0 01 1004 03 0000004a unread 0000004a
FT 00000272 0d 01 04 | OP D 0 01 1004 01 00000006 unread 00000006 | OP S 0 01 1004 01 00000006 unread 00000006
FT 00000272 0d 01 04 | OP D 0 01 1004 01 00000004 unread 00000004 | OP S 0 01 1004 01 00000005 unread 00000005
FT 00000272 0d 01 04 | OP D 0 01 1004 03 0000004a unread 0000004a | OP S 0 01 1004 01 00000004 unread 00000004
FT 0000002b 0f 01 04 | OP D 0 04 1004 nofollow | OP D 1 01 1004 01 00000004 unread 00000004 | OP D 2 01 1004 01 00000005 unread 00000005 | OP D 3 01 1004 01 00000006 unread 00000006 | OP D 4 0c 8000 nofollow | OP S 0 01 1004 01 00000004 unread 00000004 | OP S 1 0c 8000 nofollow | OP S 2 0b 0000 nofollow
FT 00000272 0d 01 04 | OP D 0 01 1004 01 00000004 unread 00000004 | OP S 0 01 1004 01 00000004 unread 00000004
FT 000002f8 15 01 04 | OP D 0 01 1004 01 00000004 unread 00000004
FT 0000030f 17 00 00
FT 00000309 1a 00 00
BLK 2
FT 0000030a 18 00 00
FT 00000309 1a 00 00
FN color 3
BLK 0
FT 0000030b 19 00 00
FT 00000309 1a 00 00
BLK 1
FT 0000030d 17 00 00
FT 000002f8 15 01 04 | OP S 0 01 1004 01 00000006 unread 00000006
FT 000002f8 15 01 04 | OP S 0 01 1004 01 00000005 unread 00000005
FT 000002f8 15 01 04 | OP S 0 01 1004 01 00000004 unread 00000004
FT 00000272 0d 01 04 | OP D 0 01 1004 01 00000005 unread 00000005 | OP S 0 01 1004 03 0000004a unread 0000004a
FT 00000272 0d 01 04 | OP D 0 01 1004 01 00000006 unread 00000006 | OP S 0 01 1004 01 00000006 unread 00000006
FT 00000272 0d 01 04 | OP D 0 01 1004 01 00000004 unread 00000004 | OP S 0 01 1004 01 00000005 unread 00000005
FT 00000272 0d 01 04 | OP D 0 01 1004 03 0000004a unread 0000004a | OP S 0 01 1004 01 00000004 unread 00000004
FT 0000002b 0f 01 04 | OP D 0 04 1004 nofollow | OP D 1 01 1004 01 00000004 unread 00000004 | OP D 2 01 1004 01 00000005 unread 00000005 | OP D 3 01 1004 01 00000006 unread 00000006 | OP D 4 0c 8000 nofollow | OP S 0 01 1004 01 00000004 unread 00000004 | OP S 1 0c 8000 nofollow | OP S 2 0b 0000 nofollow
FT 00000272 0d 01 04 | OP D 0 01 1004 01 00000004 unread 00000004 | OP S 0 01 1004 01 00000004 unread 00000004
FT 000002f8 15 01 04 | OP D 0 01 1004 01 00000004 unread 00000004
FT 0000030f 17 00 00
FT 00000309 1a 00 00
BLK 2
FT 0000030a 18 00 00
FT 00000309 1a 00 00
FN sched3 3
BLK 0
FT 0000030b 19 00 00
FT 00000309 1a 00 00
BLK 1
FT 0000030d 17 00 00
FT 000002f8 15 01 04 | OP S 0 01 1004 01 00000006 unread 00000006
FT 000002f8 15 01 04 | OP S 0 01 1004 01 00000005 unread 00000005
FT 000002f8 15 01 04 | OP S 0 01 1004 01 00000004 unread 00000004
FT 00000272 0d 01 04 | OP D 0 01 1004 01 00000005 unread 00000005 | OP S 0 01 1004 03 0000004a unread 0000004a
FT 00000272 0d 01 04 | OP D 0 01 1004 01 00000006 unread 00000006 | OP S 0 01 1004 01 00000006 unread 00000006
FT 00000272 0d 01 04 | OP D 0 01 1004 01 00000004 unread 00000004 | OP S 0 01 1004 01 00000005 unread 00000005
FT 00000272 0d 01 04 | OP D 0 01 1004 03 0000004a unread 0000004a | OP S 0 01 1004 01 00000004 unread 00000004
FT 0000002b 0f 01 04 | OP D 0 04 1004 nofollow | OP D 1 01 1004 01 00000004 unread 00000004 | OP D 2 01 1004 01 00000005 unread 00000005 | OP D 3 01 1004 01 00000006 unread 00000006 | OP D 4 0c 8000 nofollow | OP S 0 01 1004 01 00000004 unread 00000004 | OP S 1 0c 8000 nofollow | OP S 2 0b 0000 nofollow
FT 00000272 0d 01 04 | OP D 0 01 1004 01 00000004 unread 00000004 | OP S 0 01 1004 01 00000004 unread 00000004
FT 000002f8 15 01 04 | OP D 0 01 1004 01 00000004 unread 00000004
FT 0000030f 17 00 00
FT 00000309 1a 00 00
BLK 2
FT 0000030a 18 00 00
FT 00000309 1a 00 00
FN sched0 3
BLK 0
FT 0000030a 18 00 00
FT 0000030d 17 00 00
FT 00000272 0d 01 04 | OP D 0 01 1004 01 00000005 unread 00000005 | OP S 0 01 1004 01 0000000c unread 0000000c
FT 00000272 0d 01 04 | OP D 0 01 1004 01 00000004 unread 00000004 | OP S 0 01 1004 01 00000005 unread 00000005
FT 00000272 0d 01 04 | OP D 0 01 1004 01 0000000c unread 0000000c | OP S 0 01 1004 01 00000004 unread 00000004
FT 0000001f 12 01 00 | OP D 0 04 1004 nofollow | OP D 1 01 1004 01 00000004 unread 00000004 | OP D 2 01 1004 01 00000005 unread 00000005 | OP D 3 01 1004 01 00000006 unread 00000006 | OP D 4 0c 8000 nofollow | OP S 0 01 1004 01 00000004 unread 00000004 | OP S 1 0c 8000 nofollow | OP S 2 0b 0000 nofollow
FT 0000030f 17 00 00
FT 0000030b 19 00 00
FT 00000309 1a 00 00
FN after0 3
BLK 0
FT 0000030a 18 00 00
FT 0000030d 17 00 00
FT 00000272 0d 01 04 | OP D 0 01 1004 01 00000005 unread 00000005 | OP S 0 01 1004 01 0000000c unread 0000000c
FT 00000272 0d 01 04 | OP D 0 01 1004 01 00000004 unread 00000004 | OP S 0 01 1004 01 00000005 unread 00000005
FT 00000272 0d 01 04 | OP D 0 01 1004 01 0000000c unread 0000000c | OP S 0 01 1004 01 00000004 unread 00000004
FT 0000001f 12 01 00 | OP D 0 04 1004 nofollow | OP D 1 01 1004 01 00000004 unread 00000004 | OP D 2 01 1004 01 00000005 unread 00000005 | OP D 3 01 1004 01 00000006 unread 00000006 | OP D 4 0c 8000 nofollow | OP S 0 01 1004 01 00000004 unread 00000004 | OP S 1 0c 8000 nofollow | OP S 2 0b 0000 nofollow
FT 0000030f 17 00 00
FT 0000030b 19 00 00
FT 00000309 1a 00 00
FN sched1 4
BLK 0
FT 0000030b 19 00 00
FT 00000309 1a 00 00
BLK 1
FT 0000030d 17 00 00
FT 000002f8 15 01 04 | OP S 0 01 1004 01 00000006 unread 00000006
FT 000002f8 15 01 04 | OP S 0 01 1004 01 00000005 unread 00000005
FT 000002f8 15 01 04 | OP S 0 01 1004 01 00000004 unread 00000004
FT 0000017a 0d 01 04 | OP D 0 01 1004 01 00000004 unread 00000004 | OP S 0 02 1004 nofollow
FT 0000017a 0d 01 04 | OP D 0 01 1004 01 00000005 unread 00000005 | OP S 0 02 1004 nofollow
FT 0000017a 0d 01 04 | OP D 0 01 1004 01 00000006 unread 00000006 | OP S 0 02 1004 nofollow
FT 00000272 0d 01 04 | OP D 0 01 1004 02 00000000 unread 00000000 | OP S 0 01 1004 01 00000006 unread 00000006
FT 00000272 0d 01 04 | OP D 0 01 1004 02 00000000 unread 00000000 | OP S 0 01 1004 01 00000005 unread 00000005
FT 00000272 0d 01 04 | OP D 0 01 1004 02 00000000 unread 00000000 | OP S 0 01 1004 01 00000004 unread 00000004
FT 0000002b 0f 01 04 | OP D 0 04 1004 nofollow | OP D 1 01 1004 01 00000004 unread 00000004 | OP D 2 01 1004 01 00000005 unread 00000005 | OP D 3 01 1004 01 00000006 unread 00000006 | OP D 4 0c 8000 nofollow | OP S 0 01 1004 01 00000004 unread 00000004 | OP S 1 0c 8000 nofollow | OP S 2 0b 0000 nofollow
FT 00000272 0d 01 04 | OP D 0 01 1004 01 00000004 unread 00000004 | OP S 0 01 1004 01 00000004 unread 00000004
FT 000002f8 15 01 04 | OP D 0 01 1004 01 00000004 unread 00000004
FT 0000030f 17 00 00
FT 00000309 1a 00 00
BLK 2
FT 0000030a 18 00 00
FT 00000309 1a 00 00
FN globregs 4
BLK 0
FT 0000030b 19 00 00
FT 00000309 1a 00 00
BLK 1
FT 0000030d 17 00 00
FT 000002f8 15 01 04 | OP S 0 01 1004 01 00000006 unread 00000006
FT 000002f8 15 01 04 | OP S 0 01 1004 01 00000005 unread 00000005
FT 000002f8 15 01 04 | OP S 0 01 1004 01 00000004 unread 00000004
FT 0000017a 0d 01 04 | OP D 0 01 1004 01 00000004 unread 00000004 | OP S 0 02 1004 nofollow
FT 0000017a 0d 01 04 | OP D 0 01 1004 01 00000005 unread 00000005 | OP S 0 02 1004 nofollow
FT 0000017a 0d 01 04 | OP D 0 01 1004 01 00000006 unread 00000006 | OP S 0 02 1004 nofollow
FT 00000272 0d 01 04 | OP D 0 01 1004 02 00000000 unread 00000000 | OP S 0 01 1004 01 00000006 unread 00000006
FT 00000272 0d 01 04 | OP D 0 01 1004 02 00000000 unread 00000000 | OP S 0 01 1004 01 00000005 unread 00000005
FT 00000272 0d 01 04 | OP D 0 01 1004 02 00000000 unread 00000000 | OP S 0 01 1004 01 00000004 unread 00000004
FT 0000002b 0f 01 04 | OP D 0 04 1004 nofollow | OP D 1 01 1004 01 00000004 unread 00000004 | OP D 2 01 1004 01 00000005 unread 00000005 | OP D 3 01 1004 01 00000006 unread 00000006 | OP D 4 0c 8000 nofollow | OP S 0 01 1004 01 00000004 unread 00000004 | OP S 1 0c 8000 nofollow | OP S 2 0b 0000 nofollow
FT 00000272 0d 01 04 | OP D 0 01 1004 01 00000004 unread 00000004 | OP S 0 01 1004 01 00000004 unread 00000004
FT 000002f8 15 01 04 | OP D 0 01 1004 01 00000004 unread 00000004
FT 0000030f 17 00 00
FT 00000309 1a 00 00
BLK 2
FT 0000030a 18 00 00
FT 00000309 1a 00 00
FN sched2 4
BLK 0
FT 0000030b 19 00 00
FT 00000309 1a 00 00
BLK 1
FT 0000030d 17 00 00
FT 000002f8 15 01 04 | OP S 0 01 1004 01 00000006 unread 00000006
FT 000002f8 15 01 04 | OP S 0 01 1004 01 00000005 unread 00000005
FT 000002f8 15 01 04 | OP S 0 01 1004 01 00000004 unread 00000004
FT 00000272 0d 01 04 | OP D 0 01 1004 01 00000006 unread 00000006 | OP S 0 01 1004 03 00000049 unread 00000049
FT 00000272 0d 01 04 | OP D 0 01 1004 01 00000005 unread 00000005 | OP S 0 01 1004 01 00000006 unread 00000006
FT 00000272 0d 01 04 | OP D 0 01 1004 03 00000049 unread 00000049 | OP S 0 01 1004 01 00000005 unread 00000005
FT 00000272 0d 01 04 | OP D 0 01 1004 01 00000004 unread 00000004 | OP S 0 01 1004 01 00000004 unread 00000004
FT 0000002b 0f 01 04 | OP D 0 04 1004 nofollow | OP D 1 01 1004 01 00000004 unread 00000004 | OP D 2 01 1004 01 00000005 unread 00000005 | OP D 3 01 1004 01 00000006 unread 00000006 | OP D 4 0c 8000 nofollow | OP S 0 01 1004 01 00000004 unread 00000004 | OP S 1 0c 8000 nofollow | OP S 2 0b 0000 nofollow
FT 00000272 0d 01 04 | OP D 0 01 1004 01 00000004 unread 00000004 | OP S 0 01 1004 01 00000004 unread 00000004
FT 000002f8 15 01 04 | OP D 0 01 1004 01 00000004 unread 00000004
FT 0000030f 17 00 00
FT 00000309 1a 00 00
BLK 2
FT 0000030a 18 00 00
FT 00000309 1a 00 00
FN color 4
BLK 0
FT 0000030b 19 00 00
FT 00000309 1a 00 00
BLK 1
FT 0000030d 17 00 00
FT 000002f8 15 01 04 | OP S 0 01 1004 01 00000006 unread 00000006
FT 000002f8 15 01 04 | OP S 0 01 1004 01 00000005 unread 00000005
FT 000002f8 15 01 04 | OP S 0 01 1004 01 00000004 unread 00000004
FT 00000272 0d 01 04 | OP D 0 01 1004 01 00000006 unread 00000006 | OP S 0 01 1004 03 00000049 unread 00000049
FT 00000272 0d 01 04 | OP D 0 01 1004 01 00000005 unread 00000005 | OP S 0 01 1004 01 00000006 unread 00000006
FT 00000272 0d 01 04 | OP D 0 01 1004 03 00000049 unread 00000049 | OP S 0 01 1004 01 00000005 unread 00000005
FT 00000272 0d 01 04 | OP D 0 01 1004 01 00000004 unread 00000004 | OP S 0 01 1004 01 00000004 unread 00000004
FT 0000002b 0f 01 04 | OP D 0 04 1004 nofollow | OP D 1 01 1004 01 00000004 unread 00000004 | OP D 2 01 1004 01 00000005 unread 00000005 | OP D 3 01 1004 01 00000006 unread 00000006 | OP D 4 0c 8000 nofollow | OP S 0 01 1004 01 00000004 unread 00000004 | OP S 1 0c 8000 nofollow | OP S 2 0b 0000 nofollow
FT 00000272 0d 01 04 | OP D 0 01 1004 01 00000004 unread 00000004 | OP S 0 01 1004 01 00000004 unread 00000004
FT 000002f8 15 01 04 | OP D 0 01 1004 01 00000004 unread 00000004
FT 0000030f 17 00 00
FT 00000309 1a 00 00
BLK 2
FT 0000030a 18 00 00
FT 00000309 1a 00 00
FN sched3 4
BLK 0
FT 0000030b 19 00 00
FT 00000309 1a 00 00
BLK 1
FT 0000030d 17 00 00
FT 000002f8 15 01 04 | OP S 0 01 1004 01 00000006 unread 00000006
FT 000002f8 15 01 04 | OP S 0 01 1004 01 00000005 unread 00000005
FT 000002f8 15 01 04 | OP S 0 01 1004 01 00000004 unread 00000004
FT 00000272 0d 01 04 | OP D 0 01 1004 01 00000006 unread 00000006 | OP S 0 01 1004 03 00000049 unread 00000049
FT 00000272 0d 01 04 | OP D 0 01 1004 01 00000005 unread 00000005 | OP S 0 01 1004 01 00000006 unread 00000006
FT 00000272 0d 01 04 | OP D 0 01 1004 03 00000049 unread 00000049 | OP S 0 01 1004 01 00000005 unread 00000005
FT 00000272 0d 01 04 | OP D 0 01 1004 01 00000004 unread 00000004 | OP S 0 01 1004 01 00000004 unread 00000004
FT 0000002b 0f 01 04 | OP D 0 04 1004 nofollow | OP D 1 01 1004 01 00000004 unread 00000004 | OP D 2 01 1004 01 00000005 unread 00000005 | OP D 3 01 1004 01 00000006 unread 00000006 | OP D 4 0c 8000 nofollow | OP S 0 01 1004 01 00000004 unread 00000004 | OP S 1 0c 8000 nofollow | OP S 2 0b 0000 nofollow
FT 00000272 0d 01 04 | OP D 0 01 1004 01 00000004 unread 00000004 | OP S 0 01 1004 01 00000004 unread 00000004
FT 000002f8 15 01 04 | OP D 0 01 1004 01 00000004 unread 00000004
FT 0000030f 17 00 00
FT 00000309 1a 00 00
BLK 2
FT 0000030a 18 00 00
FT 00000309 1a 00 00
FN sched0 4
BLK 0
FT 0000030a 18 00 00
FT 0000030d 17 00 00
FT 00000272 0d 01 04 | OP D 0 01 1004 01 00000006 unread 00000006 | OP S 0 01 1004 01 0000000c unread 0000000c
FT 00000272 0d 01 04 | OP D 0 01 1004 01 00000005 unread 00000005 | OP S 0 01 1004 01 00000006 unread 00000006
FT 00000272 0d 01 04 | OP D 0 01 1004 01 0000000c unread 0000000c | OP S 0 01 1004 01 00000005 unread 00000005
FT 0000001f 12 01 00 | OP D 0 04 1004 nofollow | OP D 1 01 1004 01 00000004 unread 00000004 | OP D 2 01 1004 01 0000000c unread 0000000c | OP D 3 01 1004 01 00000006 unread 00000006 | OP D 4 0c 8000 nofollow | OP S 0 01 1004 01 00000004 unread 00000004 | OP S 1 0c 8000 nofollow | OP S 2 0b 0000 nofollow
FT 0000030f 17 00 00
FT 0000030b 19 00 00
FT 00000309 1a 00 00
FN after0 4
BLK 0
FT 0000030a 18 00 00
FT 0000030d 17 00 00
FT 00000272 0d 01 04 | OP D 0 01 1004 01 00000006 unread 00000006 | OP S 0 01 1004 01 0000000c unread 0000000c
FT 00000272 0d 01 04 | OP D 0 01 1004 01 00000005 unread 00000005 | OP S 0 01 1004 01 00000006 unread 00000006
FT 00000272 0d 01 04 | OP D 0 01 1004 01 0000000c unread 0000000c | OP S 0 01 1004 01 00000005 unread 00000005
FT 0000001f 12 01 00 | OP D 0 04 1004 nofollow | OP D 1 01 1004 01 00000004 unread 00000004 | OP D 2 01 1004 01 0000000c unread 0000000c | OP D 3 01 1004 01 00000006 unread 00000006 | OP D 4 0c 8000 nofollow | OP S 0 01 1004 01 00000004 unread 00000004 | OP S 1 0c 8000 nofollow | OP S 2 0b 0000 nofollow
FT 0000030f 17 00 00
FT 0000030b 19 00 00
FT 00000309 1a 00 00
FN sched1 5
BLK 0
FT 0000030b 19 00 00
FT 00000309 1a 00 00
BLK 1
FT 0000030d 17 00 00
FT 000002f8 15 01 04 | OP S 0 01 1004 01 00000006 unread 00000006
FT 000002f8 15 01 04 | OP S 0 01 1004 01 00000005 unread 00000005
FT 000002f8 15 01 04 | OP S 0 01 1004 01 00000004 unread 00000004
FT 0000017a 0d 01 04 | OP D 0 01 1004 01 00000004 unread 00000004 | OP S 0 02 1004 nofollow
FT 0000017a 0d 01 04 | OP D 0 01 1004 01 00000005 unread 00000005 | OP S 0 02 1004 nofollow
FT 0000017a 0d 01 04 | OP D 0 01 1004 01 00000006 unread 00000006 | OP S 0 02 1004 nofollow
FT 00000272 0d 01 04 | OP D 0 01 1004 02 00000000 unread 00000000 | OP S 0 01 1004 01 00000006 unread 00000006
FT 00000272 0d 01 04 | OP D 0 01 1004 02 00000000 unread 00000000 | OP S 0 01 1004 01 00000005 unread 00000005
FT 00000272 0d 01 04 | OP D 0 01 1004 02 00000000 unread 00000000 | OP S 0 01 1004 01 00000004 unread 00000004
FT 0000002b 0f 01 04 | OP D 0 04 1004 nofollow | OP D 1 01 1004 01 00000004 unread 00000004 | OP D 2 01 1004 01 00000005 unread 00000005 | OP D 3 01 1004 01 00000006 unread 00000006 | OP D 4 0c 8000 nofollow | OP S 0 01 1004 01 00000004 unread 00000004 | OP S 1 0c 8000 nofollow | OP S 2 0b 0000 nofollow
FT 00000272 0d 01 04 | OP D 0 01 1004 01 00000004 unread 00000004 | OP S 0 01 1004 01 00000004 unread 00000004
FT 000002f8 15 01 04 | OP D 0 01 1004 01 00000004 unread 00000004
FT 0000030f 17 00 00
FT 00000309 1a 00 00
BLK 2
FT 0000030a 18 00 00
FT 00000309 1a 00 00
FN globregs 5
BLK 0
FT 0000030b 19 00 00
FT 00000309 1a 00 00
BLK 1
FT 0000030d 17 00 00
FT 000002f8 15 01 04 | OP S 0 01 1004 01 00000006 unread 00000006
FT 000002f8 15 01 04 | OP S 0 01 1004 01 00000005 unread 00000005
FT 000002f8 15 01 04 | OP S 0 01 1004 01 00000004 unread 00000004
FT 0000017a 0d 01 04 | OP D 0 01 1004 01 00000004 unread 00000004 | OP S 0 02 1004 nofollow
FT 0000017a 0d 01 04 | OP D 0 01 1004 01 00000005 unread 00000005 | OP S 0 02 1004 nofollow
FT 0000017a 0d 01 04 | OP D 0 01 1004 01 00000006 unread 00000006 | OP S 0 02 1004 nofollow
FT 00000272 0d 01 04 | OP D 0 01 1004 02 00000000 unread 00000000 | OP S 0 01 1004 01 00000006 unread 00000006
FT 00000272 0d 01 04 | OP D 0 01 1004 02 00000000 unread 00000000 | OP S 0 01 1004 01 00000005 unread 00000005
FT 00000272 0d 01 04 | OP D 0 01 1004 02 00000000 unread 00000000 | OP S 0 01 1004 01 00000004 unread 00000004
FT 0000002b 0f 01 04 | OP D 0 04 1004 nofollow | OP D 1 01 1004 01 00000004 unread 00000004 | OP D 2 01 1004 01 00000005 unread 00000005 | OP D 3 01 1004 01 00000006 unread 00000006 | OP D 4 0c 8000 nofollow | OP S 0 01 1004 01 00000004 unread 00000004 | OP S 1 0c 8000 nofollow | OP S 2 0b 0000 nofollow
FT 00000272 0d 01 04 | OP D 0 01 1004 01 00000004 unread 00000004 | OP S 0 01 1004 01 00000004 unread 00000004
FT 000002f8 15 01 04 | OP D 0 01 1004 01 00000004 unread 00000004
FT 0000030f 17 00 00
FT 00000309 1a 00 00
BLK 2
FT 0000030a 18 00 00
FT 00000309 1a 00 00
FN sched2 5
BLK 0
FT 0000030b 19 00 00
FT 00000309 1a 00 00
BLK 1
FT 0000030d 17 00 00
FT 000002f8 15 01 04 | OP S 0 01 1004 01 00000006 unread 00000006
FT 000002f8 15 01 04 | OP S 0 01 1004 01 00000005 unread 00000005
FT 000002f8 15 01 04 | OP S 0 01 1004 01 00000004 unread 00000004
FT 00000272 0d 01 04 | OP D 0 01 1004 01 00000006 unread 00000006 | OP S 0 01 1004 03 00000049 unread 00000049
FT 00000272 0d 01 04 | OP D 0 01 1004 01 00000004 unread 00000004 | OP S 0 01 1004 01 00000006 unread 00000006
FT 00000272 0d 01 04 | OP D 0 01 1004 01 00000005 unread 00000005 | OP S 0 01 1004 01 00000005 unread 00000005
FT 00000272 0d 01 04 | OP D 0 01 1004 03 00000049 unread 00000049 | OP S 0 01 1004 01 00000004 unread 00000004
FT 0000002b 0f 01 04 | OP D 0 04 1004 nofollow | OP D 1 01 1004 01 00000004 unread 00000004 | OP D 2 01 1004 01 00000005 unread 00000005 | OP D 3 01 1004 01 00000006 unread 00000006 | OP D 4 0c 8000 nofollow | OP S 0 01 1004 01 00000004 unread 00000004 | OP S 1 0c 8000 nofollow | OP S 2 0b 0000 nofollow
FT 00000272 0d 01 04 | OP D 0 01 1004 01 00000004 unread 00000004 | OP S 0 01 1004 01 00000004 unread 00000004
FT 000002f8 15 01 04 | OP D 0 01 1004 01 00000004 unread 00000004
FT 0000030f 17 00 00
FT 00000309 1a 00 00
BLK 2
FT 0000030a 18 00 00
FT 00000309 1a 00 00
FN color 5
BLK 0
FT 0000030b 19 00 00
FT 00000309 1a 00 00
BLK 1
FT 0000030d 17 00 00
FT 000002f8 15 01 04 | OP S 0 01 1004 01 00000006 unread 00000006
FT 000002f8 15 01 04 | OP S 0 01 1004 01 00000005 unread 00000005
FT 000002f8 15 01 04 | OP S 0 01 1004 01 00000004 unread 00000004
FT 00000272 0d 01 04 | OP D 0 01 1004 01 00000006 unread 00000006 | OP S 0 01 1004 03 00000049 unread 00000049
FT 00000272 0d 01 04 | OP D 0 01 1004 01 00000004 unread 00000004 | OP S 0 01 1004 01 00000006 unread 00000006
FT 00000272 0d 01 04 | OP D 0 01 1004 01 00000005 unread 00000005 | OP S 0 01 1004 01 00000005 unread 00000005
FT 00000272 0d 01 04 | OP D 0 01 1004 03 00000049 unread 00000049 | OP S 0 01 1004 01 00000004 unread 00000004
FT 0000002b 0f 01 04 | OP D 0 04 1004 nofollow | OP D 1 01 1004 01 00000004 unread 00000004 | OP D 2 01 1004 01 00000005 unread 00000005 | OP D 3 01 1004 01 00000006 unread 00000006 | OP D 4 0c 8000 nofollow | OP S 0 01 1004 01 00000004 unread 00000004 | OP S 1 0c 8000 nofollow | OP S 2 0b 0000 nofollow
FT 00000272 0d 01 04 | OP D 0 01 1004 01 00000004 unread 00000004 | OP S 0 01 1004 01 00000004 unread 00000004
FT 000002f8 15 01 04 | OP D 0 01 1004 01 00000004 unread 00000004
FT 0000030f 17 00 00
FT 00000309 1a 00 00
BLK 2
FT 0000030a 18 00 00
FT 00000309 1a 00 00
FN sched3 5
BLK 0
FT 0000030b 19 00 00
FT 00000309 1a 00 00
BLK 1
FT 0000030d 17 00 00
FT 000002f8 15 01 04 | OP S 0 01 1004 01 00000006 unread 00000006
FT 000002f8 15 01 04 | OP S 0 01 1004 01 00000005 unread 00000005
FT 000002f8 15 01 04 | OP S 0 01 1004 01 00000004 unread 00000004
FT 00000272 0d 01 04 | OP D 0 01 1004 01 00000006 unread 00000006 | OP S 0 01 1004 03 00000049 unread 00000049
FT 00000272 0d 01 04 | OP D 0 01 1004 01 00000004 unread 00000004 | OP S 0 01 1004 01 00000006 unread 00000006
FT 00000272 0d 01 04 | OP D 0 01 1004 01 00000005 unread 00000005 | OP S 0 01 1004 01 00000005 unread 00000005
FT 00000272 0d 01 04 | OP D 0 01 1004 03 00000049 unread 00000049 | OP S 0 01 1004 01 00000004 unread 00000004
FT 0000002b 0f 01 04 | OP D 0 04 1004 nofollow | OP D 1 01 1004 01 00000004 unread 00000004 | OP D 2 01 1004 01 00000005 unread 00000005 | OP D 3 01 1004 01 00000006 unread 00000006 | OP D 4 0c 8000 nofollow | OP S 0 01 1004 01 00000004 unread 00000004 | OP S 1 0c 8000 nofollow | OP S 2 0b 0000 nofollow
FT 00000272 0d 01 04 | OP D 0 01 1004 01 00000004 unread 00000004 | OP S 0 01 1004 01 00000004 unread 00000004
FT 000002f8 15 01 04 | OP D 0 01 1004 01 00000004 unread 00000004
FT 0000030f 17 00 00
FT 00000309 1a 00 00
BLK 2
FT 0000030a 18 00 00
FT 00000309 1a 00 00
FN sched0 5
BLK 0
FT 0000030a 18 00 00
FT 0000030d 17 00 00
FT 00000272 0d 01 04 | OP D 0 01 1004 01 00000006 unread 00000006 | OP S 0 01 1004 01 0000000c unread 0000000c
FT 00000272 0d 01 04 | OP D 0 01 1004 01 00000004 unread 00000004 | OP S 0 01 1004 01 00000006 unread 00000006
FT 00000272 0d 01 04 | OP D 0 01 1004 01 0000000c unread 0000000c | OP S 0 01 1004 01 00000004 unread 00000004
FT 0000001f 12 01 00 | OP D 0 04 1004 nofollow | OP D 1 01 1004 01 00000004 unread 00000004 | OP D 2 01 1004 01 00000005 unread 00000005 | OP D 3 01 1004 01 00000006 unread 00000006 | OP D 4 0c 8000 nofollow | OP S 0 01 1004 01 00000004 unread 00000004 | OP S 1 0c 8000 nofollow | OP S 2 0b 0000 nofollow
FT 0000030f 17 00 00
FT 0000030b 19 00 00
FT 00000309 1a 00 00
FN after0 5
BLK 0
FT 0000030a 18 00 00
FT 0000030d 17 00 00
FT 00000272 0d 01 04 | OP D 0 01 1004 01 00000006 unread 00000006 | OP S 0 01 1004 01 0000000c unread 0000000c
FT 00000272 0d 01 04 | OP D 0 01 1004 01 00000004 unread 00000004 | OP S 0 01 1004 01 00000006 unread 00000006
FT 00000272 0d 01 04 | OP D 0 01 1004 01 0000000c unread 0000000c | OP S 0 01 1004 01 00000004 unread 00000004
FT 0000001f 12 01 00 | OP D 0 04 1004 nofollow | OP D 1 01 1004 01 00000004 unread 00000004 | OP D 2 01 1004 01 00000005 unread 00000005 | OP D 3 01 1004 01 00000006 unread 00000006 | OP D 4 0c 8000 nofollow | OP S 0 01 1004 01 00000004 unread 00000004 | OP S 1 0c 8000 nofollow | OP S 2 0b 0000 nofollow
FT 0000030f 17 00 00
FT 0000030b 19 00 00
FT 00000309 1a 00 00
FN sched1 6
BLK 0
FT 0000030b 19 00 00
FT 00000309 1a 00 00
BLK 1
FT 0000030d 17 00 00
FT 000002f8 15 01 04 | OP S 0 01 1004 01 00000006 unread 00000006
FT 000002f8 15 01 04 | OP S 0 01 1004 01 00000005 unread 00000005
FT 000002f8 15 01 04 | OP S 0 01 1004 01 00000004 unread 00000004
FT 0000017a 0d 01 04 | OP D 0 01 1004 01 00000004 unread 00000004 | OP S 0 02 1004 nofollow
FT 0000017a 0d 01 04 | OP D 0 01 1004 01 00000005 unread 00000005 | OP S 0 02 1004 nofollow
FT 0000017a 0d 01 04 | OP D 0 01 1004 01 00000006 unread 00000006 | OP S 0 02 1004 nofollow
FT 00000272 0d 01 04 | OP D 0 01 1004 02 00000000 unread 00000000 | OP S 0 01 1004 01 00000006 unread 00000006
FT 00000272 0d 01 04 | OP D 0 01 1004 02 00000000 unread 00000000 | OP S 0 01 1004 01 00000005 unread 00000005
FT 00000272 0d 01 04 | OP D 0 01 1004 02 00000000 unread 00000000 | OP S 0 01 1004 01 00000004 unread 00000004
FT 0000002b 0f 01 04 | OP D 0 04 1004 nofollow | OP D 1 01 1004 01 00000004 unread 00000004 | OP D 2 01 1004 01 00000005 unread 00000005 | OP D 3 01 1004 01 00000006 unread 00000006 | OP D 4 0c 8000 nofollow | OP S 0 01 1004 01 00000004 unread 00000004 | OP S 1 0c 8000 nofollow | OP S 2 0b 0000 nofollow
FT 00000272 0d 01 04 | OP D 0 01 1004 01 00000004 unread 00000004 | OP S 0 01 1004 01 00000004 unread 00000004
FT 000002f8 15 01 04 | OP D 0 01 1004 01 00000004 unread 00000004
FT 0000030f 17 00 00
FT 00000309 1a 00 00
BLK 2
FT 0000030a 18 00 00
FT 00000309 1a 00 00
FN globregs 6
BLK 0
FT 0000030b 19 00 00
FT 00000309 1a 00 00
BLK 1
FT 0000030d 17 00 00
FT 000002f8 15 01 04 | OP S 0 01 1004 01 00000006 unread 00000006
FT 000002f8 15 01 04 | OP S 0 01 1004 01 00000005 unread 00000005
FT 000002f8 15 01 04 | OP S 0 01 1004 01 00000004 unread 00000004
FT 0000017a 0d 01 04 | OP D 0 01 1004 01 00000004 unread 00000004 | OP S 0 02 1004 nofollow
FT 0000017a 0d 01 04 | OP D 0 01 1004 01 00000005 unread 00000005 | OP S 0 02 1004 nofollow
FT 0000017a 0d 01 04 | OP D 0 01 1004 01 00000006 unread 00000006 | OP S 0 02 1004 nofollow
FT 00000272 0d 01 04 | OP D 0 01 1004 02 00000000 unread 00000000 | OP S 0 01 1004 01 00000006 unread 00000006
FT 00000272 0d 01 04 | OP D 0 01 1004 02 00000000 unread 00000000 | OP S 0 01 1004 01 00000005 unread 00000005
FT 00000272 0d 01 04 | OP D 0 01 1004 02 00000000 unread 00000000 | OP S 0 01 1004 01 00000004 unread 00000004
FT 0000002b 0f 01 04 | OP D 0 04 1004 nofollow | OP D 1 01 1004 01 00000004 unread 00000004 | OP D 2 01 1004 01 00000005 unread 00000005 | OP D 3 01 1004 01 00000006 unread 00000006 | OP D 4 0c 8000 nofollow | OP S 0 01 1004 01 00000004 unread 00000004 | OP S 1 0c 8000 nofollow | OP S 2 0b 0000 nofollow
FT 00000272 0d 01 04 | OP D 0 01 1004 01 00000004 unread 00000004 | OP S 0 01 1004 01 00000004 unread 00000004
FT 000002f8 15 01 04 | OP D 0 01 1004 01 00000004 unread 00000004
FT 0000030f 17 00 00
FT 00000309 1a 00 00
BLK 2
FT 0000030a 18 00 00
FT 00000309 1a 00 00
FN sched2 6
BLK 0
FT 0000030b 19 00 00
FT 00000309 1a 00 00
BLK 1
FT 0000030d 17 00 00
FT 000002f8 15 01 04 | OP S 0 01 1004 01 00000006 unread 00000006
FT 000002f8 15 01 04 | OP S 0 01 1004 01 00000005 unread 00000005
FT 000002f8 15 01 04 | OP S 0 01 1004 01 00000004 unread 00000004
FT 00000272 0d 01 04 | OP D 0 01 1004 01 00000005 unread 00000005 | OP S 0 01 1004 03 0000004a unread 0000004a
FT 00000272 0d 01 04 | OP D 0 01 1004 01 00000006 unread 00000006 | OP S 0 01 1004 01 00000005 unread 00000005
FT 00000272 0d 01 04 | OP D 0 01 1004 01 00000004 unread 00000004 | OP S 0 01 1004 01 00000006 unread 00000006
FT 00000272 0d 01 04 | OP D 0 01 1004 03 0000004a unread 0000004a | OP S 0 01 1004 01 00000004 unread 00000004
FT 0000002b 0f 01 04 | OP D 0 04 1004 nofollow | OP D 1 01 1004 01 00000004 unread 00000004 | OP D 2 01 1004 01 00000005 unread 00000005 | OP D 3 01 1004 01 00000006 unread 00000006 | OP D 4 0c 8000 nofollow | OP S 0 01 1004 01 00000004 unread 00000004 | OP S 1 0c 8000 nofollow | OP S 2 0b 0000 nofollow
FT 00000272 0d 01 04 | OP D 0 01 1004 01 00000004 unread 00000004 | OP S 0 01 1004 01 00000004 unread 00000004
FT 000002f8 15 01 04 | OP D 0 01 1004 01 00000004 unread 00000004
FT 0000030f 17 00 00
FT 00000309 1a 00 00
BLK 2
FT 0000030a 18 00 00
FT 00000309 1a 00 00
FN color 6
BLK 0
FT 0000030b 19 00 00
FT 00000309 1a 00 00
BLK 1
FT 0000030d 17 00 00
FT 000002f8 15 01 04 | OP S 0 01 1004 01 00000006 unread 00000006
FT 000002f8 15 01 04 | OP S 0 01 1004 01 00000005 unread 00000005
FT 000002f8 15 01 04 | OP S 0 01 1004 01 00000004 unread 00000004
FT 00000272 0d 01 04 | OP D 0 01 1004 01 00000005 unread 00000005 | OP S 0 01 1004 03 0000004a unread 0000004a
FT 00000272 0d 01 04 | OP D 0 01 1004 01 00000006 unread 00000006 | OP S 0 01 1004 01 00000005 unread 00000005
FT 00000272 0d 01 04 | OP D 0 01 1004 01 00000004 unread 00000004 | OP S 0 01 1004 01 00000006 unread 00000006
FT 00000272 0d 01 04 | OP D 0 01 1004 03 0000004a unread 0000004a | OP S 0 01 1004 01 00000004 unread 00000004
FT 0000002b 0f 01 04 | OP D 0 04 1004 nofollow | OP D 1 01 1004 01 00000004 unread 00000004 | OP D 2 01 1004 01 00000005 unread 00000005 | OP D 3 01 1004 01 00000006 unread 00000006 | OP D 4 0c 8000 nofollow | OP S 0 01 1004 01 00000004 unread 00000004 | OP S 1 0c 8000 nofollow | OP S 2 0b 0000 nofollow
FT 00000272 0d 01 04 | OP D 0 01 1004 01 00000004 unread 00000004 | OP S 0 01 1004 01 00000004 unread 00000004
FT 000002f8 15 01 04 | OP D 0 01 1004 01 00000004 unread 00000004
FT 0000030f 17 00 00
FT 00000309 1a 00 00
BLK 2
FT 0000030a 18 00 00
FT 00000309 1a 00 00
FN sched3 6
BLK 0
FT 0000030b 19 00 00
FT 00000309 1a 00 00
BLK 1
FT 0000030d 17 00 00
FT 000002f8 15 01 04 | OP S 0 01 1004 01 00000006 unread 00000006
FT 000002f8 15 01 04 | OP S 0 01 1004 01 00000005 unread 00000005
FT 000002f8 15 01 04 | OP S 0 01 1004 01 00000004 unread 00000004
FT 00000272 0d 01 04 | OP D 0 01 1004 01 00000005 unread 00000005 | OP S 0 01 1004 03 0000004a unread 0000004a
FT 00000272 0d 01 04 | OP D 0 01 1004 01 00000006 unread 00000006 | OP S 0 01 1004 01 00000005 unread 00000005
FT 00000272 0d 01 04 | OP D 0 01 1004 01 00000004 unread 00000004 | OP S 0 01 1004 01 00000006 unread 00000006
FT 00000272 0d 01 04 | OP D 0 01 1004 03 0000004a unread 0000004a | OP S 0 01 1004 01 00000004 unread 00000004
FT 0000002b 0f 01 04 | OP D 0 04 1004 nofollow | OP D 1 01 1004 01 00000004 unread 00000004 | OP D 2 01 1004 01 00000005 unread 00000005 | OP D 3 01 1004 01 00000006 unread 00000006 | OP D 4 0c 8000 nofollow | OP S 0 01 1004 01 00000004 unread 00000004 | OP S 1 0c 8000 nofollow | OP S 2 0b 0000 nofollow
FT 00000272 0d 01 04 | OP D 0 01 1004 01 00000004 unread 00000004 | OP S 0 01 1004 01 00000004 unread 00000004
FT 000002f8 15 01 04 | OP D 0 01 1004 01 00000004 unread 00000004
FT 0000030f 17 00 00
FT 00000309 1a 00 00
BLK 2
FT 0000030a 18 00 00
FT 00000309 1a 00 00
FN sched0 6
BLK 0
FT 0000030a 18 00 00
FT 0000030d 17 00 00
FT 00000272 0d 01 04 | OP D 0 01 1004 01 00000005 unread 00000005 | OP S 0 01 1004 01 0000000c unread 0000000c
FT 00000272 0d 01 04 | OP D 0 01 1004 01 00000006 unread 00000006 | OP S 0 01 1004 01 00000005 unread 00000005
FT 00000272 0d 01 04 | OP D 0 01 1004 01 00000004 unread 00000004 | OP S 0 01 1004 01 00000006 unread 00000006
FT 00000272 0d 01 04 | OP D 0 01 1004 01 0000000c unread 0000000c | OP S 0 01 1004 01 00000004 unread 00000004
FT 0000001f 12 01 00 | OP D 0 04 1004 nofollow | OP D 1 01 1004 01 00000004 unread 00000004 | OP D 2 01 1004 01 00000005 unread 00000005 | OP D 3 01 1004 01 00000006 unread 00000006 | OP D 4 0c 8000 nofollow | OP S 0 01 1004 01 00000004 unread 00000004 | OP S 1 0c 8000 nofollow | OP S 2 0b 0000 nofollow
FT 0000030f 17 00 00
FT 0000030b 19 00 00
FT 00000309 1a 00 00
FN after0 6
BLK 0
FT 0000030a 18 00 00
FT 0000030d 17 00 00
FT 00000272 0d 01 04 | OP D 0 01 1004 01 00000005 unread 00000005 | OP S 0 01 1004 01 0000000c unread 0000000c
FT 00000272 0d 01 04 | OP D 0 01 1004 01 00000006 unread 00000006 | OP S 0 01 1004 01 00000005 unread 00000005
FT 00000272 0d 01 04 | OP D 0 01 1004 01 00000004 unread 00000004 | OP S 0 01 1004 01 00000006 unread 00000006
FT 00000272 0d 01 04 | OP D 0 01 1004 01 0000000c unread 0000000c | OP S 0 01 1004 01 00000004 unread 00000004
FT 0000001f 12 01 00 | OP D 0 04 1004 nofollow | OP D 1 01 1004 01 00000004 unread 00000004 | OP D 2 01 1004 01 00000005 unread 00000005 | OP D 3 01 1004 01 00000006 unread 00000006 | OP D 4 0c 8000 nofollow | OP S 0 01 1004 01 00000004 unread 00000004 | OP S 1 0c 8000 nofollow | OP S 2 0b 0000 nofollow
FT 0000030f 17 00 00
FT 0000030b 19 00 00
FT 00000309 1a 00 00
FN sched1 7
BLK 0
FT 0000030b 19 00 00
FT 00000309 1a 00 00
BLK 1
FT 0000030d 17 00 00
FT 000002f8 15 01 04 | OP S 0 01 1004 01 00000006 unread 00000006
FT 000002f8 15 01 04 | OP S 0 01 1004 01 00000005 unread 00000005
FT 000002f8 15 01 04 | OP S 0 01 1004 01 00000004 unread 00000004
FT 0000017a 0d 01 04 | OP D 0 01 1004 01 00000004 unread 00000004 | OP S 0 02 1004 nofollow
FT 0000017a 0d 01 04 | OP D 0 01 1004 01 00000005 unread 00000005 | OP S 0 02 1004 nofollow
FT 0000017a 0d 01 04 | OP D 0 01 1004 01 00000006 unread 00000006 | OP S 0 02 1004 nofollow
FT 00000272 0d 01 04 | OP D 0 01 1004 02 00000000 unread 00000000 | OP S 0 01 1004 01 00000006 unread 00000006
FT 00000272 0d 01 04 | OP D 0 01 1004 02 00000000 unread 00000000 | OP S 0 01 1004 01 00000005 unread 00000005
FT 00000272 0d 01 04 | OP D 0 01 1004 02 00000000 unread 00000000 | OP S 0 01 1004 01 00000004 unread 00000004
FT 0000002b 0f 01 04 | OP D 0 04 1004 nofollow | OP D 1 01 1004 01 00000004 unread 00000004 | OP D 2 01 1004 01 00000005 unread 00000005 | OP D 3 01 1004 01 00000006 unread 00000006 | OP D 4 0c 8000 nofollow | OP S 0 01 1004 01 00000004 unread 00000004 | OP S 1 0c 8000 nofollow | OP S 2 0b 0000 nofollow
FT 00000272 0d 01 04 | OP D 0 01 1004 01 00000004 unread 00000004 | OP S 0 01 1004 01 00000004 unread 00000004
FT 000002f8 15 01 04 | OP D 0 01 1004 01 00000004 unread 00000004
FT 0000030f 17 00 00
FT 00000309 1a 00 00
BLK 2
FT 0000030a 18 00 00
FT 00000309 1a 00 00
FN globregs 7
BLK 0
FT 0000030b 19 00 00
FT 00000309 1a 00 00
BLK 1
FT 0000030d 17 00 00
FT 000002f8 15 01 04 | OP S 0 01 1004 01 00000006 unread 00000006
FT 000002f8 15 01 04 | OP S 0 01 1004 01 00000005 unread 00000005
FT 000002f8 15 01 04 | OP S 0 01 1004 01 00000004 unread 00000004
FT 0000017a 0d 01 04 | OP D 0 01 1004 01 00000004 unread 00000004 | OP S 0 02 1004 nofollow
FT 0000017a 0d 01 04 | OP D 0 01 1004 01 00000005 unread 00000005 | OP S 0 02 1004 nofollow
FT 0000017a 0d 01 04 | OP D 0 01 1004 01 00000006 unread 00000006 | OP S 0 02 1004 nofollow
FT 00000272 0d 01 04 | OP D 0 01 1004 02 00000000 unread 00000000 | OP S 0 01 1004 01 00000006 unread 00000006
FT 00000272 0d 01 04 | OP D 0 01 1004 02 00000000 unread 00000000 | OP S 0 01 1004 01 00000005 unread 00000005
FT 00000272 0d 01 04 | OP D 0 01 1004 02 00000000 unread 00000000 | OP S 0 01 1004 01 00000004 unread 00000004
FT 0000002b 0f 01 04 | OP D 0 04 1004 nofollow | OP D 1 01 1004 01 00000004 unread 00000004 | OP D 2 01 1004 01 00000005 unread 00000005 | OP D 3 01 1004 01 00000006 unread 00000006 | OP D 4 0c 8000 nofollow | OP S 0 01 1004 01 00000004 unread 00000004 | OP S 1 0c 8000 nofollow | OP S 2 0b 0000 nofollow
FT 00000272 0d 01 04 | OP D 0 01 1004 01 00000004 unread 00000004 | OP S 0 01 1004 01 00000004 unread 00000004
FT 000002f8 15 01 04 | OP D 0 01 1004 01 00000004 unread 00000004
FT 0000030f 17 00 00
FT 00000309 1a 00 00
BLK 2
FT 0000030a 18 00 00
FT 00000309 1a 00 00
FN sched2 7
BLK 0
FT 0000030b 19 00 00
FT 00000309 1a 00 00
BLK 1
FT 0000030d 17 00 00
FT 000002f8 15 01 04 | OP S 0 01 1004 01 00000006 unread 00000006
FT 000002f8 15 01 04 | OP S 0 01 1004 01 00000005 unread 00000005
FT 000002f8 15 01 04 | OP S 0 01 1004 01 00000004 unread 00000004
FT 00000272 0d 01 04 | OP D 0 01 1004 01 00000006 unread 00000006 | OP S 0 01 1004 03 00000049 unread 00000049
FT 00000272 0d 01 04 | OP D 0 01 1004 01 00000005 unread 00000005 | OP S 0 01 1004 01 00000006 unread 00000006
FT 00000272 0d 01 04 | OP D 0 01 1004 01 00000004 unread 00000004 | OP S 0 01 1004 01 00000005 unread 00000005
FT 00000272 0d 01 04 | OP D 0 01 1004 03 00000049 unread 00000049 | OP S 0 01 1004 01 00000004 unread 00000004
FT 0000002b 0f 01 04 | OP D 0 04 1004 nofollow | OP D 1 01 1004 01 00000004 unread 00000004 | OP D 2 01 1004 01 00000005 unread 00000005 | OP D 3 01 1004 01 00000006 unread 00000006 | OP D 4 0c 8000 nofollow | OP S 0 01 1004 01 00000004 unread 00000004 | OP S 1 0c 8000 nofollow | OP S 2 0b 0000 nofollow
FT 00000272 0d 01 04 | OP D 0 01 1004 01 00000004 unread 00000004 | OP S 0 01 1004 01 00000004 unread 00000004
FT 000002f8 15 01 04 | OP D 0 01 1004 01 00000004 unread 00000004
FT 0000030f 17 00 00
FT 00000309 1a 00 00
BLK 2
FT 0000030a 18 00 00
FT 00000309 1a 00 00
FN color 7
BLK 0
FT 0000030b 19 00 00
FT 00000309 1a 00 00
BLK 1
FT 0000030d 17 00 00
FT 000002f8 15 01 04 | OP S 0 01 1004 01 00000006 unread 00000006
FT 000002f8 15 01 04 | OP S 0 01 1004 01 00000005 unread 00000005
FT 000002f8 15 01 04 | OP S 0 01 1004 01 00000004 unread 00000004
FT 00000272 0d 01 04 | OP D 0 01 1004 01 00000006 unread 00000006 | OP S 0 01 1004 03 00000049 unread 00000049
FT 00000272 0d 01 04 | OP D 0 01 1004 01 00000005 unread 00000005 | OP S 0 01 1004 01 00000006 unread 00000006
FT 00000272 0d 01 04 | OP D 0 01 1004 01 00000004 unread 00000004 | OP S 0 01 1004 01 00000005 unread 00000005
FT 00000272 0d 01 04 | OP D 0 01 1004 03 00000049 unread 00000049 | OP S 0 01 1004 01 00000004 unread 00000004
FT 0000002b 0f 01 04 | OP D 0 04 1004 nofollow | OP D 1 01 1004 01 00000004 unread 00000004 | OP D 2 01 1004 01 00000005 unread 00000005 | OP D 3 01 1004 01 00000006 unread 00000006 | OP D 4 0c 8000 nofollow | OP S 0 01 1004 01 00000004 unread 00000004 | OP S 1 0c 8000 nofollow | OP S 2 0b 0000 nofollow
FT 00000272 0d 01 04 | OP D 0 01 1004 01 00000004 unread 00000004 | OP S 0 01 1004 01 00000004 unread 00000004
FT 000002f8 15 01 04 | OP D 0 01 1004 01 00000004 unread 00000004
FT 0000030f 17 00 00
FT 00000309 1a 00 00
BLK 2
FT 0000030a 18 00 00
FT 00000309 1a 00 00
FN sched3 7
BLK 0
FT 0000030b 19 00 00
FT 00000309 1a 00 00
BLK 1
FT 0000030d 17 00 00
FT 000002f8 15 01 04 | OP S 0 01 1004 01 00000006 unread 00000006
FT 000002f8 15 01 04 | OP S 0 01 1004 01 00000005 unread 00000005
FT 000002f8 15 01 04 | OP S 0 01 1004 01 00000004 unread 00000004
FT 00000272 0d 01 04 | OP D 0 01 1004 01 00000006 unread 00000006 | OP S 0 01 1004 03 00000049 unread 00000049
FT 00000272 0d 01 04 | OP D 0 01 1004 01 00000005 unread 00000005 | OP S 0 01 1004 01 00000006 unread 00000006
FT 00000272 0d 01 04 | OP D 0 01 1004 01 00000004 unread 00000004 | OP S 0 01 1004 01 00000005 unread 00000005
FT 00000272 0d 01 04 | OP D 0 01 1004 03 00000049 unread 00000049 | OP S 0 01 1004 01 00000004 unread 00000004
FT 0000002b 0f 01 04 | OP D 0 04 1004 nofollow | OP D 1 01 1004 01 00000004 unread 00000004 | OP D 2 01 1004 01 00000005 unread 00000005 | OP D 3 01 1004 01 00000006 unread 00000006 | OP D 4 0c 8000 nofollow | OP S 0 01 1004 01 00000004 unread 00000004 | OP S 1 0c 8000 nofollow | OP S 2 0b 0000 nofollow
FT 00000272 0d 01 04 | OP D 0 01 1004 01 00000004 unread 00000004 | OP S 0 01 1004 01 00000004 unread 00000004
FT 000002f8 15 01 04 | OP D 0 01 1004 01 00000004 unread 00000004
FT 0000030f 17 00 00
FT 00000309 1a 00 00
BLK 2
FT 0000030a 18 00 00
FT 00000309 1a 00 00
FN sched0 7
BLK 0
FT 0000030a 18 00 00
FT 0000030d 17 00 00
FT 00000272 0d 01 04 | OP D 0 01 1004 01 00000006 unread 00000006 | OP S 0 01 1004 01 0000000c unread 0000000c
FT 00000272 0d 01 04 | OP D 0 01 1004 01 00000005 unread 00000005 | OP S 0 01 1004 01 00000006 unread 00000006
FT 00000272 0d 01 04 | OP D 0 01 1004 01 00000004 unread 00000004 | OP S 0 01 1004 01 00000005 unread 00000005
FT 00000272 0d 01 04 | OP D 0 01 1004 01 0000000c unread 0000000c | OP S 0 01 1004 01 00000004 unread 00000004
FT 0000001f 12 01 00 | OP D 0 04 1004 nofollow | OP D 1 01 1004 01 00000004 unread 00000004 | OP D 2 01 1004 01 00000005 unread 00000005 | OP D 3 01 1004 01 00000006 unread 00000006 | OP D 4 0c 8000 nofollow | OP S 0 01 1004 01 00000004 unread 00000004 | OP S 1 0c 8000 nofollow | OP S 2 0b 0000 nofollow
FT 0000030f 17 00 00
FT 0000030b 19 00 00
FT 00000309 1a 00 00
FN after0 7
BLK 0
FT 0000030a 18 00 00
FT 0000030d 17 00 00
FT 00000272 0d 01 04 | OP D 0 01 1004 01 00000006 unread 00000006 | OP S 0 01 1004 01 0000000c unread 0000000c
FT 00000272 0d 01 04 | OP D 0 01 1004 01 00000005 unread 00000005 | OP S 0 01 1004 01 00000006 unread 00000006
FT 00000272 0d 01 04 | OP D 0 01 1004 01 00000004 unread 00000004 | OP S 0 01 1004 01 00000005 unread 00000005
FT 00000272 0d 01 04 | OP D 0 01 1004 01 0000000c unread 0000000c | OP S 0 01 1004 01 00000004 unread 00000004
FT 0000001f 12 01 00 | OP D 0 04 1004 nofollow | OP D 1 01 1004 01 00000004 unread 00000004 | OP D 2 01 1004 01 00000005 unread 00000005 | OP D 3 01 1004 01 00000006 unread 00000006 | OP D 4 0c 8000 nofollow | OP S 0 01 1004 01 00000004 unread 00000004 | OP S 1 0c 8000 nofollow | OP S 2 0b 0000 nofollow
FT 0000030f 17 00 00
FT 0000030b 19 00 00
FT 00000309 1a 00 00
  SCHED+GLOBREGS fn1: sched1=13 sched2=11 DIFFERS
  SCHED+GLOBREGS fn2: sched1=14 sched2=11 DIFFERS
  SCHED+GLOBREGS fn3: sched1=14 sched2=12 DIFFERS
  SCHED+GLOBREGS fn4: sched1=14 sched2=13 DIFFERS
  SCHED+GLOBREGS fn5: sched1=14 sched2=12 DIFFERS
  SCHED+GLOBREGS fn6: sched1=14 sched2=12 DIFFERS
  SCHED+GLOBREGS fn7: sched1=14 sched2=12 DIFFERS
  COLOR fn1: sched2=11 sched3=11 IDENTICAL
  COLOR fn2: sched2=11 sched3=11 IDENTICAL
  COLOR fn3: sched2=12 sched3=12 IDENTICAL
  COLOR fn4: sched2=13 sched3=13 IDENTICAL
  COLOR fn5: sched2=12 sched3=12 IDENTICAL
  COLOR fn6: sched2=12 sched3=12 IDENTICAL
  COLOR fn7: sched2=12 sched3=12 IDENTICAL
  LOWERING fn1: sched3=11 sched0=7 DIFFERS
  LOWERING fn2: sched3=11 sched0=7 DIFFERS
  LOWERING fn3: sched3=12 sched0=10 DIFFERS
  LOWERING fn4: sched3=13 sched0=10 DIFFERS
  LOWERING fn5: sched3=12 sched0=10 DIFFERS
  LOWERING fn6: sched3=12 sched0=11 DIFFERS
  LOWERING fn7: sched3=12 sched0=11 DIFFERS
  gap-metric stage-snap-tuples 329
  gap-metric stage-snap-regions 56
  gap-metric stage-snap-walk-refusals 0
  gap-metric stage-snap-tuples-distinct 224
  gap-metric stage-snap-tuple-groups 28
  gap-metric stage-snap-suffix-violations 0
  gap-metric stage-color-pairs 7
  gap-metric stage-color-pairs-differing 0
  PAYLOAD 329 rows over 28 (phase,function) groups; 224 DISTINCT tuple positions (31.9% of the rows are suffix re-reads, inflation 1.47x). The nested-suffix model holds on every block, so DISTINCT is exact.

  FUNCTION WALK — 49 blocks over 7 function(s)
  FW sched1->globregs fn1: rows 16->16  spine IDENTICAL  full IDENTICAL
  FW sched1->globregs fn2: rows 19->19  spine IDENTICAL  full IDENTICAL
  FW sched1->globregs fn3: rows 19->19  spine IDENTICAL  full IDENTICAL
  FW sched1->globregs fn4: rows 19->19  spine IDENTICAL  full IDENTICAL
  FW sched1->globregs fn5: rows 19->19  spine IDENTICAL  full IDENTICAL
  FW sched1->globregs fn6: rows 19->19  spine IDENTICAL  full IDENTICAL
  FW sched1->globregs fn7: rows 19->19  spine IDENTICAL  full IDENTICAL
  FW globregs->sched2 fn1: rows 16->14  spine DIFFERS    full DIFFERS
  FW globregs->sched2 fn2: rows 19->16  spine DIFFERS    full DIFFERS
  FW globregs->sched2 fn3: rows 19->17  spine DIFFERS    full DIFFERS
  FW globregs->sched2 fn4: rows 19->17  spine DIFFERS    full DIFFERS
  FW globregs->sched2 fn5: rows 19->17  spine DIFFERS    full DIFFERS
  FW globregs->sched2 fn6: rows 19->17  spine DIFFERS    full DIFFERS
  FW globregs->sched2 fn7: rows 19->17  spine DIFFERS    full DIFFERS
  FW sched2->color fn1: rows 14->14  spine IDENTICAL  full IDENTICAL
  FW sched2->color fn2: rows 16->16  spine IDENTICAL  full IDENTICAL
  FW sched2->color fn3: rows 17->17  spine IDENTICAL  full IDENTICAL
  FW sched2->color fn4: rows 17->17  spine IDENTICAL  full IDENTICAL
  FW sched2->color fn5: rows 17->17  spine IDENTICAL  full IDENTICAL
  FW sched2->color fn6: rows 17->17  spine IDENTICAL  full IDENTICAL
  FW sched2->color fn7: rows 17->17  spine IDENTICAL  full IDENTICAL
  FW color->sched3 fn1: rows 14->14  spine IDENTICAL  full IDENTICAL
  FW color->sched3 fn2: rows 16->16  spine IDENTICAL  full IDENTICAL
  FW color->sched3 fn3: rows 17->17  spine IDENTICAL  full IDENTICAL
  FW color->sched3 fn4: rows 17->17  spine IDENTICAL  full IDENTICAL
  FW color->sched3 fn5: rows 17->17  spine IDENTICAL  full IDENTICAL
  FW color->sched3 fn6: rows 17->17  spine IDENTICAL  full IDENTICAL
  FW color->sched3 fn7: rows 17->17  spine IDENTICAL  full IDENTICAL
  FW sched3->sched0 fn1: rows 14->6  spine DIFFERS    full DIFFERS
  FW sched3->sched0 fn2: rows 16->6  spine DIFFERS    full DIFFERS
  FW sched3->sched0 fn3: rows 17->9  spine DIFFERS    full DIFFERS
  FW sched3->sched0 fn4: rows 17->9  spine DIFFERS    full DIFFERS
  FW sched3->sched0 fn5: rows 17->9  spine DIFFERS    full DIFFERS
  FW sched3->sched0 fn6: rows 17->10  spine DIFFERS    full DIFFERS
  FW sched3->sched0 fn7: rows 17->10  spine DIFFERS    full DIFFERS
  FW sched0->after0 fn1: rows 6->6  spine IDENTICAL  full IDENTICAL
  FW sched0->after0 fn2: rows 6->6  spine IDENTICAL  full IDENTICAL
  FW sched0->after0 fn3: rows 9->9  spine IDENTICAL  full IDENTICAL
  FW sched0->after0 fn4: rows 9->9  spine IDENTICAL  full IDENTICAL
  FW sched0->after0 fn5: rows 9->9  spine IDENTICAL  full IDENTICAL
  FW sched0->after0 fn6: rows 10->10  spine IDENTICAL  full IDENTICAL
  FW sched0->after0 fn7: rows 10->10  spine IDENTICAL  full IDENTICAL
  gap-metric stage-fw-pairs 42
  gap-metric stage-fw-spine-differing 14
  gap-metric stage-fw-full-differing 14
  gap-metric stage-fw-operand-only 0
  FW-XDERIV sched2 fn1: funcwalk 14 rows in 3 blocks, region walk 7 rows -- the region walk's first 5 rows are the IN-ORDER TAIL of funcwalk block 1: the within-block direction is CONFIRMED, and the remaining 2 row(s) are in blocks the block chain orders earlier
  FW-XDERIV sched2 fn2: funcwalk 16 rows in 3 blocks, region walk 7 rows -- the region walk's first 5 rows are the IN-ORDER TAIL of funcwalk block 1: the within-block direction is CONFIRMED, and the remaining 2 row(s) are in blocks the block chain orders earlier
  FW-XDERIV sched2 fn3: funcwalk 17 rows in 3 blocks, region walk 8 rows -- the region walk's first 6 rows are the IN-ORDER TAIL of funcwalk block 1: the within-block direction is CONFIRMED, and the remaining 2 row(s) are in blocks the block chain orders earlier
  FW-XDERIV sched2 fn4: funcwalk 17 rows in 3 blocks, region walk 9 rows -- the region walk's first 7 rows are the IN-ORDER TAIL of funcwalk block 1: the within-block direction is CONFIRMED, and the remaining 2 row(s) are in blocks the block chain orders earlier
  FW-XDERIV sched2 fn5: funcwalk 17 rows in 3 blocks, region walk 8 rows -- the region walk's first 6 rows are the IN-ORDER TAIL of funcwalk block 1: the within-block direction is CONFIRMED, and the remaining 2 row(s) are in blocks the block chain orders earlier
  FW-XDERIV sched2 fn6: funcwalk 17 rows in 3 blocks, region walk 8 rows -- the region walk's first 6 rows are the IN-ORDER TAIL of funcwalk block 1: the within-block direction is CONFIRMED, and the remaining 2 row(s) are in blocks the block chain orders earlier
  FW-XDERIV sched2 fn7: funcwalk 17 rows in 3 blocks, region walk 8 rows -- the region walk's first 6 rows are the IN-ORDER TAIL of funcwalk block 1: the within-block direction is CONFIRMED, and the remaining 2 row(s) are in blocks the block chain orders earlier
  FW-XDERIV sched3 fn1: funcwalk 14 rows in 3 blocks, region walk 7 rows -- the region walk's first 5 rows are the IN-ORDER TAIL of funcwalk block 1: the within-block direction is CONFIRMED, and the remaining 2 row(s) are in blocks the block chain orders earlier
  FW-XDERIV sched3 fn2: funcwalk 16 rows in 3 blocks, region walk 7 rows -- the region walk's first 5 rows are the IN-ORDER TAIL of funcwalk block 1: the within-block direction is CONFIRMED, and the remaining 2 row(s) are in blocks the block chain orders earlier
  FW-XDERIV sched3 fn3: funcwalk 17 rows in 3 blocks, region walk 8 rows -- the region walk's first 6 rows are the IN-ORDER TAIL of funcwalk block 1: the within-block direction is CONFIRMED, and the remaining 2 row(s) are in blocks the block chain orders earlier
  FW-XDERIV sched3 fn4: funcwalk 17 rows in 3 blocks, region walk 9 rows -- the region walk's first 7 rows are the IN-ORDER TAIL of funcwalk block 1: the within-block direction is CONFIRMED, and the remaining 2 row(s) are in blocks the block chain orders earlier
  FW-XDERIV sched3 fn5: funcwalk 17 rows in 3 blocks, region walk 8 rows -- the region walk's first 6 rows are the IN-ORDER TAIL of funcwalk block 1: the within-block direction is CONFIRMED, and the remaining 2 row(s) are in blocks the block chain orders earlier
  FW-XDERIV sched3 fn6: funcwalk 17 rows in 3 blocks, region walk 8 rows -- the region walk's first 6 rows are the IN-ORDER TAIL of funcwalk block 1: the within-block direction is CONFIRMED, and the remaining 2 row(s) are in blocks the block chain orders earlier
  FW-XDERIV sched3 fn7: funcwalk 17 rows in 3 blocks, region walk 8 rows -- the region walk's first 6 rows are the IN-ORDER TAIL of funcwalk block 1: the within-block direction is CONFIRMED, and the remaining 2 row(s) are in blocks the block chain orders earlier
  FINDING, not a green: the pre/post-COLOR snapshots are IDENTICAL on every
                   function here. The walk is reading fields COLOR does not write — it shows THAT
                   the allocator ran, not WHAT it did.
