== add3.cpp digest=c65a0cb9b9b625af
SCHEMA 1
SLIDE 0
ARMED sched1
ARMED globregs
ARMED sched2
ARMED color
ARMED sched3
ARMED sched0
ARMED region
ARMED after0
HITS after0 4
HITS color 4
HITS globregs 4
HITS region 43
HITS sched0 4
HITS sched1 4
HITS sched2 4
HITS sched3 4
TU 0 00000001 0d 01 04 | OP D 0 01 1004 02 00000000 unread 00000000 | OP D 1 01 1004 02 00000000 unread 00000000 | OP S 0 01 1004 03 00000080 unread 00000080
TU 1 00000001 0d 01 04 | OP D 0 01 1004 03 00000080 unread 00000080 | OP D 1 01 1004 02 00000000 unread 00000000 | OP S 0 01 1004 01 00000004 unread 00000004
TU 2 000002f8 15 01 04 | OP D 0 01 1004 01 00000004 unread 00000004
TU 3 0000030f 17 00 00
TU 4 00000309 1a 00 00
TU 5 0000030b 19 00 00
TU 6 00000309 1a 00 00
TU 0 0000030f 17 00 00
TU 1 00000309 1a 00 00
TU 2 0000030b 19 00 00
TU 3 00000309 1a 00 00
TU 0 00000001 0d 01 04 | OP D 0 01 1004 02 00000002 none 00000002 | OP D 1 01 1004 02 00000003 none 00000003 | OP S 0 01 1004 02 00000004 none 00000004
TU 1 00000001 0d 01 04 | OP D 0 01 1004 02 00000004 none 00000004 | OP D 1 01 1004 02 00000001 none 00000001 | OP S 0 01 1004 01 00000004 unread 00000004
TU 2 000002f8 15 01 04 | OP D 0 01 1004 01 00000004 unread 00000004
TU 3 0000030f 17 00 00
TU 4 00000309 1a 00 00
TU 5 0000030b 19 00 00
TU 6 00000309 1a 00 00
TU 0 0000030f 17 00 00
TU 1 00000309 1a 00 00
TU 2 0000030b 19 00 00
TU 3 00000309 1a 00 00
TU 0 0000030f 17 00 00
TU 1 00000309 1a 00 00
TU 2 0000030b 19 00 00
TU 3 00000309 1a 00 00
TU 0 00000001 0d 01 04 | OP D 0 01 1004 01 00000004 unread 00000004 | OP D 1 01 1004 01 00000005 unread 00000005 | OP S 0 01 1004 01 0000000c unread 0000000c
TU 1 00000001 0d 01 04 | OP D 0 01 1004 01 0000000c unread 0000000c | OP D 1 01 1004 01 00000006 unread 00000006 | OP S 0 01 1004 01 00000004 unread 00000004
TU 2 0000030f 17 00 00
TU 3 00000284 10 01 00
TU 4 0000030b 19 00 00
TU 5 00000309 1a 00 00
TU 0 0000030f 17 00 00
TU 1 00000284 10 01 00
TU 2 0000030b 19 00 00
TU 3 00000309 1a 00 00
TU 0 00000111 0d 01 04 | OP D 0 01 1004 02 00000000 unread 00000000 | OP D 1 01 1004 02 00000000 unread 00000000 | OP S 0 01 1004 03 00000040 unread 00000040
TU 1 00000001 0d 01 04 | OP D 0 01 1004 03 00000040 unread 00000040 | OP D 1 01 1004 02 00000000 unread 00000000 | OP S 0 01 1004 01 00000004 unread 00000004
TU 2 000002f8 15 01 04 | OP D 0 01 1004 01 00000004 unread 00000004
TU 3 0000030f 17 00 00
TU 4 00000309 1a 00 00
TU 5 0000030b 19 00 00
TU 6 00000309 1a 00 00
TU 0 0000030f 17 00 00
TU 1 00000309 1a 00 00
TU 2 0000030b 19 00 00
TU 3 00000309 1a 00 00
TU 0 00000001 0d 01 04 | OP D 0 01 1004 02 00000002 none 00000002 | OP D 1 01 1004 02 00000003 none 00000003 | OP S 0 01 1004 01 00000004 unread 00000004
TU 1 000002f8 15 01 04 | OP D 0 01 1004 01 00000004 unread 00000004
TU 2 0000030f 17 00 00
TU 3 00000309 1a 00 00
TU 4 0000030b 19 00 00
TU 5 00000309 1a 00 00
TU 0 0000030f 17 00 00
TU 1 00000309 1a 00 00
TU 2 0000030b 19 00 00
TU 3 00000309 1a 00 00
TU 0 0000030f 17 00 00
TU 1 00000309 1a 00 00
TU 2 0000030b 19 00 00
TU 3 00000309 1a 00 00
TU 0 00000111 0d 01 04 | OP D 0 01 1004 01 00000004 unread 00000004 | OP D 1 01 1004 01 00000005 unread 00000005 | OP S 0 01 1004 01 0000000c unread 0000000c
TU 1 00000001 0d 01 04 | OP D 0 01 1004 01 0000000c unread 0000000c | OP D 1 01 1004 01 00000006 unread 00000006 | OP S 0 01 1004 01 00000004 unread 00000004
TU 2 0000030f 17 00 00
TU 3 00000284 10 01 00
TU 4 0000030b 19 00 00
TU 5 00000309 1a 00 00
TU 0 0000030f 17 00 00
TU 1 00000284 10 01 00
TU 2 0000030b 19 00 00
TU 3 00000309 1a 00 00
TU 0 0000002d 0d 01 04 | OP D 0 01 1004 02 00000000 unread 00000000 | OP D 1 01 1004 02 00000000 unread 00000000 | OP S 0 01 9000 01 00000049 unread 00000042
TU 1 00000021 12 01 05 | OP D 0 04 0000 nofollow | OP D 1 01 9000 01 00000049 unread 00000042
TU 2 00000309 1a 00 00
TU 3 00000272 0d 01 04 | OP D 0 01 1004 02 00000000 unread 00000000 | OP S 0 01 1004 02 00000000 unread 00000000
TU 4 0000001f 12 01 00 | OP D 0 04 0000 nofollow
TU 5 00000309 1a 00 00
TU 6 00000308 1b 00 00
TU 7 00000272 0d 01 04 | OP D 0 01 1004 02 00000000 unread 00000000 | OP S 0 01 1004 02 00000000 unread 00000000
TU 8 00000309 1a 00 00
TU 9 00000308 1b 00 00
TU 10 00000272 0d 01 04 | OP D 0 01 1004 02 00000000 unread 00000000 | OP S 0 01 1004 01 00000004 unread 00000004
TU 11 000002f8 15 01 04 | OP D 0 01 1004 01 00000004 unread 00000004
TU 12 0000030f 17 00 00
TU 13 00000309 1a 00 00
TU 14 0000030b 19 00 00
TU 15 00000309 1a 00 00
TU 0 00000309 1a 00 00
TU 1 00000272 0d 01 04 | OP D 0 01 1004 02 00000000 unread 00000000 | OP S 0 01 1004 02 00000000 unread 00000000
TU 2 0000001f 12 01 00 | OP D 0 04 0000 nofollow
TU 3 00000309 1a 00 00
TU 4 00000308 1b 00 00
TU 5 00000272 0d 01 04 | OP D 0 01 1004 02 00000000 unread 00000000 | OP S 0 01 1004 02 00000000 unread 00000000
TU 6 00000309 1a 00 00
TU 7 00000308 1b 00 00
TU 8 00000272 0d 01 04 | OP D 0 01 1004 02 00000000 unread 00000000 | OP S 0 01 1004 01 00000004 unread 00000004
TU 9 000002f8 15 01 04 | OP D 0 01 1004 01 00000004 unread 00000004
TU 10 0000030f 17 00 00
TU 11 00000309 1a 00 00
TU 12 0000030b 19 00 00
TU 13 00000309 1a 00 00
TU 0 00000309 1a 00 00
TU 1 00000308 1b 00 00
TU 2 00000272 0d 01 04 | OP D 0 01 1004 02 00000000 unread 00000000 | OP S 0 01 1004 02 00000000 unread 00000000
TU 3 00000309 1a 00 00
TU 4 00000308 1b 00 00
TU 5 00000272 0d 01 04 | OP D 0 01 1004 02 00000000 unread 00000000 | OP S 0 01 1004 01 00000004 unread 00000004
TU 6 000002f8 15 01 04 | OP D 0 01 1004 01 00000004 unread 00000004
TU 7 0000030f 17 00 00
TU 8 00000309 1a 00 00
TU 9 0000030b 19 00 00
TU 10 00000309 1a 00 00
TU 0 00000272 0d 01 04 | OP D 0 01 1004 02 00000000 unread 00000000 | OP S 0 01 1004 02 00000000 unread 00000000
TU 1 00000309 1a 00 00
TU 2 00000308 1b 00 00
TU 3 00000272 0d 01 04 | OP D 0 01 1004 02 00000000 unread 00000000 | OP S 0 01 1004 01 00000004 unread 00000004
TU 4 000002f8 15 01 04 | OP D 0 01 1004 01 00000004 unread 00000004
TU 5 0000030f 17 00 00
TU 6 00000309 1a 00 00
TU 7 0000030b 19 00 00
TU 8 00000309 1a 00 00
TU 0 00000272 0d 01 04 | OP D 0 01 1004 02 00000000 unread 00000000 | OP S 0 01 1004 01 00000004 unread 00000004
TU 1 000002f8 15 01 04 | OP D 0 01 1004 01 00000004 unread 00000004
TU 2 0000030f 17 00 00
TU 3 00000309 1a 00 00
TU 4 0000030b 19 00 00
TU 5 00000309 1a 00 00
TU 0 0000030f 17 00 00
TU 1 00000309 1a 00 00
TU 2 0000030b 19 00 00
TU 3 00000309 1a 00 00
TU 0 0000002d 0d 01 04 | OP D 0 01 1004 02 00000002 none 00000002 | OP D 1 01 1004 02 00000001 none 00000001 | OP S 0 01 9000 01 00000049 unread 00000042
TU 1 00000021 12 01 05 | OP D 0 04 0000 nofollow | OP D 1 01 9000 01 00000049 unread 00000042
TU 2 00000309 1a 00 00
TU 3 00000272 0d 01 04 | OP D 0 01 1004 02 00000002 none 00000002 | OP S 0 01 1004 02 00000003 none 00000003
TU 4 0000001f 12 01 00 | OP D 0 04 0000 nofollow
TU 5 00000309 1a 00 00
TU 6 00000308 1b 00 00
TU 7 00000272 0d 01 04 | OP D 0 01 1004 02 00000001 none 00000001 | OP S 0 01 1004 02 00000003 none 00000003
TU 8 00000309 1a 00 00
TU 9 00000308 1b 00 00
TU 10 00000272 0d 01 04 | OP D 0 01 1004 02 00000003 none 00000003 | OP S 0 01 1004 01 00000004 unread 00000004
TU 11 000002f8 15 01 04 | OP D 0 01 1004 01 00000004 unread 00000004
TU 12 0000030f 17 00 00
TU 13 00000309 1a 00 00
TU 14 0000030b 19 00 00
TU 15 00000309 1a 00 00
TU 0 00000309 1a 00 00
TU 1 00000272 0d 01 04 | OP D 0 01 1004 02 00000002 none 00000002 | OP S 0 01 1004 02 00000003 none 00000003
TU 2 0000001f 12 01 00 | OP D 0 04 0000 nofollow
TU 3 00000309 1a 00 00
TU 4 00000308 1b 00 00
TU 5 00000272 0d 01 04 | OP D 0 01 1004 02 00000001 none 00000001 | OP S 0 01 1004 02 00000003 none 00000003
TU 6 00000309 1a 00 00
TU 7 00000308 1b 00 00
TU 8 00000272 0d 01 04 | OP D 0 01 1004 02 00000003 none 00000003 | OP S 0 01 1004 01 00000004 unread 00000004
TU 9 000002f8 15 01 04 | OP D 0 01 1004 01 00000004 unread 00000004
TU 10 0000030f 17 00 00
TU 11 00000309 1a 00 00
TU 12 0000030b 19 00 00
TU 13 00000309 1a 00 00
TU 0 00000309 1a 00 00
TU 1 00000308 1b 00 00
TU 2 00000272 0d 01 04 | OP D 0 01 1004 02 00000001 none 00000001 | OP S 0 01 1004 02 00000003 none 00000003
TU 3 00000309 1a 00 00
TU 4 00000308 1b 00 00
TU 5 00000272 0d 01 04 | OP D 0 01 1004 02 00000003 none 00000003 | OP S 0 01 1004 01 00000004 unread 00000004
TU 6 000002f8 15 01 04 | OP D 0 01 1004 01 00000004 unread 00000004
TU 7 0000030f 17 00 00
TU 8 00000309 1a 00 00
TU 9 0000030b 19 00 00
TU 10 00000309 1a 00 00
TU 0 00000272 0d 01 04 | OP D 0 01 1004 02 00000001 none 00000001 | OP S 0 01 1004 02 00000003 none 00000003
TU 1 00000309 1a 00 00
TU 2 00000308 1b 00 00
TU 3 00000272 0d 01 04 | OP D 0 01 1004 02 00000003 none 00000003 | OP S 0 01 1004 01 00000004 unread 00000004
TU 4 000002f8 15 01 04 | OP D 0 01 1004 01 00000004 unread 00000004
TU 5 0000030f 17 00 00
TU 6 00000309 1a 00 00
TU 7 0000030b 19 00 00
TU 8 00000309 1a 00 00
TU 0 00000272 0d 01 04 | OP D 0 01 1004 02 00000003 none 00000003 | OP S 0 01 1004 01 00000004 unread 00000004
TU 1 000002f8 15 01 04 | OP D 0 01 1004 01 00000004 unread 00000004
TU 2 0000030f 17 00 00
TU 3 00000309 1a 00 00
TU 4 0000030b 19 00 00
TU 5 00000309 1a 00 00
TU 0 0000030f 17 00 00
TU 1 00000309 1a 00 00
TU 2 0000030b 19 00 00
TU 3 00000309 1a 00 00
TU 0 00000021 12 01 05 | OP D 0 04 0000 nofollow | OP D 1 01 9000 01 00000049 unread 00000042
TU 1 00000309 1a 00 00
TU 2 00000272 0d 01 04 | OP D 0 01 1004 01 00000004 unread 00000004 | OP S 0 01 1004 01 00000004 unread 00000004
TU 3 0000001f 12 01 00 | OP D 0 04 0000 nofollow
TU 4 00000309 1a 00 00
TU 5 00000308 1b 00 00
TU 6 00000272 0d 01 04 | OP D 0 01 1004 01 00000005 unread 00000005 | OP S 0 01 1004 01 00000004 unread 00000004
TU 7 00000309 1a 00 00
TU 8 00000308 1b 00 00
TU 9 00000272 0d 01 04 | OP D 0 01 1004 01 00000004 unread 00000004 | OP S 0 01 1004 01 00000004 unread 00000004
TU 10 000002f8 15 01 04 | OP D 0 01 1004 01 00000004 unread 00000004
TU 11 0000030f 17 00 00
TU 12 00000309 1a 00 00
TU 13 0000030b 19 00 00
TU 14 00000309 1a 00 00
TU 0 00000309 1a 00 00
TU 1 00000272 0d 01 04 | OP D 0 01 1004 01 00000004 unread 00000004 | OP S 0 01 1004 01 00000004 unread 00000004
TU 2 0000001f 12 01 00 | OP D 0 04 0000 nofollow
TU 3 00000309 1a 00 00
TU 4 00000308 1b 00 00
TU 5 00000272 0d 01 04 | OP D 0 01 1004 01 00000005 unread 00000005 | OP S 0 01 1004 01 00000004 unread 00000004
TU 6 00000309 1a 00 00
TU 7 00000308 1b 00 00
TU 8 00000272 0d 01 04 | OP D 0 01 1004 01 00000004 unread 00000004 | OP S 0 01 1004 01 00000004 unread 00000004
TU 9 000002f8 15 01 04 | OP D 0 01 1004 01 00000004 unread 00000004
TU 10 0000030f 17 00 00
TU 11 00000309 1a 00 00
TU 12 0000030b 19 00 00
TU 13 00000309 1a 00 00
TU 0 00000309 1a 00 00
TU 1 00000308 1b 00 00
TU 2 00000272 0d 01 04 | OP D 0 01 1004 01 00000005 unread 00000005 | OP S 0 01 1004 01 00000004 unread 00000004
TU 3 00000309 1a 00 00
TU 4 00000308 1b 00 00
TU 5 00000272 0d 01 04 | OP D 0 01 1004 01 00000004 unread 00000004 | OP S 0 01 1004 01 00000004 unread 00000004
TU 6 000002f8 15 01 04 | OP D 0 01 1004 01 00000004 unread 00000004
TU 7 0000030f 17 00 00
TU 8 00000309 1a 00 00
TU 9 0000030b 19 00 00
TU 10 00000309 1a 00 00
TU 0 00000272 0d 01 04 | OP D 0 01 1004 01 00000005 unread 00000005 | OP S 0 01 1004 01 00000004 unread 00000004
TU 1 00000309 1a 00 00
TU 2 00000308 1b 00 00
TU 3 00000272 0d 01 04 | OP D 0 01 1004 01 00000004 unread 00000004 | OP S 0 01 1004 01 00000004 unread 00000004
TU 4 000002f8 15 01 04 | OP D 0 01 1004 01 00000004 unread 00000004
TU 5 0000030f 17 00 00
TU 6 00000309 1a 00 00
TU 7 0000030b 19 00 00
TU 8 00000309 1a 00 00
TU 0 00000272 0d 01 04 | OP D 0 01 1004 01 00000004 unread 00000004 | OP S 0 01 1004 01 00000004 unread 00000004
TU 1 000002f8 15 01 04 | OP D 0 01 1004 01 00000004 unread 00000004
TU 2 0000030f 17 00 00
TU 3 00000309 1a 00 00
TU 4 0000030b 19 00 00
TU 5 00000309 1a 00 00
TU 0 0000030f 17 00 00
TU 1 00000309 1a 00 00
TU 2 0000030b 19 00 00
TU 3 00000309 1a 00 00
TU 0 0000002d 0d 01 04 | OP D 0 01 1004 01 00000004 unread 00000004 | OP D 1 01 1004 01 00000005 unread 00000005 | OP S 0 01 9000 01 00000049 unread 00000042
TU 1 00000021 12 01 04 | OP D 0 04 0000 nofollow | OP D 1 01 9000 01 00000049 unread 00000042
TU 2 00000272 0d 01 04 | OP D 0 01 1004 01 00000005 unread 00000005 | OP S 0 01 1004 01 00000004 unread 00000004
TU 3 00000308 1b 00 00
TU 4 0000030f 17 00 00
TU 5 00000284 10 01 00
TU 6 0000030b 19 00 00
TU 7 00000309 1a 00 00
TU 0 00000272 0d 01 04 | OP D 0 01 1004 01 00000005 unread 00000005 | OP S 0 01 1004 01 00000004 unread 00000004
TU 1 00000308 1b 00 00
TU 2 0000030f 17 00 00
TU 3 00000284 10 01 00
TU 4 0000030b 19 00 00
TU 5 00000309 1a 00 00
TU 0 0000030f 17 00 00
TU 1 00000284 10 01 00
TU 2 0000030b 19 00 00
TU 3 00000309 1a 00 00
TU 0 0000013f 0d 01 04 | OP D 0 01 1004 02 00000000 unread 00000000 | OP D 1 01 1004 02 00000000 unread 00000000 | OP S 0 01 1004 03 00000040 unread 00000040
TU 1 0000026e 0d 01 04 | OP D 0 01 1004 03 00000040 unread 00000040 | OP D 1 07 1004 nofollow | OP D 2 07 1004 nofollow | OP S 0 01 1004 01 00000004 unread 00000004
TU 2 000002f8 15 01 04 | OP D 0 01 1004 01 00000004 unread 00000004
TU 3 0000030f 17 00 00
TU 4 00000309 1a 00 00
TU 5 0000030b 19 00 00
TU 6 00000309 1a 00 00
TU 0 0000030f 17 00 00
TU 1 00000309 1a 00 00
TU 2 0000030b 19 00 00
TU 3 00000309 1a 00 00
TU 0 0000026e 0d 01 04 | OP D 0 01 1004 03 00000040 unread 00000040 | OP D 1 07 1004 nofollow | OP D 2 07 1004 nofollow | OP S 0 01 1004 01 00000004 unread 00000004
TU 1 000002f8 15 01 04 | OP D 0 01 1004 01 00000004 unread 00000004
TU 2 0000030f 17 00 00
TU 3 00000309 1a 00 00
TU 4 0000030b 19 00 00
TU 5 00000309 1a 00 00
TU 0 0000030f 17 00 00
TU 1 00000309 1a 00 00
TU 2 0000030b 19 00 00
TU 3 00000309 1a 00 00
TU 0 0000026e 0d 01 04 | OP D 0 01 1004 03 00000040 unread 00000040 | OP D 1 07 1004 nofollow | OP D 2 07 1004 nofollow | OP S 0 01 1004 01 00000004 unread 00000004
TU 1 000002f8 15 01 04 | OP D 0 01 1004 01 00000004 unread 00000004
TU 2 0000030f 17 00 00
TU 3 00000309 1a 00 00
TU 4 0000030b 19 00 00
TU 5 00000309 1a 00 00
TU 0 0000030f 17 00 00
TU 1 00000309 1a 00 00
TU 2 0000030b 19 00 00
TU 3 00000309 1a 00 00
TU 0 0000013f 0d 01 04 | OP D 0 01 1004 01 00000004 unread 00000004 | OP D 1 01 1004 01 00000005 unread 00000005 | OP S 0 01 1004 01 0000000c unread 0000000c
TU 1 00000133 0d 01 04 | OP D 0 01 1004 01 0000000c unread 0000000c | OP D 1 07 1004 nofollow | OP D 2 07 1004 nofollow | OP D 3 07 1004 nofollow | OP S 0 01 1004 01 00000004 unread 00000004
TU 2 0000030f 17 00 00
TU 3 00000284 10 01 00
TU 4 0000030b 19 00 00
TU 5 00000309 1a 00 00
TU 0 0000030f 17 00 00
TU 1 00000284 10 01 00
TU 2 0000030b 19 00 00
TU 3 00000309 1a 00 00
FN sched1 1
BLK 0
FT 0000030b 19 00 00
FT 00000309 1a 00 00
BLK 1
FT 0000030d 17 00 00
FT 000002f8 15 01 04 | OP S 0 01 1004 01 00000006 unread 00000006
FT 000002f8 15 01 04 | OP S 0 01 1004 01 00000005 unread 00000005
FT 000002f8 15 01 04 | OP S 0 01 1004 01 00000004 unread 00000004
FT 0000017a 0d 01 04 | OP D 0 01 1004 01 00000004 unread 00000004 | OP S 0 02 1004 nofollow
FT 0000017a 0d 01 04 | OP D 0 01 1004 01 00000005 unread 00000005 | OP S 0 02 1004 nofollow
FT 0000017a 0d 01 04 | OP D 0 01 1004 01 00000006 unread 00000006 | OP S 0 02 1004 nofollow
FT 00000001 0d 01 04 | OP D 0 01 1004 02 00000000 unread 00000000 | OP D 1 01 1004 02 00000000 unread 00000000 | OP S 0 01 1004 03 00000080 unread 00000080
FT 00000001 0d 01 04 | OP D 0 01 1004 03 00000080 unread 00000080 | OP D 1 01 1004 02 00000000 unread 00000000 | OP S 0 01 1004 01 00000004 unread 00000004
FT 000002f8 15 01 04 | OP D 0 01 1004 01 00000004 unread 00000004
FT 0000030f 17 00 00
FT 00000309 1a 00 00
BLK 2
FT 0000030a 18 00 00
FT 00000309 1a 00 00
FN globregs 1
BLK 0
FT 0000030b 19 00 00
FT 00000309 1a 00 00
BLK 1
FT 0000030d 17 00 00
FT 000002f8 15 01 04 | OP S 0 01 1004 01 00000006 unread 00000006
FT 000002f8 15 01 04 | OP S 0 01 1004 01 00000005 unread 00000005
FT 000002f8 15 01 04 | OP S 0 01 1004 01 00000004 unread 00000004
FT 0000017a 0d 01 04 | OP D 0 01 1004 01 00000004 unread 00000004 | OP S 0 02 1004 nofollow
FT 0000017a 0d 01 04 | OP D 0 01 1004 01 00000005 unread 00000005 | OP S 0 02 1004 nofollow
FT 0000017a 0d 01 04 | OP D 0 01 1004 01 00000006 unread 00000006 | OP S 0 02 1004 nofollow
FT 00000001 0d 01 04 | OP D 0 01 1004 02 00000000 unread 00000000 | OP D 1 01 1004 02 00000000 unread 00000000 | OP S 0 01 1004 03 00000080 unread 00000080
FT 00000001 0d 01 04 | OP D 0 01 1004 03 00000080 unread 00000080 | OP D 1 01 1004 02 00000000 unread 00000000 | OP S 0 01 1004 01 00000004 unread 00000004
FT 000002f8 15 01 04 | OP D 0 01 1004 01 00000004 unread 00000004
FT 0000030f 17 00 00
FT 00000309 1a 00 00
BLK 2
FT 0000030a 18 00 00
FT 00000309 1a 00 00
FN sched2 1
BLK 0
FT 0000030b 19 00 00
FT 00000309 1a 00 00
BLK 1
FT 0000030d 17 00 00
FT 000002f8 15 01 04 | OP S 0 01 1004 01 00000006 unread 00000006
FT 000002f8 15 01 04 | OP S 0 01 1004 01 00000005 unread 00000005
FT 000002f8 15 01 04 | OP S 0 01 1004 01 00000004 unread 00000004
FT 00000272 0d 01 04 | OP D 0 01 1004 01 00000004 unread 00000004 | OP S 0 01 1004 02 00000002 none 00000002
FT 00000272 0d 01 04 | OP D 0 01 1004 01 00000005 unread 00000005 | OP S 0 01 1004 02 00000003 none 00000003
FT 00000272 0d 01 04 | OP D 0 01 1004 01 00000006 unread 00000006 | OP S 0 01 1004 02 00000001 none 00000001
FT 00000001 0d 01 04 | OP D 0 01 1004 02 00000002 none 00000002 | OP D 1 01 1004 02 00000003 none 00000003 | OP S 0 01 1004 02 00000004 none 00000004
FT 00000001 0d 01 04 | OP D 0 01 1004 02 00000004 none 00000004 | OP D 1 01 1004 02 00000001 none 00000001 | OP S 0 01 1004 01 00000004 unread 00000004
FT 000002f8 15 01 04 | OP D 0 01 1004 01 00000004 unread 00000004
FT 0000030f 17 00 00
FT 00000309 1a 00 00
BLK 2
FT 0000030a 18 00 00
FT 00000309 1a 00 00
FN color 1
BLK 0
FT 0000030b 19 00 00
FT 00000309 1a 00 00
BLK 1
FT 0000030d 17 00 00
FT 000002f8 15 01 04 | OP S 0 01 1004 01 00000006 unread 00000006
FT 000002f8 15 01 04 | OP S 0 01 1004 01 00000005 unread 00000005
FT 000002f8 15 01 04 | OP S 0 01 1004 01 00000004 unread 00000004
FT 00000272 0d 01 04 | OP D 0 01 1004 01 00000004 unread 00000004 | OP S 0 01 1004 02 00000002 none 00000002
FT 00000272 0d 01 04 | OP D 0 01 1004 01 00000005 unread 00000005 | OP S 0 01 1004 02 00000003 none 00000003
FT 00000272 0d 01 04 | OP D 0 01 1004 01 00000006 unread 00000006 | OP S 0 01 1004 02 00000001 none 00000001
FT 00000001 0d 01 04 | OP D 0 01 1004 02 00000002 none 00000002 | OP D 1 01 1004 02 00000003 none 00000003 | OP S 0 01 1004 02 00000004 none 00000004
FT 00000001 0d 01 04 | OP D 0 01 1004 02 00000004 none 00000004 | OP D 1 01 1004 02 00000001 none 00000001 | OP S 0 01 1004 01 00000004 unread 00000004
FT 000002f8 15 01 04 | OP D 0 01 1004 01 00000004 unread 00000004
FT 0000030f 17 00 00
FT 00000309 1a 00 00
BLK 2
FT 0000030a 18 00 00
FT 00000309 1a 00 00
FN sched3 1
BLK 0
FT 0000030b 19 00 00
FT 00000309 1a 00 00
BLK 1
FT 0000030d 17 00 00
FT 000002f8 15 01 04 | OP S 0 01 1004 01 00000006 unread 00000006
FT 000002f8 15 01 04 | OP S 0 01 1004 01 00000005 unread 00000005
FT 000002f8 15 01 04 | OP S 0 01 1004 01 00000004 unread 00000004
FT 00000272 0d 01 04 | OP D 0 01 1004 01 00000004 unread 00000004 | OP S 0 01 1004 01 00000004 unread 00000004
FT 00000272 0d 01 04 | OP D 0 01 1004 01 00000005 unread 00000005 | OP S 0 01 1004 01 00000005 unread 00000005
FT 00000272 0d 01 04 | OP D 0 01 1004 01 00000006 unread 00000006 | OP S 0 01 1004 01 00000006 unread 00000006
FT 00000001 0d 01 04 | OP D 0 01 1004 01 00000004 unread 00000004 | OP D 1 01 1004 01 00000005 unread 00000005 | OP S 0 01 1004 01 0000000c unread 0000000c
FT 00000001 0d 01 04 | OP D 0 01 1004 01 0000000c unread 0000000c | OP D 1 01 1004 01 00000006 unread 00000006 | OP S 0 01 1004 01 00000004 unread 00000004
FT 000002f8 15 01 04 | OP D 0 01 1004 01 00000004 unread 00000004
FT 0000030f 17 00 00
FT 00000309 1a 00 00
BLK 2
FT 0000030a 18 00 00
FT 00000309 1a 00 00
FN sched0 1
BLK 0
FT 0000030a 18 00 00
FT 0000030d 17 00 00
FT 00000001 0d 01 04 | OP D 0 01 1004 01 00000004 unread 00000004 | OP D 1 01 1004 01 00000005 unread 00000005 | OP S 0 01 1004 01 0000000c unread 0000000c
FT 00000001 0d 01 04 | OP D 0 01 1004 01 0000000c unread 0000000c | OP D 1 01 1004 01 00000006 unread 00000006 | OP S 0 01 1004 01 00000004 unread 00000004
FT 0000030f 17 00 00
FT 00000284 10 01 00
FT 0000030b 19 00 00
FT 00000309 1a 00 00
FN after0 1
BLK 0
FT 0000030a 18 00 00
FT 0000030d 17 00 00
FT 00000001 0d 01 04 | OP D 0 01 1004 01 00000004 unread 00000004 | OP D 1 01 1004 01 00000005 unread 00000005 | OP S 0 01 1004 01 0000000c unread 0000000c
FT 00000001 0d 01 04 | OP D 0 01 1004 01 0000000c unread 0000000c | OP D 1 01 1004 01 00000006 unread 00000006 | OP S 0 01 1004 01 00000004 unread 00000004
FT 0000030f 17 00 00
FT 00000284 10 01 00
FT 0000030b 19 00 00
FT 00000309 1a 00 00
FN sched1 2
BLK 0
FT 0000030b 19 00 00
FT 00000309 1a 00 00
BLK 1
FT 0000030d 17 00 00
FT 000002f8 15 01 04 | OP S 0 01 1004 01 00000006 unread 00000006
FT 000002f8 15 01 04 | OP S 0 01 1004 01 00000005 unread 00000005
FT 000002f8 15 01 04 | OP S 0 01 1004 01 00000004 unread 00000004
FT 0000017a 0d 01 04 | OP D 0 01 1004 01 00000004 unread 00000004 | OP S 0 02 1004 nofollow
FT 0000017a 0d 01 04 | OP D 0 01 1004 01 00000005 unread 00000005 | OP S 0 02 1004 nofollow
FT 0000017a 0d 01 04 | OP D 0 01 1004 01 00000006 unread 00000006 | OP S 0 02 1004 nofollow
FT 00000111 0d 01 04 | OP D 0 01 1004 02 00000000 unread 00000000 | OP D 1 01 1004 02 00000000 unread 00000000 | OP S 0 01 1004 03 00000040 unread 00000040
FT 00000001 0d 01 04 | OP D 0 01 1004 03 00000040 unread 00000040 | OP D 1 01 1004 02 00000000 unread 00000000 | OP S 0 01 1004 01 00000004 unread 00000004
FT 000002f8 15 01 04 | OP D 0 01 1004 01 00000004 unread 00000004
FT 0000030f 17 00 00
FT 00000309 1a 00 00
BLK 2
FT 0000030a 18 00 00
FT 00000309 1a 00 00
FN globregs 2
BLK 0
FT 0000030b 19 00 00
FT 00000309 1a 00 00
BLK 1
FT 0000030d 17 00 00
FT 000002f8 15 01 04 | OP S 0 01 1004 01 00000006 unread 00000006
FT 000002f8 15 01 04 | OP S 0 01 1004 01 00000005 unread 00000005
FT 000002f8 15 01 04 | OP S 0 01 1004 01 00000004 unread 00000004
FT 0000017a 0d 01 04 | OP D 0 01 1004 01 00000004 unread 00000004 | OP S 0 02 1004 nofollow
FT 0000017a 0d 01 04 | OP D 0 01 1004 01 00000005 unread 00000005 | OP S 0 02 1004 nofollow
FT 0000017a 0d 01 04 | OP D 0 01 1004 01 00000006 unread 00000006 | OP S 0 02 1004 nofollow
FT 00000111 0d 01 04 | OP D 0 01 1004 02 00000000 unread 00000000 | OP D 1 01 1004 02 00000000 unread 00000000 | OP S 0 01 1004 03 00000040 unread 00000040
FT 00000001 0d 01 04 | OP D 0 01 1004 03 00000040 unread 00000040 | OP D 1 01 1004 02 00000000 unread 00000000 | OP S 0 01 1004 01 00000004 unread 00000004
FT 000002f8 15 01 04 | OP D 0 01 1004 01 00000004 unread 00000004
FT 0000030f 17 00 00
FT 00000309 1a 00 00
BLK 2
FT 0000030a 18 00 00
FT 00000309 1a 00 00
FN sched2 2
BLK 0
FT 0000030b 19 00 00
FT 00000309 1a 00 00
BLK 1
FT 0000030d 17 00 00
FT 000002f8 15 01 04 | OP S 0 01 1004 01 00000006 unread 00000006
FT 000002f8 15 01 04 | OP S 0 01 1004 01 00000005 unread 00000005
FT 000002f8 15 01 04 | OP S 0 01 1004 01 00000004 unread 00000004
FT 00000272 0d 01 04 | OP D 0 01 1004 01 00000006 unread 00000006 | OP S 0 01 1004 02 00000003 none 00000003
FT 00000111 0d 01 04 | OP D 0 01 1004 01 00000004 unread 00000004 | OP D 1 01 1004 01 00000005 unread 00000005 | OP S 0 01 1004 02 00000002 none 00000002
FT 00000001 0d 01 04 | OP D 0 01 1004 02 00000002 none 00000002 | OP D 1 01 1004 02 00000003 none 00000003 | OP S 0 01 1004 01 00000004 unread 00000004
FT 000002f8 15 01 04 | OP D 0 01 1004 01 00000004 unread 00000004
FT 0000030f 17 00 00
FT 00000309 1a 00 00
BLK 2
FT 0000030a 18 00 00
FT 00000309 1a 00 00
FN color 2
BLK 0
FT 0000030b 19 00 00
FT 00000309 1a 00 00
BLK 1
FT 0000030d 17 00 00
FT 000002f8 15 01 04 | OP S 0 01 1004 01 00000006 unread 00000006
FT 000002f8 15 01 04 | OP S 0 01 1004 01 00000005 unread 00000005
FT 000002f8 15 01 04 | OP S 0 01 1004 01 00000004 unread 00000004
FT 00000272 0d 01 04 | OP D 0 01 1004 01 00000006 unread 00000006 | OP S 0 01 1004 02 00000003 none 00000003
FT 00000111 0d 01 04 | OP D 0 01 1004 01 00000004 unread 00000004 | OP D 1 01 1004 01 00000005 unread 00000005 | OP S 0 01 1004 02 00000002 none 00000002
FT 00000001 0d 01 04 | OP D 0 01 1004 02 00000002 none 00000002 | OP D 1 01 1004 02 00000003 none 00000003 | OP S 0 01 1004 01 00000004 unread 00000004
FT 000002f8 15 01 04 | OP D 0 01 1004 01 00000004 unread 00000004
FT 0000030f 17 00 00
FT 00000309 1a 00 00
BLK 2
FT 0000030a 18 00 00
FT 00000309 1a 00 00
FN sched3 2
BLK 0
FT 0000030b 19 00 00
FT 00000309 1a 00 00
BLK 1
FT 0000030d 17 00 00
FT 000002f8 15 01 04 | OP S 0 01 1004 01 00000006 unread 00000006
FT 000002f8 15 01 04 | OP S 0 01 1004 01 00000005 unread 00000005
FT 000002f8 15 01 04 | OP S 0 01 1004 01 00000004 unread 00000004
FT 00000272 0d 01 04 | OP D 0 01 1004 01 00000006 unread 00000006 | OP S 0 01 1004 01 00000006 unread 00000006
FT 00000111 0d 01 04 | OP D 0 01 1004 01 00000004 unread 00000004 | OP D 1 01 1004 01 00000005 unread 00000005 | OP S 0 01 1004 01 0000000c unread 0000000c
FT 00000001 0d 01 04 | OP D 0 01 1004 01 0000000c unread 0000000c | OP D 1 01 1004 01 00000006 unread 00000006 | OP S 0 01 1004 01 00000004 unread 00000004
FT 000002f8 15 01 04 | OP D 0 01 1004 01 00000004 unread 00000004
FT 0000030f 17 00 00
FT 00000309 1a 00 00
BLK 2
FT 0000030a 18 00 00
FT 00000309 1a 00 00
FN sched0 2
BLK 0
FT 0000030a 18 00 00
FT 0000030d 17 00 00
FT 00000111 0d 01 04 | OP D 0 01 1004 01 00000004 unread 00000004 | OP D 1 01 1004 01 00000005 unread 00000005 | OP S 0 01 1004 01 0000000c unread 0000000c
FT 00000001 0d 01 04 | OP D 0 01 1004 01 0000000c unread 0000000c | OP D 1 01 1004 01 00000006 unread 00000006 | OP S 0 01 1004 01 00000004 unread 00000004
FT 0000030f 17 00 00
FT 00000284 10 01 00
FT 0000030b 19 00 00
FT 00000309 1a 00 00
FN after0 2
BLK 0
FT 0000030a 18 00 00
FT 0000030d 17 00 00
FT 00000111 0d 01 04 | OP D 0 01 1004 01 00000004 unread 00000004 | OP D 1 01 1004 01 00000005 unread 00000005 | OP S 0 01 1004 01 0000000c unread 0000000c
FT 00000001 0d 01 04 | OP D 0 01 1004 01 0000000c unread 0000000c | OP D 1 01 1004 01 00000006 unread 00000006 | OP S 0 01 1004 01 00000004 unread 00000004
FT 0000030f 17 00 00
FT 00000284 10 01 00
FT 0000030b 19 00 00
FT 00000309 1a 00 00
FN sched1 3
BLK 0
FT 0000030b 19 00 00
FT 00000309 1a 00 00
BLK 1
FT 00000308 1b 00 00
FT 00000272 0d 01 04 | OP D 0 01 1004 02 00000000 unread 00000000 | OP S 0 01 1004 01 00000004 unread 00000004
FT 000002f8 15 01 04 | OP D 0 01 1004 01 00000004 unread 00000004
FT 0000030f 17 00 00
FT 00000309 1a 00 00
BLK 2
FT 00000308 1b 00 00
FT 00000272 0d 01 04 | OP D 0 01 1004 02 00000000 unread 00000000 | OP S 0 01 1004 02 00000000 unread 00000000
FT 00000309 1a 00 00
BLK 3
FT 00000272 0d 01 04 | OP D 0 01 1004 02 00000000 unread 00000000 | OP S 0 01 1004 02 00000000 unread 00000000
FT 0000001f 12 01 00 | OP D 0 04 0000 nofollow
FT 00000309 1a 00 00
BLK 4
FT 0000030d 17 00 00
FT 000002f8 15 01 04 | OP S 0 01 1004 01 00000005 unread 00000005
FT 000002f8 15 01 04 | OP S 0 01 1004 01 00000004 unread 00000004
FT 0000017a 0d 01 04 | OP D 0 01 1004 01 00000004 unread 00000004 | OP S 0 02 1004 nofollow
FT 0000017a 0d 01 04 | OP D 0 01 1004 01 00000005 unread 00000005 | OP S 0 02 1004 nofollow
FT 0000002d 0d 01 04 | OP D 0 01 1004 02 00000000 unread 00000000 | OP D 1 01 1004 02 00000000 unread 00000000 | OP S 0 01 9000 01 00000049 unread 00000042
FT 00000021 12 01 05 | OP D 0 04 0000 nofollow | OP D 1 01 9000 01 00000049 unread 00000042
FT 00000309 1a 00 00
BLK 5
FT 0000030a 18 00 00
FT 00000309 1a 00 00
FN globregs 3
BLK 0
FT 0000030b 19 00 00
FT 00000309 1a 00 00
BLK 1
FT 00000308 1b 00 00
FT 00000272 0d 01 04 | OP D 0 01 1004 02 00000000 unread 00000000 | OP S 0 01 1004 01 00000004 unread 00000004
FT 000002f8 15 01 04 | OP D 0 01 1004 01 00000004 unread 00000004
FT 0000030f 17 00 00
FT 00000309 1a 00 00
BLK 2
FT 00000308 1b 00 00
FT 00000272 0d 01 04 | OP D 0 01 1004 02 00000000 unread 00000000 | OP S 0 01 1004 02 00000000 unread 00000000
FT 00000309 1a 00 00
BLK 3
FT 00000272 0d 01 04 | OP D 0 01 1004 02 00000000 unread 00000000 | OP S 0 01 1004 02 00000000 unread 00000000
FT 0000001f 12 01 00 | OP D 0 04 0000 nofollow
FT 00000309 1a 00 00
BLK 4
FT 0000030d 17 00 00
FT 000002f8 15 01 04 | OP S 0 01 1004 01 00000005 unread 00000005
FT 000002f8 15 01 04 | OP S 0 01 1004 01 00000004 unread 00000004
FT 0000017a 0d 01 04 | OP D 0 01 1004 01 00000004 unread 00000004 | OP S 0 02 1004 nofollow
FT 0000017a 0d 01 04 | OP D 0 01 1004 01 00000005 unread 00000005 | OP S 0 02 1004 nofollow
FT 0000002d 0d 01 04 | OP D 0 01 1004 02 00000000 unread 00000000 | OP D 1 01 1004 02 00000000 unread 00000000 | OP S 0 01 9000 01 00000049 unread 00000042
FT 00000021 12 01 05 | OP D 0 04 0000 nofollow | OP D 1 01 9000 01 00000049 unread 00000042
FT 00000309 1a 00 00
BLK 5
FT 0000030a 18 00 00
FT 00000309 1a 00 00
FN sched2 3
BLK 0
FT 0000030b 19 00 00
FT 00000309 1a 00 00
BLK 1
FT 00000308 1b 00 00
FT 00000272 0d 01 04 | OP D 0 01 1004 02 00000003 none 00000003 | OP S 0 01 1004 01 00000004 unread 00000004
FT 000002f8 15 01 04 | OP D 0 01 1004 01 00000004 unread 00000004
FT 0000030f 17 00 00
FT 00000309 1a 00 00
BLK 2
FT 00000308 1b 00 00
FT 00000272 0d 01 04 | OP D 0 01 1004 02 00000001 none 00000001 | OP S 0 01 1004 02 00000003 none 00000003
FT 00000309 1a 00 00
BLK 3
FT 00000272 0d 01 04 | OP D 0 01 1004 02 00000002 none 00000002 | OP S 0 01 1004 02 00000003 none 00000003
FT 0000001f 12 01 00 | OP D 0 04 0000 nofollow
FT 00000309 1a 00 00
BLK 4
FT 0000030d 17 00 00
FT 000002f8 15 01 04 | OP S 0 01 1004 01 00000005 unread 00000005
FT 000002f8 15 01 04 | OP S 0 01 1004 01 00000004 unread 00000004
FT 00000272 0d 01 04 | OP D 0 01 1004 01 00000004 unread 00000004 | OP S 0 01 1004 02 00000002 none 00000002
FT 00000272 0d 01 04 | OP D 0 01 1004 01 00000005 unread 00000005 | OP S 0 01 1004 02 00000001 none 00000001
FT 0000002d 0d 01 04 | OP D 0 01 1004 02 00000002 none 00000002 | OP D 1 01 1004 02 00000001 none 00000001 | OP S 0 01 9000 01 00000049 unread 00000042
FT 00000021 12 01 05 | OP D 0 04 0000 nofollow | OP D 1 01 9000 01 00000049 unread 00000042
FT 00000309 1a 00 00
BLK 5
FT 0000030a 18 00 00
FT 00000309 1a 00 00
FN color 3
BLK 0
FT 0000030b 19 00 00
FT 00000309 1a 00 00
BLK 1
FT 00000308 1b 00 00
FT 00000272 0d 01 04 | OP D 0 01 1004 02 00000003 none 00000003 | OP S 0 01 1004 01 00000004 unread 00000004
FT 000002f8 15 01 04 | OP D 0 01 1004 01 00000004 unread 00000004
FT 0000030f 17 00 00
FT 00000309 1a 00 00
BLK 2
FT 00000308 1b 00 00
FT 00000272 0d 01 04 | OP D 0 01 1004 02 00000001 none 00000001 | OP S 0 01 1004 02 00000003 none 00000003
FT 00000309 1a 00 00
BLK 3
FT 00000272 0d 01 04 | OP D 0 01 1004 02 00000002 none 00000002 | OP S 0 01 1004 02 00000003 none 00000003
FT 0000001f 12 01 00 | OP D 0 04 0000 nofollow
FT 00000309 1a 00 00
BLK 4
FT 0000030d 17 00 00
FT 000002f8 15 01 04 | OP S 0 01 1004 01 00000005 unread 00000005
FT 000002f8 15 01 04 | OP S 0 01 1004 01 00000004 unread 00000004
FT 00000272 0d 01 04 | OP D 0 01 1004 01 00000004 unread 00000004 | OP S 0 01 1004 02 00000002 none 00000002
FT 00000272 0d 01 04 | OP D 0 01 1004 01 00000005 unread 00000005 | OP S 0 01 1004 02 00000001 none 00000001
FT 0000002d 0d 01 04 | OP D 0 01 1004 02 00000002 none 00000002 | OP D 1 01 1004 02 00000001 none 00000001 | OP S 0 01 9000 01 00000049 unread 00000042
FT 00000021 12 01 05 | OP D 0 04 0000 nofollow | OP D 1 01 9000 01 00000049 unread 00000042
FT 00000309 1a 00 00
BLK 5
FT 0000030a 18 00 00
FT 00000309 1a 00 00
FN sched3 3
BLK 0
FT 0000030b 19 00 00
FT 00000309 1a 00 00
BLK 1
FT 00000308 1b 00 00
FT 00000272 0d 01 04 | OP D 0 01 1004 01 00000004 unread 00000004 | OP S 0 01 1004 01 00000004 unread 00000004
FT 000002f8 15 01 04 | OP D 0 01 1004 01 00000004 unread 00000004
FT 0000030f 17 00 00
FT 00000309 1a 00 00
BLK 2
FT 00000308 1b 00 00
FT 00000272 0d 01 04 | OP D 0 01 1004 01 00000005 unread 00000005 | OP S 0 01 1004 01 00000004 unread 00000004
FT 00000309 1a 00 00
BLK 3
FT 00000272 0d 01 04 | OP D 0 01 1004 01 00000004 unread 00000004 | OP S 0 01 1004 01 00000004 unread 00000004
FT 0000001f 12 01 00 | OP D 0 04 0000 nofollow
FT 00000309 1a 00 00
BLK 4
FT 0000030d 17 00 00
FT 000002f8 15 01 04 | OP S 0 01 1004 01 00000005 unread 00000005
FT 000002f8 15 01 04 | OP S 0 01 1004 01 00000004 unread 00000004
FT 00000272 0d 01 04 | OP D 0 01 1004 01 00000004 unread 00000004 | OP S 0 01 1004 01 00000004 unread 00000004
FT 00000272 0d 01 04 | OP D 0 01 1004 01 00000005 unread 00000005 | OP S 0 01 1004 01 00000005 unread 00000005
FT 0000002d 0d 01 04 | OP D 0 01 1004 01 00000004 unread 00000004 | OP D 1 01 1004 01 00000005 unread 00000005 | OP S 0 01 9000 01 00000049 unread 00000042
FT 00000021 12 01 05 | OP D 0 04 0000 nofollow | OP D 1 01 9000 01 00000049 unread 00000042
FT 00000309 1a 00 00
BLK 5
FT 0000030a 18 00 00
FT 00000309 1a 00 00
FN sched0 3
BLK 0
FT 0000030a 18 00 00
FT 0000030d 17 00 00
FT 0000002d 0d 01 04 | OP D 0 01 1004 01 00000004 unread 00000004 | OP D 1 01 1004 01 00000005 unread 00000005 | OP S 0 01 9000 01 00000049 unread 00000042
FT 00000021 12 01 04 | OP D 0 04 0000 nofollow | OP D 1 01 9000 01 00000049 unread 00000042
FT 00000272 0d 01 04 | OP D 0 01 1004 01 00000005 unread 00000005 | OP S 0 01 1004 01 00000004 unread 00000004
FT 00000308 1b 00 00
FT 0000030f 17 00 00
FT 00000284 10 01 00
FT 0000030b 19 00 00
FT 00000309 1a 00 00
FN after0 3
BLK 0
FT 0000030a 18 00 00
FT 0000030d 17 00 00
FT 0000002d 0d 01 04 | OP D 0 01 1004 01 00000004 unread 00000004 | OP D 1 01 1004 01 00000005 unread 00000005 | OP S 0 01 9000 01 00000049 unread 00000042
FT 00000021 12 01 04 | OP D 0 04 0000 nofollow | OP D 1 01 9000 01 00000049 unread 00000042
FT 00000272 0d 01 04 | OP D 0 01 1004 01 00000005 unread 00000005 | OP S 0 01 1004 01 00000004 unread 00000004
FT 00000308 1b 00 00
FT 0000030f 17 00 00
FT 00000284 10 01 00
FT 0000030b 19 00 00
FT 00000309 1a 00 00
FN sched1 4
BLK 0
FT 0000030b 19 00 00
FT 00000309 1a 00 00
BLK 1
FT 0000030d 17 00 00
FT 000002f8 15 01 04 | OP S 0 01 1004 01 00000005 unread 00000005
FT 000002f8 15 01 04 | OP S 0 01 1004 01 00000004 unread 00000004
FT 0000017a 0d 01 04 | OP D 0 01 1004 01 00000004 unread 00000004 | OP S 0 02 1004 nofollow
FT 0000017a 0d 01 04 | OP D 0 01 1004 01 00000005 unread 00000005 | OP S 0 02 1004 nofollow
FT 0000013f 0d 01 04 | OP D 0 01 1004 02 00000000 unread 00000000 | OP D 1 01 1004 02 00000000 unread 00000000 | OP S 0 01 1004 03 00000040 unread 00000040
FT 0000026e 0d 01 04 | OP D 0 01 1004 03 00000040 unread 00000040 | OP D 1 07 1004 nofollow | OP D 2 07 1004 nofollow | OP S 0 01 1004 01 00000004 unread 00000004
FT 000002f8 15 01 04 | OP D 0 01 1004 01 00000004 unread 00000004
FT 0000030f 17 00 00
FT 00000309 1a 00 00
BLK 2
FT 0000030a 18 00 00
FT 00000309 1a 00 00
FN globregs 4
BLK 0
FT 0000030b 19 00 00
FT 00000309 1a 00 00
BLK 1
FT 0000030d 17 00 00
FT 000002f8 15 01 04 | OP S 0 01 1004 01 00000005 unread 00000005
FT 000002f8 15 01 04 | OP S 0 01 1004 01 00000004 unread 00000004
FT 0000017a 0d 01 04 | OP D 0 01 1004 01 00000004 unread 00000004 | OP S 0 02 1004 nofollow
FT 0000017a 0d 01 04 | OP D 0 01 1004 01 00000005 unread 00000005 | OP S 0 02 1004 nofollow
FT 0000013f 0d 01 04 | OP D 0 01 1004 02 00000000 unread 00000000 | OP D 1 01 1004 02 00000000 unread 00000000 | OP S 0 01 1004 03 00000040 unread 00000040
FT 0000026e 0d 01 04 | OP D 0 01 1004 03 00000040 unread 00000040 | OP D 1 07 1004 nofollow | OP D 2 07 1004 nofollow | OP S 0 01 1004 01 00000004 unread 00000004
FT 000002f8 15 01 04 | OP D 0 01 1004 01 00000004 unread 00000004
FT 0000030f 17 00 00
FT 00000309 1a 00 00
BLK 2
FT 0000030a 18 00 00
FT 00000309 1a 00 00
FN sched2 4
BLK 0
FT 0000030b 19 00 00
FT 00000309 1a 00 00
BLK 1
FT 0000030d 17 00 00
FT 000002f8 15 01 04 | OP S 0 01 1004 01 00000005 unread 00000005
FT 000002f8 15 01 04 | OP S 0 01 1004 01 00000004 unread 00000004
FT 0000013f 0d 01 04 | OP D 0 01 1004 01 00000004 unread 00000004 | OP D 1 01 1004 01 00000005 unread 00000005 | OP S 0 01 1004 03 00000040 unread 00000040
FT 0000026e 0d 01 04 | OP D 0 01 1004 03 00000040 unread 00000040 | OP D 1 07 1004 nofollow | OP D 2 07 1004 nofollow | OP S 0 01 1004 01 00000004 unread 00000004
FT 000002f8 15 01 04 | OP D 0 01 1004 01 00000004 unread 00000004
FT 0000030f 17 00 00
FT 00000309 1a 00 00
BLK 2
FT 0000030a 18 00 00
FT 00000309 1a 00 00
FN color 4
BLK 0
FT 0000030b 19 00 00
FT 00000309 1a 00 00
BLK 1
FT 0000030d 17 00 00
FT 000002f8 15 01 04 | OP S 0 01 1004 01 00000005 unread 00000005
FT 000002f8 15 01 04 | OP S 0 01 1004 01 00000004 unread 00000004
FT 0000013f 0d 01 04 | OP D 0 01 1004 01 00000004 unread 00000004 | OP D 1 01 1004 01 00000005 unread 00000005 | OP S 0 01 1004 03 00000040 unread 00000040
FT 0000026e 0d 01 04 | OP D 0 01 1004 03 00000040 unread 00000040 | OP D 1 07 1004 nofollow | OP D 2 07 1004 nofollow | OP S 0 01 1004 01 00000004 unread 00000004
FT 000002f8 15 01 04 | OP D 0 01 1004 01 00000004 unread 00000004
FT 0000030f 17 00 00
FT 00000309 1a 00 00
BLK 2
FT 0000030a 18 00 00
FT 00000309 1a 00 00
FN sched3 4
BLK 0
FT 0000030b 19 00 00
FT 00000309 1a 00 00
BLK 1
FT 0000030d 17 00 00
FT 000002f8 15 01 04 | OP S 0 01 1004 01 00000005 unread 00000005
FT 000002f8 15 01 04 | OP S 0 01 1004 01 00000004 unread 00000004
FT 0000013f 0d 01 04 | OP D 0 01 1004 01 00000004 unread 00000004 | OP D 1 01 1004 01 00000005 unread 00000005 | OP S 0 01 1004 03 00000040 unread 00000040
FT 0000026e 0d 01 04 | OP D 0 01 1004 03 00000040 unread 00000040 | OP D 1 07 1004 nofollow | OP D 2 07 1004 nofollow | OP S 0 01 1004 01 00000004 unread 00000004
FT 000002f8 15 01 04 | OP D 0 01 1004 01 00000004 unread 00000004
FT 0000030f 17 00 00
FT 00000309 1a 00 00
BLK 2
FT 0000030a 18 00 00
FT 00000309 1a 00 00
FN sched0 4
BLK 0
FT 0000030a 18 00 00
FT 0000030d 17 00 00
FT 0000013f 0d 01 04 | OP D 0 01 1004 01 00000004 unread 00000004 | OP D 1 01 1004 01 00000005 unread 00000005 | OP S 0 01 1004 01 0000000c unread 0000000c
FT 00000133 0d 01 04 | OP D 0 01 1004 01 0000000c unread 0000000c | OP D 1 07 1004 nofollow | OP D 2 07 1004 nofollow | OP D 3 07 1004 nofollow | OP S 0 01 1004 01 00000004 unread 00000004
FT 0000030f 17 00 00
FT 00000284 10 01 00
FT 0000030b 19 00 00
FT 00000309 1a 00 00
FN after0 4
BLK 0
FT 0000030a 18 00 00
FT 0000030d 17 00 00
FT 0000013f 0d 01 04 | OP D 0 01 1004 01 00000004 unread 00000004 | OP D 1 01 1004 01 00000005 unread 00000005 | OP S 0 01 1004 01 0000000c unread 0000000c
FT 00000133 0d 01 04 | OP D 0 01 1004 01 0000000c unread 0000000c | OP D 1 07 1004 nofollow | OP D 2 07 1004 nofollow | OP D 3 07 1004 nofollow | OP S 0 01 1004 01 00000004 unread 00000004
FT 0000030f 17 00 00
FT 00000284 10 01 00
FT 0000030b 19 00 00
FT 00000309 1a 00 00
  SCHED+GLOBREGS fn1: sched1=11 sched2=11 DIFFERS
  SCHED+GLOBREGS fn2: sched1=11 sched2=10 DIFFERS
  SCHED+GLOBREGS fn3: sched1=60 sched2=60 DIFFERS
  SCHED+GLOBREGS fn4: sched1=11 sched2=10 DIFFERS
  COLOR fn1: sched2=11 sched3=4 DIFFERS
  COLOR fn2: sched2=10 sched3=4 DIFFERS
  COLOR fn3: sched2=60 sched3=59 DIFFERS
  COLOR fn4: sched2=10 sched3=10 IDENTICAL
  LOWERING fn1: sched3=4 sched0=10 DIFFERS
  LOWERING fn2: sched3=4 sched0=10 DIFFERS
  LOWERING fn3: sched3=59 sched0=18 DIFFERS
  LOWERING fn4: sched3=10 sched0=10 DIFFERS
  gap-metric stage-snap-tuples 309
  gap-metric stage-snap-regions 43
  gap-metric stage-snap-walk-refusals 0
  gap-metric stage-snap-tuples-distinct 127
  gap-metric stage-snap-tuple-groups 16
  gap-metric stage-snap-suffix-violations 0
  gap-metric stage-color-pairs 4
  gap-metric stage-color-pairs-differing 3
  PAYLOAD 309 rows over 16 (phase,function) groups; 127 DISTINCT tuple positions (58.9% of the rows are suffix re-reads, inflation 2.43x). The nested-suffix model holds on every block, so DISTINCT is exact.

  FUNCTION WALK — 28 blocks over 4 function(s)
  FW sched1->globregs fn1: rows 16->16  spine IDENTICAL  full IDENTICAL
  FW sched1->globregs fn2: rows 16->16  spine IDENTICAL  full IDENTICAL
  FW sched1->globregs fn3: rows 23->23  spine IDENTICAL  full IDENTICAL
  FW sched1->globregs fn4: rows 14->14  spine IDENTICAL  full IDENTICAL
  FW globregs->sched2 fn1: rows 16->16  spine DIFFERS    full DIFFERS
  FW globregs->sched2 fn2: rows 16->14  spine DIFFERS    full DIFFERS
  FW globregs->sched2 fn3: rows 23->23  spine DIFFERS    full DIFFERS
  FW globregs->sched2 fn4: rows 14->12  spine DIFFERS    full DIFFERS
  FW sched2->color fn1: rows 16->16  spine IDENTICAL  full IDENTICAL
  FW sched2->color fn2: rows 14->14  spine IDENTICAL  full IDENTICAL
  FW sched2->color fn3: rows 23->23  spine IDENTICAL  full IDENTICAL
  FW sched2->color fn4: rows 12->12  spine IDENTICAL  full IDENTICAL
  FW color->sched3 fn1: rows 16->16  spine IDENTICAL  full DIFFERS   <-- OPERAND-ONLY WRITE
  FW color->sched3 fn2: rows 14->14  spine IDENTICAL  full DIFFERS   <-- OPERAND-ONLY WRITE
  FW color->sched3 fn3: rows 23->23  spine IDENTICAL  full DIFFERS   <-- OPERAND-ONLY WRITE
  FW color->sched3 fn4: rows 12->12  spine IDENTICAL  full IDENTICAL
  FW sched3->sched0 fn1: rows 16->8  spine DIFFERS    full DIFFERS
  FW sched3->sched0 fn2: rows 14->8  spine DIFFERS    full DIFFERS
  FW sched3->sched0 fn3: rows 23->10  spine DIFFERS    full DIFFERS
  FW sched3->sched0 fn4: rows 12->8  spine DIFFERS    full DIFFERS
  FW sched0->after0 fn1: rows 8->8  spine IDENTICAL  full IDENTICAL
  FW sched0->after0 fn2: rows 8->8  spine IDENTICAL  full IDENTICAL
  FW sched0->after0 fn3: rows 10->10  spine IDENTICAL  full IDENTICAL
  FW sched0->after0 fn4: rows 8->8  spine IDENTICAL  full IDENTICAL
  gap-metric stage-fw-pairs 24
  gap-metric stage-fw-spine-differing 8
  gap-metric stage-fw-full-differing 11
  gap-metric stage-fw-operand-only 3
  FW-XDERIV sched2 fn1: funcwalk 16 rows in 3 blocks, region walk 7 rows -- the region walk's first 5 rows are the IN-ORDER TAIL of funcwalk block 1: the within-block direction is CONFIRMED, and the remaining 2 row(s) are in blocks the block chain orders earlier
  FW-XDERIV sched2 fn2: funcwalk 14 rows in 3 blocks, region walk 6 rows -- the region walk's first 4 rows are the IN-ORDER TAIL of funcwalk block 1: the within-block direction is CONFIRMED, and the remaining 2 row(s) are in blocks the block chain orders earlier
  FW-XDERIV sched2 fn3: funcwalk 23 rows in 6 blocks, region walk 16 rows -- the region walk's first 3 rows are the IN-ORDER TAIL of funcwalk block 4: the within-block direction is CONFIRMED, and the remaining 13 row(s) are in blocks the block chain orders earlier
  FW-XDERIV sched2 fn4: funcwalk 12 rows in 3 blocks, region walk 6 rows -- the region walk's first 4 rows are the IN-ORDER TAIL of funcwalk block 1: the within-block direction is CONFIRMED, and the remaining 2 row(s) are in blocks the block chain orders earlier
  FW-XDERIV sched3 fn1: funcwalk 16 rows in 3 blocks, region walk 4 rows -- NO in-order tail match of length >= 3 (best 2 rows, block 1) -- THE LAYOUT READING IS WRONG
      funcwalk: [0000030b 19 00 00 / 00000309 1a 00 00 / 0000030d 17 00 00 / 000002f8 15 01 04 / 000002f8 15 01 04 / 000002f8 15 01 04 / 00000272 0d 01 04 / 00000272 0d 01 04 / 00000272 0d 01 04 / 00000001 0d 01 04 / 00000001 0d 01 04 / 000002f8 15 01 04 / 0000030f 17 00 00 / 00000309 1a 00 00 / 0000030a 18 00 00 / 00000309 1a 00 00]
      region:   [0000030f 17 00 00 / 00000309 1a 00 00 / 0000030b 19 00 00 / 00000309 1a 00 00]
  FW-XDERIV sched3 fn2: funcwalk 14 rows in 3 blocks, region walk 4 rows -- NO in-order tail match of length >= 3 (best 2 rows, block 1) -- THE LAYOUT READING IS WRONG
      funcwalk: [0000030b 19 00 00 / 00000309 1a 00 00 / 0000030d 17 00 00 / 000002f8 15 01 04 / 000002f8 15 01 04 / 000002f8 15 01 04 / 00000272 0d 01 04 / 00000111 0d 01 04 / 00000001 0d 01 04 / 000002f8 15 01 04 / 0000030f 17 00 00 / 00000309 1a 00 00 / 0000030a 18 00 00 / 00000309 1a 00 00]
      region:   [0000030f 17 00 00 / 00000309 1a 00 00 / 0000030b 19 00 00 / 00000309 1a 00 00]
  FW-XDERIV sched3 fn3: funcwalk 23 rows in 6 blocks, region walk 15 rows -- NO in-order tail match of length >= 3 (best 2 rows, block 4) -- THE LAYOUT READING IS WRONG
      funcwalk: [0000030b 19 00 00 / 00000309 1a 00 00 / 00000308 1b 00 00 / 00000272 0d 01 04 / 000002f8 15 01 04 / 0000030f 17 00 00 / 00000309 1a 00 00 / 00000308 1b 00 00 / 00000272 0d 01 04 / 00000309 1a 00 00 / 00000272 0d 01 04 / 0000001f 12 01 00 / 00000309 1a 00 00 / 0000030d 17 00 00 / 000002f8 15 01 04 / 000002f8 15 01 04 / 00000272 0d 01 04 / 00000272 0d 01 04 / 0000002d 0d 01 04 / 00000021 12 01 05 / 00000309 1a 00 00 / 0000030a 18 00 00 / 00000309 1a 00 00]
      region:   [00000021 12 01 05 / 00000309 1a 00 00 / 00000272 0d 01 04 / 0000001f 12 01 00 / 00000309 1a 00 00 / 00000308 1b 00 00 / 00000272 0d 01 04 / 00000309 1a 00 00 / 00000308 1b 00 00 / 00000272 0d 01 04 / 000002f8 15 01 04 / 0000030f 17 00 00 / 00000309 1a 00 00 / 0000030b 19 00 00 / 00000309 1a 00 00]
  FW-XDERIV sched3 fn4: funcwalk 12 rows in 3 blocks, region walk 6 rows -- the region walk's first 4 rows are the IN-ORDER TAIL of funcwalk block 1: the within-block direction is CONFIRMED, and the remaining 2 row(s) are in blocks the block chain orders earlier
