lane gate: preflight on /tmp
  keep    /tmp/c2rs-gate-2049666       LIVE — pid 2049666 is a running gate (a concurrent lane)
  keep    /tmp/c2rs-gate-2265543       this run
  keep    /tmp/c2rs-gate-1384391       recent — 1 of 3 finished runs kept for their logs
  keep    /tmp/c2rs-gate-969481        recent — 2 of 3 finished runs kept for their logs
  keep    /tmp/c2rs-gate-558522        recent — 3 of 3 finished runs kept for their logs
reap:   0 stale run tree(s) removed, 5 kept (1 live, 3 recent, 1 this run)
strip:  0 kept tree(s) lost 0 regenerable cases; 1 newest kept theirs (C2RS_GATE_KEEP_CASES=1)
disk:   /tmp — free 30.3 GiB / 776,190 inodes (floors: 2.0 GiB / 150,000 inodes)

lane gate: 18 lanes from <worktree>/scripts/lanes.txt
  run dir: /tmp/c2rs-gate-2265543   (per-lane run dirs under /tmp/c2rs-gate-2265543/lanes/)
building the harness (no-op if current)
    Finished `release` profile [optimized] target(s) in 0.00s
harness: /tmp/c2rs-gate-2265543/c2rs
  pinned from <worktree>/target/release/c2rs  built 2026-08-07 14:13:01
  sha 9813d86b5be7  tree 2f3f08a4

wall clock: 2s for 18 lanes at --jobs 6 (C2RS_JOBS=8)

generated sweep: scripts/expr_sweep.sh /tmp/c2rs-gate-2265543/sweep 0  (jobs 6)
    60 fragments, 16710 cases total (16710 .cpp on disk)
  sweeping 16710 of 16710 generated cases
    grading at 6 job(s)
  checked=16710 mismatches=0 graded=16614 ungraded=96 unknown=0
  (173s)

mode cross:      scripts/mode_cross.sh /tmp/c2rs-gate-2265543/cross 0  (jobs 6)
  assigned 16710 cases over 18 lanes = 81905 cells (full cross would be 300780)
  sweeping 81905 of 81905 case-lane cells (cross of 0 cases x <worktree>/scripts/lanes.txt; the full 12x product is 300780)
  checked=81905 mismatches=0 graded=81517 ungraded=388 unknown=0
  (26s)

disk:   /tmp low-water this run — 30.2 GiB and 759,198 inodes free (start: 30.3 GiB / 776,190)

LANE                 VERDICT     graded/total  match  mismatch  flags
-------------------- ---------- ------------- ------ --------- --------------------
O1                   PASS          276/276       137         0  /O1
O1-EHsc              PASS          276/276       137         0  /O1 /EHsc
O1-Oi                PASS          276/276       137         0  /O1 /Oi
O1-Oi-EHsc           PASS          276/276       137         0  /O1 /Oi /EHsc
Ox                   PASS          276/276       129         0  /Ox
Ox-EHsc              PASS          276/276       129         0  /Ox /EHsc
Ox-Gy                PASS          276/276       127         0  /Ox /Gy
Ox-Gy-EHsc           PASS          276/276       127         0  /Ox /Gy /EHsc
O2                   PASS          276/276       133         0  /O2
O2-EHsc              PASS          276/276       133         0  /O2 /EHsc
Od                   PASS          276/276        15         0  /Od
Od-EHsc              PASS          276/276        15         0  /Od /EHsc
O1-Oi-GR             PASS          276/276       137         0  /O1 /Oi /GR
O1-Oi-EHsc-GR        PASS          276/276       137         0  /O1 /Oi /EHsc /GR
Ox-GR                PASS          276/276       129         0  /Ox /GR
Ox-EHsc-GR           PASS          276/276       129         0  /Ox /EHsc /GR
Od-GR                PASS          276/276        15         0  /Od /GR
Od-EHsc-GR           PASS          276/276        15         0  /Od /EHsc /GR
expr-sweep           PASS        16710/16710   16614         0  generated cases (of 16710)
mode-cross           PASS        81905/81905   81517         0  case-lane cells (of 81905)

lanes:  18 in the registry — 18 PASS, 0 FAIL, 0 SKIP, 0 NO-RESULT
graded: 4968 fixture-verdicts across all lanes
sweep:  PASS — 16710 of 16710 selected cases reached, 16614 GRADED by the
        oracle (96 ungraded: no reference obj), 0 mismatch (corpus 16710)
cross:  PASS — 81517 of 81905 selected cells graded, 0 mismatch (product 81905)
logs:   /tmp/c2rs-gate-2265543/<lane>.log, /tmp/c2rs-gate-2265543/sweep.log, /tmp/c2rs-gate-2265543/cross.log

GATE: PASS — 18/18 lanes ran and every one of them graded a corpus,
  the sweep graded 16614 of 16710 generated cases and the cross graded
  81517 of 81905 case-lane cells, with 0 mismatches anywhere
  (96 sweep cases carried ungraded — the reference rejects the source).
