  configuration      knd | verdict | frame/mr | run text
  ----------------------------------------------------------------------------------------------------------------------
  C1-formals         L   | LEAF    | -        | stw 4, 0(3) ; stw 5, 4(3)
  C1-formals         P   | IDENT   | f1 -     | stw 4, 0(3) ; stw 5, 4(3)
  C1-formals         P2  | IDENT   | f9 -     | stw 4, 0(3) ; stw 5, 4(3)
  C1-formals         Q   | DIFFER  | f6 0:mr31,3,0:mr30,4,0:mr29,5 | stw 30, 0(31) ; stw 29, 4(31)
  C1-formals         R   | IDENT   | f10 1:mr31,3,2:mr3,31 | stw 4, 0(3) ; stw 5, 4(3)
  C10-const4         L   | LEAF    | -        | li 11, 7 ; stw 11, 0(3) ; stw 11, 4(3) ; stw 11, 8(3) ; stw 11, 12(3)
  C10-const4         P   | IDENT   | f1 -     | li 11, 7 ; stw 11, 0(3) ; stw 11, 4(3) ; stw 11, 8(3) ; stw 11, 12(3)
  C10-const4         P2  | IDENT   | f9 -     | li 11, 7 ; stw 11, 0(3) ; stw 11, 4(3) ; stw 11, 8(3) ; stw 11, 12(3)
  C10-const4         Q   | PLAN    | f10 0:mr31,3 | li 11, 7 ; stw 11, 0(31) ; stw 11, 4(31) ; stw 11, 8(31) ; stw 11, 12(31)
  C10-const4         R   | IDENT   | f10 1:mr31,3,5:mr3,31 | li 11, 7 ; stw 11, 0(3) ; stw 11, 4(3) ; stw 11, 8(3) ; stw 11, 12(3)
  C11-const-inter    L   | LEAF    | -        | li 10, 7 ; li 11, 9 ; stw 10, 0(3) ; stw 11, 32(3) ; stw 10, 4(3) ; stw 11, 36(3)
  C11-const-inter    P   | IDENT   | f1 -     | li 10, 7 ; li 11, 9 ; stw 10, 0(3) ; stw 11, 32(3) ; stw 10, 4(3) ; stw 11, 36(3)
  C11-const-inter    P2  | IDENT   | f9 -     | li 10, 7 ; li 11, 9 ; stw 10, 0(3) ; stw 11, 32(3) ; stw 10, 4(3) ; stw 11, 36(3)
  C11-const-inter    Q   | PLAN    | f10 0:mr31,3 | li 10, 7 ; li 11, 9 ; stw 10, 0(31) ; stw 11, 32(31) ; stw 10, 4(31) ; stw 11, 36(31)
  C11-const-inter    R   | IDENT   | f10 3:mr31,3,6:mr3,31 | li 10, 7 ; li 11, 9 ; stw 10, 0(3) ; stw 11, 32(3) ; stw 10, 4(3) ; stw 11, 36(3)
  C12-reg3           L   | LEAF    | -        | addi 11, 3, 64 ; stw 11, 64(3) ; stw 11, 68(3) ; stw 11, 72(3)
  C12-reg3           P   | IDENT   | f1 -     | addi 11, 3, 64 ; stw 11, 64(3) ; stw 11, 68(3) ; stw 11, 72(3)
  C12-reg3           P2  | IDENT   | f9 -     | addi 11, 3, 64 ; stw 11, 64(3) ; stw 11, 68(3) ; stw 11, 72(3)
  C12-reg3           Q   | DIFFER  | f12 0:mr31,3 | addi 30, 3, 64 ; stw 30, 64(31) ; stw 30, 68(31) ; stw 30, 72(31)
  C12-reg3           R   | IDENT   | f10 1:mr31,3,4:mr3,31 | addi 11, 3, 64 ; stw 11, 64(3) ; stw 11, 68(3) ; stw 11, 72(3)
  C2-const1          L   | LEAF    | -        | li 11, 7 ; stw 11, 0(3)
  C2-const1          P   | IDENT   | f1 -     | li 11, 7 ; stw 11, 0(3)
  C2-const1          P2  | IDENT   | f9 -     | li 11, 7 ; stw 11, 0(3)
  C2-const1          Q   | PLAN    | f10 0:mr31,3 | li 11, 7 ; stw 11, 0(31)
  C2-const1          R   | IDENT   | f10 1:mr31,3,2:mr3,31 | li 11, 7 ; stw 11, 0(3)
  C3-const2          L   | LEAF    | -        | li 11, 7 ; stw 11, 0(3) ; stw 11, 4(3)
  C3-const2          P   | IDENT   | f1 -     | li 11, 7 ; stw 11, 0(3) ; stw 11, 4(3)
  C3-const2          P2  | IDENT   | f9 -     | li 11, 7 ; stw 11, 0(3) ; stw 11, 4(3)
  C3-const2          Q   | PLAN    | f10 0:mr31,3 | li 11, 7 ; stw 11, 0(31) ; stw 11, 4(31)
  C3-const2          R   | IDENT   | f10 1:mr31,3,3:mr3,31 | li 11, 7 ; stw 11, 0(3) ; stw 11, 4(3)
  C4-const-2and1     L   | LEAF    | -        | li 11, 7 ; li 10, 9 ; stw 11, 0(3) ; stw 11, 4(3) ; stw 10, 32(3)
  C4-const-2and1     P   | IDENT   | f1 -     | li 11, 7 ; li 10, 9 ; stw 11, 0(3) ; stw 11, 4(3) ; stw 10, 32(3)
  C4-const-2and1     P2  | IDENT   | f9 -     | li 11, 7 ; li 10, 9 ; stw 11, 0(3) ; stw 11, 4(3) ; stw 10, 32(3)
  C4-const-2and1     Q   | PLAN    | f10 0:mr31,3 | li 11, 7 ; li 10, 9 ; stw 11, 0(31) ; stw 11, 4(31) ; stw 10, 32(31)
  C4-const-2and1     R   | IDENT   | f10 3:mr31,3,5:mr3,31 | li 11, 7 ; li 10, 9 ; stw 11, 0(3) ; stw 11, 4(3) ; stw 10, 32(3)
  C5-const-3x1       L   | LEAF    | -        | li 11, 7 ; li 10, 9 ; li 9, 11 ; stw 11, 0(3) ; stw 10, 32(3) ; stw 9, 48(3)
  C5-const-3x1       P   | IDENT   | f1 -     | li 11, 7 ; li 10, 9 ; li 9, 11 ; stw 11, 0(3) ; stw 10, 32(3) ; stw 9, 48(3)
  C5-const-3x1       P2  | IDENT   | f9 -     | li 11, 7 ; li 10, 9 ; li 9, 11 ; stw 11, 0(3) ; stw 10, 32(3) ; stw 9, 48(3)
  C5-const-3x1       Q   | PLAN    | f10 0:mr31,3 | li 11, 7 ; li 10, 9 ; li 9, 11 ; stw 11, 0(31) ; stw 10, 32(31) ; stw 9, 48(31)
  C5-const-3x1       R   | IDENT   | f10 5:mr31,3,6:mr3,31 | li 11, 7 ; li 10, 9 ; li 9, 11 ; stw 11, 0(3) ; stw 10, 32(3) ; stw 9, 48(3)
  C6-xboxheap        L   | LEAF    | -        | addi 11, 3, 64 ; li 10, 0 ; stw 11, 64(3) ; stw 11, 68(3) ; stw 10, 0(3)
  C6-xboxheap        P   | IDENT   | f1 -     | addi 11, 3, 64 ; li 10, 0 ; stw 11, 64(3) ; stw 11, 68(3) ; stw 10, 0(3)
  C6-xboxheap        P2  | IDENT   | f9 -     | addi 11, 3, 64 ; li 10, 0 ; stw 11, 64(3) ; stw 11, 68(3) ; stw 10, 0(3)
  C6-xboxheap        Q   | DIFFER  | f12 0:mr31,3 | addi 30, 3, 64 ; li 11, 0 ; stw 30, 64(31) ; stw 30, 68(31) ; stw 11, 0(31)
  C6-xboxheap        R   | IDENT   | f10 3:mr31,3,5:mr3,31 | addi 11, 3, 64 ; li 10, 0 ; stw 11, 64(3) ; stw 11, 68(3) ; stw 10, 0(3)
  C7-mix-1v1         L   | LEAF    | -        | addi 11, 3, 64 ; li 10, 7 ; stw 11, 64(3) ; stw 10, 0(3)
  C7-mix-1v1         P   | IDENT   | f1 -     | addi 11, 3, 64 ; li 10, 7 ; stw 11, 64(3) ; stw 10, 0(3)
  C7-mix-1v1         P2  | IDENT   | f9 -     | addi 11, 3, 64 ; li 10, 7 ; stw 11, 64(3) ; stw 10, 0(3)
  C7-mix-1v1         Q   | DIFFER  | f12 0:mr31,3 | addi 30, 3, 64 ; li 11, 7 ; stw 30, 64(31) ; stw 11, 0(31)
  C7-mix-1v1         R   | IDENT   | f10 3:mr31,3,4:mr3,31 | addi 11, 3, 64 ; li 10, 7 ; stw 11, 64(3) ; stw 10, 0(3)
  C8-mix-1v3         L   | LEAF    | -        | addi 10, 3, 64 ; li 11, 7 ; stw 10, 64(3) ; stw 11, 0(3) ; stw 11, 4(3) ; stw 11, 8(3)
  C8-mix-1v3         P   | IDENT   | f1 -     | addi 10, 3, 64 ; li 11, 7 ; stw 10, 64(3) ; stw 11, 0(3) ; stw 11, 4(3) ; stw 11, 8(3)
  C8-mix-1v3         P2  | IDENT   | f9 -     | addi 10, 3, 64 ; li 11, 7 ; stw 10, 64(3) ; stw 11, 0(3) ; stw 11, 4(3) ; stw 11, 8(3)
  C8-mix-1v3         Q   | DIFFER  | f12 0:mr31,3 | addi 30, 3, 64 ; li 11, 7 ; stw 30, 64(31) ; stw 11, 0(31) ; stw 11, 4(31) ; stw 11, 8(31)
  C8-mix-1v3         R   | IDENT   | f10 3:mr31,3,6:mr3,31 | addi 10, 3, 64 ; li 11, 7 ; stw 10, 64(3) ; stw 11, 0(3) ; stw 11, 4(3) ; stw 11, 8(3)
  C9-formal-const    L   | LEAF    | -        | li 11, 7 ; stw 4, 0(3) ; stw 11, 4(3) ; stw 11, 8(3)
  C9-formal-const    P   | IDENT   | f1 -     | li 11, 7 ; stw 4, 0(3) ; stw 11, 4(3) ; stw 11, 8(3)
  C9-formal-const    P2  | IDENT   | f9 -     | li 11, 7 ; stw 4, 0(3) ; stw 11, 4(3) ; stw 11, 8(3)
  C9-formal-const    Q   | DIFFER  | f12 0:mr31,3,0:mr30,4 | li 11, 7 ; stw 30, 0(31) ; stw 11, 4(31) ; stw 11, 8(31)
  C9-formal-const    R   | IDENT   | f10 2:mr31,3,4:mr3,31 | li 11, 7 ; stw 4, 0(3) ; stw 11, 4(3) ; stw 11, 8(3)

  selected 60 | reached 60 | GRADED 60 | IDENT 48 | PLAN-only 6 | DIFFER 6 | out-of-regime 0
  (IDENT counts the 12 leaf controls themselves; the framed verdicts are IDENT-minus-leaves, PLAN-only and DIFFER.)

  detail:
    C1-formals         Q   leaf: stw 4, 0(B) ; stw 5, 4(B)
    C1-formals         Q   cell: stw 30, 0(B) ; stw 29, 4(B)
    C10-const4         Q   base r3 -> r31
    C11-const-inter    Q   base r3 -> r31
    C12-reg3           Q   leaf: addi 11, B, 64 ; stw 11, 64(B) ; stw 11, 68(B) ; stw 11, 72(B)
    C12-reg3           Q   cell: addi 30, 3, 64 ; stw 30, 64(B) ; stw 30, 68(B) ; stw 30, 72(B)
    C2-const1          Q   base r3 -> r31
    C3-const2          Q   base r3 -> r31
    C4-const-2and1     Q   base r3 -> r31
    C5-const-3x1       Q   base r3 -> r31
    C6-xboxheap        Q   leaf: addi 11, B, 64 ; li 10, 0 ; stw 11, 64(B) ; stw 11, 68(B) ; stw 10, 0(B)
    C6-xboxheap        Q   cell: addi 30, 3, 64 ; li 11, 0 ; stw 30, 64(B) ; stw 30, 68(B) ; stw 11, 0(B)
    C7-mix-1v1         Q   leaf: addi 11, B, 64 ; li 10, 7 ; stw 11, 64(B) ; stw 10, 0(B)
    C7-mix-1v1         Q   cell: addi 30, 3, 64 ; li 11, 7 ; stw 30, 64(B) ; stw 11, 0(B)
    C8-mix-1v3         Q   leaf: addi 10, B, 64 ; li 11, 7 ; stw 10, 64(B) ; stw 11, 0(B) ; stw 11, 4(B) ; stw 11, 8(B)
    C8-mix-1v3         Q   cell: addi 30, 3, 64 ; li 11, 7 ; stw 30, 64(B) ; stw 11, 0(B) ; stw 11, 4(B) ; stw 11, 8(B)
    C9-formal-const    Q   leaf: li 11, 7 ; stw 4, 0(B) ; stw 11, 4(B) ; stw 11, 8(B)
    C9-formal-const    Q   cell: li 11, 7 ; stw 30, 0(B) ; stw 11, 4(B) ; stw 11, 8(B)

  ==> TRANSFER IS REFUTED on 6 cell(s).
