  cell           | nprod | u_raw | observed | predict  | verdict
  ----------------------------------------------------------------------------------
  N-rev-u1p3     | 3     | 1     | 3        | 3        | HIT
  N-rev-u2p1     | 1     | 2     | 2        | 2        | HIT
  N-rev-u3p2     | 2     | 2     | 3        | 3        | HIT
  N-rev-u4p2     | 2     | 2     | 3        | 3        | HIT
  N-u4p0         | 0     | 4     | 1        | 1        | HIT
  N-u4p1         | 1     | 4     | 2        | 2        | HIT
  N-u4p2         | 2     | 4     | 3        | 3        | HIT
  N-u4p3         | 3     | 4     | 4        | 4        | HIT
  N-u5p0         | 0     | 5     | 1        | 1        | HIT
  N-u5p1         | 1     | 5     | 2        | 2        | HIT
  N-u5p2         | 2     | 5     | 3        | 3        | HIT
  N-u5p3         | 3     | 5     | 4        | 4        | HIT
  N-u6p0         | 0     | 6     | 1        | 1        | HIT
  N-u6p1         | 1     | 6     | 2        | 2        | HIT
  N-u6p2         | 2     | 6     | 3        | 3        | HIT
  N-u6p3         | 3     | 6     | 4        | 4        | HIT
  N-widths-u2p1  | 1     | 2     | 2        | 2        | HIT
  N-widths-u3p2  | 3     | 2     | 4        | 4        | HIT

  RULE UNDER TEST:  stores_before_mr = nprod - 1 + min(u, 2)
                    (u = leading unproduced stores in the EMITTED order;
                     the min(2,.) is ORDER's own cap, docs/ORDER.md)

  selected 18 | reached 18 | GRADED 18 | hit 18 | MISS 0 | out-of-regime 0 | compile-failed 0

  ==> The corrected rule HOLDS on every graded fresh cell. It is still NOT shipped.
