  configuration  knd | verdict | frame/mr | run text
  ----------------------------------------------------------------------------------------------------------------------
  D1-pool6       L   | LEAF    | -        | li 11, 7 ; li 10, 9 ; stw 11, 0(3) ; stw 11, 4(3) ; stw 10, 32(3)
  D1-pool6       P2  | IDENT   | f4 -     | li 11, 7 ; li 10, 9 ; stw 11, 0(3) ; stw 11, 4(3) ; stw 10, 32(3)
  D1-pool6       R   | IDENT   | f5 3:mr31,3 | li 11, 7 ; li 10, 9 ; stw 11, 0(3) ; stw 11, 4(3) ; stw 10, 32(3)
  D10-mixlong    L   | LEAF    | -        | li 11, 7 ; stw 4, 0(3) ; li 10, 9 ; stw 5, 4(3) ; stw 11, 8(3) ; stw 11, 12(3) ; stw 10, 32(3)
  D10-mixlong    P2  | IDENT   | f4 -     | li 11, 7 ; stw 4, 0(3) ; li 10, 9 ; stw 5, 4(3) ; stw 11, 8(3) ; stw 11, 12(3) ; stw 10, 32(3)
  D10-mixlong    R   | IDENT   | f5 5:mr31,3 | li 11, 7 ; stw 4, 0(3) ; li 10, 9 ; stw 5, 4(3) ; stw 11, 8(3) ; stw 11, 12(3) ; stw 10, 32(3)
  D11-argcall    L   | LEAF    | -        | li 11, 7 ; li 10, 9 ; stw 11, 0(3) ; stw 11, 4(3) ; stw 10, 32(3)
  D11-argcall    P2  | DIFFER  | f4 -     | mr 10, 3 ; li 11, 7 ; li 9, 9 ; stw 11, 0(3) ; mr 3, 4 ; stw 11, 4(10) ; stw 9, 32(10)
  D11-argcall    R   | DIFFER  | f5 0:mr31,3 | li 11, 7 ; li 10, 9 ; stw 11, 0(3) ; mr 3, 4 ; stw 11, 4(31) ; stw 10, 32(31)
  D12-nonvoid    L   | LEAF    | -        | li 11, 7 ; li 10, 9 ; stw 11, 0(3) ; stw 11, 4(3) ; stw 10, 32(3)
  D12-nonvoid    P2  | IDENT   | f5 3:mr31,3 | li 11, 7 ; li 10, 9 ; stw 11, 0(3) ; stw 11, 4(3) ; stw 10, 32(3)
  D12-nonvoid    R   | IDENT   | f5 3:mr31,3 | li 11, 7 ; li 10, 9 ; stw 11, 0(3) ; stw 11, 4(3) ; stw 10, 32(3)
  D2-pool6-reg   L   | LEAF    | -        | addi 11, 3, 88 ; li 10, 0 ; stw 11, 88(3) ; stw 11, 92(3) ; stw 10, 0(3)
  D2-pool6-reg   P2  | IDENT   | f4 -     | addi 11, 3, 88 ; li 10, 0 ; stw 11, 88(3) ; stw 11, 92(3) ; stw 10, 0(3)
  D2-pool6-reg   R   | IDENT   | f5 3:mr31,3 | addi 11, 3, 88 ; li 10, 0 ; stw 11, 88(3) ; stw 11, 92(3) ; stw 10, 0(3)
  D3-widths      L   | LEAF    | -        | li 11, 7 ; stb 4, 64(3) ; sth 5, 66(3) ; stw 11, 0(3) ; std 11, 72(3)
  D3-widths      P2  | IDENT   | f4 -     | li 11, 7 ; stb 4, 64(3) ; sth 5, 66(3) ; stw 11, 0(3) ; std 11, 72(3)
  D3-widths      R   | IDENT   | f5 3:mr31,3 | li 11, 7 ; stb 4, 64(3) ; sth 5, 66(3) ; stw 11, 0(3) ; std 11, 72(3)
  D4-widths-c    L   | LEAF    | -        | li 11, 1 ; stb 11, 64(3) ; sth 11, 66(3) ; stw 11, 0(3)
  D4-widths-c    P2  | IDENT   | f4 -     | li 11, 1 ; stb 11, 64(3) ; sth 11, 66(3) ; stw 11, 0(3)
  D4-widths-c    R   | IDENT   | f5 1:mr31,3 | li 11, 1 ; stb 11, 64(3) ; sth 11, 66(3) ; stw 11, 0(3)
  D5-twobase     L   | LEAF    | -        | li 11, 7 ; li 10, 9 ; stw 11, 0(3) ; stw 11, 4(4) ; stw 10, 8(3)
  D5-twobase     P2  | IDENT   | f4 -     | li 11, 7 ; li 10, 9 ; stw 11, 0(3) ; stw 11, 4(4) ; stw 10, 8(3)
  D5-twobase     R   | IDENT   | f5 3:mr31,3 | li 11, 7 ; li 10, 9 ; stw 11, 0(3) ; stw 11, 4(4) ; stw 10, 8(3)
  D6-twobase-f   L   | LEAF    | -        | li 11, 7 ; stw 5, 0(3) ; stw 6, 4(4) ; stw 11, 8(3)
  D6-twobase-f   P2  | IDENT   | f4 -     | li 11, 7 ; stw 5, 0(3) ; stw 6, 4(4) ; stw 11, 8(3)
  D6-twobase-f   R   | IDENT   | f5 3:mr31,3 | li 11, 7 ; stw 5, 0(3) ; stw 6, 4(4) ; stw 11, 8(3)
  D7-wide        L   | LEAF    | -        | lis 11, 1 ; ori 11, 11, 34464 ; stw 11, 0(3) ; stw 11, 4(3)
  D7-wide        P2  | IDENT   | f4 -     | lis 11, 1 ; ori 11, 11, 34464 ; stw 11, 0(3) ; stw 11, 4(3)
  D7-wide        R   | IDENT   | f5 1:mr31,3 | lis 11, 1 ; ori 11, 11, 34464 ; stw 11, 0(3) ; stw 11, 4(3)
  D8-wide-mix    L   | LEAF    | -        | lis 11, 1 ; li 10, 1 ; ori 11, 11, 34464 ; stw 10, 4(3) ; stw 11, 0(3)
  D8-wide-mix    P2  | IDENT   | f4 -     | lis 11, 1 ; li 10, 1 ; ori 11, 11, 34464 ; stw 10, 4(3) ; stw 11, 0(3)
  D8-wide-mix    R   | IDENT   | f5 4:mr31,3 | lis 11, 1 ; li 10, 1 ; ori 11, 11, 34464 ; stw 10, 4(3) ; stw 11, 0(3)
  D9-run7        L   | LEAF    | -        | li 11, 7 ; li 10, 9 ; stw 11, 0(3) ; stw 11, 4(3) ; stw 11, 8(3) ; stw 11, 12(3) ; stw 10, 16(3) ; stw 10, 20(3) ; stw 10, 24(3)
  D9-run7        P2  | IDENT   | f4 -     | li 11, 7 ; li 10, 9 ; stw 11, 0(3) ; stw 11, 4(3) ; stw 11, 8(3) ; stw 11, 12(3) ; stw 10, 16(3) ; stw 10, 20(3) ; stw 10, 24(3)
  D9-run7        R   | IDENT   | f5 3:mr31,3 | li 11, 7 ; li 10, 9 ; stw 11, 0(3) ; stw 11, 4(3) ; stw 11, 8(3) ; stw 11, 12(3) ; stw 10, 16(3) ; stw 10, 20(3) ; stw 10, 24(3)

  selected 36 | reached 36 | GRADED 36 | IDENT 34 | PLAN-only 0 | DIFFER 2 | out-of-regime 0
  (IDENT includes the leaf controls; the framed verdicts are IDENT-minus-leaves, PLAN-only and DIFFER.)

  detail:
    D11-argcall    P2  leaf: li 11, 7 ; li 10, 9 ; stw 11, 0(B) ; stw 11, 4(B) ; stw 10, 32(B)
    D11-argcall    P2  cell: mr 10, 3 ; li 11, 7 ; li 9, 9 ; stw 11, 0(3) ; mr 3, 4 ; stw 11, 4(10) ; stw 9, 32(10)
    D11-argcall    R   leaf: li 11, 7 ; li 10, 9 ; stw 11, 0(B) ; stw 11, 4(B) ; stw 10, 32(B)
    D11-argcall    R   cell: li 11, 7 ; li 10, 9 ; stw 11, 0(3) ; mr 3, 4 ; stw 11, 4(31) ; stw 10, 32(31)

  ==> T5 is REFUTED on 2 cell(s).
