table    : work/w-clausegen/CLAUSES_c1_control.tsv
rows     : 24
  state    : {'absent': 15, 'R-derived': 4, 'fitted': 2, 'unexercisable': 3}
  exercised: {'yes': 9, 'not-separable': 6, 'no': 6, 'unexercisable': 3}
  CITES    : 4 of 24 rows have a non-empty frozen crates/ citation footprint, 24 of 24 compared  [at rev 72caf2586]
listing  : ~/ghidra-projects/export/c2/objdump_intel.asm
  ALIGN  : 424,232 instruction starts, 24 of 24 rows graded
  DECODE : 24 of 24 rows carry an `asm` cell and were graded
  FAIL C3: CITES footprint for 0x10b62708 MOVED -- NEW: crates/c2-core/src/splice.rs. State is 'R-derived'. A NEW citation of this clause's own address is how a counterpart adopted under a DIFFERENT NAME becomes visible -- check 5 cannot see one and stayed GREEN on C14/C18 for a full wave. Read the file, then either move `state` or record the citation as a mention by updating the `cites` cell. Do not regenerate the cell without reading it (#3641: this check cannot tell a mark from a mention either).
  FAIL C4: CITES footprint for 0x10b6276e MOVED -- NEW: crates/c2-core/src/splice.rs. State is 'absent'. A NEW citation of this clause's own address is how a counterpart adopted under a DIFFERENT NAME becomes visible -- check 5 cannot see one and stayed GREEN on C14/C18 for a full wave. Read the file, then either move `state` or record the citation as a mention by updating the `cites` cell. Do not regenerate the cell without reading it (#3641: this check cannot tell a mark from a mention either).
  FAIL C11: CITES footprint for 0x10b5c06b MOVED -- NEW: crates/c2-harness/tests/clause_table.rs. State is 'absent'. A NEW citation of this clause's own address is how a counterpart adopted under a DIFFERENT NAME becomes visible -- check 5 cannot see one and stayed GREEN on C14/C18 for a full wave. Read the file, then either move `state` or record the citation as a mention by updating the `cites` cell. Do not regenerate the cell without reading it (#3641: this check cannot tell a mark from a mention either).
  FAIL C12: CITES footprint for 0x10b5c06b MOVED -- NEW: crates/c2-harness/tests/clause_table.rs. State is 'absent'. A NEW citation of this clause's own address is how a counterpart adopted under a DIFFERENT NAME becomes visible -- check 5 cannot see one and stayed GREEN on C14/C18 for a full wave. Read the file, then either move `state` or record the citation as a mention by updating the `cites` cell. Do not regenerate the cell without reading it (#3641: this check cannot tell a mark from a mention either).
  FAIL C13: CITES footprint for 0x10b5c06b MOVED -- NEW: crates/c2-harness/tests/clause_table.rs. State is 'R-derived'. A NEW citation of this clause's own address is how a counterpart adopted under a DIFFERENT NAME becomes visible -- check 5 cannot see one and stayed GREEN on C14/C18 for a full wave. Read the file, then either move `state` or record the citation as a mention by updating the `cites` cell. Do not regenerate the cell without reading it (#3641: this check cannot tell a mark from a mention either).
  FAIL C14: CITES footprint for 0x10b60a1c MOVED -- NEW: crates/c2-core/src/splice.rs. State is 'absent'. A NEW citation of this clause's own address is how a counterpart adopted under a DIFFERENT NAME becomes visible -- check 5 cannot see one and stayed GREEN on C14/C18 for a full wave. Read the file, then either move `state` or record the citation as a mention by updating the `cites` cell. Do not regenerate the cell without reading it (#3641: this check cannot tell a mark from a mention either).
  FAIL C18: CITES footprint for 0x10b625b6 MOVED -- NEW: crates/c2-core/src/splice.rs. State is 'absent'. A NEW citation of this clause's own address is how a counterpart adopted under a DIFFERENT NAME becomes visible -- check 5 cannot see one and stayed GREEN on C14/C18 for a full wave. Read the file, then either move `state` or record the citation as a mention by updating the `cites` cell. Do not regenerate the cell without reading it (#3641: this check cannot tell a mark from a mention either).
  FAIL C19: CITES footprint for 0x10b625bb MOVED -- NEW: crates/c2-core/src/splice.rs. State is 'R-derived'. A NEW citation of this clause's own address is how a counterpart adopted under a DIFFERENT NAME becomes visible -- check 5 cannot see one and stayed GREEN on C14/C18 for a full wave. Read the file, then either move `state` or record the citation as a mention by updating the `cites` cell. Do not regenerate the cell without reading it (#3641: this check cannot tell a mark from a mention either).

CONFORMANCE-CHECK: RED  (8 failure(s) over 24 rows)
control table: work/w-clausegen/CLAUSES_c1_control.tsv
  rows from   72caf2586 (the tree whose check 5 was GREEN)
  cites frozen at 8b4ca972c^ (before w-inlbudget adopted)

