FULL 52-token ceiling, 878 graded TUs
  EXPRESSION reach = 88806   of 120,456 blocked emitted functions
  STATEMENT  reach = 5184   of 120,456 blocked emitted functions
  match = 18   fnbyte-exact = 29785   (both COUNTERFACTUAL: the sink de-accepts)
  op:02      expr   88806 (margin       0)   stmt  5047 (margin   137)
  op:03      expr   88806 (margin       0)   stmt  5135 (margin    49)
  op:04      expr   88806 (margin       0)   stmt  4969 (margin   215)
  op:05      expr   87592 (margin    1214)   stmt  5179 (margin     5)
  op:06      expr   88764 (margin      42)   stmt  5172 (margin    12)
  op:09      expr   88806 (margin       0)   stmt  5180 (margin     4)
  op:0A      expr   86778 (margin    2028)   stmt  5182 (margin     2)
  op:0B      expr   88806 (margin       0)   stmt  5165 (margin    19)
  op:0C      expr   88806 (margin       0)   stmt  5182 (margin     2)
  op:0D      expr   88806 (margin       0)   stmt  5184 (margin     0)
  op:0F      expr   86876 (margin    1930)   stmt  4381 (margin   803)
  op:1A      expr   88102 (margin     704)   stmt  5074 (margin   110)
  op:1F      expr   82263 (margin    6543)   stmt  4281 (margin   903)
  op:20      expr   81800 (margin    7006)   stmt  1961 (margin  3223)
  op:21      expr   87908 (margin     898)   stmt  4636 (margin   548)
  op:22      expr   87330 (margin    1476)   stmt  4589 (margin   595)
  op:23      expr   88106 (margin     700)   stmt  5126 (margin    58)
  op:24      expr   87621 (margin    1185)   stmt  5141 (margin    43)
  op:26      expr   63343 (margin   25463)   stmt   309 (margin  4875)
  op:27      expr   54788 (margin   34018)   stmt  4209 (margin   975)
  op:28      expr   88116 (margin     690)   stmt  5080 (margin   104)
  op:29      expr       0 (margin   88806)   stmt     0 (margin  5184)
  op:2C      expr   27451 (margin   61355)   stmt  1513 (margin  3671)
  op:30      expr   39389 (margin   49417)   stmt   716 (margin  4468)
  op:32      expr   60707 (margin   28099)   stmt  1409 (margin  3775)
  op:33      expr   88806 (margin       0)   stmt   313 (margin  4871)
  op:35      expr   87590 (margin    1216)   stmt  5081 (margin   103)
  op:38      expr   69553 (margin   19253)   stmt  2413 (margin  2771)
  op:39      expr   85543 (margin    3263)   stmt  3978 (margin  1206)
  op:3A      expr       1 (margin   88805)   stmt     0 (margin  5184)
  op:40      expr   55353 (margin   33453)   stmt  3378 (margin  1806)
  op:41      expr   28639 (margin   60167)   stmt  3418 (margin  1766)
  op:43      expr   85322 (margin    3484)   stmt  3007 (margin  2177)
  op:44      expr   77213 (margin   11593)   stmt   968 (margin  4216)
  op:4B      expr   21080 (margin   67726)   stmt   673 (margin  4511)
  op:4C      expr   12397 (margin   76409)   stmt   634 (margin  4550)
  op:4F      expr       0 (margin   88806)   stmt   574 (margin  4610)
  op:53      expr   73079 (margin   15727)   stmt  3795 (margin  1389)
  op:54      expr       0 (margin   88806)   stmt     0 (margin  5184)
  op:55      expr   17444 (margin   71362)   stmt   835 (margin  4349)
  op:5C      expr   75374 (margin   13432)   stmt  3910 (margin  1274)
  op:5D      expr   88806 (margin       0)   stmt  4347 (margin   837)
  op:5E      expr   88806 (margin       0)   stmt  4753 (margin   431)
  op:66      expr   63358 (margin   25448)   stmt  4608 (margin   576)
  op:67      expr   88806 (margin       0)   stmt  5184 (margin     0)
  op:99      expr   27671 (margin   61135)   stmt  1971 (margin  3213)
  op:9B      expr   75528 (margin   13278)   stmt   891 (margin  4293)
  op:B9      expr   88806 (margin       0)   stmt   792 (margin  4392)
  op:BD      expr   24839 (margin   63967)   stmt   634 (margin  4550)
  type       expr   88806 (margin       0)   stmt  5184 (margin     0)
  convert    expr   88806 (margin       0)   stmt  5184 (margin     0)
  intrinsic  expr   88806 (margin       0)   stmt  5184 (margin     0)

EXPRESSION: sum of marginals = 1118904 against a total reach of 88806  (12.6x)
  discriminating cells: 37 of 52 tokens have a NONZERO margin
STATEMENT : sum of marginals = 98039 against a total reach of 5184  (18.9x)
  discriminating cells: 47 of 52 tokens have a NONZERO margin

wrote work/w-loo/loo2.tsv
