lane gate: preflight on /tmp
  keep    <GATERUN>       this run
  keep    <GATERUN>       recent — 1 of 3 finished runs kept for their logs
  keep    <GATERUN>       recent — 2 of 3 finished runs kept for their logs
  keep    <GATERUN>       recent — 3 of 3 finished runs kept for their logs
  reaped  <GATERUN>       stale — no live gate owns it
  reaped  <GATERUN>       stale — no live gate owns it
  reaped  <GATERUN>       stale — no live gate owns it
reap:   3 stale run tree(s) removed, 4 kept (0 live, 3 recent, 1 this run)
strip:  0 kept tree(s) lost 0 regenerable cases; 1 newest kept theirs (C2RS_GATE_KEEP_CASES=1)
        freed 680.6 MiB and 40,440 inodes (df delta over a SHARED filesystem)
disk:   /tmp — free 13.8 GiB / 984,947 inodes (floors: 2.0 GiB / 150,000 inodes)

lane gate: 18 lanes from <REPO>/scripts/lanes.txt
  run dir: <GATERUN>   (per-lane run dirs under <GATERUN>/lanes/)
  row history: <REPO>/work/gate_row_history.tsv   (board #3339)
  graded tree: ce2306aea00b  (800 files under crates fixtures scripts, content-hashed)
               2 gitignored byproduct file(s) under those directories were NOT hashed (board #3048)

hatch-red:       work/w-hatch/hatch_red.py  (no toolchain; fires hatch.py's refusals)
  REFUSED  HATCH-STALE `hatch.py apply` cannot hatch this tree, so the arms have no tree to run on (board #1389)
ladder-red:      work/w-ladders/ladder_red.py  (no toolchain; fires ladder.py's width-table refusal)
  PASS  
building the harness (no-op if current)
   Compiling c2-il v0.1.0 (<REPO>/crates/c2-il)
   Compiling c2-core v0.1.0 (<REPO>/crates/c2-core)
   Compiling c2-reference v0.1.0 (<REPO>/crates/c2-reference)
   Compiling c2-harness v0.1.0 (<REPO>/crates/c2-harness)
    Finished `release` profile [optimized] target(s) in 16.39s
harness: <GATERUN>/c2rs
  pinned from <REPO>/target/release/c2rs  built 2026-08-27 20:56:58
  sha 9f24326c30b8  tree 1eedef46b

wall clock: 14s for 18 lanes at --jobs 16 (C2RS_JOBS=8)

generated sweep: scripts/expr_sweep.sh <GATERUN>/sweep 0  (jobs 16)
  sweeping 19556 of 19556 generated cases
    grading at 16 job(s)
  checked=19556 mismatches=0 graded=19460 ungraded=96 unknown=0
  cache: hit=19460 miss=96 validated=190 cache-bad=0 (of 19556 cases)
  corpus: SHARED <MAINREPO>/work/corpus/gen-169fae960ed84b63
  (177s)

mode cross:      scripts/mode_cross.sh <GATERUN>/cross 0  (jobs 16)
  assigned 19556 cases over 18 lanes = 90812 cells (full cross would be 352008)
  sweeping 90812 of 90812 case-lane cells (cross of 19556 cases x <REPO>/scripts/lanes.txt; the full 12x product is 352008)
  checked=90812 mismatches=0 graded=90424 ungraded=388 unknown=0
  cache: hit=90424 miss=388 validated=894 cache-bad=0 (of 90812 cells)
  corpus: SHARED <MAINREPO>/work/corpus/gen-169fae960ed84b63
  (171s)

debug lane:      scripts/debug_lane.sh  (DEBUG profile — the only row that can
                 execute a debug_assert or trap an arithmetic overflow)
  debug lane: 18 lanes x 391 fixtures at 16 lane(s) at once, binary=<GATERUN>/debuglane/c2rs
  DEBUG-LANE-TOTAL lanes=18 ran=18 failed=0
  (17s)

disk:   /tmp low-water this run — 13.6 GiB and 984,478 inodes free (start: 13.8 GiB / 984,947)

LANE                 VERDICT     graded/total  match  mismatch  flags
-------------------- ---------- ------------- ------ --------- --------------------
O1                   PASS          391/391       186         0  /O1
O1-EHsc              PASS          391/391       187         0  /O1 /EHsc
O1-Oi                PASS          391/391       188         0  /O1 /Oi
O1-Oi-EHsc           PASS          391/391       189         0  /O1 /Oi /EHsc
Ox                   PASS          391/391       157         0  /Ox
Ox-EHsc              PASS          391/391       157         0  /Ox /EHsc
Ox-Gy                PASS          391/391       157         0  /Ox /Gy
Ox-Gy-EHsc           PASS          391/391       157         0  /Ox /Gy /EHsc
O2                   PASS          391/391       163         0  /O2
O2-EHsc              PASS          391/391       163         0  /O2 /EHsc
Od                   PASS          391/391        21         0  /Od
Od-EHsc              PASS          391/391        21         0  /Od /EHsc
O1-Oi-GR             PASS          391/391       188         0  /O1 /Oi /GR
O1-Oi-EHsc-GR        PASS          391/391       189         0  /O1 /Oi /EHsc /GR
Ox-GR                PASS          391/391       157         0  /Ox /GR
Ox-EHsc-GR           PASS          391/391       157         0  /Ox /EHsc /GR
Od-GR                PASS          391/391        21         0  /Od /GR
Od-EHsc-GR           PASS          391/391        21         0  /Od /EHsc /GR
expr-sweep           PASS        19556/19556   19460         0  generated cases (of 19556)
mode-cross           PASS        90812/90812   90424         0  case-lane cells (of 90812)
hatch-red            REFUSED         0/14          0       n/a  arms (0 green controls)   <- HATCH-STALE `hatch.py apply` cannot hatch this tree, so the arms have no tree to run on (board #1389)
ladder-red           PASS            5/5           3       n/a  arms (2 green controls)
debug-lane           PASS           18/18       2479         0  DEBUG-profile lanes (7038 graded, 0 panic)

ROW LIVENESS — rows that did NOT execute (verdict was neither PASS nor FAIL):
  hatch-red: REFUSED for 4 consecutive run(s) (first seen 2026-08-27)
  A refusal may be right on the day; a row refusing for N runs is a row
  nobody is reading (board #3219). This PRINTS and never fails the gate.
  History: <REPO>/work/gate_row_history.tsv — delete it to reset. It starts at the commit that
  added this counter, so an N here is a FLOOR on the true age, never the age.

lanes:  18 in the registry — 18 PASS, 0 FAIL, 0 SKIP, 0 NO-RESULT
graded: 7038 fixture-verdicts across all lanes
sweep:  PASS — 19556 of 19556 selected cases reached, 19460 GRADED by the
        oracle (96 ungraded: no reference obj), 0 mismatch (corpus 19556)
cross:  PASS — 90424 of 90812 selected cells graded, 0 mismatch (product 90812)
debug:  PASS — 18 of 18 lanes through a DEBUG-profile c2rs,
        7038 fixture-verdicts, match 2479, 0 mismatch, 0 PANIC
logs:   <GATERUN>/<lane>.log, <GATERUN>/sweep.log, <GATERUN>/cross.log, <GATERUN>/debuglane.log

GATE: PASS (HATCH-RED REFUSED) — 18/18 lanes ran and every one of them graded a corpus,
  the sweep graded 19460 of 19556 generated cases and the cross graded
  90424 of 90812 case-lane cells, with 0 mismatches anywhere
  (96 sweep cases carried ungraded — the reference rejects the source),
  and 18/18 lanes ran again through a DEBUG-profile c2rs for
  7038 more fixture-verdicts at 0 panics — the one row here that can
  express a false debug_assert or an arithmetic overflow at all.

  HATCH-RED REFUSED — HATCH-STALE `hatch.py apply` cannot hatch this tree, so the arms have no tree to run on (board #1389)
  The arms write into crates/ and restore it, so they will not run over a tree
  that is not HEAD, and they cannot run at all on a tree the hatch will not
  apply to. Neither is a statement about `hatch.py`'s eight refusals, so this
  run does NOT establish what a full run establishes (board #1406). This is why
  the headline above is qualified: commit or stash crates/ and re-run.

graded tree: ce2306aea00b  (800 files: crates fixtures scripts, content-hashed)
  2 gitignored byproduct file(s) under those directories were NOT hashed
  (board #3048; it was 2 at the start of this run). The subtraction is
  printed at BOTH ends on purpose: a denominator nobody prints on both sides of a
  change is a denominator that grows unwatched (#1002). A rise here is not a failure —
  it is the gate saying which of its own byproducts it declined to grade itself on.
  This is the identity of what was graded. It is a hash of file CONTENT, not
  a commit — HEAD is what lied in #2907, and a commit id is silent about
  uncommitted work, a half-restored tree and a concurrent writer alike.
GATE_TIP_EXIT=0
