lane gate: 12 lanes from <repo>
  run dir: /tmp/c2rs-gate-1068667   (per-lane run dirs under /tmp/c2rs-gate-1068667/lanes/)
building the harness (no-op if current)
    Finished `release` profile [optimized] target(s) in 0.00s
harness: /tmp/c2rs-gate-1068667/c2rs
  pinned from <repo>  built 2026-08-04 13:28:09
  sha 0318750e37e7  tree a8621ed

wall clock: 6s for 12 lanes at --jobs 6 (C2RS_JOBS=8)

LANE                 VERDICT     graded/total  match  mismatch  flags
-------------------- ---------- ------------- ------ --------- --------------------
O1                   PASS          222/222       105         0  /O1
O1-EHsc              PASS          222/222       105         0  /O1 /EHsc
O1-Oi                PASS          222/222       105         0  /O1 /Oi
O1-Oi-EHsc           PASS          222/222       105         0  /O1 /Oi /EHsc
Ox                   PASS          222/222       105         0  /Ox
Ox-EHsc              PASS          222/222       105         0  /Ox /EHsc
Ox-Gy                PASS          222/222       103         0  /Ox /Gy
Ox-Gy-EHsc           PASS          222/222       103         0  /Ox /Gy /EHsc
O2                   PASS          222/222       105         0  /O2
O2-EHsc              PASS          222/222       105         0  /O2 /EHsc
Od                   PASS          222/222         1         0  /Od
Od-EHsc              PASS          222/222         1         0  /Od /EHsc

lanes:  12 in the registry — 12 PASS, 0 FAIL, 0 SKIP, 0 NO-RESULT
graded: 2664 fixture-verdicts across all lanes
logs:   /tmp/c2rs-gate-1068667/<lane>.log

GATE: PASS — 12/12 lanes ran and every one of them graded a corpus.
