debug lane: 18 lanes x 386 fixtures at 4 lane(s) at once, binary=/home/free/tmp/c2rs-debug-lane-1930533/c2rs
DEBUG-LANE-RESULT PASS lane=O1 flags=[/O1] graded=386 total=386 match=182 mismatch=0 panics=0 rc=0
DEBUG-LANE-RESULT PASS lane=O1-EHsc flags=[/O1 /EHsc] graded=386 total=386 match=183 mismatch=0 panics=0 rc=0
DEBUG-LANE-RESULT PASS lane=O1-Oi flags=[/O1 /Oi] graded=386 total=386 match=184 mismatch=0 panics=0 rc=0
DEBUG-LANE-RESULT PASS lane=O1-Oi-EHsc flags=[/O1 /Oi /EHsc] graded=386 total=386 match=185 mismatch=0 panics=0 rc=0
DEBUG-LANE-RESULT PASS lane=Ox flags=[/Ox] graded=386 total=386 match=153 mismatch=0 panics=0 rc=0
DEBUG-LANE-RESULT PASS lane=Ox-EHsc flags=[/Ox /EHsc] graded=386 total=386 match=153 mismatch=0 panics=0 rc=0
DEBUG-LANE-RESULT PASS lane=Ox-Gy flags=[/Ox /Gy] graded=386 total=386 match=153 mismatch=0 panics=0 rc=0
DEBUG-LANE-RESULT PASS lane=Ox-Gy-EHsc flags=[/Ox /Gy /EHsc] graded=386 total=386 match=153 mismatch=0 panics=0 rc=0
DEBUG-LANE-RESULT PASS lane=O2 flags=[/O2] graded=386 total=386 match=159 mismatch=0 panics=0 rc=0
DEBUG-LANE-RESULT PASS lane=O2-EHsc flags=[/O2 /EHsc] graded=386 total=386 match=159 mismatch=0 panics=0 rc=0
DEBUG-LANE-RESULT PASS lane=Od flags=[/Od] graded=386 total=386 match=21 mismatch=0 panics=0 rc=0
DEBUG-LANE-RESULT PASS lane=Od-EHsc flags=[/Od /EHsc] graded=386 total=386 match=21 mismatch=0 panics=0 rc=0
DEBUG-LANE-RESULT PASS lane=O1-Oi-GR flags=[/O1 /Oi /GR] graded=386 total=386 match=184 mismatch=0 panics=0 rc=0
DEBUG-LANE-RESULT PASS lane=O1-Oi-EHsc-GR flags=[/O1 /Oi /EHsc /GR] graded=386 total=386 match=185 mismatch=0 panics=0 rc=0
DEBUG-LANE-RESULT PASS lane=Ox-GR flags=[/Ox /GR] graded=386 total=386 match=153 mismatch=0 panics=0 rc=0
DEBUG-LANE-RESULT PASS lane=Ox-EHsc-GR flags=[/Ox /EHsc /GR] graded=386 total=386 match=153 mismatch=0 panics=0 rc=0
DEBUG-LANE-RESULT PASS lane=Od-GR flags=[/Od /GR] graded=386 total=386 match=21 mismatch=0 panics=0 rc=0
DEBUG-LANE-RESULT PASS lane=Od-EHsc-GR flags=[/Od /EHsc /GR] graded=386 total=386 match=21 mismatch=0 panics=0 rc=0
DEBUG-LANE-TOTAL lanes=18 ran=18 failed=0
