# w-paramfill: table A / table B defaults, re-derived from the two fillers.
# EFFECTIVE = the value the FIRST zero-guarded store installs; a later
# guarded store on the same field can never fire (the sweeps are
# straight-line -- 1 non-guard transfer each, the call to FUN_10b5b88f).

off      defA    defB   A!=B   site(A)      site(B)
+0x00       60       2   <<<   0x10b5bc82  0x10b5ba8a
+0x04      104      20   <<<   0x10b5bc94  0x10b5ba98
+0x08       32       5   <<<   0x10b5bca9  0x10b5baad
+0x0c        0       0         0x10b5bcb7  0x10b5babb
+0x10        3       3         0x10b5bdca  0x10b5bc48
+0x14        7       7         0x10b5bdd8  0x10b5bac8
+0x18        1       1         0x10b5bded  0x10b5badd
+0x1c        2       2         0x10b5bdfe  0x10b5baeb
+0x20        2       2         0x10b5be0c  0x10b5baf9
+0x24        3       3         0x10b5be1a  0x10b5bb0b
+0x28        0       0         0x10b5be28  0x10b5bb19
+0x2c       96      15   <<<   0x10b5bcc7  0x10b5bb29
+0x30        0       0         0x10b5bcd5  0x10b5bb37
+0x34        0       0         0x10b5bce2  0x10b5bb44
+0x38       96      15   <<<   0x10b5bcef  0x10b5bb51
+0x3c       10      10         0x10b5be35  0x10b5bb5f
+0x40       20       5   <<<   0x10b5bcfd  0x10b5bb71
+0x44       -4      -1   <<<   0x10b5bd0f  0x10b5bb7f
+0x48        8       2   <<<   0x10b5bd21  0x10b5bb8e
+0x4c       48       3   <<<   0x10b5bd33  0x10b5bb9c
+0x50        4       1   <<<   0x10b5bd48  0x10b5bc57
+0x54        4       1   <<<   0x10b5bd56  0x10b5bc65
+0x58        1       1         0x10b5be59  0x10b5bbaa
+0x5c       32      15   <<<   0x10b5bd64  0x10b5bbb8
+0x60        0       0         0x10b5bd72  0x10b5bbc6
+0x64        0       0         0x10b5bd7f  0x10b5bbd3
+0x68        0       0         0x10b5bd8c  0x10b5bbe0
+0x6c        0       0         0x10b5bd99  0x10b5bbed
+0x70        2       2         0x10b5be67  0x10b5bbfa
+0x74        3       3         0x10b5be75  0x10b5bc08
+0x78        3       3         0x10b5be83  0x10b5bc16
+0x7c       32       6   <<<   0x10b5bda6  0x10b5bc24
+0x80       16       4   <<<   0x10b5bdb4  0x10b5bc36

fields defaulted: A=33  B=33  ;  A differs from B on 14 of 33 defaulted fields (of 46)

DEAD default stores (a second guarded store on a field the first already set):
   A  0x10b5be47  +0x40  would store 5 -- field is already 20 from 0x10b5bcfd
