=== CLOSING CONTROL for the c2host SHAPE change (review note): c2host.exe's .bss grew to
=== 4 MiB with the payload arena, and G1's armed-vs-disarmed design compares two runs of
=== the SAME exe, so it structurally cannot see that. This compares the cl.exe PIPELINE obj
=== (no c2host at all) against the c2host REPLAY obj, over every fixture.
=== c2rs replay <cpp>, one process per fixture, 12 at a time.

fixtures/cpp/il_accum4.cpp -> ref=1285B replay=1285B  raw_identical=true  normalized_identical=true
fixtures/cpp/il_base_member.cpp -> ref=1150B replay=1150B  raw_identical=true  normalized_identical=true
fixtures/cpp/il_call_args1.cpp -> ref=1108B replay=1108B  raw_identical=true  normalized_identical=true
fixtures/cpp/add3.cpp -> ref=1005B replay=1005B  raw_identical=true  normalized_identical=true
fixtures/cpp/il_bool_materialization.cpp -> ref=1160B replay=1160B  raw_identical=true  normalized_identical=true
fixtures/cpp/il_call_bound_neg.cpp -> ref=964B replay=964B  raw_identical=true  normalized_identical=true
fixtures/cpp/il_call_args2.cpp -> ref=1226B replay=1226B  raw_identical=true  normalized_identical=true
fixtures/cpp/il_call_perm.cpp -> ref=1277B replay=1277B  raw_identical=true  normalized_identical=true
fixtures/cpp/il_call_return.cpp -> ref=1904B replay=1904B  raw_identical=true  normalized_identical=true
fixtures/cpp/il_convert_scalar.cpp -> ref=1606B replay=1606B  raw_identical=true  normalized_identical=true
fixtures/cpp/il_call_multi.cpp -> ref=1344B replay=1344B  raw_identical=true  normalized_identical=true
fixtures/cpp/il_call_value.cpp -> ref=1178B replay=1178B  raw_identical=true  normalized_identical=true
fixtures/cpp/il_deep_chain.cpp -> ref=998B replay=998B  raw_identical=true  normalized_identical=true
fixtures/cpp/il_dllexport_neg.cpp -> ref=910B replay=910B  raw_identical=true  normalized_identical=true
fixtures/cpp/il_drectve_pragma.cpp -> ref=859B replay=859B  raw_identical=true  normalized_identical=true
fixtures/cpp/il_dyninit_static.cpp -> ref=1294B replay=1294B  raw_identical=true  normalized_identical=true
fixtures/cpp/il_expr_cast.cpp -> ref=1226B replay=1226B  raw_identical=true  normalized_identical=true
fixtures/cpp/il_expr_ternary.cpp -> ref=1025B replay=1025B  raw_identical=true  normalized_identical=true
fixtures/cpp/il_expr_index.cpp -> ref=1272B replay=1272B  raw_identical=true  normalized_identical=true
fixtures/cpp/il_expr_call_value.cpp -> ref=1801B replay=1801B  raw_identical=true  normalized_identical=true
fixtures/cpp/il_expr_temp.cpp -> ref=1313B replay=1313B  raw_identical=true  normalized_identical=true
fixtures/cpp/il_expr_deref.cpp -> ref=1511B replay=1511B  raw_identical=true  normalized_identical=true
fixtures/cpp/il_expr_load_neg.cpp -> ref=1697B replay=1697B  raw_identical=true  normalized_identical=true
fixtures/cpp/il_expr_member.cpp -> ref=1056B replay=1056B  raw_identical=true  normalized_identical=true
fixtures/cpp/il_gl_data_symbol.cpp -> ref=931B replay=931B  raw_identical=true  normalized_identical=true
fixtures/cpp/il_extern_c_name.cpp -> ref=867B replay=867B  raw_identical=true  normalized_identical=true
fixtures/cpp/il_gl_record_order.cpp -> ref=1269B replay=1269B  raw_identical=true  normalized_identical=true
fixtures/cpp/il_gl_sep26.cpp -> ref=842B replay=842B  raw_identical=true  normalized_identical=true
fixtures/cpp/il_intrinsic_layout.cpp -> ref=1771B replay=1771B  raw_identical=true  normalized_identical=true
fixtures/cpp/il_intrinsic_fold.cpp -> ref=1865B replay=1865B  raw_identical=true  normalized_identical=true
fixtures/cpp/il_intrinsic_call.cpp -> ref=1593B replay=1593B  raw_identical=true  normalized_identical=true
fixtures/cpp/il_intra_tu_call.cpp -> ref=878B replay=878B  raw_identical=true  normalized_identical=true
fixtures/cpp/il_intrinsic_bits.cpp -> ref=2012B replay=2012B  raw_identical=true  normalized_identical=true
fixtures/cpp/il_intrinsic_byval.cpp -> ref=2106B replay=2106B  raw_identical=true  normalized_identical=true
fixtures/cpp/il_intrinsic_nullary.cpp -> ref=1096B replay=1096B  raw_identical=true  normalized_identical=true
fixtures/cpp/il_line_marker.cpp -> ref=847B replay=847B  raw_identical=true  normalized_identical=true
fixtures/cpp/il_param_aggr.cpp -> ref=1220B replay=1220B  raw_identical=true  normalized_identical=true
fixtures/cpp/il_param_aggr_neg.cpp -> ref=991B replay=991B  raw_identical=true  normalized_identical=true
fixtures/cpp/il_reassoc.cpp -> ref=1672B replay=1672B  raw_identical=true  normalized_identical=true
fixtures/cpp/il_param_poly.cpp -> ref=947B replay=947B  raw_identical=true  normalized_identical=true
fixtures/cpp/il_repeated_leaf.cpp -> ref=1113B replay=1113B  raw_identical=true  normalized_identical=true
fixtures/cpp/il_stmt_bare_block.cpp -> ref=1291B replay=1291B  raw_identical=true  normalized_identical=true
fixtures/cpp/il_stmt_compound_assign.cpp -> ref=993B replay=993B  raw_identical=true  normalized_identical=true
fixtures/cpp/il_stmt_for.cpp -> ref=1274B replay=1274B  raw_identical=true  normalized_identical=true
fixtures/cpp/il_stmt_if.cpp -> ref=1025B replay=1025B  raw_identical=true  normalized_identical=true
fixtures/cpp/il_stmt_early_return.cpp -> ref=1021B replay=1021B  raw_identical=false  normalized_identical=true
fixtures/cpp/il_stmt_global.cpp -> ref=1111B replay=1111B  raw_identical=false  normalized_identical=true
fixtures/cpp/il_stmt_if_else.cpp -> ref=1010B replay=1010B  raw_identical=false  normalized_identical=true
fixtures/cpp/il_stmt_local_decl.cpp -> ref=942B replay=942B  raw_identical=true  normalized_identical=true
fixtures/cpp/il_stmt_multi.cpp -> ref=881B replay=881B  raw_identical=true  normalized_identical=true
fixtures/cpp/il_stmt_param_assign.cpp -> ref=959B replay=959B  raw_identical=true  normalized_identical=true
fixtures/cpp/il_stmt_scope.cpp -> ref=1120B replay=1120B  raw_identical=true  normalized_identical=true
fixtures/cpp/il_stmt_seq.cpp -> ref=1344B replay=1344B  raw_identical=true  normalized_identical=true
fixtures/cpp/il_sy_locals_clean.cpp -> ref=1273B replay=1273B  raw_identical=true  normalized_identical=true
fixtures/cpp/il_stmt_static.cpp -> ref=1227B replay=1227B  raw_identical=true  normalized_identical=true
fixtures/cpp/il_this_line70.cpp -> ref=883B replay=883B  raw_identical=true  normalized_identical=true
fixtures/cpp/il_stmt_while.cpp -> ref=1136B replay=1136B  raw_identical=true  normalized_identical=true
fixtures/cpp/il_sy_locals.cpp -> ref=2120B replay=2120B  raw_identical=true  normalized_identical=true
fixtures/cpp/il_sy_size_extent.cpp -> ref=985B replay=985B  raw_identical=true  normalized_identical=true
fixtures/cpp/il_this_straightline.cpp -> ref=1278B replay=1278B  raw_identical=true  normalized_identical=true
fixtures/cpp/il_type_intlike.cpp -> ref=1359B replay=1359B  raw_identical=true  normalized_identical=true
fixtures/cpp/il_type_narrow.cpp -> ref=1310B replay=1310B  raw_identical=true  normalized_identical=true
fixtures/cpp/il_type_pack_neg.cpp -> ref=1137B replay=1137B  raw_identical=true  normalized_identical=true
fixtures/cpp/il_type_scalars.cpp -> ref=1510B replay=1510B  raw_identical=true  normalized_identical=true
fixtures/cpp/il_varargs_neg.cpp -> ref=1328B replay=1328B  raw_identical=true  normalized_identical=true
fixtures/cpp/mvp_add3.cpp -> ref=842B replay=842B  raw_identical=true  normalized_identical=true
fixtures/cpp/mvp_argtail.cpp -> ref=872B replay=872B  raw_identical=true  normalized_identical=true
fixtures/cpp/mvp_call_argframed_plusk.cpp -> ref=1052B replay=1052B  raw_identical=true  normalized_identical=true
fixtures/cpp/mvp_call.cpp -> ref=866B replay=866B  raw_identical=true  normalized_identical=true
fixtures/cpp/mvp_call_mulmod.cpp -> ref=1052B replay=1052B  raw_identical=true  normalized_identical=true
fixtures/cpp/mvp_call_plus1plus2.cpp -> ref=1048B replay=1048B  raw_identical=true  normalized_identical=true
fixtures/cpp/mvp_call_seq_b_neg.cpp -> ref=2537B replay=2537B  raw_identical=true  normalized_identical=true
fixtures/cpp/mvp_call_seq_b.cpp -> ref=4734B replay=4734B  raw_identical=true  normalized_identical=true
fixtures/cpp/mvp_call_seq.cpp -> ref=2711B replay=2711B  raw_identical=true  normalized_identical=true
fixtures/cpp/mvp_call_submod.cpp -> ref=1048B replay=1048B  raw_identical=true  normalized_identical=true
fixtures/cpp/mvp_call_seq_neg.cpp -> ref=1271B replay=1271B  raw_identical=true  normalized_identical=true
fixtures/cpp/mvp_call_then_stmt.cpp -> ref=1059B replay=1059B  raw_identical=true  normalized_identical=true
fixtures/cpp/mvp_call_twice.cpp -> ref=1056B replay=1056B  raw_identical=true  normalized_identical=true
fixtures/cpp/mvp_call_two_framed.cpp -> ref=1094B replay=1094B  raw_identical=true  normalized_identical=true
fixtures/cpp/mvp_empty.cpp -> ref=720B replay=720B  raw_identical=true  normalized_identical=true
fixtures/cpp/mvp_call_widemod.cpp -> ref=1052B replay=1052B  raw_identical=true  normalized_identical=true
fixtures/cpp/mvp_edit_addk.cpp -> ref=836B replay=836B  raw_identical=true  normalized_identical=true
fixtures/cpp/mvp_edit_ab.cpp -> ref=838B replay=838B  raw_identical=true  normalized_identical=true
fixtures/cpp/mvp_edit_addk2.cpp -> ref=836B replay=836B  raw_identical=true  normalized_identical=true
fixtures/cpp/mvp_fmul3.cpp -> ref=861B replay=861B  raw_identical=true  normalized_identical=true
fixtures/cpp/mvp_framed.cpp -> ref=1048B replay=1048B  raw_identical=true  normalized_identical=true
fixtures/cpp/mvp_two.cpp -> ref=888B replay=888B  raw_identical=true  normalized_identical=true
fixtures/cpp/mvp_sub.cpp -> ref=944B replay=944B  raw_identical=true  normalized_identical=true
fixtures/cpp/mvp_plus0.cpp -> ref=868B replay=868B  raw_identical=true  normalized_identical=true
fixtures/cpp/mvp_lit.cpp -> ref=916B replay=916B  raw_identical=true  normalized_identical=true
fixtures/cpp/mvp_tailret.cpp -> ref=868B replay=868B  raw_identical=true  normalized_identical=true
fixtures/cpp/mvp_wide.cpp -> ref=933B replay=933B  raw_identical=true  normalized_identical=true
fixtures/cpp/w10_empty_fn.cpp -> ref=888B replay=888B  raw_identical=true  normalized_identical=true
fixtures/cpp/w10_guarded_seq.cpp -> ref=3096B replay=3096B  raw_identical=true  normalized_identical=true
fixtures/cpp/w10_guarded_seq_neg.cpp -> ref=1669B replay=1669B  raw_identical=true  normalized_identical=true
fixtures/cpp/w1199_bind_run.cpp -> ref=1833B replay=1833B  raw_identical=true  normalized_identical=true
fixtures/cpp/w11_early_return_neg.cpp -> ref=1922B replay=1922B  raw_identical=true  normalized_identical=true
fixtures/cpp/w1199_bind_run_neg.cpp -> ref=1076B replay=1076B  raw_identical=true  normalized_identical=true
fixtures/cpp/w1212_bind_run_call.cpp -> ref=2648B replay=2648B  raw_identical=true  normalized_identical=true
fixtures/cpp/w11_early_return.cpp -> ref=3843B replay=3843B  raw_identical=true  normalized_identical=true
fixtures/cpp/w1274_addr_producer.cpp -> ref=1311B replay=1311B  raw_identical=true  normalized_identical=true
fixtures/cpp/w12_aggr_type.cpp -> ref=1076B replay=1076B  raw_identical=true  normalized_identical=true
fixtures/cpp/w12_narrow_getters.cpp -> ref=3062B replay=3062B  raw_identical=true  normalized_identical=true
fixtures/cpp/w12_narrow_neg.cpp -> ref=1734B replay=1734B  raw_identical=true  normalized_identical=true
fixtures/cpp/w12_ptr_leaf.cpp -> ref=1426B replay=1426B  raw_identical=true  normalized_identical=true
fixtures/cpp/w12_ptr_leaf_neg.cpp -> ref=1529B replay=1529B  raw_identical=true  normalized_identical=true
fixtures/cpp/w13b_fconst.cpp -> ref=1017B replay=1017B  raw_identical=true  normalized_identical=true
fixtures/cpp/w13b_fdedup.cpp -> ref=1512B replay=1512B  raw_identical=true  normalized_identical=true
fixtures/cpp/w13b_ffold.cpp -> ref=1328B replay=1328B  raw_identical=true  normalized_identical=true
fixtures/cpp/w13b_fpool.cpp -> ref=1225B replay=1225B  raw_identical=true  normalized_identical=true
fixtures/cpp/w13_fparam_neg.cpp -> ref=945B replay=945B  raw_identical=true  normalized_identical=true
fixtures/cpp/w13_fneg.cpp -> ref=3144B replay=3144B  raw_identical=true  normalized_identical=true
fixtures/cpp/w13_fabi.cpp -> ref=1268B replay=1268B  raw_identical=true  normalized_identical=true
fixtures/cpp/w13_fscratch.cpp -> ref=1498B replay=1498B  raw_identical=true  normalized_identical=true
fixtures/cpp/w13_fops.cpp -> ref=1363B replay=1363B  raw_identical=true  normalized_identical=true
fixtures/cpp/w14_dtor_delegate.cpp -> ref=1548B replay=1548B  raw_identical=true  normalized_identical=true
fixtures/cpp/w13_freassoc.cpp -> ref=1791B replay=1791B  raw_identical=true  normalized_identical=true
fixtures/cpp/w14_dtor_delegate_neg.cpp -> ref=2387B replay=2387B  raw_identical=true  normalized_identical=true
fixtures/cpp/w15_dtor_member.cpp -> ref=1478B replay=1478B  raw_identical=true  normalized_identical=true
fixtures/cpp/w18_reg_move_neg.cpp -> ref=1812B replay=1812B  raw_identical=true  normalized_identical=true
fixtures/cpp/w16_addr_leaf_neg.cpp -> ref=1522B replay=1522B  raw_identical=true  normalized_identical=true
fixtures/cpp/w16_addr_leaf.cpp -> ref=2191B replay=2191B  raw_identical=true  normalized_identical=true
fixtures/cpp/w17_ptr_operand.cpp -> ref=2500B replay=2500B  raw_identical=true  normalized_identical=true
fixtures/cpp/w17_ptr_operand_neg.cpp -> ref=2584B replay=2584B  raw_identical=true  normalized_identical=true
fixtures/cpp/w18_reg_move.cpp -> ref=2608B replay=2608B  raw_identical=true  normalized_identical=true
fixtures/cpp/w19_ctor_this.cpp -> ref=1492B replay=1492B  raw_identical=true  normalized_identical=true
fixtures/cpp/w19_ctor_this_neg.cpp -> ref=2091B replay=2091B  raw_identical=true  normalized_identical=true
fixtures/cpp/w20_convert.cpp -> ref=3035B replay=3035B  raw_identical=true  normalized_identical=true
fixtures/cpp/w20_convert_neg.cpp -> ref=2001B replay=2001B  raw_identical=true  normalized_identical=true
fixtures/cpp/w21_census_gate.cpp -> ref=1309B replay=1309B  raw_identical=true  normalized_identical=true
fixtures/cpp/w22_int_spelling.cpp -> ref=1384B replay=1384B  raw_identical=true  normalized_identical=true
fixtures/cpp/w21_census_gate_neg.cpp -> ref=1270B replay=1270B  raw_identical=true  normalized_identical=true
fixtures/cpp/w23_gl_callee_bind_neg.cpp -> ref=1018B replay=1018B  raw_identical=true  normalized_identical=true
fixtures/cpp/w22_int_spelling_neg.cpp -> ref=1110B replay=1110B  raw_identical=true  normalized_identical=true
fixtures/cpp/w23_gl_callee_bind.cpp -> ref=1218B replay=1218B  raw_identical=true  normalized_identical=true
fixtures/cpp/w232_gl_sep26_implicit.cpp -> ref=1217B replay=1217B  raw_identical=true  normalized_identical=true
fixtures/cpp/w25_store_leaf.cpp -> ref=2722B replay=2722B  raw_identical=true  normalized_identical=true
fixtures/cpp/w25_store_leaf_neg.cpp -> ref=1780B replay=1780B  raw_identical=false  normalized_identical=true
fixtures/cpp/w26_bool_value_neg.cpp -> ref=1342B replay=1342B  raw_identical=true  normalized_identical=true
fixtures/cpp/w275_entry_park.cpp -> ref=2318B replay=2318B  raw_identical=true  normalized_identical=true
fixtures/cpp/w26_bool_value.cpp -> ref=1444B replay=1444B  raw_identical=true  normalized_identical=true
fixtures/cpp/w27_fp_reg.cpp -> ref=2278B replay=2278B  raw_identical=true  normalized_identical=true
fixtures/cpp/w28_fltused_order.cpp -> ref=1033B replay=1033B  raw_identical=true  normalized_identical=true
fixtures/cpp/w27_fp_reg_qual.cpp -> ref=1234B replay=1234B  raw_identical=true  normalized_identical=true
fixtures/cpp/w28_fp_store_framed.cpp -> ref=1601B replay=1601B  raw_identical=true  normalized_identical=true
fixtures/cpp/w28_fp_store.cpp -> ref=1460B replay=1460B  raw_identical=true  normalized_identical=true
fixtures/cpp/w28_fp_store_framed_neg.cpp -> ref=1432B replay=1432B  raw_identical=true  normalized_identical=true
fixtures/cpp/w28_fp_store_neg.cpp -> ref=1915B replay=1915B  raw_identical=true  normalized_identical=true
fixtures/cpp/w31_fp_tail.cpp -> ref=1725B replay=1725B  raw_identical=true  normalized_identical=true
fixtures/cpp/w29_fp_contract.cpp -> ref=1534B replay=1534B  raw_identical=true  normalized_identical=true
fixtures/cpp/w30_callseq_tail_intlike.cpp -> ref=4502B replay=4502B  raw_identical=true  normalized_identical=true
fixtures/cpp/w30_callseq_tail_intlike_neg.cpp -> ref=3305B replay=3305B  raw_identical=true  normalized_identical=true
fixtures/cpp/w31_fp_tail_neg.cpp -> ref=2427B replay=2427B  raw_identical=true  normalized_identical=true
fixtures/cpp/w32_volatile_formal_neg.cpp -> ref=2579B replay=2579B  raw_identical=true  normalized_identical=true
fixtures/cpp/w32_volatile_free.cpp -> ref=1176B replay=1176B  raw_identical=true  normalized_identical=true
fixtures/cpp/w36_member_call_neg.cpp -> ref=3160B replay=3160B  raw_identical=true  normalized_identical=true
fixtures/cpp/w34_fp_multi_neg.cpp -> ref=1855B replay=1855B  raw_identical=true  normalized_identical=true
fixtures/cpp/w34_fp_multi.cpp -> ref=2915B replay=2915B  raw_identical=true  normalized_identical=true
fixtures/cpp/w35_offset_run_neg.cpp -> ref=1277B replay=1277B  raw_identical=true  normalized_identical=true
fixtures/cpp/w36_member_call.cpp -> ref=3105B replay=3105B  raw_identical=true  normalized_identical=true
fixtures/cpp/w35_offset_run.cpp -> ref=1861B replay=1861B  raw_identical=true  normalized_identical=true
fixtures/cpp/w41_framed_member_call.cpp -> ref=4602B replay=4602B  raw_identical=true  normalized_identical=true
fixtures/cpp/w37_bit_and_neg.cpp -> ref=1903B replay=1903B  raw_identical=true  normalized_identical=true
fixtures/cpp/w38_store_run_neg.cpp -> ref=1593B replay=1593B  raw_identical=true  normalized_identical=true
fixtures/cpp/w38_store_run.cpp -> ref=2232B replay=2232B  raw_identical=true  normalized_identical=true
fixtures/cpp/w41_framed_member_call_neg.cpp -> ref=4033B replay=4033B  raw_identical=true  normalized_identical=true
fixtures/cpp/w42_shift_mask_neg.cpp -> ref=1597B replay=1597B  raw_identical=true  normalized_identical=true
fixtures/cpp/w42_shift_mask.cpp -> ref=6880B replay=6880B  raw_identical=true  normalized_identical=true
fixtures/cpp/w43_cmp_shift_or_neg.cpp -> ref=1742B replay=1742B  raw_identical=true  normalized_identical=true
fixtures/cpp/w45_store_run_scheduled.cpp -> ref=1745B replay=1745B  raw_identical=true  normalized_identical=true
fixtures/cpp/w45_store_run_scheduled_neg.cpp -> ref=1207B replay=1207B  raw_identical=true  normalized_identical=true
fixtures/cpp/w5_tree3.cpp -> ref=1074B replay=1074B  raw_identical=true  normalized_identical=true
fixtures/cpp/w43_cmp_shift_or.cpp -> ref=4314B replay=4314B  raw_identical=true  normalized_identical=true
fixtures/cpp/w5_chain.cpp -> ref=1013B replay=1013B  raw_identical=true  normalized_identical=true
fixtures/cpp/w5_tree2.cpp -> ref=1024B replay=1024B  raw_identical=true  normalized_identical=true
fixtures/cpp/w6_k_boundary.cpp -> ref=908B replay=908B  raw_identical=true  normalized_identical=true
fixtures/cpp/w5_tree_neg.cpp -> ref=1654B replay=1654B  raw_identical=true  normalized_identical=true
fixtures/cpp/w6_rel_k.cpp -> ref=1870B replay=1870B  raw_identical=true  normalized_identical=true
fixtures/cpp/w70_bitwise.cpp -> ref=2447B replay=2447B  raw_identical=true  normalized_identical=true
fixtures/cpp/w6_unsigned_wide.cpp -> ref=1194B replay=1194B  raw_identical=true  normalized_identical=true
fixtures/cpp/w8_cond_tail.cpp -> ref=952B replay=952B  raw_identical=true  normalized_identical=true
fixtures/cpp/w70_bitwise_neg.cpp -> ref=2050B replay=2050B  raw_identical=true  normalized_identical=true
fixtures/cpp/w844_store_run_call_neg.cpp -> ref=2004B replay=2004B  raw_identical=true  normalized_identical=true
fixtures/cpp/w71_alloc_undetermined.cpp -> ref=1459B replay=1459B  raw_identical=true  normalized_identical=true
fixtures/cpp/w71_alloc_undetermined_neg.cpp -> ref=922B replay=922B  raw_identical=true  normalized_identical=true
fixtures/cpp/w844_store_run_call.cpp -> ref=3458B replay=3458B  raw_identical=false  normalized_identical=true
fixtures/cpp/w8_cond_tail_neg.cpp -> ref=964B replay=964B  raw_identical=false  normalized_identical=true
fixtures/cpp/w8_cond_tail_value.cpp -> ref=1124B replay=1124B  raw_identical=true  normalized_identical=true
fixtures/cpp/w9_cmp_zero_le.cpp -> ref=1108B replay=1108B  raw_identical=true  normalized_identical=true
fixtures/cpp/wa16_bss_static_reloc.cpp -> ref=935B replay=935B  raw_identical=true  normalized_identical=true
fixtures/cpp/w9_rel_signed.cpp -> ref=1343B replay=1343B  raw_identical=true  normalized_identical=true
fixtures/cpp/wa16_data_scalar_align16.cpp -> ref=814B replay=814B  raw_identical=true  normalized_identical=true
fixtures/cpp/wa16_data_align32.cpp -> ref=825B replay=825B  raw_identical=true  normalized_identical=true
fixtures/cpp/wa16_dyninit_plain_align16.cpp -> ref=1306B replay=1306B  raw_identical=true  normalized_identical=true
fixtures/cpp/w9_rel_unsigned.cpp -> ref=1343B replay=1343B  raw_identical=true  normalized_identical=true
fixtures/cpp/wa16_bss_two_align16.cpp -> ref=843B replay=843B  raw_identical=true  normalized_identical=true
fixtures/cpp/wa16_data_align16.cpp -> ref=825B replay=825B  raw_identical=true  normalized_identical=true
fixtures/cpp/wadjust_obj_recv.cpp -> ref=3536B replay=3536B  raw_identical=true  normalized_identical=true
fixtures/cpp/wadjust_obj_recv_neg.cpp -> ref=2797B replay=2797B  raw_identical=true  normalized_identical=true
fixtures/cpp/wae_assign_dst.cpp -> ref=1036B replay=1036B  raw_identical=true  normalized_identical=true
fixtures/cpp/walign_dyninit_align16.cpp -> ref=1306B replay=1306B  raw_identical=true  normalized_identical=true
fixtures/cpp/walign_dyninit_poly.cpp -> ref=1306B replay=1306B  raw_identical=true  normalized_identical=true
fixtures/cpp/walign_data_declalign8.cpp -> ref=825B replay=825B  raw_identical=true  normalized_identical=true
fixtures/cpp/walign_data_poly_object.cpp -> ref=1156B replay=1156B  raw_identical=true  normalized_identical=true
fixtures/cpp/wae_assign_dst_neg.cpp -> ref=1779B replay=1779B  raw_identical=true  normalized_identical=true
fixtures/cpp/walign_dyninit_poly_double.cpp -> ref=1306B replay=1306B  raw_identical=true  normalized_identical=true
fixtures/cpp/wbdnz_ctr.cpp -> ref=2134B replay=2134B  raw_identical=true  normalized_identical=true
fixtures/cpp/wbdnz_ctr_then_framed_neg.cpp -> ref=1116B replay=1116B  raw_identical=true  normalized_identical=true
fixtures/cpp/wbdnz_ctr_neg.cpp -> ref=2793B replay=2793B  raw_identical=true  normalized_identical=true
fixtures/cpp/wbiquad_fp_store_diamond.cpp -> ref=1588B replay=1588B  raw_identical=true  normalized_identical=true
fixtures/cpp/wbiquad_fp_store_diamond_neg.cpp -> ref=4713B replay=4713B  raw_identical=true  normalized_identical=true
fixtures/cpp/wcfg1_if_call_join.cpp -> ref=1568B replay=1568B  raw_identical=true  normalized_identical=true
fixtures/cpp/wblockir_float_walk.cpp -> ref=1931B replay=1931B  raw_identical=true  normalized_identical=true
fixtures/cpp/wblockir_float_walk_then_framed_neg.cpp -> ref=1289B replay=1289B  raw_identical=true  normalized_identical=true
fixtures/cpp/wcb_cmp_two_calls.cpp -> ref=4827B replay=4827B  raw_identical=true  normalized_identical=true
fixtures/cpp/wcb_cmp_two_calls_neg.cpp -> ref=6471B replay=6471B  raw_identical=true  normalized_identical=true
fixtures/cpp/wcfg1_if_call_join_neg.cpp -> ref=2101B replay=2101B  raw_identical=true  normalized_identical=true
fixtures/cpp/wblockir_float_walk_neg.cpp -> ref=3819B replay=3819B  raw_identical=true  normalized_identical=true
fixtures/cpp/wcf_neighbours.cpp -> ref=1420B replay=1420B  raw_identical=true  normalized_identical=true
fixtures/cpp/wcf_shapes.cpp -> ref=1675B replay=1675B  raw_identical=true  normalized_identical=true
fixtures/cpp/wch_chained_call.cpp -> ref=4014B replay=4014B  raw_identical=true  normalized_identical=true
fixtures/cpp/wch_chained_call_neg.cpp -> ref=3887B replay=3887B  raw_identical=true  normalized_identical=true
fixtures/cpp/wcl_chain_link_arg.cpp -> ref=6415B replay=6415B  raw_identical=true  normalized_identical=true
fixtures/cpp/wcl_chain_link_arg_neg.cpp -> ref=3972B replay=3972B  raw_identical=true  normalized_identical=true
fixtures/cpp/wco_explicit_return.cpp -> ref=2110B replay=2110B  raw_identical=true  normalized_identical=true
fixtures/cpp/wco_chain_tail_load.cpp -> ref=4469B replay=4469B  raw_identical=true  normalized_identical=true
fixtures/cpp/wco_chain_tail_load_neg.cpp -> ref=2935B replay=2935B  raw_identical=true  normalized_identical=true
fixtures/cpp/wcv_reinterpret_neg.cpp -> ref=1766B replay=1766B  raw_identical=true  normalized_identical=true
fixtures/cpp/wcr_cmp_order.cpp -> ref=7551B replay=7551B  raw_identical=true  normalized_identical=true
fixtures/cpp/wcr_cmp_order_neg.cpp -> ref=7509B replay=7509B  raw_identical=true  normalized_identical=true
fixtures/cpp/wcv_reinterpret.cpp -> ref=3227B replay=3227B  raw_identical=true  normalized_identical=true
fixtures/cpp/wda_dataaddr_neg.cpp -> ref=1969B replay=1969B  raw_identical=true  normalized_identical=true
fixtures/cpp/wda_neighbours.cpp -> ref=1214B replay=1214B  raw_identical=true  normalized_identical=true
fixtures/cpp/wdata_static_scan.cpp -> ref=1956B replay=1956B  raw_identical=true  normalized_identical=true
fixtures/cpp/wdata_static_scan_neg.cpp -> ref=2562B replay=2562B  raw_identical=true  normalized_identical=true
fixtures/cpp/wdec_ec_localcall_neg.cpp -> ref=848B replay=848B  raw_identical=true  normalized_identical=true
fixtures/cpp/wdec_ecshort_eight.cpp -> ref=848B replay=848B  raw_identical=true  normalized_identical=true
fixtures/cpp/wdec_ec_varargs_long_neg.cpp -> ref=1015B replay=1015B  raw_identical=true  normalized_identical=true
fixtures/cpp/wdr_neighbours.cpp -> ref=1909B replay=1909B  raw_identical=true  normalized_identical=true
fixtures/cpp/wdivmod_leaf.cpp -> ref=1036B replay=1036B  raw_identical=true  normalized_identical=true
fixtures/cpp/wdec_ec_varargs_neg.cpp -> ref=998B replay=998B  raw_identical=true  normalized_identical=true
fixtures/cpp/wdec_ecshort_leaf.cpp -> ref=822B replay=822B  raw_identical=true  normalized_identical=true
fixtures/cpp/wdec_ecshort_mix.cpp -> ref=944B replay=944B  raw_identical=true  normalized_identical=true
fixtures/cpp/wec_ctor_base.cpp -> ref=2243B replay=2243B  raw_identical=true  normalized_identical=true
fixtures/cpp/wdr_virtual_byval.cpp -> ref=2958B replay=2958B  raw_identical=true  normalized_identical=true
fixtures/cpp/wec_ctor_base_neg.cpp -> ref=2664B replay=2664B  raw_identical=true  normalized_identical=true
fixtures/cpp/wfence2_static_callee_neg.cpp -> ref=1461B replay=1461B  raw_identical=true  normalized_identical=true
fixtures/cpp/wfence2_kept_local_callee.cpp -> ref=1455B replay=1455B  raw_identical=true  normalized_identical=true
fixtures/cpp/wextdata_guard_chain_shared_tail.cpp -> ref=2081B replay=2081B  raw_identical=true  normalized_identical=true
fixtures/cpp/wextdata_guard_chain_shared_tail_neg.cpp -> ref=3958B replay=3958B  raw_identical=true  normalized_identical=true
fixtures/cpp/wfcnt_fence_holds_exact.cpp -> ref=887B replay=887B  raw_identical=true  normalized_identical=true
fixtures/cpp/wfence2_forceinline_callee_neg.cpp -> ref=1895B replay=1895B  raw_identical=true  normalized_identical=true
fixtures/cpp/wfence2_small_callee_neg.cpp -> ref=885B replay=885B  raw_identical=true  normalized_identical=true
fixtures/cpp/wfltret_value_tail.cpp -> ref=2739B replay=2739B  raw_identical=true  normalized_identical=true
fixtures/cpp/wfl_chain_tail_fp_load.cpp -> ref=4165B replay=4165B  raw_identical=true  normalized_identical=true
fixtures/cpp/wfl_chain_tail_fp_load_neg.cpp -> ref=2594B replay=2594B  raw_identical=true  normalized_identical=true
fixtures/cpp/wfltret_value_tail_neg.cpp -> ref=3150B replay=3150B  raw_identical=true  normalized_identical=true
fixtures/cpp/wfr_argreg_member.cpp -> ref=1214B replay=1214B  raw_identical=true  normalized_identical=true
fixtures/cpp/wfr_argreg.cpp -> ref=1515B replay=1515B  raw_identical=true  normalized_identical=true
fixtures/cpp/wfr_argreg_neg.cpp -> ref=1228B replay=1228B  raw_identical=true  normalized_identical=true
fixtures/cpp/wfr_argreg_types.cpp -> ref=1998B replay=1998B  raw_identical=true  normalized_identical=true
fixtures/cpp/whash_ptr_walk_loop.cpp -> ref=921B replay=921B  raw_identical=true  normalized_identical=true
fixtures/cpp/wfr_cmp_stride.cpp -> ref=1732B replay=1732B  raw_identical=true  normalized_identical=true
fixtures/cpp/wfr_cmp_stride_neg.cpp -> ref=1260B replay=1260B  raw_identical=true  normalized_identical=true
fixtures/cpp/whash_loop_then_framed.cpp -> ref=1179B replay=1179B  raw_identical=true  normalized_identical=true
fixtures/cpp/wifn_guard_ret_chain.cpp -> ref=1565B replay=1565B  raw_identical=true  normalized_identical=true
fixtures/cpp/wifn_guard_ret_chain_neg.cpp -> ref=2952B replay=2952B  raw_identical=true  normalized_identical=true
fixtures/cpp/winlfence_opaque_callee.cpp -> ref=1899B replay=1899B  raw_identical=true  normalized_identical=true
fixtures/cpp/winlfence_local_callee_neg.cpp -> ref=2471B replay=2471B  raw_identical=true  normalized_identical=true
fixtures/cpp/wjson_utf8_copy.cpp -> ref=1403B replay=1403B  raw_identical=true  normalized_identical=true
fixtures/cpp/wkg_splice_pos.cpp -> ref=3502B replay=3502B  raw_identical=true  normalized_identical=true
fixtures/cpp/wjson_utf8_copy_neg.cpp -> ref=5516B replay=5516B  raw_identical=true  normalized_identical=true
fixtures/cpp/wla_lit_call_arg_neg.cpp -> ref=2829B replay=2829B  raw_identical=true  normalized_identical=true
fixtures/cpp/wlb_moved_formal.cpp -> ref=2354B replay=2354B  raw_identical=true  normalized_identical=true
fixtures/cpp/wla_lit_call_arg.cpp -> ref=3054B replay=3054B  raw_identical=true  normalized_identical=true
fixtures/cpp/wlo_dyninit_pair.cpp -> ref=1598B replay=1598B  raw_identical=true  normalized_identical=true
fixtures/cpp/wlo_dyninit_mixed.cpp -> ref=934B replay=934B  raw_identical=true  normalized_identical=true
fixtures/cpp/wlin_mixed_bind.cpp -> ref=1197B replay=1197B  raw_identical=true  normalized_identical=true
fixtures/cpp/wlb_moved_formal_neg.cpp -> ref=2119B replay=2119B  raw_identical=true  normalized_identical=true
fixtures/cpp/wlin_mixed_bind_neg.cpp -> ref=1029B replay=1029B  raw_identical=true  normalized_identical=true
fixtures/cpp/wmain2_eh_scope.cpp -> ref=1163B replay=1163B  raw_identical=true  normalized_identical=true
fixtures/cpp/wlr_lit_run.cpp -> ref=2213B replay=2213B  raw_identical=true  normalized_identical=true
fixtures/cpp/wlr_lit_run_neg.cpp -> ref=1527B replay=1527B  raw_identical=true  normalized_identical=true
fixtures/cpp/wmain2_eh_scope_neg.cpp -> ref=1163B replay=1163B  raw_identical=true  normalized_identical=true
replay failed: replay produced no (or an empty) obj at /home/free/tmp/c2rs-cli-replay-4093552-1787265945148204980-0/cap/out.obj
  status: exit status: 1
  stdout:

  stderr:
    [c2host] InvokeCompilerPass @10BEBFFD argc=18 argv0=/home/free/code/milohax/c2-rs-wt-w-stageoracle/crates/c2-reference/../../compilers/X360/16.00.11886.00/c2.dll
    z:\home\free\code\milohax\c2-rs-wt-w-stageoracle\fixtures\cpp\wmain_no_return.cpp(47) : error C4716: 'no_return_call' : must return a value
    z:\home\free\code\milohax\c2-rs-wt-w-stageoracle\fixtures\cpp\wmain_no_return.cpp(50) : error C4716: 'no_return_tail' : must return a value
    [c2host] returned 1
fixtures/cpp/wmmio3_close_call_chain.cpp -> ref=1270B replay=1270B  raw_identical=true  normalized_identical=true
replay failed: replay produced no (or an empty) obj at /home/free/tmp/c2rs-cli-replay-4093576-1787265945163104154-0/cap/out.obj
  status: exit status: 1
  stdout:

  stderr:
    [c2host] InvokeCompilerPass @10BEBFFD argc=18 argv0=/home/free/code/milohax/c2-rs-wt-w-stageoracle/crates/c2-reference/../../compilers/X360/16.00.11886.00/c2.dll
    z:\home\free\code\milohax\c2-rs-wt-w-stageoracle\fixtures\cpp\wmain_no_return_neg.cpp(45) : error C4716: 'neg_multi_reg' : must return a value
    z:\home\free\code\milohax\c2-rs-wt-w-stageoracle\fixtures\cpp\wmain_no_return_neg.cpp(49) : error C4716: 'neg_empty' : must return a value
    z:\home\free\code\milohax\c2-rs-wt-w-stageoracle\fixtures\cpp\wmain_no_return_neg.cpp(52) : error C4716: 'neg_call_stop' : must return a value
    [c2host] returned 1
fixtures/cpp/wmcall_seq_neg.cpp -> ref=2453B replay=2453B  raw_identical=true  normalized_identical=true
fixtures/cpp/wmcall_seq.cpp -> ref=2544B replay=2544B  raw_identical=true  normalized_identical=true
fixtures/cpp/wmmio3_close_call_chain_neg.cpp -> ref=3679B replay=3679B  raw_identical=true  normalized_identical=true
fixtures/cpp/wmmio3_close_extern_neg.cpp -> ref=1250B replay=1250B  raw_identical=true  normalized_identical=true
fixtures/cpp/wmmio3_close_sibling_neg.cpp -> ref=1306B replay=1306B  raw_identical=true  normalized_identical=true
fixtures/cpp/wnpos_provide_rdata.cpp -> ref=835B replay=835B  raw_identical=true  normalized_identical=true
fixtures/cpp/wnpos_provide_sizes.cpp -> ref=1056B replay=1056B  raw_identical=true  normalized_identical=true
fixtures/cpp/wnpos_provide_rw.cpp -> ref=833B replay=833B  raw_identical=true  normalized_identical=true
fixtures/cpp/wnpos_refuse_explicit_inst.cpp -> ref=839B replay=839B  raw_identical=true  normalized_identical=true
fixtures/cpp/wnpos_refuse_suppressed.cpp -> ref=720B replay=720B  raw_identical=true  normalized_identical=true
fixtures/cpp/worder3_bss_slot_after_text.cpp -> ref=974B replay=974B  raw_identical=true  normalized_identical=true
fixtures/cpp/worder3_bss_slot_extern.cpp -> ref=946B replay=946B  raw_identical=true  normalized_identical=true
fixtures/cpp/worder3_bss_slot_mixed.cpp -> ref=964B replay=964B  raw_identical=true  normalized_identical=true
fixtures/cpp/wor_emit_order_led.cpp -> ref=1145B replay=1145B  raw_identical=true  normalized_identical=true
fixtures/cpp/wosf_handle_guard_neg.cpp -> ref=5051B replay=5051B  raw_identical=true  normalized_identical=true
fixtures/cpp/wor_emit_order_neg.cpp -> ref=912B replay=912B  raw_identical=true  normalized_identical=true
fixtures/cpp/wor_emit_order.cpp -> ref=1140B replay=1140B  raw_identical=true  normalized_identical=true
fixtures/cpp/wpark_lit_permuted.cpp -> ref=2003B replay=2003B  raw_identical=true  normalized_identical=true
fixtures/cpp/wpark_lit_permuted_neg.cpp -> ref=2409B replay=2409B  raw_identical=true  normalized_identical=true
fixtures/cpp/worder3_bss_slot_y3.cpp -> ref=998B replay=998B  raw_identical=true  normalized_identical=true
fixtures/cpp/wosf_handle_guard.cpp -> ref=1406B replay=1406B  raw_identical=true  normalized_identical=true
fixtures/cpp/wpool2_free_list.cpp -> ref=1059B replay=1059B  raw_identical=true  normalized_identical=true
fixtures/cpp/wpool_guard_bclr_fold_neg.cpp -> ref=882B replay=882B  raw_identical=true  normalized_identical=true
fixtures/cpp/wpool2_free_list_neg.cpp -> ref=1518B replay=1518B  raw_identical=true  normalized_identical=true
fixtures/cpp/wpool_store_leaf_member_value.cpp -> ref=865B replay=865B  raw_identical=true  normalized_identical=true
fixtures/cpp/wr1_sym_addr.cpp -> ref=4443B replay=4443B  raw_identical=true  normalized_identical=true
fixtures/cpp/wpool_store_run_member_value_neg.cpp -> ref=868B replay=868B  raw_identical=true  normalized_identical=true
fixtures/cpp/wr1_sym_addr_neg.cpp -> ref=3050B replay=3050B  raw_identical=true  normalized_identical=true
fixtures/cpp/wr1c_dyninit_two_objects.cpp -> ref=1294B replay=1294B  raw_identical=true  normalized_identical=true
fixtures/cpp/wr1c_dyninit_extern.cpp -> ref=1306B replay=1306B  raw_identical=true  normalized_identical=true
fixtures/cpp/wrr_arg_vocab.cpp -> ref=1495B replay=1495B  raw_identical=true  normalized_identical=true
fixtures/cpp/wsect_both.cpp -> ref=912B replay=912B  raw_identical=true  normalized_identical=true
fixtures/cpp/wrr_arg_vocab_neg.cpp -> ref=1299B replay=1299B  raw_identical=true  normalized_identical=true
fixtures/cpp/wsect_bss_one.cpp -> ref=814B replay=814B  raw_identical=true  normalized_identical=true
fixtures/cpp/wsect_bss_big.cpp -> ref=855B replay=855B  raw_identical=true  normalized_identical=true
fixtures/cpp/wsect_bss_pad.cpp -> ref=832B replay=832B  raw_identical=true  normalized_identical=true
fixtures/cpp/wsect_bss_two.cpp -> ref=832B replay=832B  raw_identical=true  normalized_identical=true
fixtures/cpp/wsect_data_linkage.cpp -> ref=840B replay=840B  raw_identical=true  normalized_identical=true
fixtures/cpp/wsect_drop_static.cpp -> ref=720B replay=720B  raw_identical=true  normalized_identical=true
fixtures/cpp/wsect_refuse_const.cpp -> ref=818B replay=818B  raw_identical=true  normalized_identical=true
fixtures/cpp/wsect_data_two.cpp -> ref=840B replay=840B  raw_identical=true  normalized_identical=true
fixtures/cpp/wsect_data_one.cpp -> ref=818B replay=818B  raw_identical=true  normalized_identical=true
fixtures/cpp/wsect_refuse_float.cpp -> ref=822B replay=822B  raw_identical=true  normalized_identical=true
fixtures/cpp/wsect_refuse_ptr.cpp -> ref=933B replay=933B  raw_identical=true  normalized_identical=true
fixtures/cpp/wsect_refuse_selectany.cpp -> ref=818B replay=818B  raw_identical=true  normalized_identical=true
fixtures/cpp/wsect_refuse_three.cpp -> ref=850B replay=850B  raw_identical=true  normalized_identical=true
fixtures/cpp/wsect_refuse_tls.cpp -> ref=818B replay=818B  raw_identical=true  normalized_identical=true
fixtures/cpp/wundname_alloc_init_or_fail_neg.cpp -> ref=3853B replay=3853B  raw_identical=true  normalized_identical=true
fixtures/cpp/wsl_store_load_neg.cpp -> ref=1563B replay=1563B  raw_identical=true  normalized_identical=true
fixtures/cpp/wsl_store_load.cpp -> ref=3251B replay=3251B  raw_identical=true  normalized_identical=true
fixtures/cpp/wunw_float_beside_framed.cpp -> ref=1411B replay=1411B  raw_identical=true  normalized_identical=true
fixtures/cpp/wtu3_framed_leaves_framed.cpp -> ref=1391B replay=1391B  raw_identical=true  normalized_identical=true
fixtures/cpp/wunw_float_neg.cpp -> ref=1269B replay=1269B  raw_identical=true  normalized_identical=true
fixtures/cpp/wundname_alloc_init_or_fail.cpp -> ref=1373B replay=1373B  raw_identical=true  normalized_identical=true
fixtures/cpp/wunw_mixed_order.cpp -> ref=1306B replay=1306B  raw_identical=true  normalized_identical=true
fixtures/cpp/wunw_framed_pair.cpp -> ref=1201B replay=1201B  raw_identical=true  normalized_identical=true
fixtures/cpp/wunw_leaf_then_framed.cpp -> ref=1086B replay=1086B  raw_identical=true  normalized_identical=true
fixtures/cpp/wunw_two_leaves_framed.cpp -> ref=1124B replay=1124B  raw_identical=true  normalized_identical=true
fixtures/cpp/wvalue_call_value.cpp -> ref=2012B replay=2012B  raw_identical=true  normalized_identical=true
fixtures/cpp/wvec_inclass_ctor_folded_statics_neg.cpp -> ref=1108B replay=1108B  raw_identical=true  normalized_identical=true
fixtures/cpp/wvl_chain_two_lengths.cpp -> ref=982B replay=982B  raw_identical=true  normalized_identical=true
fixtures/cpp/wvalue_call_value_neg.cpp -> ref=2390B replay=2390B  raw_identical=true  normalized_identical=true
fixtures/cpp/wvec_float_store_leaf.cpp -> ref=874B replay=874B  raw_identical=true  normalized_identical=true
fixtures/cpp/wvec_float_store_leaf_data_bss_neg.cpp -> ref=1103B replay=1103B  raw_identical=true  normalized_identical=true
fixtures/cpp/wvl_chain3.cpp -> ref=883B replay=883B  raw_identical=true  normalized_identical=true
fixtures/cpp/wvl_chain6_same.cpp -> ref=895B replay=895B  raw_identical=true  normalized_identical=true
fixtures/cpp/wvl_chain_neg.cpp -> ref=1128B replay=1128B  raw_identical=true  normalized_identical=true
fixtures/cpp/wvsnprnc_guard_chain_arity_store.cpp -> ref=1981B replay=1981B  raw_identical=true  normalized_identical=true
fixtures/cpp/wvsnprnc_guard_chain_arity_store_neg.cpp -> ref=3144B replay=3144B  raw_identical=true  normalized_identical=true
fixtures/cpp/wwbss_tls_neg.cpp -> ref=1102B replay=1102B  raw_identical=true  normalized_identical=true
fixtures/cpp/wvsnprnc_lit_insert_tail_neg.cpp -> ref=1577B replay=1577B  raw_identical=true  normalized_identical=true
fixtures/cpp/wvsnprnc_lit_insert_tail.cpp -> ref=1446B replay=1446B  raw_identical=true  normalized_identical=true
fixtures/cpp/wwbss_static_neg.cpp -> ref=1080B replay=1080B  raw_identical=true  normalized_identical=true
fixtures/cpp/wwbss_three_neg.cpp -> ref=1180B replay=1180B  raw_identical=true  normalized_identical=true
fixtures/cpp/wwrap_gstore_float_neg.cpp -> ref=1006B replay=1006B  raw_identical=true  normalized_identical=true
fixtures/cpp/wwrap_gstore_gg_neg.cpp -> ref=1069B replay=1069B  raw_identical=true  normalized_identical=true
fixtures/cpp/wwbss_two.cpp -> ref=1104B replay=1104B  raw_identical=true  normalized_identical=true
fixtures/cpp/wwrap_gstore_conv_neg.cpp -> ref=990B replay=990B  raw_identical=true  normalized_identical=true
fixtures/cpp/wwrap_gstore.cpp -> ref=1004B replay=1004B  raw_identical=true  normalized_identical=true
fixtures/cpp/wwrap_gstore_lit_neg.cpp -> ref=989B replay=989B  raw_identical=true  normalized_identical=true
fixtures/cpp/wwrap_gstore_second_neg.cpp -> ref=990B replay=990B  raw_identical=true  normalized_identical=true
fixtures/cpp/wxlr_create_guard.cpp -> ref=1381B replay=1381B  raw_identical=true  normalized_identical=true
fixtures/cpp/wwrap_gstore_sub_neg.cpp -> ref=995B replay=995B  raw_identical=true  normalized_identical=true
fixtures/cpp/wwrap_gstore_two_neg.cpp -> ref=1063B replay=1063B  raw_identical=true  normalized_identical=true
fixtures/cpp/wwrap_gstore_widths.cpp -> ref=1226B replay=1226B  raw_identical=true  normalized_identical=true
fixtures/cpp/wxtea2_mcpy_rev_neg.cpp -> ref=1154B replay=1154B  raw_identical=true  normalized_identical=true
fixtures/cpp/wxtea2_mcpy_short_neg.cpp -> ref=1150B replay=1150B  raw_identical=true  normalized_identical=true
fixtures/cpp/wxtea2_memcpy_tail.cpp -> ref=1280B replay=1280B  raw_identical=true  normalized_identical=true
fixtures/cpp/wxlr_create_guard_neg.cpp -> ref=4530B replay=4530B  raw_identical=true  normalized_identical=true
fixtures/cpp/wxtea2_mcpy_srcoff_neg.cpp -> ref=1154B replay=1154B  raw_identical=true  normalized_identical=true
fixtures/cpp/wxtea2_mcpy_stmt_neg.cpp -> ref=1279B replay=1279B  raw_identical=true  normalized_identical=true
fixtures/cpp/wxtea3_encrypt_loop.cpp -> ref=2358B replay=2358B  raw_identical=true  normalized_identical=true
fixtures/cpp/wxtea3_nobump_neg.cpp -> ref=2190B replay=2190B  raw_identical=true  normalized_identical=true
fixtures/cpp/wxtea3_nonce1_neg.cpp -> ref=866B replay=866B  raw_identical=true  normalized_identical=true
fixtures/cpp/wxtea3_nonce_run.cpp -> ref=878B replay=878B  raw_identical=true  normalized_identical=true
fixtures/cpp/wxtea3_nonce_u64_neg.cpp -> ref=875B replay=875B  raw_identical=true  normalized_identical=true
fixtures/cpp/wxtea3_nosum_neg.cpp -> ref=1067B replay=1067B  raw_identical=true  normalized_identical=true
fixtures/cpp/wxtea3_round_loop.cpp -> ref=1373B replay=1373B  raw_identical=true  normalized_identical=true
fixtures/cpp/wxtea3_shift6_neg.cpp -> ref=1373B replay=1373B  raw_identical=true  normalized_identical=true
