== b_target_bind  vs  b_target_direct
   TEXT DIFFERS:
     5c5
     <    0010  39400000  li 10, 0
     ---
     >    0010  39630008  addi 11, 3, 8
     7c7
     <    0018  39630008  addi 11, 3, 8
     ---
     >    0018  39400000  li 10, 0
     9c9
     <    0020  91430014  stw 10, 20(3)
     ---
     >    0020  90630004  stw 3, 4(3)
     11c11
     <    0028  90630004  stw 3, 4(3)
     ---
     >    0028  91430014  stw 10, 20(3)
== b_off0  vs  b_off0_ctrl
   TEXT IDENTICAL
== b_dead  vs  b_dead_ctrl
   TEXT IDENTICAL
== b_bind_first  vs  b_bind_last
   TEXT DIFFERS:
     1,6c1,6
     <    0000  39630008  addi 11, 3, 8
     <    0004  39400000  li 10, 0
     <    0008  91630008  stw 11, 8(3)
     <    000c  9163000c  stw 11, 12(3)
     <    0010  90830010  stw 4, 16(3)
     <    0014  91430014  stw 10, 20(3)
     ---
     >    0000  39400000  li 10, 0
     >    0004  90830010  stw 4, 16(3)
     >    0008  39630008  addi 11, 3, 8
     >    000c  91430014  stw 10, 20(3)
     >    0010  91630008  stw 11, 8(3)
     >    0014  9163000c  stw 11, 12(3)
