          arith_000_O1  glSIZE=   19 (direct)  text=    4  inlined
          arith_001_O1  glSIZE=   27 (direct)  text=   12  inlined
          arith_002_O1  glSIZE=   35 (direct)  text=   12  inlined
          arith_003_O1  glSIZE=   43 (direct)  text=   12  inlined
          arith_004_O1  glSIZE=   51 (direct)  text=   12  inlined
          arith_005_O1  glSIZE=   59 (direct)  text=   12  inlined
          arith_006_O1  glSIZE=   67 (direct)  text=   24  inlined
          arith_007_O1  glSIZE=   75 (direct)  text=   24  inlined
          arith_008_O1  glSIZE=   83 (direct)  text=   24  inlined
          arith_009_O1  glSIZE=   91 (direct)  text=   24  inlined
          arith_010_O1  glSIZE=   99 (direct)  text=   24  inlined
          arith_012_O1  glSIZE=  115 (direct)  text=   28  inlined
          arith_014_O1  glSIZE=  131 (escape)  text=   28  inlined
          arith_016_O1  glSIZE=  147 (escape)  text=   28  inlined
          arith_020_O1  glSIZE=  179 (escape)  text=   24  inlined
          arith_024_O1  glSIZE=  211 (escape)  text=   28  inlined
          arith_000_Ox  glSIZE=   19 (direct)  text=   16  inlined
          arith_001_Ox  glSIZE=   27 (direct)  text=   32  inlined
          arith_002_Ox  glSIZE=   35 (direct)  text=   32  inlined
          arith_003_Ox  glSIZE=   43 (direct)  text=   28  inlined
          arith_004_Ox  glSIZE=   51 (direct)  text=   28  inlined
          arith_005_Ox  glSIZE=   59 (direct)  text=   28  inlined
          arith_006_Ox  glSIZE=   67 (direct)  text=   48  inlined
          arith_007_Ox  glSIZE=   75 (direct)  text=   48  inlined
          arith_008_Ox  glSIZE=   83 (direct)  text=   48  inlined
          arith_009_Ox  glSIZE=   91 (direct)  text=   48  inlined
          arith_010_Ox  glSIZE=   99 (direct)  text=   48  inlined
          arith_012_Ox  glSIZE=  115 (direct)  text=   60  inlined
          arith_014_Ox  glSIZE=  131 (escape)  text=   60  inlined
          arith_016_Ox  glSIZE=  147 (escape)  text=   60  inlined
          arith_020_Ox  glSIZE=  179 (escape)  text=   48  inlined
          arith_024_Ox  glSIZE=  211 (escape)  text=   60  inlined
         static_000_O1  glSIZE=   19 (direct)  text=    4  inlined
         static_001_O1  glSIZE=   27 (direct)  text=   12  inlined
         static_002_O1  glSIZE=   35 (direct)  text=   12  inlined
         static_003_O1  glSIZE=   43 (direct)  text=   12  inlined
         static_004_O1  glSIZE=   51 (direct)  text=   12  inlined
         static_005_O1  glSIZE=   59 (direct)  text=   12  inlined
         static_006_O1  glSIZE=   67 (direct)  text=   24  inlined
         static_007_O1  glSIZE=   75 (direct)  text=   24  inlined
         static_008_O1  glSIZE=   83 (direct)  text=   24  inlined
         static_009_O1  glSIZE=   91 (direct)  text=   24  inlined
         static_010_O1  glSIZE=   99 (direct)  text=   24  inlined
         static_012_O1  glSIZE=  115 (direct)  text=   28  inlined
         static_014_O1  glSIZE=  131 (escape)  text=   28  inlined
         static_016_O1  glSIZE=  147 (escape)  text=   28  inlined
         static_020_O1  glSIZE=  179 (escape)  text=   24  inlined
         static_024_O1  glSIZE=  211 (escape)  text=   28  inlined
         static_000_Ox  glSIZE=   19 (direct)  text=   20  inlined
         static_001_Ox  glSIZE=   27 (direct)  text=   48  inlined
         static_002_Ox  glSIZE=   35 (direct)  text=   48  inlined
         static_003_Ox  glSIZE=   43 (direct)  text=   44  inlined
         static_004_Ox  glSIZE=   51 (direct)  text=   44  inlined
         static_005_Ox  glSIZE=   59 (direct)  text=   44  inlined
         static_006_Ox  glSIZE=   67 (direct)  text=   72  inlined
         static_007_Ox  glSIZE=   75 (direct)  text=   72  inlined
         static_008_Ox  glSIZE=   83 (direct)  text=   72  inlined
         static_009_Ox  glSIZE=   91 (direct)  text=   72  inlined
         static_010_Ox  glSIZE=   99 (direct)  text=   72  inlined
         static_012_Ox  glSIZE=  115 (direct)  text=   92  inlined
         static_014_Ox  glSIZE=  131 (escape)  text=   92  inlined
         static_016_Ox  glSIZE=  147 (escape)  text=   92  inlined
         static_020_Ox  glSIZE=  179 (escape)  text=   72  inlined
         static_024_Ox  glSIZE=  211 (escape)  text=   92  inlined
           loop_000_O1  glSIZE=   48 (direct)  text=   32  inlined
           loop_001_O1  glSIZE=   48 (direct)  text=   32  inlined
           loop_002_O1  glSIZE=   48 (direct)  text=   32  inlined
           loop_003_O1  glSIZE=   48 (direct)  text=   32  inlined
           loop_004_O1  glSIZE=   56 (direct)  text=   32  inlined
           loop_005_O1  glSIZE=   56 (direct)  text=   32  inlined
           loop_006_O1  glSIZE=   56 (direct)  text=   32  inlined
           loop_007_O1  glSIZE=   56 (direct)  text=   32  inlined
           loop_008_O1  glSIZE=   64 (direct)  text=   32  inlined
           loop_009_O1  glSIZE=   64 (direct)  text=   32  inlined
           loop_010_O1  glSIZE=   64 (direct)  text=   32  inlined
           loop_012_O1  glSIZE=   72 (direct)  text=   32  inlined
           loop_014_O1  glSIZE=   72 (direct)  text=   32  inlined
           loop_016_O1  glSIZE=   80 (direct)  text=   32  inlined
           loop_020_O1  glSIZE=   88 (direct)  text=   44  inlined
           loop_024_O1  glSIZE=   96 (direct)  text=   44  inlined
           loop_000_Ox  glSIZE=   48 (direct)  text=   36  inlined
           loop_001_Ox  glSIZE=   48 (direct)  text=   32  inlined
           loop_002_Ox  glSIZE=   48 (direct)  text=   32  inlined
           loop_003_Ox  glSIZE=   48 (direct)  text=   32  inlined
           loop_004_Ox  glSIZE=   56 (direct)  text=   52  inlined
           loop_005_Ox  glSIZE=   56 (direct)  text=   52  inlined
           loop_006_Ox  glSIZE=   56 (direct)  text=   64  inlined
           loop_007_Ox  glSIZE=   56 (direct)  text=   64  inlined
           loop_008_Ox  glSIZE=   64 (direct)  text=   64  inlined
           loop_009_Ox  glSIZE=   64 (direct)  text=   72  inlined
           loop_010_Ox  glSIZE=   64 (direct)  text=   72  inlined
           loop_012_Ox  glSIZE=   72 (direct)  text=   72  inlined
           loop_014_Ox  glSIZE=   72 (direct)  text=   72  inlined
           loop_016_Ox  glSIZE=   80 (direct)  text=   72  inlined
           loop_020_Ox  glSIZE=   88 (direct)  text=  104  inlined
           loop_024_Ox  glSIZE=   96 (direct)  text=  104  inlined
