            mix_000_Ox  glSIZE=   19 (direct)  text=   16  inlined
            mix_001_Ox  glSIZE=   31 (direct)  text=   52  inlined
            mix_002_Ox  glSIZE=   43 (direct)  text=   96  inlined
            mix_003_Ox  glSIZE=   55 (direct)  text=  132  inlined
            mix_004_Ox  glSIZE=   67 (direct)  text=  176  inlined
            mix_005_Ox  glSIZE=   79 (direct)  text=  208  inlined
            mix_006_Ox  glSIZE=   91 (direct)  text=  240  inlined
            mix_007_Ox  glSIZE=  103 (direct)  text=  276  inlined
            mix_008_Ox  glSIZE=  115 (direct)  text=  320  inlined
            mix_009_Ox  glSIZE=  127 (direct)  text=  212  kept
            mix_010_Ox  glSIZE=  139 (escape)  text=  228  kept
            mix_011_Ox  glSIZE=  151 (escape)  text=  244  kept
            mix_012_Ox  glSIZE=  163 (escape)  text=  260  kept
            mix_013_Ox  glSIZE=  175 (escape)  text=  276  kept
            mix_014_Ox  glSIZE=  187 (escape)  text=  292  kept
            mix_016_Ox  glSIZE=  211 (escape)  text=  332  kept
            mix_018_Ox  glSIZE=  235 (escape)  text=  364  kept
            mix_020_Ox  glSIZE=  259 (escape)  text=  396  kept
            mix_024_Ox  glSIZE=  307 (escape)  text=  460  kept
           fine_000_Ox  glSIZE=   91 (direct)  text=  240  inlined
           fine_001_Ox  glSIZE=   97 (direct)  text=  256  inlined
           fine_002_Ox  glSIZE=  103 (direct)  text=  272  inlined
           fine_003_Ox  glSIZE=  109 (direct)  text=  288  inlined
           fine_004_Ox  glSIZE=  115 (direct)  text=  304  inlined
           fine_005_Ox  glSIZE=  121 (direct)  text=  320  inlined
           fine_006_Ox  glSIZE=  127 (direct)  text=  196  kept
           fine_007_Ox  glSIZE=  133 (escape)  text=  204  kept
           fine_008_Ox  glSIZE=  139 (escape)  text=  212  kept
           fine_009_Ox  glSIZE=  145 (escape)  text=  220  kept
           fine_010_Ox  glSIZE=  151 (escape)  text=  228  kept
           fine_011_Ox  glSIZE=  157 (escape)  text=  236  kept
           fine_012_Ox  glSIZE=  163 (escape)  text=  244  kept
           fine_013_Ox  glSIZE=  169 (escape)  text=  252  kept
           fine_014_Ox  glSIZE=  175 (escape)  text=  260  kept
           fine_016_Ox  glSIZE=  187 (escape)  text=  260  kept
           fine_018_Ox  glSIZE=  199 (escape)  text=  244  kept
           fine_020_Ox  glSIZE=  211 (escape)  text=  228  kept
           fine_024_Ox  glSIZE=  235 (escape)  text=  196  kept
