==============================================================================
== THE THREE — reader-clear, not `match` (#3184, #3191)
==============================================================================
### src/system/decomp_pch.cpp
    class            vocab-gap      factor letters  -BCD-
    gate stops at    gl-stop-26-introduced
    causes EVALUATED ['gl-stop-26-introduced', 'body-out-of-class']   (downstream of the binding is NOT evaluated)
    .ex segments     1242      .gl names 307   in-class bodies 372
    .gl SPELLS a body-start for 559 of 1242  -> 683 segments can bind to NO record
    a .gl record NAMES 0 of 1242  (unclaimed mangled 872, unclaimed inline-fit 206)
    IlBundle::data_tu (factor E, the functionless-data path): REFUSED at clause 1 (is_empty_module false)
    emitted .text COMDATs 0   in-class 0   bound 0   unbound-with-record 0   unbound-NO-record 0
    fnbyte  denominator 0  exact 0  unbound 0  differs 0  refused-parse 0
    BYTES   no denominator — the reference obj has NO .text bytes at all
    obj sections 5 (4 distinct): ['.XBLD$W', '.debug$S', '.drectve', '.rdata']
    emit_blockers keys 0   (= 'never asked' when the gate stops before the emitted loop)
    factor A residue: rows emitted 0  rows NOT emitted 549  rows unnamed 693

### src/system/math/vec.cpp
    class            vocab-gap      factor letters  -BCD-
    gate stops at    gl-stop-26-introduced
    causes EVALUATED ['gl-stop-26-introduced', 'body-out-of-class']   (downstream of the binding is NOT evaluated)
    .ex segments     811      .gl names 150   in-class bodies 240
    .gl SPELLS a body-start for 373 of 811  -> 438 segments can bind to NO record
    a .gl record NAMES 0 of 811  (unclaimed mangled 488, unclaimed inline-fit 219)
    IlBundle::data_tu (factor E, the functionless-data path): REFUSED at clause 1 (is_empty_module false)
    emitted .text COMDATs 2   in-class 2   bound 2   unbound-with-record 0   unbound-NO-record 0
    fnbyte  denominator 2  exact 2  unbound 0  differs 0  refused-parse 0
    BYTES   denominator 36  exact 36 (100.00 %)  unaccounted 0
    ** the two readings of 'how done is this TU': FUNCTIONS 100.0 %  vs  BYTES 100.00 %  -> 1.0x apart **
    obj sections 9 (7 distinct): ['.XBLD$W', '.bss', '.data', '.debug$S', '.drectve', '.rdata', '.text']
    emit_blockers keys 0   (= 'never asked' when the gate stops before the emitted loop)
    factor A residue: rows emitted 2  rows NOT emitted 358  rows unnamed 451

### src/system/os/NetworkSocket.cpp
    class            vocab-gap      factor letters  --C--
    gate stops at    gl-stop-26-introduced
    causes EVALUATED ['gl-stop-26-introduced', 'body-out-of-class']   (downstream of the binding is NOT evaluated)
    .ex segments     239      .gl names 47   in-class bodies 60
    .gl SPELLS a body-start for 120 of 240  -> 120 segments can bind to NO record
    a .gl record NAMES 0 of 240  (unclaimed mangled 294, unclaimed inline-fit 31)
    IlBundle::data_tu (factor E, the functionless-data path): REFUSED at clause 1 (is_empty_module false)
    emitted .text COMDATs 4   in-class 2   bound 2   unbound-with-record 2   unbound-NO-record 0
    fnbyte  denominator 4  exact 2  unbound 2  differs 0  refused-parse 0
    BYTES   denominator 660  exact 24 (3.64 %)  unaccounted 636
    ** the two readings of 'how done is this TU': FUNCTIONS 50.0 %  vs  BYTES 3.64 %  -> 13.8x apart **
    obj sections 18 (6 distinct): ['.XBLD$W', '.debug$S', '.drectve', '.pdata', '.rdata', '.text']
    emit_blockers keys 0   (= 'never asked' when the gate stops before the emitted loop)
    factor A residue: rows emitted 2  rows NOT emitted 114  rows unnamed 123

==============================================================================
== POSITIVE CONTROL M2 — `match` through factor D
==============================================================================
### src/system/math/Primes.cpp
    class            match      factor letters  ABCD-
    gate stops at    None
    causes EVALUATED []   (downstream of the binding is NOT evaluated)
    .ex segments     1      .gl names 2   in-class bodies 1
    .gl SPELLS a body-start for 1 of 1  -> 0 segments can bind to NO record
    a .gl record NAMES 1 of 1  (unclaimed mangled 0, unclaimed inline-fit 0)
    IlBundle::data_tu (factor E, the functionless-data path): REFUSED at clause 1 (is_empty_module false)
    emitted .text COMDATs 1   in-class 1   bound 1   unbound-with-record 0   unbound-NO-record 0
    fnbyte  denominator 1  exact 1  unbound 0  differs 0  refused-parse 0
    BYTES   denominator 64  exact 64 (100.00 %)  unaccounted 0
    ** the two readings of 'how done is this TU': FUNCTIONS 100.0 %  vs  BYTES 100.00 %  -> 1.0x apart **
    obj sections 6 (5 distinct): ['.XBLD$W', '.data', '.debug$S', '.drectve', '.text']
    emit_blockers keys 0   (= 'never asked' when the gate stops before the emitted loop)
    factor A residue: rows emitted 1  rows NOT emitted 0  rows unnamed 0

### src/system/math/Sort.cpp
    class            match      factor letters  ABCD-
    gate stops at    None
    causes EVALUATED []   (downstream of the binding is NOT evaluated)
    .ex segments     1      .gl names 1   in-class bodies 1
    .gl SPELLS a body-start for 1 of 1  -> 0 segments can bind to NO record
    a .gl record NAMES 1 of 1  (unclaimed mangled 0, unclaimed inline-fit 0)
    IlBundle::data_tu (factor E, the functionless-data path): REFUSED at clause 1 (is_empty_module false)
    emitted .text COMDATs 1   in-class 1   bound 1   unbound-with-record 0   unbound-NO-record 0
    fnbyte  denominator 1  exact 1  unbound 0  differs 0  refused-parse 0
    BYTES   denominator 80  exact 80 (100.00 %)  unaccounted 0
    ** the two readings of 'how done is this TU': FUNCTIONS 100.0 %  vs  BYTES 100.00 %  -> 1.0x apart **
    obj sections 5 (4 distinct): ['.XBLD$W', '.debug$S', '.drectve', '.text']
    emit_blockers keys 0   (= 'never asked' when the gate stops before the emitted loop)
    factor A residue: rows emitted 1  rows NOT emitted 0  rows unnamed 0

==============================================================================
== POSITIVE CONTROL M2b — `match` through factor E (whole-TU recognizer)
==============================================================================
### src/Main.cpp
    class            match      factor letters  ABC-E
    gate stops at    None
    causes EVALUATED []   (downstream of the binding is NOT evaluated)
    .ex segments     1      .gl names 1   in-class bodies 0
    .gl SPELLS a body-start for 1 of 1  -> 0 segments can bind to NO record
    a .gl record NAMES 1 of 1  (unclaimed mangled 3, unclaimed inline-fit 0)
    IlBundle::data_tu (factor E, the functionless-data path): REFUSED at clause 1 (is_empty_module false)
    emitted .text COMDATs 1   in-class 0   bound 1   unbound-with-record 0   unbound-NO-record 0
    fnbyte  denominator 1  exact 0  unbound 0  differs 0  refused-parse 1
    BYTES   denominator 124  exact 0 (0.00 %)  unaccounted 0
    ** the FUNCTIONS/BYTES ratio is NOT COMPUTED here: fnbyte-denominator 1, bytefrac-exact 0 — a ratio on a zero denominator is a refusal, not a 0 **
    obj sections 8 (6 distinct): ['.XBLD$W', '.debug$S', '.drectve', '.pdata', '.rdata', '.text']
    emit_blockers keys 1   (= 'never asked' when the gate stops before the emitted loop)
    factor A residue: rows emitted 1  rows NOT emitted 0  rows unnamed 0

==============================================================================
== POSITIVE CONTROL M3 — the FRONTIER (A/\B/\C true, reader-blocked)
==============================================================================
### src/system/rndobj/wordwrap.cpp
    class            vocab-gap      factor letters  ABC--
    gate stops at    body-out-of-class
    causes EVALUATED ['body-out-of-class', 'unclaimed-gl-symbol']   (downstream of the binding is NOT evaluated)
    .ex segments     3      .gl names 5   in-class bodies 1
    .gl SPELLS a body-start for 3 of 3  -> 0 segments can bind to NO record
    a .gl record NAMES 3 of 3  (unclaimed mangled 2, unclaimed inline-fit 0)
    IlBundle::data_tu (factor E, the functionless-data path): REFUSED at clause 1 (is_empty_module false)
    emitted .text COMDATs 3   in-class 1   bound 3   unbound-with-record 0   unbound-NO-record 0
    fnbyte  denominator 3  exact 1  unbound 0  differs 0  refused-parse 2
    BYTES   denominator 816  exact 12 (1.47 %)  unaccounted 0
    ** the two readings of 'how done is this TU': FUNCTIONS 33.3 %  vs  BYTES 1.47 %  -> 22.7x apart **
    obj sections 9 (6 distinct): ['.XBLD$W', '.bss', '.debug$S', '.drectve', '.pdata', '.text']
    emit_blockers keys 2   (= 'never asked' when the gate stops before the emitted loop)
    factor A residue: rows emitted 3  rows NOT emitted 0  rows unnamed 0

### src/keygen_xbox.cpp
    class            vocab-gap      factor letters  ABC--
    gate stops at    body-out-of-class
    causes EVALUATED ['body-out-of-class', 'unclaimed-gl-symbol', 'locally-defined-callee']   (downstream of the binding is NOT evaluated)
    .ex segments     20      .gl names 22   in-class bodies 1
    .gl SPELLS a body-start for 20 of 20  -> 0 segments can bind to NO record
    a .gl record NAMES 20 of 20  (unclaimed mangled 1, unclaimed inline-fit 0)
    IlBundle::data_tu (factor E, the functionless-data path): REFUSED at clause 1 (is_empty_module false)
    emitted .text COMDATs 20   in-class 1   bound 20   unbound-with-record 0   unbound-NO-record 0
    fnbyte  denominator 20  exact 1  unbound 0  differs 0  refused-parse 19
    BYTES   denominator 1440  exact 8 (0.56 %)  unaccounted 0
    ** the two readings of 'how done is this TU': FUNCTIONS 5.0 %  vs  BYTES 0.56 %  -> 9.0x apart **
    obj sections 31 (7 distinct): ['.XBLD$W', '.data', '.debug$S', '.drectve', '.pdata', '.rdata', '.text']
    emit_blockers keys 11   (= 'never asked' when the gate stops before the emitted loop)
    factor A residue: rows emitted 20  rows NOT emitted 0  rows unnamed 0

==============================================================================
== DISCRIMINATING CELLS
==============================================================================
distinct (class, gate_cause, gate_causes) profiles over 8 TUs: 4
  vocab-gap  stop=gl-stop-26-introduced    all=['gl-stop-26-introduced', 'body-out-of-class']
      src/system/decomp_pch.cpp
      src/system/math/vec.cpp
      src/system/os/NetworkSocket.cpp
  match      stop=None                     all=[]
      src/system/math/Primes.cpp
      src/system/math/Sort.cpp
      src/Main.cpp
  vocab-gap  stop=body-out-of-class        all=['body-out-of-class', 'unclaimed-gl-symbol']
      src/system/rndobj/wordwrap.cpp
  vocab-gap  stop=body-out-of-class        all=['body-out-of-class', 'unclaimed-gl-symbol', 'locally-defined-callee']
      src/keygen_xbox.cpp

M7 — `emit_blockers` EMPTY on 5 of 8, NON-EMPTY on 3
     empty:     ['src/system/decomp_pch.cpp', 'src/system/math/vec.cpp', 'src/system/os/NetworkSocket.cpp', 'src/system/math/Primes.cpp', 'src/system/math/Sort.cpp']
     non-empty: ['src/Main.cpp', 'src/system/rndobj/wordwrap.cpp', 'src/keygen_xbox.cpp']
     `vocab-gap` WITH keys (the M7 witness that empty != nothing-blocks): ['src/system/rndobj/wordwrap.cpp', 'src/keygen_xbox.cpp']
