TU rows 878 · TUs with both denominators 864 · `bytefrac-partition-broken` 0 (the scan's own identity, must be 0)

SUMMED over the 864: functions 35734/162049 = 22.05 %   bytes 293812/12839880 = 2.29 %   -> 9.64x apart

PARTIALLY-exact TUs (0 < fnbyte-exact < fnbyte-denominator): 811
TU                                                          fn         bytes   ratio
src/system/world/LightPreset.cpp                      309/1731   2356/143280    10.9x
src/system/hamobj/HamDirector.cpp                     303/1474   2416/155792    13.3x
src/system/rndobj/Utl.cpp                             337/1404   2584/93572      8.7x
src/system/world/Crowd.cpp                            254/1321   1868/90408      9.3x
src/system/char/Character.cpp                         266/1304   1956/95860     10.0x
src/system/rndobj/Mesh.cpp                            257/1267   2044/100084     9.9x
src/system/rndobj/PropAnim.cpp                        214/1258   1956/95920      8.3x
src/system/rndobj/Text.cpp                            265/1246   1924/98772     10.9x
src/system/world/CameraShot.cpp                       200/1136   1488/107376    12.7x
src/system/hamobj/MoveDir.cpp                         251/1100   1960/92464     10.8x
src/system/rndobj/PropKeys.cpp                        130/1033   1168/84948      9.2x
src/system/rndobj/AmbientOcclusion.cpp                224/1031   1652/70452      9.3x
src/system/obj/Dir.cpp                                182/953    1540/78444      9.7x
src/lazer/meta_ham/MetaPerformer.cpp                  217/947    1716/85096     11.4x
src/system/rndobj/EventTrigger.cpp                    151/942    1144/83584     11.7x
src/lazer/meta_ham/AccomplishmentManager.cpp          218/941    1532/63932      9.7x
src/system/world/Dir.cpp                              170/912    1212/73948     11.4x
src/lazer/meta_ham/HamSongMgr.cpp                     225/888    1704/53392      7.9x
src/system/hamobj/HamMove.cpp                         164/839    1224/65960     10.5x
src/system/ui/UIList.cpp                              180/833    1384/71580     11.2x
src/system/rndobj/Rnd.cpp                             151/828    1384/76636     10.1x
src/system/hamobj/MoveMgr.cpp                         206/801    1568/52440      8.6x
src/system/hamobj/HamNavList.cpp                      179/788    1340/74508     12.6x
src/system/flow/Flow.cpp                              124/751    1028/66088     10.6x
src/system/char/CharClip.cpp                          137/746    1156/61024      9.7x
src/system/world/Spotlight.cpp                        135/744    1084/78496     13.1x
src/system/rndobj/Dir.cpp                             154/734    1120/49040      9.2x
src/system/synth/Synth.cpp                            178/726    1416/50340      8.7x
src/system/char/CharDriver.cpp                        162/722    1392/56364      9.1x
src/system/hamobj/HamCamShot.cpp                      135/719     972/63272     12.2x
src/system/rndobj/Font.cpp                            148/715    1112/52580      9.8x
src/system/rndobj/MeshAnim.cpp                        144/705    1088/52224      9.8x
src/system/rndobj/Part.cpp                            138/695    1208/76948     12.6x
src/lazer/game/PartyModeMgr.cpp                       133/654    1148/76168     13.5x
src/system/world/CameraManager.cpp                    120/636    1100/47860      8.2x
src/system/world/SpotlightDrawer.cpp                  125/634     924/42120      9.0x
src/lazer/meta_ham/MetagameRank.cpp                   151/631    1120/55332     11.8x
src/system/ui/PanelDir.cpp                            153/631    1120/43552      9.4x
src/system/rndobj/Group.cpp                           129/630     960/42900      9.2x
src/lazer/meta_ham/Challenges.cpp                     140/619    1120/55636     11.2x
src/lazer/meta_ham/MetaPanel.cpp                      103/614     808/47668      9.9x
src/system/hamobj/HamListRibbon.cpp                   134/609    1076/49004     10.0x
src/system/synth/Sequence.cpp                          95/583     704/47248     10.9x
src/system/char/CharEyes.cpp                          104/580     856/64212     13.5x
src/system/rndobj/MatAnim.cpp                         102/575     768/41616      9.6x
src/system/char/CharLipSync.cpp                       112/574     928/42036      8.8x
src/system/meta/SongMgr.cpp                           128/563    1036/33904      7.4x
src/system/ui/UIListDir.cpp                           141/561    1008/33352      8.3x
src/system/char/CharHair.cpp                           98/560     772/52188     11.8x
src/system/world/Instance.cpp                         131/558     880/35920      9.6x
src/system/hamobj/HamCharacter.cpp                    121/556     944/45356     10.5x
src/system/synth_xbox/Synth.cpp                       139/543     928/35252      9.7x
src/system/ui/UI.cpp                                  116/539    1256/53884      9.2x
src/system/gesture/DepthBuffer3D.cpp                  113/529     868/42032     10.3x
src/system/flow/FlowNode.cpp                          100/527     744/42316     10.8x
src/system/char/CharPollGroup.cpp                     104/523     764/32588      8.5x
src/system/ui/UILabel.cpp                             101/521    1104/50036      8.8x
src/system/rnddx9/Rnd_Xbox.cpp                        131/517     984/37956      9.8x
src/system/hamobj/SongLayout.cpp                      100/508     836/37768      8.9x
src/system/rndobj/MultiMesh.cpp                        98/502     792/34392      8.5x
src/system/ui/InlineHelp.cpp                          102/502     956/38640      8.2x
src/system/rndobj/PartAnim.cpp                         98/500     724/33356      9.0x
src/lazer/meta_ham/HamStorePanel.cpp                  117/498     960/39144      9.6x
src/lazer/meta_ham/PlaylistSortMgr.cpp                139/490    1004/30220      8.5x
src/system/gesture/SkeletonClip.cpp                   102/490     824/38660      9.8x
src/system/hamobj/DanceRemixer.cpp                    116/477     916/30880      8.2x
src/system/synth/StandardStream.cpp                   119/476     896/31832      8.9x
src/system/hamobj/HamCamTransform.cpp                  86/472     692/39496     10.4x
src/system/rndobj/Mat.cpp                              92/468     696/48952     13.8x
src/system/gesture/StreamRecorder.cpp                  93/467     656/34720     10.5x
src/system/hamobj/HamWardrobe.cpp                      90/467     700/38784     10.7x
src/system/char/FileMerger.cpp                         80/453     724/45040     11.0x
src/system/hamobj/OriginalChoreoRemixer.cpp           114/448     880/24772      7.2x
src/system/ui/UILabelDir.cpp                          101/448     732/33412     10.3x
src/system/utl/Cheats.cpp                             113/448    1036/27276      6.6x
src/system/hamobj/MoveAsyncDetector.cpp               102/447     724/25432      8.0x
src/system/obj/DataFunc.cpp                            67/442     868/53928      9.4x
src/system/char/CharClipGroup.cpp                      87/438     692/31104      8.9x
src/lazer/meta_ham/Campaign.cpp                       116/436     888/34140     10.2x
src/system/hamobj/RhythmBattle.cpp                     88/433     728/63428     17.7x
src/system/char/CharIKMidi.cpp                         84/431     668/30480      8.9x
src/lazer/meta_ham/PracticeChoosePanel.cpp            100/429     756/31016      9.6x
src/system/char/CharClipSet.cpp                        92/429     652/31428     10.3x
src/system/utl/Song.cpp                                94/428     816/32768      8.8x
src/system/char/ClipCollide.cpp                        96/423     768/33392      9.9x
src/system/rndobj/Line.cpp                             73/422     644/37408     10.0x
src/system/rndobj/Draw.cpp                             89/419     760/30288      8.5x
src/system/char/ClipDistMap.cpp                        97/417     780/28912      8.6x
src/system/synth/Sfx.cpp                               87/417     696/33580     10.1x
src/system/flow/FlowManager.cpp                        94/416     740/26892      8.2x
src/system/rndobj/TexRenderer.cpp                      93/416     680/34552     11.4x
src/system/hamobj/HamIKEffector.cpp                    81/414     636/37088     11.4x
src/system/rndobj/Gen.cpp                              79/414     580/31300     10.3x
src/system/obj/Utl.cpp                                 88/412     720/27308      8.1x
src/system/char/CharBoneDir.cpp                        79/407     676/30308      8.7x
src/system/rndobj/TransAnim.cpp                        70/407     580/33820     10.0x
src/lazer/meta_ham/MainMenuPanel.cpp                  108/406     744/29264     10.5x
src/system/meta/StorePanel.cpp                         96/404     844/31320      8.8x
src/system/rndobj/Morph.cpp                            75/404     652/29676      8.4x
src/system/gesture/LiveCameraInput.cpp                 82/403     640/31832     10.1x
src/system/rndobj/TexBlender.cpp                       86/402     716/29828      8.9x
src/system/hamobj/SuperEasyRemixer.cpp                109/401     888/21292      6.5x
src/system/hamobj/RhythmDetector.cpp                   84/399     632/32852     10.9x
src/system/obj/DirLoader.cpp                           75/399     552/35128     12.0x
src/system/hamobj/HamRibbon.cpp                        73/397     580/32412     10.3x
src/system/char/CharacterTest.cpp                      90/394     740/35640     11.0x
src/system/synth/VorbisReader.cpp                      90/393     632/27440      9.9x
src/system/ui/UIFontImporter.cpp                       75/390     648/43880     13.0x
src/system/rndobj/Trans.cpp                            61/389     660/42924     10.2x
src/lazer/game/BustAMovePanel.cpp                      87/386     660/50992     17.4x
src/system/char/Char.cpp                               45/386     396/32108      9.5x
src/system/synth/Sound.cpp                             77/386     600/33672     11.2x
src/system/ui/UITrigger.cpp                            62/377     488/27720      9.3x
src/system/char/CharIKHand.cpp                         67/374     600/38388     11.5x
src/lazer/game/Game.cpp                                89/373     724/35668     11.8x
src/system/meta/DataArraySongInfo.cpp                  79/373     740/23048      6.6x
src/lazer/game/GamePanel.cpp                           76/371     672/35768     10.9x
src/system/char/Waypoint.cpp                           70/371     556/27076      9.2x
src/system/hamobj/FreestyleMoveRecorder.cpp            92/370     740/23088      7.8x
src/system/rndobj/Env.cpp                              75/367     624/33688     11.0x
src/lazer/meta_ham/AccomplishmentProgress.cpp          81/366     592/21332      8.0x
src/lazer/meta_ham/HamStoreProvider.cpp                90/363     680/26144      9.5x
src/system/hamobj/SongCollision.cpp                    78/363     628/23520      8.0x
src/system/flow/FlowMultiSetProperty.cpp               74/362     612/23640      7.9x
src/system/hamobj/MoveGraph.cpp                        77/361     644/19640      6.5x
src/system/obj/Task.cpp                                67/361     668/29432      8.2x
src/system/hamobj/HamVisDir.cpp                        76/358     528/29436     11.8x
src/system/hamobj/HamLabel.cpp                         66/356     528/22724      8.0x
src/system/flow/FlowPickOne.cpp                        67/353     492/23452      9.0x
src/lazer/meta_ham/NavListSortMgr.cpp                 107/348     748/22604      9.3x
src/system/rndobj/Ribbon.cpp                           70/346     556/27600     10.0x
src/lazer/meta_ham/CampaignProgress.cpp                71/343     492/22212      9.3x
src/lazer/meta_ham/HamProfile.cpp                      76/343     660/35532     11.9x
src/system/char/CharLipSyncDriver.cpp                  67/343     516/32076     12.1x
src/system/synth_xbox/Mic.cpp                          86/343     652/21280      8.2x
src/system/moviebink/BinkMovieImpl.cpp                 79/342     576/27548     11.0x
src/system/hamobj/HamNavProvider.cpp                   77/339     664/27872      9.5x
src/system/hamobj/MoveParent.cpp                       85/338     680/17076      6.3x
src/lazer/meta_ham/SongSortMgr.cpp                    111/337     804/20868      8.5x
src/system/math/Geo.cpp                                58/334     460/28172     10.6x
src/system/obj/Msg.cpp                                 58/334     480/22188      8.0x
src/system/os/Archive.cpp                              62/325     468/24092      9.8x
src/system/hamobj/RhythmBattlePlayer.cpp               69/321     524/42468     17.4x
src/system/flow/FlowSetProperty.cpp                    51/317     408/36996     14.6x
src/system/os/HolmesClient.cpp                         55/317     400/24904     10.8x
src/system/utl/MemTracker.cpp                          44/317     372/25880      9.7x
src/system/hamobj/RhythmDetectorGroup.cpp              68/316     564/21896      8.4x
src/system/synth/MetaMusic.cpp                         69/315     580/22864      8.6x
src/system/world/SpotlightDrawer_NG.cpp                79/314     664/23676      9.0x
src/system/obj/Object.cpp                              65/313     992/33892      7.1x
src/lazer/meta_ham/HamUI.cpp                           65/312     584/31916     11.4x
src/system/world/DefaultPhysicsManager.cpp             99/311     592/16572      8.9x
src/lazer/meta_ham/HamSongMetadata.cpp                 68/310     636/29704     10.2x
src/system/os/ContentMgr_Xbox.cpp                      94/310     680/19924      8.9x
src/system/rndobj/LitAnim.cpp                          51/306     440/23476      8.9x
src/lazer/meta_ham/Leaderboards.cpp                    84/305     604/22988     10.5x
src/system/hamobj/HamDriver.cpp                        64/304     484/20092      8.7x
src/system/midi/MidiParserMgr.cpp                      69/304     484/17584      8.2x
src/system/os/PlatformMgr_Xbox.cpp                     66/302     528/25528     10.6x
src/system/flow/FlowTrigger.cpp                        53/301     468/24268      9.1x
src/lazer/net_ham/ChallengeSystemJobs.cpp              69/299     512/25988     11.7x
src/system/rndobj/Rnd_NG.cpp                           96/299     636/16144      8.1x
src/system/synth/MidiInstrument.cpp                    58/296     496/24556      9.7x
src/system/world/Reflection.cpp                        60/295     480/23924     10.1x
src/system/rndobj/CamAnim.cpp                          49/294     416/20752      8.3x
src/system/rndobj/Set.cpp                              65/294     552/17316      6.9x
src/system/char/CharBonesMeshes.cpp                    63/293     512/18832      7.9x
src/system/gesture/SkeletonViz.cpp                     62/289     488/26048     11.5x
src/system/synth_xbox/Voice.cpp                        49/289     324/20216     10.6x
src/system/ui/UISlider.cpp                             53/288     524/23164      8.1x
src/lazer/meta_ham/MQSongSortMgr.cpp                   96/286     652/12932      6.7x
src/system/synth/Faders.cpp                            55/285     444/23744     10.3x
src/system/synth_xbox/FxSend.cpp                       78/285     544/14584      7.3x
src/system/gesture/StreamRenderer.cpp                  70/282     656/30992     11.7x
src/system/gesture/SpeechMgr.cpp                       57/281     544/26688     10.0x
src/system/midi/MidiParser.cpp                         60/281     572/31060     11.6x
src/system/rndobj/Font3d.cpp                           60/281     452/18548      8.8x
src/lazer/meta_ham/ChallengeSortMgr.cpp                94/280     712/17372      8.2x
src/system/hamobj/HollaBackMinigame.cpp                63/280     568/34820     13.8x
src/system/hamobj/PoseFatalities.cpp                   62/280     524/31964     13.5x
src/system/ui/LabelShrinkWrapper.cpp                   56/279     464/21872      9.5x
src/system/hamobj/CharFeedback.cpp                     57/275     464/22880     10.2x
src/system/hamobj/Ham.cpp                              47/275     300/22532     12.8x
src/system/os/FileCache.cpp                            51/275     340/17396      9.5x
src/system/char/CharWeightSetter.cpp                   49/272     440/24052      9.8x
src/lazer/meta_ham/AppMiniLeaderboardDisplay.cpp       67/267     528/20608      9.8x
src/system/hamobj/MeterDisplay.cpp                     48/267     388/22556     10.5x
src/system/rndobj/Lit.cpp                              50/267     448/26948     11.3x
src/system/hamobj/MiniLeaderboardDisplay.cpp           56/266     372/17044      9.6x
src/system/ui/UIScreen.cpp                             64/266     688/20364      7.1x
src/system/hamobj/HamPhraseMeter.cpp                   65/263     464/16680      8.9x
src/system/char/CharFaceServo.cpp                      56/262     388/17088      9.4x
src/system/hamobj/HamPhotoDisplay.cpp                  66/262     468/15992      8.6x
src/lazer/meta_ham/VoiceControlPanel.cpp               62/261     488/22808     11.1x
src/system/char/CharIKFingers.cpp                      48/261     384/28424     13.6x
src/system/rndobj/Cam.cpp                              50/261     452/22680      9.6x
src/system/rndobj/MotionBlur.cpp                       57/261     460/17412      8.3x
src/system/ui/UIButton.cpp                             51/261     400/16044      7.8x
src/system/char/CharBonesSamples.cpp                   50/260     408/20812      9.8x
src/system/char/CharMirror.cpp                         60/260     488/17040      8.1x
src/system/utl/SongInfoCopy.cpp                        65/260     436/13860      7.9x
src/system/hamobj/HamSkeletonConverter.cpp             55/259     408/23760     12.4x
src/lazer/meta_ham/ProfileMgr.cpp                      52/258     552/36752     13.4x
src/system/hamobj/HamScrollSpeedIndicator.cpp          65/258     464/15792      8.6x
src/system/hamobj/PracticeSection.cpp                  50/258     408/19720      9.4x
src/system/rndobj/BaseMaterial.cpp                     53/258     420/22180     10.8x
src/system/rndobj/Shader.cpp                           69/258     540/23232     11.5x
src/system/ui/UIListWidget.cpp                         66/257     504/21444     10.9x
src/system/rnddx9/Mesh.cpp                             65/256     556/16508      7.5x
src/system/midi/DataEventList.cpp                      46/255     352/15420      7.9x
src/system/os/File.cpp                                 58/254     544/20492      8.6x
src/system/ui/LabelNumberTicker.cpp                    50/250     420/19316      9.2x
src/system/hamobj/StarsDisplay.cpp                     50/249     400/18676      9.4x
src/system/synth_xbox/Synapse_dsp.cpp                  63/249     472/16076      8.6x
src/system/char/CharIKHead.cpp                         50/247     388/21244     11.1x
src/lazer/meta_ham/MultiUserGesturePanel.cpp           68/246     540/25824     13.2x
src/system/char/CharSignalApplier.cpp                  48/246     416/19608      9.2x
src/system/hamobj/SongDifficultyDisplay.cpp            51/246     408/17300      8.8x
src/system/rndobj/TexProc.cpp                          57/246     512/18756      8.5x
src/lazer/meta_ham/CampaignMasterQuestCrewSelectPanel.cpp   68/245     492/16016      9.0x
src/system/flow/FlowSlider.cpp                         47/245     372/17504      9.0x
src/lazer/meta_ham/SongSort.cpp                        82/244     600/11604      6.5x
src/system/world/PhysicsVolume.cpp                     53/244     480/21692      9.8x
src/system/char/FileMergerOrganizer.cpp                52/243     396/16464      8.9x
src/system/rndobj/Anim.cpp                             45/243     432/26792     11.5x
src/system/ui/LocalePanel.cpp                          53/243     472/15068      7.0x
src/system/ui/UIPicture.cpp                            52/242     476/18072      8.2x
src/system/char/CharBone.cpp                           41/241     344/19116      9.5x
src/lazer/meta_ham/SongStatusMgr.cpp                   48/240     372/18504      9.9x
src/lazer/meta_ham/VoiceInputPanel.cpp                 59/240     540/17976      8.2x
src/system/char/CharBlendBone.cpp                      47/240     416/19164      9.0x
src/system/char/CharLookAt.cpp                         47/240     384/22696     11.6x
src/system/hamobj/DancerSequence.cpp                   50/239     356/15056      8.8x
src/system/synth/Emitter.cpp                           53/238     396/18720     10.5x
src/system/obj/DirUnloader.cpp                         57/237     392/11644      7.1x
src/system/synth/MoggClip.cpp                          50/237     472/17364      7.8x
src/system/hamobj/HamAudio.cpp                         54/236     464/21256     10.5x
src/system/meta/PreloadPanel.cpp                       58/236     536/16772      7.7x
src/system/char/CharServoBone.cpp                      51/233     388/15900      9.0x
src/system/flow/FlowAnimate.cpp                        45/233     336/22916     13.2x
src/system/os/System.cpp                               42/233     452/17012      6.8x
src/system/world/LightPresetManager.cpp                55/233     400/13328      7.9x
src/system/rndobj/Flare.cpp                            59/232     528/18020      8.7x
src/system/rndobj/MetaMaterial.cpp                     48/231     356/36064     21.1x
src/system/flow/FlowCommand.cpp                        58/230     492/14464      7.4x
src/system/char/CharBones.cpp                          44/228     384/21444     10.8x
src/system/midi/MidiReader.cpp                         41/228     340/17980      9.5x
src/system/rndobj/AnimFilter.cpp                       48/228     352/15976      9.6x
src/system/utl/Symbol.cpp                              42/228     304/13700      8.3x
src/system/char/CharUtl.cpp                            63/227     572/13256      6.4x
src/system/gesture/SkeletonDir.cpp                     53/226     376/13620      8.5x
src/system/hamobj/ClipPlayer.cpp                       56/226     392/16500     10.4x
src/system/rndobj/ScreenMask.cpp                       59/226     452/14832      8.6x
src/lazer/meta_ham/ChallengeSort.cpp                   66/225     468/12368      7.8x
src/lazer/meta_ham/CampaignEra.cpp                     48/224     432/15224      7.6x
src/lazer/meta_ham/AppLabel.cpp                        32/223     356/29788     12.0x
src/system/meta/ButtonHolder.cpp                       52/223     488/16780      8.0x
src/system/hamobj/HamMaster.cpp                        56/222     452/16172      9.0x
src/system/obj/TypeProps.cpp                           55/222     428/13884      8.0x
src/system/rndobj/MeshDeform.cpp                       47/222     392/17956      9.7x
src/lazer/net_ham/RockCentral.cpp                      56/220     476/19284     10.3x
src/system/obj/DataNode.cpp                            42/220     304/17388     10.9x
src/system/world/ThreeDSoundManager.cpp                45/220     316/12964      8.4x
src/lazer/net_ham/DataMinerJobs.cpp                    70/219     512/16076     10.0x
src/system/hamobj/HamIconMan.cpp                       50/218     368/15940      9.9x
src/system/obj/DataFile.cpp                            43/218     324/18744     11.4x
src/system/os/Debug.cpp                                44/218     340/16808     10.0x
src/lazer/meta_ham/ContextChecker.cpp                  45/217     504/15880      6.5x
src/system/movie/TexMovie.cpp                          48/217     444/17232      8.6x
src/system/ui/UIComponent.cpp                          47/215     396/16992      9.4x
src/system/char/CharIKScale.cpp                        40/213     372/18192      9.2x
src/system/rndobj/Graph.cpp                            46/213     332/11108      7.2x
src/system/flow/FlowSwitchCase.cpp                     37/212     324/19992     10.8x
src/system/ui/UIListMesh.cpp                           54/212     416/13528      8.3x
src/lazer/meta_ham/CampaignSongSelectPanel.cpp         58/209     464/17344     10.4x
src/system/meta/MetaMusicManager.cpp                   46/209     352/11468      7.2x
src/system/rndobj/PartLauncher.cpp                     52/209     420/22692     13.4x
src/system/gesture/SkeletonUpdate.cpp                  53/208     464/15108      8.3x
src/lazer/meta_ham/FitnessGoalMgr.cpp                  50/206     384/15244      9.6x
src/lazer/meta_ham/FitnessCalorieSortMgr.cpp           82/205     620/10472      6.8x
src/system/char/CharBoneTwist.cpp                      39/205     364/16232      8.5x
src/lazer/meta_ham/CampaignMasterQuestSongSelectPanel.cpp   54/203     440/14740      8.9x
src/lazer/meta_ham/HelpBarPanel.cpp                    45/203     432/18752      9.6x
src/system/rndobj/PostProc.cpp                         41/203     388/29436     15.3x
src/system/rndobj/SoftParticles.cpp                    42/203     372/14816      8.2x
src/system/utl/WaveFile.cpp                            47/203     368/13184      8.3x
src/lazer/game/HamUserMgr.cpp                          54/202     508/11384      6.0x
src/lazer/meta_ham/MetagameStats.cpp                   52/202     504/19840     10.1x
src/system/rndobj/Console.cpp                          43/202     404/17484      9.2x
src/system/char/CharTransDraw.cpp                      42/201     368/14804      8.4x
src/system/gesture/GestureMgr.cpp                      52/201     508/21236     10.8x
src/system/hamobj/HamGameData.cpp                      39/201     436/20508      9.1x
src/system/os/BlockMgr.cpp                             44/201     300/11080      8.1x
src/system/synth/AudioDucker.cpp                       41/201     368/14816      8.2x
src/system/net/DingoSvr.cpp                            71/200     516/13744      9.5x
src/system/ui/UIListSlot.cpp                           51/200     380/11604      7.8x
src/system/rndobj/Spline.cpp                           32/198     308/19444     10.2x
src/system/char/CharCuff.cpp                           33/197     332/18668      9.4x
src/system/ui/UIListLabel.cpp                          51/197     404/13124      8.4x
src/system/utl/NetCacheMgr.cpp                         41/197     360/15624      9.0x
src/system/char/CharIKFoot.cpp                         39/196     328/14788      9.0x
src/system/rndobj/Lit_NG.cpp                           51/195     412/14812      9.4x
src/system/rnddx9/Tex.cpp                              58/194     468/12256      7.8x
src/system/ui/UIListSubList.cpp                        51/194     384/12280      8.4x
src/system/char/CharMeshHide.cpp                       41/193     368/14760      8.5x
src/system/ui/CheatProvider.cpp                        58/193     564/13600      7.2x
src/system/rndobj/PollAnim.cpp                         36/192     324/14028      8.1x
src/system/synth/MidiSynth.cpp                         47/192     304/9512       7.7x
src/lazer/meta_ham/CampaignPerformer.cpp               34/191     328/33792     18.3x
src/system/char/CharPosConstraint.cpp                  35/191     340/15432      8.3x
src/system/hamobj/HamList.cpp                          53/191     364/10752      8.2x
src/system/world/ColorPalette.cpp                      40/191     344/12056      7.3x
src/lazer/meta_ham/NavListSort.cpp                     66/190     488/10372      7.4x
src/system/char/CharInterest.cpp                       42/190     356/15156      9.4x
src/system/flow/FlowRun.cpp                            35/189     268/15724     10.9x
src/system/meta/MoviePanel.cpp                         43/189     436/13028      6.8x
src/lazer/meta_ham/ChallengeResultPanel.cpp            52/188     444/17512     10.9x
src/system/net/DingoSvr_Xbox.cpp                       68/188     556/13128      8.5x
src/lazer/meta_ham/NavListNode.cpp                     48/187     356/13520      9.7x
src/system/flow/FlowQueueable.cpp                      39/187     264/12236      9.7x
src/lazer/meta_ham/TexLoadPanel.cpp                    47/186     412/13744      8.4x
src/lazer/meta_ham/ShellInput.cpp                      43/184     388/22432     13.5x
src/system/hamobj/MiniGameMgr.cpp                      46/182     428/13116      7.7x
src/system/utl/Loader.cpp                              37/182     288/13020      9.2x
src/system/obj/DataArray.cpp                           36/181     528/17116      6.4x
src/system/obj/MessageTimer.cpp                        28/180     220/10224      7.2x
src/system/rndobj/FontBase.cpp                         42/180     292/10088      8.1x
src/system/utl/BinStream.cpp                           34/180     256/12032      8.9x
src/system/char/CharIKSliderMidi.cpp                   35/179     292/14824      9.9x
src/lazer/meta_ham/CharacterProvider.cpp               54/178     428/11408      8.1x
src/system/meta/HeldButtonPanel.cpp                    45/177     432/12600      7.4x
src/system/ui/UIListCustom.cpp                         47/177     360/10972      8.1x
src/lazer/meta_ham/CampaignDiffSelectPanel.cpp         54/176     444/13752      9.5x
src/lazer/meta_ham/OutfitProvider.cpp                  52/176     364/9140       7.4x
src/system/meta/FixedSizeSaveableStream.cpp            39/176     260/8704       7.4x
src/system/synth/SynthSample.cpp                       37/176     320/13252      8.7x
src/system/world/BeatClock.cpp                         44/175     388/16972     11.0x
src/system/ui/UIListArrow.cpp                          47/174     356/12284      9.3x
src/lazer/meta_ham/SingleUserCrewSelectPanel.cpp       54/172     440/12736      9.1x
src/system/hamobj/HamRegulate.cpp                      39/172     316/12996      9.3x
src/system/rnddx9/ShaderMgr.cpp                        37/171     276/11872      9.3x
src/system/world/PhysicsManager.cpp                    72/170     440/8556       8.2x
src/system/char/CharBonesBlender.cpp                   34/168     264/11536      8.8x
src/system/flow/FlowTimer.cpp                          31/168     244/13820     10.5x
src/system/world/LightHue.cpp                          35/168     324/12416      8.0x
src/lazer/meta_ham/MQSongSort.cpp                      62/167     440/6484       5.5x
src/system/flow/FlowSound.cpp                          29/166     236/17512     13.0x
src/system/hamobj/HamIKSkeleton.cpp                    36/165     252/9956       8.6x
src/system/rndobj/Wind.cpp                             28/165     236/15664     11.3x
src/lazer/meta_ham/CalibrationPanel.cpp                50/164     404/10772      8.1x
src/system/char/CharSleeve.cpp                         32/164     268/14576     10.6x
src/system/net/WebSvcMgr.cpp                           42/164     272/9128       8.6x
src/system/rndobj/PostProc_NG.cpp                      36/164     304/15432     11.1x
src/system/rnddx9/MultiMesh.cpp                        38/163     308/10220      7.7x
src/lazer/meta_ham/ChallengeSortNode.cpp               42/161     340/14648     11.2x
src/lazer/meta_ham/PlaylistSort.cpp                    62/161     452/6652       5.7x
src/system/movie/Splash.cpp                            31/161     252/14008     10.7x
src/system/synth/ThreeDSound.cpp                       23/161     192/15704     11.7x
src/system/char/CharIKRod.cpp                          30/160     252/13040      9.7x
src/system/flow/FlowWhile.cpp                          37/159     304/11120      8.5x
src/lazer/net_ham/PlaylistJobs.cpp                     57/158     412/10204      8.9x
src/system/synth/FxSend.cpp                            41/158     320/12212      9.9x
src/lazer/meta_ham/SaveLoadManager.cpp                 26/157     256/41308     26.7x
src/lazer/meta_ham/SkeletonChooser.cpp                 36/157     440/27656     14.4x
src/lazer/meta_ham/SongSelectPlaylistPanel.cpp         43/157     356/12592      9.7x
src/system/synth/SampleData.cpp                        34/157     276/11004      8.6x
src/system/synth/SampleInst.cpp                        45/156     316/9380       8.6x
src/system/char/CharForeTwist.cpp                      29/154     236/11708      9.3x
src/system/net/WebSvcReq.cpp                           48/154     364/10684      9.1x
src/system/os/Memcard_Xbox.cpp                         33/154     244/13116     11.5x
src/system/rndobj/TexBlendController.cpp               32/154     260/13356     10.7x
src/lazer/game/SongSequence.cpp                        35/153     360/20748     13.2x
src/system/hamobj/HamPlayerData.cpp                    40/153     412/14772      9.4x
src/system/hamobj/MoveVariant.cpp                      32/153     348/14116      8.5x
src/system/hamobj/TransConstraint.cpp                  28/152     244/15108     11.4x
src/system/flow/FlowSequence.cpp                       34/151     252/10964      9.8x
src/lazer/meta_ham/FitnessCalorieSort.cpp              60/150     424/6096       5.8x
src/lazer/meta_ham/KinectSharePanel.cpp                36/150     328/16988     12.4x
src/system/char/CharCollide.cpp                        25/150     208/13280     10.6x
src/system/gesture/SkeletonHistory.cpp                 32/150     240/8940       7.9x
src/lazer/meta_ham/UIEventMgr.cpp                      37/149     372/13464      9.0x
src/system/hamobj/HamBattleData.cpp                    28/149     272/10772      7.4x
src/system/rndobj/Movie.cpp                            28/149     212/11012      9.8x
src/system/rndobj/MultiMeshProxy.cpp                   35/149     252/8432       7.9x
src/system/ui/UIListHighlight.cpp                      42/149     308/9012       8.2x
src/system/char/CharBoneOffset.cpp                     30/148     244/10936      9.1x
src/system/flow/FlowDistance.cpp                       27/147     224/11748      9.6x
src/system/obj/DataUtl.cpp                             33/147     296/9508       7.2x
src/lazer/meta_ham/SongSortNode.cpp                    40/145     328/15572     13.1x
src/system/ui/Screenshot.cpp                           33/145     248/9624       8.8x
src/system/rndobj/Tex.cpp                              43/144     504/16028      9.5x
src/system/hamobj/BustAMoveData.cpp                    29/143     284/9512       6.8x
src/lazer/meta_ham/MQSongSortByCharacter.cpp           61/142     404/5684       6.0x
src/lazer/meta_ham/SongSortBySong.cpp                  62/142     412/5968       6.3x
src/system/hamobj/HamSongData.cpp                      33/141     252/6704       6.2x
src/system/hamobj/FilterQueue.cpp                      34/140     272/6896       6.2x
src/lazer/meta_ham/PassiveMessenger.cpp                25/139     180/16864     16.9x
src/system/char/CharUpperTwist.cpp                     30/139     240/10248      9.2x
src/system/flow/FlowOutPort.cpp                        23/139     180/11432     10.5x
src/system/meta/FixedSizeSaveable.cpp                  24/139     212/8792       7.2x
src/system/meta/Jukebox.cpp                            31/139     236/6420       6.1x
src/system/os/ContentMgr.cpp                           22/139     232/11628      7.9x
src/system/rndobj/ShaderOptions.cpp                    30/139     240/11440     10.3x
src/lazer/meta_ham/AccomplishmentCharacterListConditional.cpp   32/138     256/9748       8.8x
src/system/char/CharGuitarString.cpp                   31/137     304/10436      7.8x
src/system/os/HDCache.cpp                              30/137     220/11876     11.8x
src/system/gesture/Skeleton.cpp                        29/136     244/10328      9.0x
src/system/hamobj/PhotoSpotlightPositioner.cpp         31/136     240/10024      9.5x
src/system/synth/WavMgr.cpp                            32/136     240/7812       7.7x
src/system/os/Joypad.cpp                               20/134     252/13148      7.8x
src/system/rndobj/PostProcMgr.cpp                      25/134     248/11240      8.5x
src/system/meta/CreditsPanel.cpp                       37/133     400/10448      7.3x
src/system/rndobj/CubeTex.cpp                          33/133     284/10664      9.3x
src/system/char/CharNeckTwist.cpp                      30/132     232/9192       9.0x
src/system/net/WebSvcMgrCurl.cpp                       35/132     232/9432      10.8x
src/system/synth/ByteGrinder.cpp                       22/130     268/13916      8.8x
src/system/meta/SongPreview.cpp                        37/129     304/10952     10.3x
src/system/rnddx9/TexMgr.cpp                           30/129     236/6984       6.9x
src/system/hamobj/HamSupereasyData.cpp                 25/128     240/9140       7.4x
src/system/utl/MemStream.cpp                           30/128     204/6200       7.1x
src/system/flow/FlowSwitch.cpp                         27/127     224/9616       9.1x
src/system/hamobj/HamPartyJumpData.cpp                 28/127     280/8564       6.7x
src/system/rndobj/Fur.cpp                              26/126     208/11984     11.9x
src/lazer/meta_ham/Playlist.cpp                        28/125     208/8300       8.9x
src/lazer/meta_ham/SkeletonIdentifier.cpp              29/125     304/14760     11.3x
src/system/ui/UIPanel.cpp                              27/124     304/14520     10.4x
src/system/flow/DrivenPropertyMathOps.cpp              26/123     244/8832       7.7x
src/system/os/Timer.cpp                                27/123     268/7552       6.2x
src/system/synth_xbox/soundtouch/source/SoundStretch/WavFile.cpp   21/123     140/8552      10.4x
src/system/meta/MemcardMgr_Xbox.cpp                    19/122     204/13780     10.5x
src/system/rndobj/TransProxy.cpp                       22/122     172/9264       9.7x
src/system/ui/UIListProvider.cpp                       25/122     268/8424       6.4x
src/lazer/meta_ham/OptionsPanel.cpp                    20/121     240/12724      8.8x
src/system/rndobj/Overlay.cpp                          29/121     304/6744       5.3x
src/system/utl/MemMgr.cpp                              21/121     260/13116      8.8x
src/App.cpp                                            27/120     324/16556     11.5x
src/system/world/Crowd3DCharHandle.cpp                 28/120     200/6900       8.1x
src/system/world/PostProcer.cpp                        27/120     192/7536       8.8x
src/lazer/meta_ham/MQSongSortNode.cpp                  44/119     336/7008       7.7x
src/lazer/meta_ham/PlaylistSortNode.cpp                33/119     272/8672       8.8x
src/system/os/JoypadClient.cpp                         27/119     256/9332       8.3x
src/system/world/SpotlightEnder.cpp                    26/119     184/7452       8.8x
src/system/net/HttpGet.cpp                             20/118     152/12488     13.9x
src/system/synth/MeterEffectMonitor.cpp                24/118     188/8756       9.5x
src/system/utl/GlitchFinder.cpp                        31/118     336/9248       7.2x
src/system/flow/DrivenPropertyEntry.cpp                23/117     188/7800       8.2x
src/system/rnddx9/Movie.cpp                            28/117     244/7636       7.5x
src/system/synth/StreamNull.cpp                        49/116     284/3728       5.5x
src/lazer/net_ham/FriendsListJobs.cpp                  37/115     320/7208       7.2x
src/system/meta/StoreOffer.cpp                         31/115     376/11592      8.3x
src/system/meta/StorePurchaser.cpp                     27/115     240/8512       8.3x
src/system/utl/Locale.cpp                              28/115     356/9532       6.5x
src/lazer/meta_ham/CrewProvider.cpp                    37/114     268/6632       8.0x
src/system/net/DingoJob.cpp                            39/114     288/8708      10.3x
src/system/rndobj/ShaderMgr.cpp                        33/114     272/6664       7.1x
src/lazer/meta_ham/ChooseModeProvider.cpp              39/113     344/8528       8.6x
src/system/flow/PropertyEventListener.cpp              28/113     224/6568       7.3x
src/system/meta/StorePreviewMgr.cpp                    26/113     228/9912      10.0x
src/system/synth/MicClientMapper.cpp                   33/113     316/5732       5.3x
src/lazer/meta_ham/TitleProvider.cpp                   39/112     344/5936       6.0x
src/system/gesture/ArcDetector.cpp                     23/112     188/10820     11.8x
src/system/hamobj/ScoreUtl.cpp                         27/112     208/6000       7.0x
src/system/utl/Cache_Xbox.cpp                          16/112     156/12808     11.7x
src/lazer/meta_ham/FitnessProvider.cpp                 39/111     300/6128       7.2x
src/system/rndobj/SoftParticleBuffer.cpp               28/111     224/7504       8.5x
src/system/synth/FxSendMeterEffect.cpp                 29/111     212/7276       9.0x
src/system/utl/UTF8.cpp                                27/111     212/8500       9.8x
src/lazer/meta_ham/MovieProvider.cpp                   38/110     292/6796       8.0x
src/system/rndobj/Env_NG.cpp                           44/110     344/7296       8.5x
src/lazer/meta_ham/LetterboxPanel.cpp                  22/109     176/10452     12.0x
src/system/flow/FlowIf.cpp                             25/109     216/11012     11.7x
src/system/synth_xbox/FxSendMeterEffect.cpp            28/109     204/7044       8.9x
src/lazer/meta_ham/LockedContentPanel.cpp              19/108     192/13808     12.7x
src/system/char/CharClipDisplay.cpp                    31/108     268/6796       7.3x
src/system/hamobj/Pose.cpp                             25/108     180/5260       6.8x
src/system/utl/Str.cpp                                 13/108     128/10016      9.4x
src/lazer/net_ham/HamStoreCartJobs.cpp                 32/107     256/7360       8.6x
src/system/char/CharDriverMidi.cpp                     22/107     268/9048       6.9x
src/system/char/CharWeightable.cpp                     22/107     176/7956       9.3x
src/system/flow/FlowLabel.cpp                          21/107     156/7360       9.3x
src/system/rndobj/VelocityBuffer.cpp                   26/107     184/6952       9.2x
src/system/flow/FlowOnStop.cpp                         19/106     156/8152       9.4x
src/lazer/meta_ham/MainMenuProvider.cpp                40/105     288/4916       6.5x
src/lazer/meta_ham/VenueProvider.cpp                   39/105     280/5208       6.9x
src/lazer/meta_ham/SongSelectPlaylistCustomizePanel.cpp   20/104     204/10328      9.7x
src/system/meta/Achievements.cpp                       23/104     228/5972       5.8x
src/system/rndobj/Bitmap.cpp                           14/104     128/17212     18.1x
src/lazer/meta_ham/DifficultyProvider.cpp              38/103     276/4924       6.6x
src/system/utl/DataPointMgr.cpp                        22/101     200/6708       7.3x
src/system/math/Rot.cpp                                18/100     144/8336      10.4x
src/system/utl/ChunkStream.cpp                         18/100     136/9644      12.8x
src/system/utl/MultiTempoTempoMap.cpp                  20/100     156/5608       7.2x
src/lazer/meta_ham/LoadingPanel.cpp                    22/99      248/8352       7.5x
src/lazer/meta_ham/HamStoreFilterProvider.cpp          38/98      316/4352       5.3x
src/lazer/meta_ham/SkillsAwardList.cpp                 17/98      140/5640       7.0x
src/lazer/net_ham/PartyModeJobs.cpp                    43/97      352/9112      11.5x
src/system/flow/FlowEventListener.cpp                  17/97      180/8216       8.0x
src/lazer/meta_ham/FitnessCalorieSortByCalorie.cpp     41/96      268/3892       6.2x
src/lazer/net_ham/MotdJobs.cpp                         33/96      252/6740       9.2x
src/system/char/CharClipDriver.cpp                     21/96      192/8096       9.2x
src/system/rndobj/Shockwave.cpp                        16/96      132/8728      11.0x
src/system/ui/UIListState.cpp                          26/95      200/8240      11.3x
src/system/gesture/NavigationSkeletonDir.cpp           22/94      152/5588       8.6x
src/system/net/XLSPConnection.cpp                      24/94      200/6716       8.6x
src/lazer/net_ham/LeaderboardJobs.cpp                  32/93      252/5772       7.9x
src/system/synth/FxSendFlanger.cpp                     20/93      144/8176      12.2x
src/lazer/meta_ham/ContentLoadingPanel.cpp             28/92      228/5836       7.8x
src/system/synth/FxSendWah.cpp                         20/92      144/8448      12.8x
src/lazer/meta_ham/Accomplishment.cpp                  32/91      264/6636       8.8x
src/system/synth/FxSendChorus.cpp                      20/90      144/7896      12.2x
src/system/synth/FxSendDelay.cpp                       19/90      140/7432      11.2x
src/lazer/meta_ham/FitnessCalorieSortNode.cpp          32/89      252/4580       6.5x
src/lazer/meta_ham/EventDialogPanel.cpp                17/87      220/7208       6.4x
src/lazer/meta_ham/MoveRatingHistory.cpp               15/87      128/4788       6.4x
src/lazer/meta_ham/WeightInput.cpp                     32/87      284/7864      10.2x
src/system/os/PlatformMgr.cpp                          16/87      296/14856      9.2x
src/system/rndobj/Watcher.cpp                          19/87      320/7184       4.9x
src/system/synth/FxSendEQ.cpp                          19/87      140/8216      12.8x
src/lazer/meta_ham/SongSelectPanel.cpp                 19/86      152/7036      10.2x
src/system/rnddx9/Rnd.cpp                              18/86      184/7704       8.8x
src/system/hamobj/ErrorNode.cpp                        18/85      232/9260       8.5x
src/system/os/UserMgr.cpp                              30/85      288/4272       5.2x
src/system/hamobj/MocapSkeletonIterator.cpp            21/84      180/4688       6.5x
src/system/hamobj/PracticeOptionsProvider.cpp          24/84      224/6760       8.6x
src/system/rndobj/ShadowMap.cpp                        27/84      232/4540       6.3x
src/system/synth/FxSendReverb.cpp                      18/84      124/7256      12.5x
src/system/flow/PropertyEventProvider.cpp              23/83      156/4916       8.7x
src/system/synth/FxSendSynapse.cpp                     20/83      144/7632      12.8x
src/lazer/meta_ham/ChooseProfilePanel.cpp              21/82      248/6284       6.5x
src/lazer/meta_ham/SigninScreen.cpp                    17/81      180/6528       7.6x
src/system/synth/FxSendCompress.cpp                    18/81      124/7044      12.6x
src/system/synth/FxSendDistortion.cpp                  18/81      124/5600      10.0x
src/system/meta/ConnectionStatusPanel.cpp              17/79      128/5824       9.8x
src/system/net/HttpReqCurl.cpp                         19/79      156/6236       9.6x
src/system/rndobj/DOFProc_NG.cpp                       20/79      172/6764      10.0x
src/lazer/meta_ham/OverlayPanel.cpp                    18/77      136/4912       8.4x
src/lazer/meta_ham/PlaylistSongProvider.cpp            29/77      220/5588       9.6x
src/system/synth/FxSendPitchShift.cpp                  19/77      128/5360      10.3x
src/system/synth/OggMap.cpp                            18/77      172/3796       5.2x
src/system/utl/PoolAlloc.cpp                           13/77      108/5856       9.2x
src/system/synth_xbox/FxSendWah.cpp                    19/76      120/4768       9.9x
src/system/utl/CacheMgr.cpp                            17/76      140/3504       5.6x
src/lazer/meta_ham/BlacklightPanel.cpp                 17/75      172/5436       7.2x
src/system/gesture/DirectionGestureFilter.cpp          17/75      132/5892      10.1x
src/lazer/game/GameMode.cpp                            15/74      212/11968     11.4x
src/system/gesture/CameraTilt.cpp                      11/74      136/10788     11.8x
src/system/rnddx9/Part.cpp                             24/74      152/4004       8.5x
src/system/synth_xbox/FxSendFlanger.cpp                19/74      120/4448       9.5x
src/lazer/game/HamUser.cpp                             11/73       92/5000       8.2x
src/lazer/meta_ham/AccomplishmentSongListConditional.cpp   17/73      140/3748       6.2x
src/system/os/UsbMidiGuitar.cpp                         7/73      112/5244       4.5x
src/system/os/User.cpp                                 12/73      100/5548       9.1x
src/system/synth_xbox/FxSendChorus.cpp                 19/73      120/4272       9.3x
src/system/utl/MeasureMap.cpp                          22/72      212/3020       4.4x
src/lazer/meta_ham/HamPanel.cpp                        17/71      120/4876       9.7x
src/lazer/meta_ham/SongSortByLocation.cpp              26/71      172/4384       9.3x
src/system/flow/FlowValueCase.cpp                      13/71      104/4864       8.6x
src/system/ui/ResourceDirPtr.cpp                       19/71      228/3920       4.6x
src/lazer/meta_ham/CorrectIdentityPanel.cpp            19/70      224/5240       6.3x
src/system/gesture/FitnessFilter.cpp                   19/70      192/6444       9.1x
src/system/synth/FxSendBitCrush.cpp                    16/70      104/4588      10.1x
src/lazer/meta_ham/ChallengeSortByScore.cpp            26/69      172/4168       9.1x
src/lazer/meta_ham/CursorPanel.cpp                     18/69      144/5312       9.6x
src/lazer/meta_ham/PlaylistSortByTypeCmp.cpp           26/69      172/4348       9.5x
src/system/rnddx9/Cam.cpp                              23/69      168/4544       9.0x
src/lazer/meta_ham/Award.cpp                           15/68      112/3832       7.5x
src/lazer/meta_ham/SongSortByDiff.cpp                  25/68      164/3900       8.7x
src/system/world/FreeCamera.cpp                        16/68      196/5692       6.8x
src/system/meta/HAQManager.cpp                         15/67      168/9880      13.2x
src/system/os/CDReader.cpp                             17/67      124/3460       7.1x
src/system/rndobj/HiResScreen.cpp                      16/67      136/8828      15.5x
src/lazer/net_ham/FitnessGoalJobs.cpp                  25/66      192/5004       9.9x
src/system/rndobj/ShaderProgram.cpp                    16/66      128/6036      11.4x
src/system/synth_xbox/StreamReceiver.cpp               14/66       96/4676      10.3x
src/system/synth_xbox/StreamReceiver360.cpp            14/66       96/4676      10.3x
src/lazer/meta_ham/Overshell.cpp                       18/65      192/5996       8.6x
src/system/synth_xbox/PitchDetector.cpp                20/65      136/4480      10.1x
src/system/utl/JobMgr.cpp                              16/65      100/2764       6.8x
src/system/char/CharEyeDartRuleset.cpp                 11/64       92/6616      12.4x
src/system/rnddx9/CubeTex.cpp                          26/64      212/3872       7.4x
src/lazer/meta_ham/AccomplishmentConditional.cpp       21/63      156/4128       8.8x
src/system/meta/SongMetadata.cpp                       15/63      180/6676       8.8x
src/system/moviebink/BinkMovieSys.cpp                  15/63      152/3072       4.8x
src/system/net/HttpReq.cpp                             27/63      180/3172       7.6x
src/system/net/JsonUtils.cpp                           15/63      156/3540       5.4x
src/system/utl/CacheMgr_Xbox.cpp                        8/63       84/8744      13.2x
src/system/utl/StringTable.cpp                         17/63      140/3368       6.5x
src/lazer/game/PresenceMgr.cpp                         17/62      224/7968       9.8x
src/lazer/meta_ham/AppNavProvider.cpp                  24/62      172/3548       8.0x
src/lazer/meta_ham/PassiveMessagesPanel.cpp            14/62      104/4484       9.7x
src/system/rndobj/Mat_NG.cpp                           21/62      180/7348      13.8x
src/system/synth/ADSR.cpp                              11/62       92/5592      10.8x
src/lazer/meta_ham/AccomplishmentDiscSongConditional.cpp   18/60      140/2672       5.7x
src/system/synth_xbox/SpectralAnalysis.cpp             13/60       84/3652       9.4x
src/system/ui/UITransitionHandler.cpp                  11/60       96/4380       8.4x
src/system/gesture/DrawUtl.cpp                         13/59      136/5016       8.1x
src/system/gesture/StandingStillGestureFilter.cpp      21/59      212/5112       8.6x
src/system/gesture/WaveToTurnOnLight.cpp               11/59       92/5728      11.6x
src/system/math/FileChecksum.cpp                       12/59       92/2284       5.0x
src/system/os/UsbMidiGuitarMsgs.cpp                     3/59       40/8032      10.2x
src/system/os/VirtualKeyboard.cpp                      18/59      280/5208       5.7x
src/system/os/HolmesClient_NetSocket.cpp               14/58      116/4116       8.6x
src/system/os/Keyboard.cpp                             11/58      104/3844       7.0x
src/system/rndobj/BoxMap.cpp                           12/57      100/3712       7.8x
src/system/synth_xbox/FftIpp.cpp                        9/57       68/3236       7.5x
src/system/ui/ScrollSelect.cpp                         10/57      116/6288       9.5x
src/system/synth/MoggClipMap.cpp                       10/56       88/3592       7.3x
src/system/utl/MemTrack.cpp                             8/56      116/5816       7.2x
src/link_glue.cpp                                      44/55      268/448        1.3x
src/system/rnddx9/Lit.cpp                              13/55       80/3132       9.3x
src/system/ui/UIColor.cpp                              13/55      108/4052       8.9x
src/system/os/UsbMidiKeyboardMsgs.cpp                   3/54       40/7092       9.8x
src/system/ui/UIGuide.cpp                              11/54       92/4360       9.7x
src/system/utl/OSCMessenger.cpp                        13/54       88/4208      11.5x
src/lazer/net_ham/ScoreJobs.cpp                        27/53      208/2912       7.1x
src/system/gesture/HandsUpGestureFilter.cpp            18/53      200/4620       7.8x
src/system/gesture/SkeletonExtentTracker.cpp           17/53      184/4160       7.3x
src/system/rndobj/Fur_NG.cpp                           15/53      116/3500       8.5x
src/system/meta/Profile.cpp                            18/52      148/3584       8.4x
src/system/meta/StoreEnumeration.cpp                   15/52      104/3760      10.4x
src/system/rndobj/DOFProc.cpp                          15/52      124/3936       9.2x
src/system/gesture/HandRaisedGestureFilter.cpp         16/51      180/4456       7.8x
src/system/hamobj/CamShotCatVO.cpp                     15/51      176/6532      10.9x
src/system/synth/MicNull.cpp                           31/51      192/1428       4.5x
src/system/utl/BeatMap.cpp                             13/51       96/2012       5.3x
src/system/hamobj/CrazeHollaback.cpp                   11/50       92/3816       9.1x
src/system/net/SessionJobs_Xbox.cpp                     8/50       40/3224      12.9x
src/system/os/AsyncFile.cpp                            10/50      132/5612       8.5x
src/system/world/World.cpp                              1/50        8/5420      13.6x
src/lazer/net_ham/TokenJobs.cpp                        24/49      172/2216       6.3x
src/lazer/net_ham/WebLinkJobs.cpp                      24/49      172/2016       5.7x
src/system/gesture/FreestyleMotionFilter.cpp           13/49      108/4252      10.4x
src/system/meta/DeJitterPanel.cpp                      10/49       52/3176      12.5x
src/system/synth/SampleZone.cpp                        10/49       88/3368       7.8x
src/system/utl/Chunks.cpp                              10/49       76/4724      12.7x
src/lazer/net_ham/KinectShareJobs.cpp                  23/48      168/1924       5.5x
src/system/char/ClipGraphGen.cpp                       14/48      124/4296      10.1x
src/system/gesture/SkeletonRecoverer.cpp               13/48       80/2072       7.0x
src/system/hamobj/DancerSkeleton.cpp                    8/48       84/3472       6.9x
src/system/synth/MidiChannel.cpp                       20/48      128/1232       4.0x
src/system/synth/SfxMap.cpp                            10/48       88/3124       7.4x
src/system/synth_xbox/soundtouch/source/SoundTouch/TDStretch.cpp    4/48       36/5880      13.6x
src/system/hamobj/CharCameraInput.cpp                  14/47      108/3700      10.2x
src/system/movie/MovieSys.cpp                          21/47      140/1712       5.5x
src/lazer/net_ham/RCJobDingo.cpp                       20/46      168/2776       7.2x
src/system/synth_xbox/soundtouch/source/SoundTouch/RateTransposer.cpp    5/46       44/5352      13.2x
src/system/synth/Pollable.cpp                          10/45       60/1552       5.7x
src/system/synth_xbox/soundtouch/source/SoundTouch/SoundTouch.cpp    2/45       24/3500       6.5x
src/lazer/meta_ham/HamStoreOffer.cpp                   13/44      196/5284       8.0x
src/system/hamobj/HamProviderPrinter.cpp               10/44       76/4568      13.7x
src/system/hamobj/HamScrollBehavior.cpp                10/44       88/6152      15.9x
src/system/synth_xbox/FxSendDelay.cpp                  10/44       60/2820      10.7x
src/system/utl/NetLoader.cpp                           11/44       96/3928      10.2x
src/system/meta/StreamPlayer.cpp                       10/43       80/3552      10.3x
src/system/movie/Movie.cpp                              3/43       32/3076       6.7x
src/system/synth_xbox/FxSendBitCrush.cpp               10/43       60/2600      10.1x
src/system/synth_xbox/FxSendCompress.cpp               10/43       60/2664      10.3x
src/system/synth_xbox/FxSendDistortion.cpp             10/43       60/2600      10.1x
src/system/utl/DebugGraph.cpp                          10/43      108/2452       5.3x
src/lazer/meta_ham/DepthBuffer.cpp                     12/42      144/2980       5.9x
src/lazer/meta_ham/HamScreen.cpp                       14/42      128/3716       9.7x
src/system/os/DateTime.cpp                              3/42       36/8192      16.3x
src/system/synth_xbox/SampleInst360.cpp                11/42       64/2284       9.3x
src/system/synth_xbox/FxSendEQ.cpp                     10/41       60/2612      10.6x
src/system/utl/MakeString.cpp                           6/41       56/6160      16.1x
src/system/os/JoypadMsgs.cpp                            4/40       56/4676       8.3x
src/lazer/meta_ham/AccomplishmentSongConditional.cpp    9/39       84/2600       7.1x
src/system/os/Joypad_Xbox.cpp                           6/39      108/4160       5.9x
src/system/os/UsbMidiKeyboard.cpp                       2/39       20/2820       7.2x
src/system/math/mtx.cpp                                 7/37      104/6252      11.4x
src/system/os/HolmesKeyboard.cpp                        9/37       72/3076      10.4x
src/system/os/NetworkSocket_Win.cpp                     2/37       24/3996       9.0x
src/system/rndobj/ColorXfm.cpp                          4/37       52/4396       9.1x
src/system/synth_xbox/SynthSample.cpp                  10/37       76/2080       7.4x
src/system/hamobj/DetectFrame.cpp                       9/36       72/2624       9.1x
src/system/meta/MetaMusicScene.cpp                     11/36       76/1648       6.6x
src/lazer/meta_ham/HamStarsDisplay.cpp                 10/35      160/4400       7.9x
src/system/obj/PropSync.cpp                             5/35       60/6936      16.5x
src/system/os/ArkFile.cpp                              10/35       84/2992      10.2x
src/system/synth/WavReader.cpp                          8/35       68/3252      10.9x
src/system/synth_xbox/ExternalMic.cpp                  11/35       84/1704       6.4x
src/system/gesture/StubCameraInput.cpp                 15/34      116/2680      10.2x
src/system/utl/MemHeap.cpp                              1/34       16/5048       9.3x
src/lazer/meta_ham/AccomplishmentOneShot.cpp           12/33      108/2476       8.3x
src/system/os/AppChild.cpp                              5/33       60/2616       6.6x
src/system/os/Joypad_Xinput.cpp                        11/33       76/2216       9.7x
src/system/synth/BinkReader.cpp                         3/33       32/4184      11.9x
src/system/utl/NetCacheMgr_Xbox.cpp                     9/33       60/2192      10.0x
src/lazer/meta_ham/AccomplishmentCountConditional.cpp   10/32       92/1564       5.3x
src/system/math/Key.cpp                                 9/32       80/3800      13.4x
src/system/obj/TextFile.cpp                             8/32      204/3432       4.2x
src/system/rndobj/Poll.cpp                              6/31       72/2744       7.4x
src/system/synth/filterdesign.cpp                       3/31       28/7152      24.7x
src/system/utl/FileStream.cpp                           6/31       56/2672       9.2x
src/system/utl/NetCacheLoader.cpp                       5/31       48/3332      11.2x
src/system/gesture/ArchiveSkeleton.cpp                 10/30       92/1624       5.9x
src/system/hamobj/Difficulty.cpp                        6/30      108/2548       4.7x
src/system/synth_xbox/FxSendReverb.cpp                 10/30       72/4800      22.2x
src/system/utl/BufStream.cpp                            8/30       68/1752       6.9x
src/system/gesture/CameraInput.cpp                     12/29       68/1400       8.5x
src/system/gesture/Gesture.cpp                          2/29       12/3116      17.9x
src/system/net/DingoAuthJob.cpp                        14/29      104/1916       8.9x
src/system/os/AsyncFile_Win.cpp                         7/29       68/3668      13.0x
src/system/os/Memcard.cpp                               7/29       64/2212       8.3x
src/system/utl/Option.cpp                               8/29      164/2076       3.5x
src/lazer/meta_ham/AccomplishmentCampaignConditional.cpp    9/28       84/1380       5.3x
src/system/gesture/BaseSkeleton.cpp                     5/28       44/3532      14.3x
src/system/rnddx9/Utl.cpp                               4/28       96/2880       4.3x
src/system/gesture/SkeletonQualityFilter.cpp            9/27       76/1848       8.1x
src/system/midi/DisplayEvents.cpp                       8/27       88/2140       7.2x
src/system/gesture/IdentityInfo.cpp                     4/26       48/2432       7.8x
src/system/hamobj/FilterVersion.cpp                     6/26      144/2156       3.5x
src/system/utl/AllocInfo.cpp                            2/26       24/3472      11.1x
src/system/meta/MemcardMgr.cpp                          4/25       44/1656       6.0x
src/system/synth/StreamReceiver.cpp                     4/25       28/2852      16.3x
src/system/utl/KnownIssues.cpp                          7/25      144/2204       4.3x
src/system/math/Trig.cpp                                2/24       20/2068       8.6x
src/system/utl/TempoMap.cpp                             8/24       48/536        3.7x
src/system/utl/TextStream.cpp                           2/24       24/2620       9.1x
src/system/hamobj/FreestyleMove.cpp                     1/23       12/1868       6.8x
src/system/math/DoubleExponentialSmoother.cpp           6/23       76/1496       5.1x
src/system/os/NetStream.cpp                             6/23       52/2092      10.5x
src/Memory_Xbox.cpp                                     3/22       32/3216      13.7x
src/system/meta/Meta.cpp                                4/22       36/1876       9.5x
src/system/os/AsyncFileHolmes.cpp                       7/22       64/920        4.6x
src/system/synth/StreamReceiverFile.cpp                13/22       68/752        6.5x
src/lazer/net_ham/KinectShare.cpp                       5/21       44/2700      14.6x
src/system/os/System_Xbox.cpp                           5/21       96/6212      15.4x
src/system/rnddx9/Mat.cpp                               7/21       40/1312      10.9x
src/system/utl/trie.cpp                                 1/21       16/2504       7.5x
src/keygen_xbox.cpp                                     1/20        8/1440       9.0x
src/system/gesture/HighFiveGestureFilter.cpp            9/20       44/1352      13.8x
src/system/math/Rand.cpp                                1/20       16/1744       5.5x
src/system/synth/Utl.cpp                                4/20       28/1192       8.5x
src/system/synth_xbox/soundtouch/source/SoundTouch/FIFOSampleBuffer.cpp    2/20       24/1556       6.5x
src/system/synth_xbox/soundtouch/source/SoundTouch/FIRFilter.cpp    2/20       24/2632      11.0x
src/system/utl/SuperFormatString.cpp                    6/20       96/3752      11.7x
src/system/os/KeyboardJoypadAdapter.cpp                 1/19       16/1604       5.3x
src/system/rnddx9/RenderState.cpp                       2/19       16/904        5.9x
src/system/rndobj/Enter.cpp                             4/19       48/1696       7.4x
src/system/utl/TimeConversion.cpp                       1/19       16/1396       4.6x
src/system/math/StreamChecksum.cpp                      1/18       16/1496       5.2x
src/system/synth/Stream.cpp                            13/18       76/708        6.7x
src/system/math/Interp.cpp                              2/17       28/1224       5.1x
src/system/os/VirtualKeyboard_Xbox.cpp                  4/17       52/2332      10.6x
src/system/synth_xbox/EnvelopeGenerator.cpp             1/17        4/1944      28.6x
src/system/utl/HxGuid.cpp                               3/17       32/1244       6.9x
src/system/flow/FlowPtr.cpp                             6/16       48/1148       9.0x
src/system/gesture/HandInvokeGestureFilter.cpp          5/16       48/2680      17.4x
src/system/gesture/JointUtl.cpp                         4/16       48/1396       7.3x
src/system/midi/MidiReceiver.cpp                        8/16       68/720        5.3x
src/system/synth/Mic.cpp                                2/16       68/1948       3.6x
src/lazer/game/SongDB.cpp                               4/15       36/968        7.2x
src/lazer/meta_ham/HamMemcardAction.cpp                 2/15        8/1008      16.8x
src/system/os/OnlineID.cpp                              2/15       28/1172       5.6x
src/system/synth_xbox/soundtouch/source/SoundTouch/AAFilter.cpp    1/15       16/1892       7.9x
src/system/utl/Magnu.cpp                                3/15       44/1128       5.1x
src/lazer/meta_ham/AccomplishmentCategory.cpp           1/14       16/956        4.3x
src/lazer/meta_ham/Utl.cpp                              1/14        8/3604      32.2x
src/system/os/MapFile_Xbox.cpp                          1/14       16/2896      12.9x
src/system/synth_xbox/HeadsetXferEffect.cpp             1/14        4/696       12.4x
src/system/utl/MemStats.cpp                             3/14       52/1016       4.2x
src/system/utl/NetLoader_Xbox.cpp                       3/14       32/1448       9.7x
src/lazer/meta_ham/AccomplishmentGroup.cpp              1/13       16/840        4.0x
src/system/hamobj/SongUtl.cpp                           2/13       32/1200       5.8x
src/system/os/File_Win.cpp                              2/13       24/1964      12.6x
src/system/os/ThreadCall_Win.cpp                        1/13       16/1588       7.6x
src/system/synth_xbox/MeterEffect.cpp                   1/13        4/828       15.9x
src/system/synth_xbox/PitchShiftEffect.cpp              1/13        4/1356      26.1x
src/system/utl/FilePath.cpp                             2/13       12/648        8.3x
src/system/synth/complex.cpp                            1/12       12/1192       8.3x
src/system/char/CharTaskMgr.cpp                         2/11       32/732        4.2x
src/system/dsp/DelayEffect.cpp                          1/11       16/1420       8.1x
src/system/utl/Compress.cpp                             1/11       16/1308       7.4x
src/system/synth_xbox/FFT.cpp                           1/10       16/4120      25.8x
src/system/utl/MemPoint.cpp                             1/10       16/1288       8.1x
src/lazer/meta_ham/ChallengeRecord.cpp                  1/9         8/1248      17.3x
src/system/math/Color.cpp                               1/9        16/824        5.7x
src/system/rndobj/SIVideo.cpp                           1/9        16/964        6.7x
src/system/synth_xbox/PitchCorrectedVoice.cpp           5/9        44/752        9.5x
src/system/utl/Cache.cpp                                2/9        24/328        3.0x
src/xdk/nuiapi/headtracker.cpp                          2/9        12/864       16.0x
src/system/dsp/EQEffect.cpp                             1/8        16/4888      38.2x
src/system/dsp/FlangerEffect.cpp                        1/8        16/1412      11.0x
src/system/utl/LocaleOrdinal.cpp                        2/8        20/2288      28.6x
src/lazer/game/Shuttle.cpp                              2/7        12/228        5.4x
src/system/dsp/DistortionEffect.cpp                     1/7        16/424        3.8x
src/system/jpeg/Jpeg.cpp                                1/7        16/796        7.1x
src/system/oggvorbis/VorbisMem.cpp                      1/7         4/328       11.7x
src/system/os/SynchronizationEvent.cpp                  1/7        16/496        4.4x
src/lazer/meta_ham/Instarank.cpp                        1/6        12/1348      18.7x
src/system/dsp/BitCrushEffect.cpp                       2/6        28/384        4.6x
src/system/dsp/Common_Xbox.cpp                          1/6        16/492        5.1x
src/system/dsp/WahEffect.cpp                            1/6        16/1220      12.7x
src/system/hamobj/HamSong.cpp                           1/6         8/760       15.8x
src/system/utl/DebugMeter.cpp                           2/6        24/296        4.1x
src/system/utl/SongInfoAudioType.cpp                    1/6        16/2380      24.8x
src/system/gesture/HandHeightGestureFilter.cpp          1/5        12/364        6.1x
src/system/meta/Achievements_Xbox.cpp                   2/5        12/76         2.5x
src/system/midi/MidiVarLen.cpp                          1/5        16/388        4.9x
src/system/movie/MovieImpl.cpp                          1/5        16/464        5.8x
src/system/moviebink/BinkMovieImpl_Xbox.cpp             2/5        24/948       15.8x
src/system/os/AsyncTask.cpp                             1/5        16/428        5.4x
src/system/math/Decibels.cpp                            1/4        16/364        5.7x
src/system/math/Easing.cpp                              1/4        16/404        6.3x
src/system/os/Keyboard_Xbox.cpp                         2/4         8/628       39.2x
src/system/os/NetworkSocket.cpp                         2/4        24/660       13.8x
src/system/ui/Utl.cpp                                   1/4        52/428        2.1x
src/system/os/HolmesUtl.cpp                             1/3         8/496       20.7x
src/system/rndobj/wordwrap.cpp                          1/3        12/816       22.7x
src/system/utl/Crc.cpp                                  1/2         8/132        8.2x

THE SERIES: 811 finite ratios · min 1.3x · median 9.0x · max 39.2x · ALL > 1 ? YES
  ratios > 1 (functions FLATTER than bytes): 811 of 811
  ratios <= 1 (bytes flatter than functions): 0 of 811

DISCRIMINATING CELLS: 761 distinct finite ratios over 811 TUs
