== joint_ladder ==
  repo      /home/free/code/milohax/c2-rs-wt-w-joint
  workload  ../dc3-decomp  15a64d92f197+d41d8cd98f+d41d8cd98f
  TUs       9 (from work/w-joint9/near_tus.txt)
  rungs     8: ['rung0-identity', 'relax:1', 'relax:1+src:opt-mode', 'relax:1+src:opt-mode+ptr-walk-loop-not-o1', 'relax:1+src:opt-mode+ptr-walk-loop-not-o1+ptr-walk-chain-loop-not-o1', 'relax:1+src:opt-mode+ptr-walk-loop-not-o1+ptr-walk-chain-loop-not-o1+callee-defined-in-tu', 'relax:1+src:opt-mode+ptr-walk-loop-not-o1+ptr-walk-chain-loop-not-o1+callee-defined-in-tu+data-sym-strlit-fenced', 'relax:1+src:opt-mode+ptr-walk-loop-not-o1+ptr-walk-chain-loop-not-o1+callee-defined-in-tu+data-sym-strlit-fenced+fn-varargs']

-- rung 0 (scratch tree, ZERO lifts) — the identity control --
      denominator: TUs=9 slots=76 distinct-keys=27 skips=0
-- committed-tree control (the incumbent binary) --
      denominator: TUs=9 slots=76 distinct-keys=27 skips=0
  K1 identity (scratch rung 0 vs committed tree): 0 slot(s) differ of 76

-- rung 1: relax:1 --
     lifts applied to scratch: relax=1 src=none
      denominator: TUs=9 slots=76 distinct-keys=26 skips=0
     K10 committed-tree crates/ clean: YES
     DISCRIMINATING CELLS: 2 slot(s) moved vs the previous rung, of 76 walked

-- rung 2: relax:1+src:opt-mode --
     lifts applied to scratch: relax=1 src=['opt-mode']
      denominator: TUs=9 slots=76 distinct-keys=26 skips=0
     K10 committed-tree crates/ clean: YES
     DISCRIMINATING CELLS: 0 slot(s) moved vs the previous rung, of 76 walked

-- rung 3: relax:1+src:opt-mode+ptr-walk-loop-not-o1 --
     lifts applied to scratch: relax=1 src=['opt-mode', 'ptr-walk-loop-not-o1']
      denominator: TUs=9 slots=76 distinct-keys=26 skips=0
     K10 committed-tree crates/ clean: YES
     DISCRIMINATING CELLS: 0 slot(s) moved vs the previous rung, of 76 walked

-- rung 4: relax:1+src:opt-mode+ptr-walk-loop-not-o1+ptr-walk-chain-loop-not-o1 --
     lifts applied to scratch: relax=1 src=['opt-mode', 'ptr-walk-loop-not-o1', 'ptr-walk-chain-loop-not-o1']
      denominator: TUs=9 slots=76 distinct-keys=26 skips=0
     K10 committed-tree crates/ clean: YES
     DISCRIMINATING CELLS: 0 slot(s) moved vs the previous rung, of 76 walked

-- rung 5: relax:1+src:opt-mode+ptr-walk-loop-not-o1+ptr-walk-chain-loop-not-o1+callee-defined-in-tu --
     lifts applied to scratch: relax=1 src=['opt-mode', 'ptr-walk-loop-not-o1', 'ptr-walk-chain-loop-not-o1', 'callee-defined-in-tu']
      denominator: TUs=9 slots=76 distinct-keys=26 skips=0
     K10 committed-tree crates/ clean: YES
     DISCRIMINATING CELLS: 0 slot(s) moved vs the previous rung, of 76 walked

-- rung 6: relax:1+src:opt-mode+ptr-walk-loop-not-o1+ptr-walk-chain-loop-not-o1+callee-defined-in-tu+data-sym-strlit-fenced --
     lifts applied to scratch: relax=1 src=['opt-mode', 'ptr-walk-loop-not-o1', 'ptr-walk-chain-loop-not-o1', 'callee-defined-in-tu', 'data-sym-strlit-fenced']
      denominator: TUs=9 slots=76 distinct-keys=26 skips=0
     K10 committed-tree crates/ clean: YES
     DISCRIMINATING CELLS: 0 slot(s) moved vs the previous rung, of 76 walked

-- rung 7: relax:1+src:opt-mode+ptr-walk-loop-not-o1+ptr-walk-chain-loop-not-o1+callee-defined-in-tu+data-sym-strlit-fenced+fn-varargs --
     lifts applied to scratch: relax=1 src=['opt-mode', 'ptr-walk-loop-not-o1', 'ptr-walk-chain-loop-not-o1', 'callee-defined-in-tu', 'data-sym-strlit-fenced', 'fn-varargs']
      denominator: TUs=9 slots=76 distinct-keys=26 skips=0
     K10 committed-tree crates/ clean: YES
     DISCRIMINATING CELLS: 0 slot(s) moved vs the previous rung, of 76 walked

  workload stamp before 15a64d92f197+d41d8cd98f+d41d8cd98f
  workload stamp after  15a64d92f197+d41d8cd98f+d41d8cd98f

  wrote /home/free/code/milohax/c2-rs-wt-w-joint/work/w-joint9/ladder/ladder.json (76 slots x 8 rungs)
EXIT=0
