=== run T1  patches: --clean
=== started 2026-08-18T15:19:37Z
=== finished 2026-08-18T15:23:30Z
work/w-witness7/logs/T1.suite.log
   1677 passed / 0 failed / 48 targets   EXIT=0
   census_gate: test result: ok. 2 passed; 0 failed; 0 ignored; 0 measured; 0 filtered out; finished in 93.18s

applied M-CS3 -> crates/c2-il/src/func/census.rs
=== run M-CS3.tip  patches: M-CS3
=== started 2026-08-18T15:23:30Z
=== finished 2026-08-18T15:29:11Z
reverted: crates/c2-il/src/func/bind.rs crates/c2-il/src/func/body/shapes/calls.rs crates/c2-il/src/func/body/shapes/mcall_cmp.rs crates/c2-il/src/func/body/shapes/mcall_tail.rs crates/c2-il/src/func/census.rs
work/w-witness7/logs/M-CS3.tip.suite.log
   1675 passed / 2 failed / 48 targets   EXIT=101
   census_gate: test result: ok. 2 passed; 0 failed; 0 ignored; 0 measured; 0 filtered out; finished in 155.41s
   FAIL  every_census_fence_key_has_the_sites_this_repo_last_scored
   FAIL  the_static_scan_loop_object_gate_refuses_a_non_comdat_or_uninitialized_array

applied M-CS3B -> crates/c2-il/src/func/census.rs
=== run M-CS3B.tip  patches: M-CS3B
=== started 2026-08-18T15:29:11Z
=== finished 2026-08-18T15:33:21Z
reverted: crates/c2-il/src/func/bind.rs crates/c2-il/src/func/body/shapes/calls.rs crates/c2-il/src/func/body/shapes/mcall_cmp.rs crates/c2-il/src/func/body/shapes/mcall_tail.rs crates/c2-il/src/func/census.rs
work/w-witness7/logs/M-CS3B.tip.suite.log
   1675 passed / 2 failed / 48 targets   EXIT=101
   census_gate: test result: ok. 2 passed; 0 failed; 0 ignored; 0 measured; 0 filtered out; finished in 68.32s
   FAIL  the_callee_unresolved_family_still_has_exactly_four_raise_sites
   FAIL  the_static_scan_loop_object_gate_refuses_a_non_comdat_or_uninitialized_array

applied M-CS3C -> crates/c2-il/src/func/census.rs
=== run M-CS3C.tip  patches: M-CS3C
=== started 2026-08-18T15:33:21Z
=== finished 2026-08-18T15:37:49Z
reverted: crates/c2-il/src/func/bind.rs crates/c2-il/src/func/body/shapes/calls.rs crates/c2-il/src/func/body/shapes/mcall_cmp.rs crates/c2-il/src/func/body/shapes/mcall_tail.rs crates/c2-il/src/func/census.rs
work/w-witness7/logs/M-CS3C.tip.suite.log
   1676 passed / 1 failed / 48 targets   EXIT=101
   census_gate: test result: ok. 2 passed; 0 failed; 0 ignored; 0 measured; 0 filtered out; finished in 73.49s
   FAIL  the_static_scan_loop_object_gate_refuses_a_non_comdat_or_uninitialized_array

applied M-CS4 -> crates/c2-il/src/func/census.rs
=== run M-CS4.tip  patches: M-CS4
=== started 2026-08-18T15:37:49Z
=== finished 2026-08-18T15:41:34Z
reverted: crates/c2-il/src/func/bind.rs crates/c2-il/src/func/body/shapes/calls.rs crates/c2-il/src/func/body/shapes/mcall_cmp.rs crates/c2-il/src/func/body/shapes/mcall_tail.rs crates/c2-il/src/func/census.rs
work/w-witness7/logs/M-CS4.tip.suite.log
   1676 passed / 1 failed / 48 targets   EXIT=101
   census_gate: test result: ok. 2 passed; 0 failed; 0 ignored; 0 measured; 0 filtered out; finished in 67.01s
   FAIL  each_bind_run_refusal_reports_its_own_key_and_not_the_no_carrier_fallback

applied M-CS9 -> crates/c2-il/src/func/census.rs
=== run M-CS9.tip  patches: M-CS9
=== started 2026-08-18T15:41:34Z
=== finished 2026-08-18T15:45:17Z
reverted: crates/c2-il/src/func/bind.rs crates/c2-il/src/func/body/shapes/calls.rs crates/c2-il/src/func/body/shapes/mcall_cmp.rs crates/c2-il/src/func/body/shapes/mcall_tail.rs crates/c2-il/src/func/census.rs
work/w-witness7/logs/M-CS9.tip.suite.log
   1676 passed / 1 failed / 48 targets   EXIT=101
   census_gate: test result: ok. 2 passed; 0 failed; 0 ignored; 0 measured; 0 filtered out; finished in 66.55s
   FAIL  a_body_in_class_at_an_unmodelled_optimization_word_reports_the_opt_mode_key

applied M-CA6 -> crates/c2-il/src/func/body/shapes/calls.rs
=== run M-CA6.tip  patches: M-CA6
=== started 2026-08-18T15:45:17Z
=== finished 2026-08-18T15:49:01Z
reverted: crates/c2-il/src/func/bind.rs crates/c2-il/src/func/body/shapes/calls.rs crates/c2-il/src/func/body/shapes/mcall_cmp.rs crates/c2-il/src/func/body/shapes/mcall_tail.rs crates/c2-il/src/func/census.rs
work/w-witness7/logs/M-CA6.tip.suite.log
   1675 passed / 2 failed / 48 targets   EXIT=101
   census_gate: test result: ok. 2 passed; 0 failed; 0 ignored; 0 measured; 0 filtered out; finished in 66.09s
   FAIL  each_of_the_five_raise_sites_of_call_arg_nonformal_has_its_own_witness
   FAIL  the_slot_paths_two_refusals_are_distinct_keys_and_neither_answers_for_the_other

applied M-CA8 -> crates/c2-il/src/func/body/shapes/calls.rs
=== run M-CA8.tip  patches: M-CA8
=== started 2026-08-18T15:49:01Z
=== finished 2026-08-18T15:52:32Z
reverted: crates/c2-il/src/func/bind.rs crates/c2-il/src/func/body/shapes/calls.rs crates/c2-il/src/func/body/shapes/mcall_cmp.rs crates/c2-il/src/func/body/shapes/mcall_tail.rs crates/c2-il/src/func/census.rs
work/w-witness7/logs/M-CA8.tip.suite.log
   1676 passed / 1 failed / 48 targets   EXIT=101
   census_gate: test result: ok. 2 passed; 0 failed; 0 ignored; 0 measured; 0 filtered out; finished in 66.45s
   FAIL  the_slot_paths_two_refusals_are_distinct_keys_and_neither_answers_for_the_other

applied M-B2 -> crates/c2-il/src/func/bind.rs
=== run M-B2.tip  patches: M-B2
=== started 2026-08-18T15:52:32Z
=== finished 2026-08-18T15:56:23Z
reverted: crates/c2-il/src/func/bind.rs crates/c2-il/src/func/body/shapes/calls.rs crates/c2-il/src/func/body/shapes/mcall_cmp.rs crates/c2-il/src/func/body/shapes/mcall_tail.rs crates/c2-il/src/func/census.rs
work/w-witness7/logs/M-B2.tip.suite.log
   1676 passed / 1 failed / 48 targets   EXIT=101
   census_gate: test result: ok. 2 passed; 0 failed; 0 ignored; 0 measured; 0 filtered out; finished in 80.28s
   FAIL  the_static_scan_loop_object_gate_refuses_a_non_comdat_or_uninitialized_array

applied M-B7 -> crates/c2-il/src/func/bind.rs
=== run M-B7.tip  patches: M-B7
=== started 2026-08-18T15:56:24Z
=== finished 2026-08-18T16:00:16Z
reverted: crates/c2-il/src/func/bind.rs crates/c2-il/src/func/body/shapes/calls.rs crates/c2-il/src/func/body/shapes/mcall_cmp.rs crates/c2-il/src/func/body/shapes/mcall_tail.rs crates/c2-il/src/func/census.rs
work/w-witness7/logs/M-B7.tip.suite.log
   1676 passed / 1 failed / 48 targets   EXIT=101
   census_gate: test result: ok. 2 passed; 0 failed; 0 ignored; 0 measured; 0 filtered out; finished in 79.69s
   FAIL  the_bss_object_gate_refuses_an_initialized_or_comdat_destination

applied C1 -> crates/c2-il/src/func/body/shapes/calls.rs
=== run C1b  patches: C1
=== started 2026-08-18T16:00:16Z
=== finished 2026-08-18T16:04:08Z
reverted: crates/c2-il/src/func/bind.rs crates/c2-il/src/func/body/shapes/calls.rs crates/c2-il/src/func/body/shapes/mcall_cmp.rs crates/c2-il/src/func/body/shapes/mcall_tail.rs crates/c2-il/src/func/census.rs
work/w-witness7/logs/C1b.suite.log
   1675 passed / 2 failed / 48 targets   EXIT=101
   census_gate: test result: ok. 2 passed; 0 failed; 0 ignored; 0 measured; 0 filtered out; finished in 81.16s
   FAIL  gap::tests::wr1_census_key_guards::the_call_argument_arity_fence_is_a_series_and_admits_exactly_one_symbol
   FAIL  gap::tests::wr1_census_key_guards::the_two_symbol_thunk_exemption_turns_on_the_bare_body_marker_alone

applied M-B9 -> crates/c2-il/src/func/bind.rs
=== run M-B9.tip  patches: M-B9
=== started 2026-08-18T16:04:08Z
=== finished 2026-08-18T16:07:51Z
reverted: crates/c2-il/src/func/bind.rs crates/c2-il/src/func/body/shapes/calls.rs crates/c2-il/src/func/body/shapes/mcall_cmp.rs crates/c2-il/src/func/body/shapes/mcall_tail.rs crates/c2-il/src/func/census.rs
work/w-witness7/logs/M-B9.tip.suite.log
   1677 passed / 0 failed / 48 targets   EXIT=0
   census_gate: test result: ok. 2 passed; 0 failed; 0 ignored; 0 measured; 0 filtered out; finished in 80.90s

=== TIP CAMPAIGN DONE
