<worktree>/work/w-ilx/ilx.py:31: SyntaxWarning: "\c" is an invalid escape sequence. Such sequences will not work in the future. Did you mean "\\c"? A raw string is also an option.
  that were all the *directory name* (`s-11-self\c.cpp` against

=== S-11   self  vs  cross   (registered: objs DISAGREE)
  self   obj: prod     | .db=705 e6088434  .ex=2831 17464814  .gl=321 5d7c958d  .in=439 3c73d6d4  .sy=68 f2cdafa7
  cross  obj: const    | .db=705 e6088434  .ex=2835 f5e20685  .gl=321 a272eb11  .in=439 3c73d6d4  .sy=68 f2cdafa7
  objs DISAGREE -> as registered
    .db      705  IDENTICAL
    .ex     2831 vs   2835  DIFFERENT LENGTH  2 differing byte-run(s)
        @0x0ae5  self   60 27 86 43 86 20 2c 86 41 74 00 32 86 41 74 4b 4f 01 0c 3a 10 0a 54 02 29 10 0a 4f 12 47 54 01 54 00 4f 02 20 | cross  80 80 00 00 00 27 86 43 86 20 2c 86 41 74 00 32 86 41 74 4b 4f 01 0c 3a 10 0a 54 02 29 10 0a 4f 12 47 54 01 54
                 ctx 86 43 81 20 33 86 41 74 60 27 86 43 86 20 2c 86 41 74 00 32 86 41 74 4b 4f 01 0c 3a 10 0a 54 02 29 10 0a 4f 12 47 54 01 54 00 4f 02 20 00 4f 01 0d 4d
                 ctx 86 43 81 20 33 86 41 74 80 80 00 00 00 27 86 43 86 20 2c 86 41 74 00 32 86 41 74 4b 4f 01 0c 3a 10 0a 54 02 29 10 0a 4f 12 47 54 01 54 00 4f 02 20 00 4f 01 0d
        @0x0b0c  self   01 0d 4d                   | cross  02 20 00
                 ctx 01 54 00 4f 02 20 00 4f 01 0d 4d
                 ctx 4f 12 47 54 01 54 00 4f 02 20 00 4f 01 0d 4d
        edit window (first diff 0x0ae5, common tail 41):
          self   1B  60
          cross  5B  80 80 00 00 00
    .gl      321 vs    321  same length  1 differing byte-run(s)
        @0x009f  self   8a dd 41 15 3b 77 3f 93 4c 5d 03 a8 d5 2b ec 2c | cross  54 20 6d fb 62 48 1f 95 f0 91 22 9b 78 e4 bc 65
                 ctx 63 2e 63 70 70 00 10 01 8a dd 41 15 3b 77 3f 93 4c 5d 03 a8 d5 2b ec 2c 09 14 01 2e 58 42 4c 44
                 ctx 63 2e 63 70 70 00 10 01 54 20 6d fb 62 48 1f 95 f0 91 22 9b 78 e4 bc 65 09 14 01 2e 58 42 4c 44
    .in      439  IDENTICAL
    .sy       68  IDENTICAL
    I5 (.ex/.sy/.gl byte-identical while the objs differ): no
    I1 (.sy byte-identical): HIT

=== S-21   self  vs  cross   (registered: objs AGREE)
  self   obj: prod     | .db=705 e6088434  .ex=2888 7912ffea  .gl=321 292295c8  .in=439 3c73d6d4  .sy=68 f2cdafa7
  cross  obj: prod     | .db=705 e6088434  .ex=2896 9ce43f8e  .gl=321 6fb1f9ef  .in=439 3c73d6d4  .sy=68 f2cdafa7
  objs AGREE -> as registered
    .db      705  IDENTICAL
    .ex     2888 vs   2896  DIFFERENT LENGTH  4 differing byte-run(s)
        @0x0ae5  self   60 27 86 43 86 20 2c 86 41 74 00 32 86 41 74 4b 4f 01 0c b9 0c 0a 86 43 81 20 33 86 41 74 60 27 86 43 86 20 33 86 41 74 04 27 86 43 f4 08 b9 0c 0a 86 43 81 20 33 86 41 74 60 27 86 43 86 20 2c 86 41 74 00 32 | cross  80 80 00 00 00 27 86 43 86 20 2c 86 41 74 00 32 86 41 74 4b 4f 01 0c b9 0c 0a 86 43 81 20 33 86 41 74 60 27 86 43 86 20 33 86 41 74 04 27 86 43 f4 08 b9 0c 0a 86 43 81 20 33 86 41 74 80 80 00 00 00 27 86 43
                 ctx 86 43 81 20 33 86 41 74 60 27 86 43 86 20 2c 86 41 74 00 32 86 41 74 4b 4f 01 0c b9 0c 0a 86 43 81 20 33 86 41 74 60 27 86 43 86 20 33 86 41 74 04 27 86 43 f4 08 b9 0c 0a 86 43 81 20 33 86 41 74 60 27 86 43 86 20 2c 86 41 74 00 32 86 41 74 4b 4f 01 0d 3a
                 ctx 86 43 81 20 33 86 41 74 80 80 00 00 00 27 86 43 86 20 2c 86 41 74 00 32 86 41 74 4b 4f 01 0c b9 0c 0a 86 43 81 20 33 86 41 74 60 27 86 43 86 20 33 86 41 74 04 27 86 43 f4 08 b9 0c 0a 86 43 81 20 33 86 41 74 80 80 00 00 00 27 86 43 86 20 2c 86 41 74 00 32
        @0x0b2b  self   41 74 4b 4f 01 0d 3a 10 0a 54 02 29 10 0a 4f 12 47 | cross  20 2c 86 41 74 00 32 86 41 74 4b 4f 01 0d 3a 10 0a
                 ctx 20 2c 86 41 74 00 32 86 41 74 4b 4f 01 0d 3a 10 0a 54 02 29 10 0a 4f 12 47 54 01 54 00 4f 02 20 00
                 ctx 80 00 00 00 27 86 43 86 20 2c 86 41 74 00 32 86 41 74 4b 4f 01 0d 3a 10 0a 54 02 29 10 0a 4f 12 47
        @0x0b3d  self   01 54 00 4f 02 20 00 4f    | cross  02 29 10 0a 4f 12 47 54
                 ctx 02 29 10 0a 4f 12 47 54 01 54 00 4f 02 20 00 4f 01 0e 4d
                 ctx 4b 4f 01 0d 3a 10 0a 54 02 29 10 0a 4f 12 47 54 01 54 00 4f 02 20 00 4f
        @0x0b46  self   0e 4d                      | cross  54 00
                 ctx 54 00 4f 02 20 00 4f 01 0e 4d
                 ctx 29 10 0a 4f 12 47 54 01 54 00 4f 02 20 00 4f 01 0e 4d
        edit window (first diff 0x0ae5, common tail 41):
          self   58B  60 27 86 43 86 20 2c 86 41 74 00 32 86 41 74 4b 4f 01 0c b9 0c 0a 86 43 81 20 33 86 41 74 60 27 86 43 86 20 33 86 41 74 04 27 86 43 f4 08 b9 0c 0a 86 43 81 20 33 86 41 74 60
          cross  66B  80 80 00 00 00 27 86 43 86 20 2c 86 41 74 00 32 86 41 74 4b 4f 01 0c b9 0c 0a 86 43 81 20 33 86 41 74 60 27 86 43 86 20 33 86 41 74 04 27 86 43 f4 08 b9 0c 0a 86 43 81 20 33 86 41 74 80 80 00 00 00
    .gl      321 vs    321  same length  1 differing byte-run(s)
        @0x009f  self   4e 02 8b e7 35 cc d5 58 fc cd 0c a7 5b 34 25 bc | cross  39 de 90 96 8e a3 f9 95 5b 87 46 18 50 73 40 f3
                 ctx 63 2e 63 70 70 00 10 01 4e 02 8b e7 35 cc d5 58 fc cd 0c a7 5b 34 25 bc 09 14 01 2e 58 42 4c 44
                 ctx 63 2e 63 70 70 00 10 01 39 de 90 96 8e a3 f9 95 5b 87 46 18 50 73 40 f3 09 14 01 2e 58 42 4c 44
    .in      439  IDENTICAL
    .sy       68  IDENTICAL
    I5 (.ex/.sy/.gl byte-identical while the objs differ): no
    I1 (.sy byte-identical): HIT

=== X-35   A  vs  B   (registered: objs DISAGREE)
  A      obj: prod     | .db=721 482ec367  .ex=3064 d54a91c3  .gl=321 2289b3e5  .in=439 3c73d6d4  .sy=89 bd792ec4
  B      obj: const    | .db=721 482ec367  .ex=3034 8ebf07f5  .gl=321 06348383  .in=439 3c73d6d4  .sy=89 bd792ec4
  objs DISAGREE -> as registered
    .db      721  IDENTICAL
    .ex     3064 vs   3034  DIFFERENT LENGTH  13 differing byte-run(s)
        @0x0b66  A      0c                         | B      11
                 ctx 74 00 27 86 43 f4 08 b9 0c 0a 86 43 81 20 33 86 41
                 ctx 74 00 27 86 43 f4 08 b9 11 0a 86 43 85 20 2c 86 41
        @0x0b6a  A      81                         | B      85
                 ctx 43 f4 08 b9 0c 0a 86 43 81 20 33 86 41 74 60 27 86
                 ctx 43 f4 08 b9 11 0a 86 43 85 20 2c 86 41 74 00 32 86
        @0x0b6c  A      33                         | B      2c
                 ctx 08 b9 0c 0a 86 43 81 20 33 86 41 74 60 27 86 43 86
                 ctx 08 b9 11 0a 86 43 85 20 2c 86 41 74 00 32 86 41 74
        @0x0b70  A      60 27                      | B      00 32
                 ctx 86 43 81 20 33 86 41 74 60 27 86 43 86 20 2c 86 41 74
                 ctx 86 43 85 20 2c 86 41 74 00 32 86 41 74 4b 4f 01 11 b9
        @0x0b73  A      43 86 20 2c 86 41 74 00 32 | B      41 74 4b 4f 01 11 b9 11 0a
                 ctx 20 33 86 41 74 60 27 86 43 86 20 2c 86 41 74 00 32 86 41 74 4b 4f 01 11 b9
                 ctx 20 2c 86 41 74 00 32 86 41 74 4b 4f 01 11 b9 11 0a 86 43 85 20 33 86 41 74
        @0x0b7d  A      41 74 4b 4f 01 11 b9 11 0a | B      43 85 20 33 86 41 74 04 27
                 ctx 20 2c 86 41 74 00 32 86 41 74 4b 4f 01 11 b9 11 0a 86 43 85 20 33 86 41 74
                 ctx 4b 4f 01 11 b9 11 0a 86 43 85 20 33 86 41 74 04 27 86 43 f4 08 b9 11 0a 86
        @0x0b88  A      85 20 33 86 41 74 04 27 86 43 f4 08 b9 0c 0a | B      f4 08 b9 11 0a 86 43 85 20 2c 86 41 74 00 32
                 ctx 4f 01 11 b9 11 0a 86 43 85 20 33 86 41 74 04 27 86 43 f4 08 b9 0c 0a 86 43 81 20 33 86 41 74
                 ctx 33 86 41 74 04 27 86 43 f4 08 b9 11 0a 86 43 85 20 2c 86 41 74 00 32 86 41 74 4b 4f 01 12 b9
        @0x0b98  A      43 81 20 33 86 41 74 60 27 | B      41 74 4b 4f 01 12 b9 11 0a
                 ctx 86 43 f4 08 b9 0c 0a 86 43 81 20 33 86 41 74 60 27 86 43 86 20 2c 86 41 74
                 ctx 20 2c 86 41 74 00 32 86 41 74 4b 4f 01 12 b9 11 0a 86 43 85 20 33 86 41 74
        @0x0ba3  A      86                         | B      85
                 ctx 33 86 41 74 60 27 86 43 86 20 2c 86 41 74 00 32 86
                 ctx 4f 01 12 b9 11 0a 86 43 85 20 33 86 41 74 08 27 86
        @0x0ba5  A      2c                         | B      33
                 ctx 41 74 60 27 86 43 86 20 2c 86 41 74 00 32 86 41 74
                 ctx 12 b9 11 0a 86 43 85 20 33 86 41 74 08 27 86 43 f4
        @0x0ba9  A      00 32                      | B      08 27
                 ctx 86 43 86 20 2c 86 41 74 00 32 86 41 74 4b 4f 01 12 b9
                 ctx 86 43 85 20 33 86 41 74 08 27 86 43 f4 08 b9 11 0a 86
        @0x0bac  A      41 74 4b 4f 01 12 b9 11 0a 86 43 85 20 33 86 41 74 08 27 86 43 f4 08 b9 0c | B      43 f4 08 b9 11 0a 86 43 85 20 2c 86 41 74 00 32 86 41 74 4b 4f 01 13 3a 10
                 ctx 20 2c 86 41 74 00 32 86 41 74 4b 4f 01 12 b9 11 0a 86 43 85 20 33 86 41 74 08 27 86 43 f4 08 b9 0c 0a 86 43 81 20 33 86 41
                 ctx 20 33 86 41 74 08 27 86 43 f4 08 b9 11 0a 86 43 85 20 2c 86 41 74 00 32 86 41 74 4b 4f 01 13 3a 10 0a 54 02 29 10 0a 4f 12
        edit window (first diff 0x0b66, common tail 37):
          A      109B  0c 0a 86 43 81 20 33 86 41 74 60 27 86 43 86 20 2c 86 41 74 00 32 86 41 74 4b 4f 01 11 b9 11 0a 86 43 85 20 33 86 41 74 04 27 86 43 f4 08 b9 0c 0a 86 43 81 20 33 86 41 74 60 27 86 43 86 20 2c 86 41 74 00 32 86 41 74 4b 4f 01 12 b9 11 0a 86 43 85 20 33 86 41 74 08 27 86 43 f4 08 b9 0c 0a 86 43 81 20 33 86 41 74 60 27 86 43 86
          B      79B  11 0a 86 43 85 20 2c 86 41 74 00 32 86 41 74 4b 4f 01 11 b9 11 0a 86 43 85 20 33 86 41 74 04 27 86 43 f4 08 b9 11 0a 86 43 85 20 2c 86 41 74 00 32 86 41 74 4b 4f 01 12 b9 11 0a 86 43 85 20 33 86 41 74 08 27 86 43 f4 08 b9 11 0a 86 43 85
    .gl      321 vs    321  same length  2 differing byte-run(s)
        @0x009f  A      21 d4 cc ba 4c 58 6c ee d1 2e e1 59 54 dc 18 d6 | B      ef 43 d1 d0 b9 96 cc 3d 93 f2 79 89 3a b0 c3 66
                 ctx 63 2e 63 70 70 00 10 01 21 d4 cc ba 4c 58 6c ee d1 2e e1 59 54 dc 18 d6 09 14 01 2e 58 42 4c 44
                 ctx 63 2e 63 70 70 00 10 01 ef 43 d1 d0 b9 96 cc 3d 93 f2 79 89 3a b0 c3 66 09 14 01 2e 58 42 4c 44
        @0x00ea  A      4e                         | B      48
                 ctx 00 00 80 54 0a 00 00 00 4e 68 10 03 00 02 00 15 01
                 ctx 00 00 80 54 0a 00 00 00 48 68 10 03 00 02 00 15 01
    .in      439  IDENTICAL
    .sy       89  IDENTICAL
    I5 (.ex/.sy/.gl byte-identical while the objs differ): no
    I1 (.sy byte-identical): HIT

=== X-11   A  vs  B   (registered: objs AGREE)
  A      obj: prod     | .db=721 482ec367  .ex=2850 62debab2  .gl=321 29271102  .in=439 3c73d6d4  .sy=89 bd792ec4
  B      obj: prod     | .db=721 482ec367  .ex=2840 65b707de  .gl=321 924e551f  .in=439 3c73d6d4  .sy=89 bd792ec4
  objs AGREE -> as registered
    .db      721  IDENTICAL
    .ex     2850 vs   2840  DIFFERENT LENGTH  6 differing byte-run(s)
        @0x0aee  A      0c                         | B      11
                 ctx 74 00 27 86 43 f4 08 b9 0c 0a 86 43 81 20 33 86 41
                 ctx 74 00 27 86 43 f4 08 b9 11 0a 86 43 85 20 2c 86 41
        @0x0af2  A      81                         | B      85
                 ctx 43 f4 08 b9 0c 0a 86 43 81 20 33 86 41 74 60 27 86
                 ctx 43 f4 08 b9 11 0a 86 43 85 20 2c 86 41 74 00 32 86
        @0x0af4  A      33                         | B      2c
                 ctx 08 b9 0c 0a 86 43 81 20 33 86 41 74 60 27 86 43 86
                 ctx 08 b9 11 0a 86 43 85 20 2c 86 41 74 00 32 86 41 74
        @0x0af8  A      60 27                      | B      00 32
                 ctx 86 43 81 20 33 86 41 74 60 27 86 43 86 20 2c 86 41 74
                 ctx 86 43 85 20 2c 86 41 74 00 32 86 41 74 4b 4f 01 0d 3a
        @0x0afb  A      43 86 20 2c 86 41 74 00 32 86 41 74 4b 4f 01 0d 3a 10 0a | B      41 74 4b 4f 01 0d 3a 10 0a 54 02 29 10 0a 4f 12 47 54 01
                 ctx 20 33 86 41 74 60 27 86 43 86 20 2c 86 41 74 00 32 86 41 74 4b 4f 01 0d 3a 10 0a 54 02 29 10 0a 4f 12 47
                 ctx 20 2c 86 41 74 00 32 86 41 74 4b 4f 01 0d 3a 10 0a 54 02 29 10 0a 4f 12 47 54 01 54 00 4f 02 20 00 4f 01
        @0x0b0f  A      02 29 10 0a 4f 12 47 54 01 | B      00 4f 02 20 00 4f 01 0e 4d
                 ctx 4b 4f 01 0d 3a 10 0a 54 02 29 10 0a 4f 12 47 54 01 54 00 4f 02 20 00 4f 01
                 ctx 10 0a 4f 12 47 54 01 54 00 4f 02 20 00 4f 01 0e 4d
        edit window (first diff 0x0aee, common tail 37):
          A      15B  0c 0a 86 43 81 20 33 86 41 74 60 27 86 43 86
          B      5B  11 0a 86 43 85
    .gl      321 vs    321  same length  2 differing byte-run(s)
        @0x009f  A      4d b2 25 92 d3 01 94 bf b8 9b b8 de 94 7d 8a 98 | B      d8 ce 22 25 21 6e 9f d4 aa 51 54 a7 1a 81 fd 55
                 ctx 63 2e 63 70 70 00 10 01 4d b2 25 92 d3 01 94 bf b8 9b b8 de 94 7d 8a 98 09 14 01 2e 58 42 4c 44
                 ctx 63 2e 63 70 70 00 10 01 d8 ce 22 25 21 6e 9f d4 aa 51 54 a7 1a 81 fd 55 09 14 01 2e 58 42 4c 44
        @0x00ea  A      24                         | B      22
                 ctx 00 00 80 54 0a 00 00 00 24 68 10 03 00 02 00 15 01
                 ctx 00 00 80 54 0a 00 00 00 22 68 10 03 00 02 00 15 01
    .in      439  IDENTICAL
    .sy       89  IDENTICAL
    I5 (.ex/.sy/.gl byte-identical while the objs differ): no
    I1 (.sy byte-identical): HIT

=== X-AE   A  vs  E   (registered: objs DISAGREE)
  A      obj: prod     | .db=721 482ec367  .ex=3064 d54a91c3  .gl=321 2289b3e5  .in=439 3c73d6d4  .sy=89 bd792ec4
  E      obj: const    | .db=705 e6088434  .ex=3065 6e3e3fcc  .gl=321 7f1ff719  .in=439 3c73d6d4  .sy=68 f2cdafa7
  objs DISAGREE -> as registered
    .db      721 vs    705  DIFFERENT LENGTH  14 differing byte-run(s)
        @0x026f  A      0a 02 10 02 10             | E      12 01 12 03 00
                 ctx 4c 40 40 00 f3 f2 f1 0b 0a 02 10 02 10 00 00 2a 80 00 00 0b 12
                 ctx 4c 40 40 00 f3 f2 f1 0b 12 01 12 03 00 00 00 01 10 00 00 74 00
        @0x0276  A      2a 80                      | E      01 10
                 ctx 0b 0a 02 10 02 10 00 00 2a 80 00 00 0b 12 01 12 03 00
                 ctx 0b 12 01 12 03 00 00 00 01 10 00 00 74 00 00 00 74 00
        @0x027a  A      0b 12 01 12 03             | E      74 00 00 00 74
                 ctx 02 10 00 00 2a 80 00 00 0b 12 01 12 03 00 00 00 01 10 00 00 74
                 ctx 03 00 00 00 01 10 00 00 74 00 00 00 74 00 00 00 0b 0e 08 10 03
        @0x0282  A      01 10 00 00 74             | E      0b 0e 08 10 03
                 ctx 0b 12 01 12 03 00 00 00 01 10 00 00 74 00 00 00 74 00 00 00 0b
                 ctx 74 00 00 00 74 00 00 00 0b 0e 08 10 03 00 00 00 00 00 03 00 09
        @0x028a  A      74                         | E      00
                 ctx 01 10 00 00 74 00 00 00 74 00 00 00 0b 0e 08 10 03
                 ctx 0b 0e 08 10 03 00 00 00 00 00 03 00 09 10 00 00 0b
        @0x028c  A      00                         | E      03
                 ctx 00 00 74 00 00 00 74 00 00 00 0b 0e 08 10 03 00 00
                 ctx 08 10 03 00 00 00 00 00 03 00 09 10 00 00 0b 0e 03
        @0x028e  A      0b 0e 08 10 03 00 00 00 00 | E      09 10 00 00 0b 0e 03 15 21
                 ctx 74 00 00 00 74 00 00 00 0b 0e 08 10 03 00 00 00 00 00 03 00 0a 10 00 00 0b
                 ctx 03 00 00 00 00 00 03 00 09 10 00 00 0b 0e 03 15 21 00 00 00 22 00 00 00 10
        @0x0298  A      03                         | E      00
                 ctx 08 10 03 00 00 00 00 00 03 00 0a 10 00 00 0b 0e 03
                 ctx 00 00 0b 0e 03 15 21 00 00 00 22 00 00 00 10 00 00
        @0x029a  A      0a 10                      | E      22 00
                 ctx 03 00 00 00 00 00 03 00 0a 10 00 00 0b 0e 03 15 21 00
                 ctx 0b 0e 03 15 21 00 00 00 22 00 00 00 10 00 00 f1 07 15
        @0x029e  A      0b 0e 03 15 21 00 00 00 22 00 00 00 10 00 00 f1 07 15 02 | E      10 00 00 f1 07 15 02 80 20 84 20 82 20 88 20 0a 74 f4 08
                 ctx 00 00 03 00 0a 10 00 00 0b 0e 03 15 21 00 00 00 22 00 00 00 10 00 00 f1 07 15 02 80 20 84 20 82 20 88 20
                 ctx 21 00 00 00 22 00 00 00 10 00 00 f1 07 15 02 80 20 84 20 82 20 88 20 0a 74 f4 08 80 20 81 20 82 20 84 20
        @0x02b3  A      84                         | E      81
                 ctx 00 00 f1 07 15 02 80 20 84 20 82 20 88 20 0c 74 f4
                 ctx 88 20 0a 74 f4 08 80 20 81 20 82 20 84 20 86 20 88
        @0x02b7  A      88                         | E      84
                 ctx 15 02 80 20 84 20 82 20 88 20 0c 74 f4 08 80 20 81
                 ctx f4 08 80 20 81 20 82 20 84 20 86 20 88 20 8a 20 8b
        edit window (first diff 0x026f, common tail 1):
          A      97B  0a 02 10 02 10 00 00 2a 80 00 00 0b 12 01 12 03 00 00 00 01 10 00 00 74 00 00 00 74 00 00 00 0b 0e 08 10 03 00 00 00 00 00 03 00 0a 10 00 00 0b 0e 03 15 21 00 00 00 22 00 00 00 10 00 00 f1 07 15 02 80 20 84 20 82 20 88 20 0c 74 f4 08 80 20 81 20 82 20 84 20 85 20 86 20 88 20 89 20 8b 20 8c
          E      81B  12 01 12 03 00 00 00 01 10 00 00 74 00 00 00 74 00 00 00 0b 0e 08 10 03 00 00 00 00 00 03 00 09 10 00 00 0b 0e 03 15 21 00 00 00 22 00 00 00 10 00 00 f1 07 15 02 80 20 84 20 82 20 88 20 0a 74 f4 08 80 20 81 20 82 20 84 20 86 20 88 20 8a 20 8b
    .ex     3064 vs   3065  DIFFERENT LENGTH  4 differing byte-run(s)
        @0x0aa1  A      26 11                      | E      b9 0c
                 ctx 0a 4c 4f 11 53 4f 01 0a 26 11 0a b9 0c 0a 86 43 81 20
                 ctx 0a 4c 4f 11 53 4f 01 0a b9 0c 0a 86 43 81 20 33 86 41
        @0x0aa4  A      b9 0c 0a 86 43 81 20 33 86 41 74 60 27 86 43 | E      86 43 81 20 33 86 41 74 20 27 86 43 f4 08 33
                 ctx 11 53 4f 01 0a 26 11 0a b9 0c 0a 86 43 81 20 33 86 41 74 60 27 86 43 86 20 32 86 43 89 20 4b
                 ctx 11 53 4f 01 0a b9 0c 0a 86 43 81 20 33 86 41 74 20 27 86 43 f4 08 33 86 41 74 07 32 86 41 74
        @0x0ab4  A      20 32 86 43 89 20 4b 4f 01 0b b9 0c 0a 86 43 81 20 33 86 41 74 20 27 86 43 f4 08 33 86 41 74 07 32 86 41 74 4b 4f 01 0c b9 0c 0a 86 43 81 20 33 86 41 74 24 27 86 43 f4 08 33 86 41 74 07 32 86 41 74 4b 4f 01 0d b9 0c 0a 86 43 81 20 33 86 41 74 28 27 86 43 f4 08 33 86 41 74 07 32 86 41 74 4b 4f 01 0e b9 0c 0a 86 43 81 20 33 86 41 74 2c 27 86 43 f4 08 33 86 41 74 07 32 86 41 74 4b 4f 01 0f b9 0c 0a 86 43 81 20 33 86 41 74 30 27 86 43 f4 08 33 86 41 74 07 32 86 41 74 4b 4f 01 10 b9 11 0a 86 43 85 20 33 86 41 74 00 27 | E      41 74 07 32 86 41 74 4b 4f 01 0b b9 0c 0a 86 43 81 20 33 86 41 74 24 27 86 43 f4 08 33 86 41 74 07 32 86 41 74 4b 4f 01 0c b9 0c 0a 86 43 81 20 33 86 41 74 28 27 86 43 f4 08 33 86 41 74 07 32 86 41 74 4b 4f 01 0d b9 0c 0a 86 43 81 20 33 86 41 74 2c 27 86 43 f4 08 33 86 41 74 07 32 86 41 74 4b 4f 01 0e b9 0c 0a 86 43 81 20 33 86 41 74 30 27 86 43 f4 08 33 86 41 74 07 32 86 41 74 4b 4f 01 0f b9 0c 0a 86 43 81 20 33 86 41 74 60 27 86 43 86 20 33 86 41 74 00 27 86 43 f4 08 b9 0c 0a 86 43 81 20 33 86 41 74 60 27 86 43
                 ctx 86 41 74 60 27 86 43 86 20 32 86 43 89 20 4b 4f 01 0b b9 0c 0a 86 43 81 20 33 86 41 74 20 27 86 43 f4 08 33 86 41 74 07 32 86 41 74 4b 4f 01 0c b9 0c 0a 86 43 81 20 33 86 41 74 24 27 86 43 f4 08 33 86 41 74 07 32 86 41 74 4b 4f 01 0d b9 0c 0a 86 43 81 20 33 86 41 74 28 27 86 43 f4 08 33 86 41 74 07 32 86 41 74 4b 4f 01 0e b9 0c 0a 86 43 81 20 33 86 41 74 2c 27 86 43 f4 08 33 86 41 74 07 32 86 41 74 4b 4f 01 0f b9 0c 0a 86 43 81 20 33 86 41 74 30 27 86 43 f4 08 33 86 41 74 07 32 86 41 74 4b 4f 01 10 b9 11 0a 86 43 85 20 33 86 41 74 00 27 86 43 f4 08 b9 0c 0a 86
                 ctx 20 27 86 43 f4 08 33 86 41 74 07 32 86 41 74 4b 4f 01 0b b9 0c 0a 86 43 81 20 33 86 41 74 24 27 86 43 f4 08 33 86 41 74 07 32 86 41 74 4b 4f 01 0c b9 0c 0a 86 43 81 20 33 86 41 74 28 27 86 43 f4 08 33 86 41 74 07 32 86 41 74 4b 4f 01 0d b9 0c 0a 86 43 81 20 33 86 41 74 2c 27 86 43 f4 08 33 86 41 74 07 32 86 41 74 4b 4f 01 0e b9 0c 0a 86 43 81 20 33 86 41 74 30 27 86 43 f4 08 33 86 41 74 07 32 86 41 74 4b 4f 01 0f b9 0c 0a 86 43 81 20 33 86 41 74 60 27 86 43 86 20 33 86 41 74 00 27 86 43 f4 08 b9 0c 0a 86 43 81 20 33 86 41 74 60 27 86 43 86 20 2c 86 41 74 00 32
        @0x0b62  A      43 f4 08 b9 0c 0a 86 43 81 20 33 86 41 74 60 27 86 43 86 20 2c 86 41 74 00 32 86 41 74 4b 4f 01 11 b9 11 0a 86 43 85 20 33 86 41 74 04 27 86 43 f4 08 b9 0c 0a 86 43 81 20 33 86 41 74 60 27 86 43 86 20 2c 86 41 74 00 32 86 41 74 4b 4f 01 12 b9 11 0a 86 43 85 20 33 86 41 74 08 27 86 43 f4 08 b9 0c 0a 86 43 81 20 33 86 41 74 60 27 86 43 86 20 2c 86 41 74 00 32 86 41 74 4b 4f 01 13 3a 10 0a 54 02 29 10 0a 4f 12 47 54 01 54 00 4f 02 20 00 4f 01 14 4d | E      20 2c 86 41 74 00 32 86 41 74 4b 4f 01 10 b9 0c 0a 86 43 81 20 33 86 41 74 60 27 86 43 86 20 33 86 41 74 04 27 86 43 f4 08 b9 0c 0a 86 43 81 20 33 86 41 74 60 27 86 43 86 20 2c 86 41 74 00 32 86 41 74 4b 4f 01 11 b9 0c 0a 86 43 81 20 33 86 41 74 60 27 86 43 86 20 33 86 41 74 08 27 86 43 f4 08 b9 0c 0a 86 43 81 20 33 86 41 74 60 27 86 43 86 20 2c 86 41 74 00 32 86 41 74 4b 4f 01 12 3a 10 0a 54 02 29 10 0a 4f 12 47 54 01 54 00 4f 02 20 00 4f 01 13
                 ctx 20 33 86 41 74 00 27 86 43 f4 08 b9 0c 0a 86 43 81 20 33 86 41 74 60 27 86 43 86 20 2c 86 41 74 00 32 86 41 74 4b 4f 01 11 b9 11 0a 86 43 85 20 33 86 41 74 04 27 86 43 f4 08 b9 0c 0a 86 43 81 20 33 86 41 74 60 27 86 43 86 20 2c 86 41 74 00 32 86 41 74 4b 4f 01 12 b9 11 0a 86 43 85 20 33 86 41 74 08 27 86 43 f4 08 b9 0c 0a 86 43 81 20 33 86 41 74 60 27 86 43 86 20 2c 86 41 74 00 32 86 41 74 4b 4f 01 13 3a 10 0a 54 02 29 10 0a 4f 12 47 54 01 54 00 4f 02 20 00 4f 01 14 4d
                 ctx 86 41 74 60 27 86 43 86 20 2c 86 41 74 00 32 86 41 74 4b 4f 01 10 b9 0c 0a 86 43 81 20 33 86 41 74 60 27 86 43 86 20 33 86 41 74 04 27 86 43 f4 08 b9 0c 0a 86 43 81 20 33 86 41 74 60 27 86 43 86 20 2c 86 41 74 00 32 86 41 74 4b 4f 01 11 b9 0c 0a 86 43 81 20 33 86 41 74 60 27 86 43 86 20 33 86 41 74 08 27 86 43 f4 08 b9 0c 0a 86 43 81 20 33 86 41 74 60 27 86 43 86 20 2c 86 41 74 00 32 86 41 74 4b 4f 01 12 3a 10 0a 54 02 29 10 0a 4f 12 47 54 01 54 00 4f 02 20 00 4f 01 13 4d
        edit window (first diff 0x0aa1, common tail 1):
          A      342B  26 11 0a b9 0c 0a 86 43 81 20 33 86 41 74 60 27 86 43 86 20 32 86 43 89 20 4b 4f 01 0b b9 0c 0a 86 43 81 20 33 86 41 74 20 27 86 43 f4 08 33 86 41 74 07 32 86 41 74 4b 4f 01 0c b9 0c 0a 86 43 81 20 33 86 41 74 24 27 86 43 f4 08 33 86 41 74 07 32 86 41 74 4b 4f 01 0d b9 0c 0a 86 43 81 20 33 86 41 74 28 27 86 43 f4 08 33 86 41 74 07 32 86 41 74 4b 4f 01 0e b9 0c 0a 86 43 81 20 33 86 41 74 2c 27 86 43 f4 08 33 86 41 74 07 32 86 41 74 4b 4f 01 0f b9 0c 0a 86 43 81 20 33 86 41 74 30 27 86 43 f4 08 33 86 41 74 07 32 86 41 74 4b 4f 01 10 b9 11 0a 86 43 85 20 33 86 41 74 00 27 86 43 f4 08 b9 0c 0a 86 43 81 20 33 86 41 74 60 27 86 43 86 20 2c 86 41 74 00 32 86 41 74 4b 4f 01 11 b9 11 0a 86 43 85 20 33 86 41 74 04 27 86 43 f4 08 b9 0c 0a 86 43 81 20 33 86 41 74 60 27 86 43 86 20 2c 86 41 74 00 32 86 41 74 4b 4f 01 12 b9 11 0a 86 43 85 20 33 86 41 74 08 27 86 43 f4 08 b9 0c 0a 86 43 81 20 33 86 41 74 60 27 86 43 86 20 2c 86 41 74 00 32 86 41 74 4b 4f 01 13 3a 10 0a 54 02 29 10 0a 4f 12 47 54 01 54 00 4f 02 20 00 4f 01 14
          E      343B  b9 0c 0a 86 43 81 20 33 86 41 74 20 27 86 43 f4 08 33 86 41 74 07 32 86 41 74 4b 4f 01 0b b9 0c 0a 86 43 81 20 33 86 41 74 24 27 86 43 f4 08 33 86 41 74 07 32 86 41 74 4b 4f 01 0c b9 0c 0a 86 43 81 20 33 86 41 74 28 27 86 43 f4 08 33 86 41 74 07 32 86 41 74 4b 4f 01 0d b9 0c 0a 86 43 81 20 33 86 41 74 2c 27 86 43 f4 08 33 86 41 74 07 32 86 41 74 4b 4f 01 0e b9 0c 0a 86 43 81 20 33 86 41 74 30 27 86 43 f4 08 33 86 41 74 07 32 86 41 74 4b 4f 01 0f b9 0c 0a 86 43 81 20 33 86 41 74 60 27 86 43 86 20 33 86 41 74 00 27 86 43 f4 08 b9 0c 0a 86 43 81 20 33 86 41 74 60 27 86 43 86 20 2c 86 41 74 00 32 86 41 74 4b 4f 01 10 b9 0c 0a 86 43 81 20 33 86 41 74 60 27 86 43 86 20 33 86 41 74 04 27 86 43 f4 08 b9 0c 0a 86 43 81 20 33 86 41 74 60 27 86 43 86 20 2c 86 41 74 00 32 86 41 74 4b 4f 01 11 b9 0c 0a 86 43 81 20 33 86 41 74 60 27 86 43 86 20 33 86 41 74 08 27 86 43 f4 08 b9 0c 0a 86 43 81 20 33 86 41 74 60 27 86 43 86 20 2c 86 41 74 00 32 86 41 74 4b 4f 01 12 3a 10 0a 54 02 29 10 0a 4f 12 47 54 01 54 00 4f 02 20 00 4f 01 13
    .gl      321 vs    321  same length  5 differing byte-run(s)
        @0x0007  A      15                         | E      14
                 ctx 11 02 06 31 6a 32 01 15 0a 00 00 01 12 03 00 00
                 ctx 11 02 06 31 6a 32 01 14 0a 00 00 01 12 03 00 00
        @0x009f  A      21 d4 cc ba 4c 58 6c       | E      e5 da 86 d2 04 1d 76
                 ctx 63 2e 63 70 70 00 10 01 21 d4 cc ba 4c 58 6c ee d1 2e e1 59 54 dc 18
                 ctx 63 2e 63 70 70 00 10 01 e5 da 86 d2 04 1d 76 ee 70 21 7b 38 7e 90 fa
        @0x00a7  A      d1 2e e1 59 54 dc 18 d6    | E      70 21 7b 38 7e 90 fa f8
                 ctx 21 d4 cc ba 4c 58 6c ee d1 2e e1 59 54 dc 18 d6 09 14 01 2e 58 42 4c 44
                 ctx e5 da 86 d2 04 1d 76 ee 70 21 7b 38 7e 90 fa f8 09 14 01 2e 58 42 4c 44
        @0x00de  A      0b                         | E      0a
                 ctx 82 07 05 00 00 00 00 80 0b 10 00 00 00 00 80 54 0a
                 ctx 82 07 05 00 00 00 00 80 0a 10 00 00 00 00 80 54 0a
        @0x010b  A      0c                         | E      0b
                 ctx 01 10 e0 02 14 01 00 80 0c 10 00 00 02 0b 00 f2 09
                 ctx 01 10 e0 02 14 01 00 80 0b 10 00 00 02 0b 00 f2 09
    .in      439  IDENTICAL
    .sy       89 vs     68  DIFFERENT LENGTH  1 differing byte-run(s)
        @0x0043  A      01                         | E      06
                 ctx 00 80 01 10 00 00 0d 02 01 02 11 0a 00 71 00 86 03
                 ctx 00 80 01 10 00 00 0d 02 06
        edit window (first diff 0x0043, common tail 1):
          A      21B  01 02 11 0a 00 71 00 86 03 00 01 04 04 00 01 00 80 09 10 00 00
          E      0B  
    I5 (.ex/.sy/.gl byte-identical while the objs differ): no
    I1 (.sy byte-identical): **MISS**

  counters:  selected 10 | reached 10 | GRADED 10 | out-of-regime 0 | compile-failed 0
  pair verdicts: {'S-11': ('prod', 'const', False), 'S-21': ('prod', 'prod', True), 'X-35': ('prod', 'const', False), 'X-11': ('prod', 'prod', True), 'X-AE': ('prod', 'const', False)}
