== B-2base-r2k4  vs  C-2base-r2k4-selfup
   .db   IDENTICAL  (705 B)
   .ex   DIFFERS    (2977 B vs 2997 B, 87 differing bytes at [2898, 2902, 2904, 2908, 2909, 2911, 2912, 2913, 2914, 2915, 2916, 2917] …)
        @2898   27 86 43 f4 08 b9 11 0a 86 43 8a 20 2c
               27 86 43 f4 08 b9 0c 0a 86 43 81 20 33
        @2902   08 b9 11 0a 86 43 8a 20 2c 86 41 74 00
               08 b9 0c 0a 86 43 81 20 33 86 41 74 28
        @2904   11 0a 86 43 8a 20 2c 86 41 74 00 32 86
               0c 0a 86 43 81 20 33 86 41 74 28 27 86
        @2908   8a 20 2c 86 41 74 00 32 86 41 74 4b 4f
               81 20 33 86 41 74 28 27 86 43 87 20 2c
        @2909   20 2c 86 41 74 00 32 86 41 74 4b 4f 01
               20 33 86 41 74 28 27 86 43 87 20 2c 86
        @2911   86 41 74 00 32 86 41 74 4b 4f 01 10 b9
               86 41 74 28 27 86 43 87 20 2c 86 41 74
        @2912   41 74 00 32 86 41 74 4b 4f 01 10 b9 11
               41 74 28 27 86 43 87 20 2c 86 41 74 00
        @2913   74 00 32 86 41 74 4b 4f 01 10 b9 11 0a
               74 28 27 86 43 87 20 2c 86 41 74 00 32
   .gl   DIFFERS    (335 B vs 335 B, 17 differing bytes at [161, 162, 163, 164, 165, 166, 167, 168, 169, 170, 171, 172] …)
   .in   IDENTICAL  (439 B)
   .sy   IDENTICAL  (93 B)

== B-2base-r3k5  vs  C-2base-r3k5-selfup
   .db   IDENTICAL  (705 B)
   .ex   DIFFERS    (3044 B vs 3074 B, 126 differing bytes at [2928, 2932, 2934, 2938, 2939, 2941, 2942, 2943, 2944, 2945, 2946, 2947] …)
        @2928   27 86 43 f4 08 b9 11 0a 86 43 8a 20 2c
               27 86 43 f4 08 b9 0c 0a 86 43 81 20 33
        @2932   08 b9 11 0a 86 43 8a 20 2c 86 41 74 00
               08 b9 0c 0a 86 43 81 20 33 86 41 74 28
        @2934   11 0a 86 43 8a 20 2c 86 41 74 00 32 86
               0c 0a 86 43 81 20 33 86 41 74 28 27 86
        @2938   8a 20 2c 86 41 74 00 32 86 41 74 4b 4f
               81 20 33 86 41 74 28 27 86 43 87 20 2c
        @2939   20 2c 86 41 74 00 32 86 41 74 4b 4f 01
               20 33 86 41 74 28 27 86 43 87 20 2c 86
        @2941   86 41 74 00 32 86 41 74 4b 4f 01 11 b9
               86 41 74 28 27 86 43 87 20 2c 86 41 74
        @2942   41 74 00 32 86 41 74 4b 4f 01 11 b9 11
               41 74 28 27 86 43 87 20 2c 86 41 74 00
        @2943   74 00 32 86 41 74 4b 4f 01 11 b9 11 0a
               74 28 27 86 43 87 20 2c 86 41 74 00 32
   .gl   DIFFERS    (335 B vs 335 B, 17 differing bytes at [161, 162, 163, 164, 165, 166, 167, 168, 169, 170, 171, 172] …)
   .in   IDENTICAL  (439 B)
   .sy   IDENTICAL  (93 B)

