
  GRID M re-partitioned — 70 graded cells

  class      cells   prod  const stores   the (ru,cu) frontier where it flips
  ----------------------------------------------------------------------------------------
  SELF-1B    31         8     23   5-14   prod at 1/1,1/2,2/2,2/3,3/3,3/4,4/4,4/5 ; const at 1/3,1/4,2/4,2/5,2/6,2/7,2/8,3/5,3/6,3/7,3/8,4/6,4/7
  LOAD       29         8     21   5-14   prod at 1/1,1/2,2/2,2/3,3/3,3/4,4/4,4/5 ; const at 1/3,1/4,2/4,2/5,2/6,2/7,2/8,3/5,3/6,3/7,3/8,4/6,4/7
  SELF-2B    2          2      0   9-11   prod at 2/4,3/5 ; const at -
  CROSS      8          0      8   9-11   prod at - ; const at 2/4,3/5

  BODY-LENGTH STRATIFICATION — the /QXSTALLS lesson.  If a class's
  verdict were really body length, these two columns would separate.
  class      stores when prod       stores when const
  ----------------------------------------------------------------------
  SELF-1B    [5, 6, 7, 8, 9, 10, 11, 12] [7, 8, 9, 10, 11, 12, 13, 14]
  LOAD       [5, 6, 7, 8, 9, 10, 11, 12] [7, 8, 9, 10, 11, 12, 13, 14]
  SELF-2B    [9, 11]                -
  CROSS      -                      [9, 11]

  RULES, scored on a table that already existed.  IN-DOMAIN cells only (62)

  rule                    right  WRONG  refused   its wrong cells
  --------------------------------------------------------------------------------------------
  the shipped refusal         0      0       62   <- the decline floor, and it WINS
  cu<=ru+1  (#892)           60      2        0   SELF-2B
  cu<=ru+2                   36     26        0   LOAD, SELF-1B
  H-MIX (frozen)             50     12        0   LOAD
  clause-1-alone             44     18        0   LOAD, SELF-1B, SELF-2B
  KEY ILX LOAD (cu<=1)       46     16        0   LOAD, SELF-1B, SELF-2B
  always-prod                18     44        0   LOAD, SELF-1B
  always-const               44     18        0   LOAD, SELF-1B, SELF-2B

  PER CLASS — the number that matters, because the classes disagree

  rule                   SELF-1B     LOAD        SELF-2B   
  --------------------------------------------------------------
  cu<=ru+1  (#892)       31/31       29/29       0/2       
  cu<=ru+2               17/31       17/29       2/2       
  H-MIX (frozen)         31/31       17/29       2/2       
  clause-1-alone         23/31       21/29       0/2       
  KEY ILX LOAD (cu<=1)   24/31       22/29       0/2       
  always-prod            8/31        8/29        2/2       
  always-const           23/31       21/29       0/2       

  CONTROLS (declared out of domain at freeze, ADDENDUM 1 §A1.2)

      C-1base-r2k4-cross             cross    ru=2 cu=4  obj=const  cu<=ru+1 says const
      C-1base-r2k4-otherobj          otherobj ru=2 cu=4  obj=const  cu<=ru+1 says const
      C-2base-r2k4-cross             cross    ru=2 cu=4  obj=const  cu<=ru+1 says const
      C-2base-r2k4-otherobj          otherobj ru=2 cu=4  obj=const  cu<=ru+1 says const
      C-1base-r3k5-cross             cross    ru=3 cu=5  obj=const  cu<=ru+1 says const
      C-1base-r3k5-otherobj          otherobj ru=3 cu=5  obj=const  cu<=ru+1 says const
      C-2base-r3k5-cross             cross    ru=3 cu=5  obj=const  cu<=ru+1 says const
      C-2base-r3k5-otherobj          otherobj ru=3 cu=5  obj=const  cu<=ru+1 says const
