POPULATIONS (nothing is compiled here)

  re-graded from committed disassembly logs:
  w-refbind holdout (holdout_dis.txt)             78 graded,  4 out of regime
  w-refbind bindgrid (bindgrid_dis.txt)           88 graded,  0 out of regime
  w-next allocgrid (allocgrid.out; bind in all 24)   8 graded,  2 out of regime
  w-seam GRID A (grida.out)                       36 graded
  w-alloc2 fresh holdout (freshgrid.out)          32 graded,  8 not two-producer/li

  GRID S — this lane — 146 cells
    rule                     right   WRONG  refused
    the shipped refusal          0       0      146
    RULE W                     146       0        0
    RULE W2                    146       0        0
    H-self                     110      36        0
    w-next's key                77      69        0
    clause 1 alone             104      42        0

  w-refbind frozen holdout — 78 cells
    rule                     right   WRONG  refused
    the shipped refusal          0       0       78
    RULE W                      78       0        0
    RULE W2                     78       0        0
    H-self                      67      11        0
    w-next's key                46      32        0
    clause 1 alone              63      15        0

  w-refbind bisection grid — 88 cells
    rule                     right   WRONG  refused
    the shipped refusal          0       0       88
    RULE W                      88       0        0
    RULE W2                     88       0        0
    H-self                      78      10        0
    w-next's key                64      24        0
    clause 1 alone              68      20        0

  w-next allocation grid — 8 cells
    rule                     right   WRONG  refused
    the shipped refusal          0       0        8
    RULE W                       7       1        0
    RULE W2                      8       0        0
    H-self                       8       0        0
    w-next's key                 7       1        0
    clause 1 alone               4       4        0
      RULE W WRONG: diff-reg1-const3               mnem=addi   self=True  ru=1 cu=3 bases=2 observed=const

  w-seam GRID A — 36 cells
    rule                     right   WRONG  refused
    the shipped refusal          0       0       36
    RULE W                      36       0        0
    RULE W2                     36       0        0
    H-self                      24      12        0
    w-next's key                24      12        0
    clause 1 alone              24      12        0

  w-alloc2 fresh holdout — 32 cells
    rule                     right   WRONG  refused
    the shipped refusal          0       0       32
    RULE W                      26       6        0
    RULE W2                     32       0        0
    H-self                      31       1        0
    w-next's key                22      10        0
    clause 1 alone              24       8        0
      RULE W WRONG: F1-r1k5                        mnem=addi   self=True  ru=1 cu=5 bases=2 observed=const
      RULE W WRONG: F1-r2k5                        mnem=addi   self=True  ru=2 cu=5 bases=2 observed=const
      RULE W WRONG: F1-r2k6                        mnem=addi   self=True  ru=2 cu=6 bases=2 observed=const
      RULE W WRONG: F1-r3k5                        mnem=addi   self=True  ru=3 cu=5 bases=2 observed=const
      RULE W WRONG: F2-off-r1k3                    mnem=addi   self=True  ru=1 cu=3 bases=2 observed=const
      RULE W WRONG: F2-off-r2k4                    mnem=addi   self=True  ru=2 cu=4 bases=2 observed=const

  ALL POPULATIONS COMBINED — 388 cells
    rule                     right   WRONG  refused
    the shipped refusal          0       0      388
    RULE W                     381       7        0
    RULE W2                    388       0        0
    H-self                     318      70        0
    w-next's key               240     148        0
    clause 1 alone             287     101        0
      RULE W WRONG: diff-reg1-const3               mnem=addi   self=True  ru=1 cu=3 bases=2 observed=const
      RULE W WRONG: F1-r1k5                        mnem=addi   self=True  ru=1 cu=5 bases=2 observed=const
      RULE W WRONG: F1-r2k5                        mnem=addi   self=True  ru=2 cu=5 bases=2 observed=const
      RULE W WRONG: F1-r2k6                        mnem=addi   self=True  ru=2 cu=6 bases=2 observed=const
      RULE W WRONG: F1-r3k5                        mnem=addi   self=True  ru=3 cu=5 bases=2 observed=const
      RULE W WRONG: F2-off-r1k3                    mnem=addi   self=True  ru=1 cu=3 bases=2 observed=const
      RULE W WRONG: F2-off-r2k4                    mnem=addi   self=True  ru=2 cu=4 bases=2 observed=const

  wrong cells, by population:
    population                           RULE W  RULE W2
    GRID S — this lane                        0        0
    w-refbind frozen holdout                  0        0
    w-refbind bisection grid                  0        0
    w-next allocation grid                    1        0
    w-seam GRID A                             0        0
    w-alloc2 fresh holdout                    6        0

  The incumbent (the shipped refusal) is WRONG on 0 of 388 by construction. A rule wrong ANYWHERE loses to it.
