# +0x50 operands INSIDE a Ghidra function extent
# image c2.dll 16.00.11886.00 sha256 c80981c0..a66258
# 4916 functions, 105 in-function +0x50 operands

addr       kind   width  owner         gl-corroboration         text
10b27e60   READ   DWORD  FUN_10b27e53  -                        mov    eax,DWORD PTR [edi+0x50]
10b27e78   READ   DWORD  FUN_10b27e53  -                        mov    eax,DWORD PTR [edi+0x50]
10b27e7d   WRITE  DWORD  FUN_10b27e53  -                        mov    DWORD PTR [edi+0x50],esi
10b2b406   WRITE  DWORD  FUN_10b2b3f0  0x54                     mov    DWORD PTR [esi+0x50],eax
10b2bbc7   READ   DWORD  FUN_10b2bbb1  0x20,0x4c                mov    ecx,DWORD PTR [esi+0x50]
10b2c353   READ   DWORD  FUN_10b2c300  0x20                     mov    ecx,DWORD PTR [ebx+0x50]
10b2c5ab   READ   DWORD  FUN_10b2c4d1  0x20,0x4c                mov    ecx,DWORD PTR [edi+0x50]
10b2d119   READ   DWORD  FUN_10b2ceb7  0x20,0x4c,0x54           mov    ecx,DWORD PTR [edi+0x50]
10b2d66e   READ   DWORD  FUN_10b2d630  0x4c                     mov    ecx,DWORD PTR [eax+0x50]
10b2de86   READ   DWORD  FUN_10b2de22  0x20                     mov    edx,DWORD PTR [edi+0x50]
10b2e1c5   READ   DWORD  FUN_10b2dfe2  0x4c                     mov    ecx,DWORD PTR [esi+0x50]
10b2e1e9   READ   DWORD  FUN_10b2dfe2  0x4c                     mov    ecx,DWORD PTR [esi+0x50]
10b2e676   READ   DWORD  FUN_10b2e4ae  0x20,0x4c                mov    ecx,DWORD PTR [ebx+0x50]
10b2e750   READ   DWORD  FUN_10b2e4ae  0x20,0x4c                mov    ecx,DWORD PTR [ebx+0x50]
10b2e940   READ   DWORD  FUN_10b2e7f8  0x20,0x4c,0x54           mov    ecx,DWORD PTR [esi+0x50]
10b2fbb1   READ   DWORD  FUN_10b2fb59  0x4c                     mov    ecx,DWORD PTR [esi+0x50]
10b2fc3a   READ   DWORD  FUN_10b2fb59  0x4c                     mov    ecx,DWORD PTR [esi+0x50]
10b30394   READ   DWORD  FUN_10b3032a  0x20,0x4c                mov    ecx,DWORD PTR [esi+0x50]
10b304a7   READ   DWORD  FUN_10b3032a  0x20,0x4c                mov    ecx,DWORD PTR [esi+0x50]
10b3055f   READ   DWORD  FUN_10b30517  0x20,0x4c                mov    ecx,DWORD PTR [esi+0x50]
10b30de3   READ   DWORD  FUN_10b30dbd  0x20,0x4c                mov    ecx,DWORD PTR [ebx+0x50]
10b3101b   READ   DWORD  FUN_10b30ff6  0x20,0x4c                mov    ecx,DWORD PTR [ebx+0x50]
10b3102d   READ   DWORD  FUN_10b30ff6  0x20,0x4c                mov    ecx,DWORD PTR [ebx+0x50]
10b3138a   READ   DWORD  FUN_10b30ff6  0x4c                     mov    ecx,DWORD PTR [esi+0x50]
10b317af   READ   DWORD  FUN_10b31755  0x20,0x54                mov    ecx,DWORD PTR [esi+0x50]
10b3f205   READ   DWORD  FUN_10b3f1e8  0x54                     mov    ecx,DWORD PTR [esi+0x50]
10b3f215   READ   DWORD  FUN_10b3f1e8  0x54                     mov    ecx,DWORD PTR [esi+0x50]
10b3f22e   READ   DWORD  FUN_10b3f1e8  0x54                     push   DWORD PTR [esi+0x50]
10b3f257   READ   DWORD  FUN_10b3f23a  0x54                     mov    ecx,DWORD PTR [esi+0x50]
10b3f270   READ   DWORD  FUN_10b3f23a  0x54                     push   DWORD PTR [esi+0x50]
10b3f557   WRITE  DWORD  FUN_10b3f454  0x4c,0x54,0x58           mov    DWORD PTR [esi+0x50],ecx
10b3f568   WRITE  DWORD  FUN_10b3f454  0x4c,0x54,0x58           mov    DWORD PTR [esi+0x50],eax
10b3f5b3   WRITE  DWORD  FUN_10b3f454  0x4c,0x54,0x58           mov    DWORD PTR [esi+0x50],ebp
10b42ad4   READ   DWORD  FUN_10b42aab  -                        mov    eax,DWORD PTR [eax+0x50]
10b447d1   READ   DWORD  FUN_10b447c4  0x20                     mov    edx,DWORD PTR [esi+0x50]
10b4482e   READ   DWORD  FUN_10b44823  -                        mov    eax,DWORD PTR [esi+0x50]
10b44840   READ   DWORD  FUN_10b44823  -                        mov    edx,DWORD PTR [esi+0x50]
10b46a12   READ   DWORD  FUN_10b469ae  -                        mov    edx,DWORD PTR [esi+0x50]
10b4fd75   READ   DWORD  FUN_10b4fab1  -                        mov    ecx,DWORD PTR [eax+0x50]
10b4fdc3   READ   DWORD  FUN_10b4fab1  -                        mov    ecx,DWORD PTR [eax+0x50]
10b53c5a   READ   DWORD  FUN_10b53c31  0x20,0x4c,0x54           mov    ecx,DWORD PTR [esi+0x50]
10b53c6a   READ   DWORD  FUN_10b53c31  0x20,0x4c,0x54           mov    ecx,DWORD PTR [esi+0x50]
10b53c82   READ   DWORD  FUN_10b53c31  0x20,0x4c,0x54           mov    edx,DWORD PTR [esi+0x50]
10b55609   WRITE  DWORD  FUN_10b55429  0x20,0x4c,0x54           mov    DWORD PTR [esi+0x50],eax
10b5570d   READ   DWORD  FUN_10b55429  0x20,0x4c                mov    ecx,DWORD PTR [ebx+0x50]
10b56732   READ   WORD   FUN_10b566e9  0x37                     movzx  eax,WORD PTR [ecx+0x50]
10b5fc86   READ   WORD   FUN_10b5fb5f  0x4c                     movzx  eax,WORD PTR [esi+0x50]
10b60a6f   READ   WORD   FUN_10b60930  0x37,0x4c                movzx  eax,WORD PTR [edi+0x50]
10b625b2   READ   WORD   FUN_10b6242a  0x4c                     movzx  eax,WORD PTR [esi+0x50]
10b625bd   READ   WORD   FUN_10b6242a  0x4c                     movzx  eax,WORD PTR [esi+0x50]
10b626f7   READ   WORD   FUN_10b62675  0x20,0x37                movzx  eax,WORD PTR [eax+0x50]
10b72ee6   READ   WORD   FUN_10b72eca  0x4c                     movzx  eax,WORD PTR [ecx+0x50]
10b72f0f   READ   WORD   FUN_10b72f0f  -                        movzx  eax,WORD PTR [ecx+0x50]
10b75944   READ   DWORD  FUN_10b7591b  -                        mov    ecx,DWORD PTR [esi+0x50]
10b75947   WRITE  DWORD  FUN_10b7591b  -                        mov    DWORD PTR [esi+0x50],eax
10b76bec   READ   DWORD  FUN_10b76bcd  -                        mov    edi,DWORD PTR [eax+0x50]
10b76df0   READ   DWORD  FUN_10b76dea  -                        mov    esi,DWORD PTR [eax+0x50]
10b76e3a   READ   DWORD  FUN_10b76e32  -                        mov    edi,DWORD PTR [eax+0x50]
10b76ec7   READ   DWORD  FUN_10b76ec1  -                        mov    ebx,DWORD PTR [eax+0x50]
10b8fbda   READ   WORD   FUN_10b8fb47  0x37                     movzx  esi,WORD PTR [edi+0x50]
10b9bf6c   WRITE  WORD   FUN_10b9b8e9  0x20,0x37,0x4c,0x52,0x54,0x58 mov    WORD PTR [esi+0x50],ax
10ba164f   READ   DWORD  FUN_10ba1430  0x20                     cmp    DWORD PTR [ecx+0x50],esi
10ba28ce   READ   DWORD  FUN_10ba28bb  -                        mov    esi,DWORD PTR [eax+0x50]
10ba788b   READ   DWORD  FUN_10ba769f  0x4c                     mov    ebx,DWORD PTR [esi+0x50]
10ba83da   READ   DWORD  FUN_10ba83b2  0x4c                     mov    ebx,DWORD PTR [esi+0x50]
10ba955b   WRITE  BYTE   FUN_10ba9538  0x20                     or     BYTE PTR [esi+0x50],0x4
10baa74f   WRITE  BYTE   FUN_10baa4aa  0x20                     or     BYTE PTR [esi+0x50],0x2
10baa8c1   WRITE  BYTE   FUN_10baa4aa  0x20                     or     BYTE PTR [esi+0x50],0x1
10baf504   WRITE  DWORD  FUN_10baf4eb  -                        mov    DWORD PTR [eax+0x50],edi
10bb08ef   READ   DWORD  FUN_10bb08e0  0x54                     cmp    DWORD PTR [eax+0x50],0x0
10bb0916   READ   DWORD  FUN_10bb08e0  0x54                     mov    eax,DWORD PTR [eax+0x50]
10bb1155   READ   DWORD  FUN_10bb1103  0x58                     mov    ebp,DWORD PTR [eax+0x50]
10bb15d9   WRITE  BYTE   FUN_10bb15c7  0x20                     or     BYTE PTR [esi+0x50],0x2
10bb1e78   READ   BYTE   FUN_10bb1e1b  -                        test   BYTE PTR [ebx+0x50],0x2
10bb2041   WRITE  BYTE   FUN_10bb1f54  -                        and    BYTE PTR [edi+0x50],0xfe
10bb216f   READ   BYTE   FUN_10bb1f54  0x37                     test   BYTE PTR [eax+0x50],0x2
10bb23d3   READ   BYTE   FUN_10bb1f54  -                        mov    cl,BYTE PTR [ebx+0x50]
10bb24c4   READ   BYTE   FUN_10bb1f54  -                        test   BYTE PTR [ebx+0x50],0x2
10bb24db   READ   BYTE   FUN_10bb1f54  -                        movzx  esi,BYTE PTR [ebx+0x50]
10be4601   READ   DWORD  FUN_10be45f6  -                        cmp    DWORD PTR [eax+0x50],ecx
10be460a   WRITE  DWORD  FUN_10be45f6  -                        and    DWORD PTR [eax+0x50],0x0
10be4623   READ   DWORD  FUN_10be460f  0x4c                     mov    ebx,DWORD PTR [esi+0x50]
10be51c9   WRITE  DWORD  FUN_10be4f28  0x4c                     mov    DWORD PTR [esi+0x50],eax
10bf3c4d   WRITE  DWORD  FUN_10bf39d7  0x4c,0x54,0x58           mov    DWORD PTR [ebp+0x50],ecx
10bff032   READ   DWORD  FUN_10bfefbb  0x54                     push   DWORD PTR [esi+0x50]
10bff10b   READ   DWORD  FUN_10bfefbb  -                        mov    ecx,DWORD PTR [edi+0x50]
10bffa7e   WRITE  DWORD  FUN_10bff95c  -                        or     DWORD PTR [ebp+0x50],0x40000
10c082d0   READ   DWORD  FUN_10c07c6c  0x54,0x58                mov    eax,DWORD PTR [edi+0x50]
10c0b977   READ   DWORD  FUN_10c0b8ca  0x54,0x58                mov    eax,DWORD PTR [esi+0x50]
10c115e6   WRITE  DWORD  FUN_10c113f3  0x4c,0x54,0x58           mov    DWORD PTR [esi+0x50],eax
10c11765   WRITE  DWORD  FUN_10c113f3  0x4c,0x54,0x58           add    DWORD PTR [esi+0x50],eax
10c1c405   WRITE  DWORD  FUN_10c1c3f7  0x20,0x4c,0x54,0x58      mov    DWORD PTR [ebp+0x50],edx
10c1c6e9   READ   DWORD  FUN_10c1c3f7  0x20,0x4c,0x54,0x58      cmp    DWORD PTR [ebp+0x50],0x0
10c1cb92   READ   DWORD  FUN_10c1c3f7  0x20,0x4c,0x54,0x58      cmp    DWORD PTR [ebp+0x50],0x0
10c1cc10   READ   DWORD  FUN_10c1c3f7  0x20,0x4c,0x54,0x58      cmp    DWORD PTR [ebp+0x50],0x0
10c1ce00   READ   DWORD  FUN_10c1c3f7  0x20,0x4c,0x54,0x58      cmp    DWORD PTR [ebp+0x50],eax
10c1ce41   READ   DWORD  FUN_10c1c3f7  0x20,0x4c,0x54,0x58      cmp    DWORD PTR [ebp+0x50],0x0
10c20be1   WRITE  DWORD  FUN_10c20b3f  0x20                     mov    DWORD PTR [edi+0x50],eax
10c21020   READ   DWORD  FUN_10c20f79  0x4c                     mov    ecx,DWORD PTR [esi+0x50]
10c2102e   READ   DWORD  FUN_10c20f79  0x4c                     mov    ecx,DWORD PTR [esi+0x50]
10c21036   READ   DWORD  FUN_10c20f79  0x4c                     mov    ecx,DWORD PTR [esi+0x50]
10c2105c   READ   DWORD  FUN_10c20f79  0x4c                     mov    ecx,DWORD PTR [esi+0x50]
10c21064   WRITE  DWORD  FUN_10c20f79  0x4c                     mov    DWORD PTR [esi+0x50],edi
10c212df   READ   DWORD  FUN_10c21257  0x54                     push   DWORD PTR [edi+0x50]
10c21cd9   READ   DWORD  FUN_10c21b03  -                        mov    ecx,DWORD PTR [esi+0x50]

# in-function WRITEs: 23
