  cell         spell  | prod  const | ORDER  ALLOC  | emitted
  ------------------------------------------------------------------------------------------------
  F0-direct    shift  | r10   r11   | const  const  | li slwi stw stw stw blr
  F0-direct    add    | r11   r10   | const  prod   | li add stw stw stw blr
  F1-bind      shift  | r10   r11   | const  const  | li slwi stw stw stw blr
  F1-bind      add    | r11   r10   | const  prod   | li add stw stw stw blr
  F2-formal    shift  | r10   r11   | const  const  | li slwi stw stw stw blr
  F2-formal    add    | r11   r10   | const  prod   | li add stw stw stw blr

  GRADED 6 | out-of-regime 0 | of 6

  CLASSIFICATION — poles F0-direct (none) and F1-bind (ref):
    shift  F0 const,const   F1 const,const   F2 const,const   -> none-like  (* poles coincide — discriminates nothing)
    add    F0 const,prod    F1 const,prod    F2 const,prod    -> none-like  (* poles coincide — discriminates nothing)

  R12 — does the reference FORMAL's `.ex` carry a `0x26` bind?
    F0-direct    .ex 2871 bytes | `26` bytes present: 1
    F1-bind      .ex 2880 bytes | `26` bytes present: 2
    F2-formal    .ex 2851 bytes | `26` bytes present: 1

    A raw byte COUNT is not a decode — `0x26` can occur inside any operand.
    The readable comparison is the delta the bind is known to cost (ilcmp: +9 B
    and a leading `26 nn 0a`):
      F0-direct  2871 B | head 
      F0-direct   2871 bytes
      F1-bind     2880 bytes
      F2-formal   2851 bytes
      F1 - F0 = +9   F2 - F0 = -20
