  P1-self-none-r2k1                  unbound  NOT source order: src [0, 64, 68] -> emitted [64, 68, 0]
  P1-self-none-r3k1                  unbound  NOT source order: src [0, 64, 68, 72] -> emitted [64, 68, 0, 72]
  P1-self-none-r4k1                  unbound  NOT source order: src [0, 64, 68, 72, 76] -> emitted [64, 68, 0, 72, 76]
  P1-self-none-r5k1                  unbound  NOT source order: src [0, 64, 68, 72, 76, 80] -> emitted [64, 68, 0, 72, 76, 80]
  P1-addi-none-r2k1                  unbound  NOT source order: src [0, 64, 68] -> emitted [64, 68, 0]
  P1-addi-none-r3k1                  unbound  NOT source order: src [0, 64, 68, 72] -> emitted [64, 68, 0, 72]
  P1-addi-none-r4k1                  unbound  NOT source order: src [0, 64, 68, 72, 76] -> emitted [64, 68, 0, 72, 76]
  P1-addi-none-r5k1                  unbound  NOT source order: src [0, 64, 68, 72, 76, 80] -> emitted [64, 68, 0, 72, 76, 80]
  P1-add-none-r2k1                   unbound  NOT source order: src [0, 64, 68] -> emitted [64, 68, 0]
  P1-add-none-r3k1                   unbound  NOT source order: src [0, 64, 68, 72] -> emitted [64, 68, 0, 72]
  P1-add-none-r4k1                   unbound  NOT source order: src [0, 64, 68, 72, 76] -> emitted [64, 68, 0, 72, 76]
  P1-add-none-r5k1                   unbound  NOT source order: src [0, 64, 68, 72, 76, 80] -> emitted [64, 68, 0, 72, 76, 80]
  P1-shift-none-r2k1                 unbound  NOT source order: src [0, 64, 68] -> emitted [64, 68, 0]
  P1-shift-none-r3k1                 unbound  NOT source order: src [0, 64, 68, 72] -> emitted [64, 68, 0, 72]
  P1-shift-none-r4k1                 unbound  NOT source order: src [0, 64, 68, 72, 76] -> emitted [64, 68, 0, 72, 76]
  P1-shift-none-r5k1                 unbound  NOT source order: src [0, 64, 68, 72, 76, 80] -> emitted [64, 68, 0, 72, 76, 80]
  P2-shift-ref-unused-r2k1           unbound  NOT source order: src [0, 64, 68] -> emitted [64, 68, 0]
  P2-shift-ptr-unused-r2k1           unbound  NOT source order: src [0, 64, 68] -> emitted [64, 68, 0]
  P2-shift-ref-other-r2k1            unbound  NOT source order: src [0, 64, 68] -> emitted [64, 68, 0]
  P2-shift-local-int-r2k1            unbound  NOT source order: src [0, 64, 68] -> emitted [64, 68, 0]
  P2-shift-outer-ref-r2k1            unbound  NOT source order: src [0, 64, 68] -> emitted [64, 68, 0]
  P2-shift-val-temp-r2k1             unbound  NOT source order: src [0, 64, 68] -> emitted [64, 68, 0]
  P2-self-ref-unused-r2k1            unbound  NOT source order: src [0, 64, 68] -> emitted [64, 68, 0]
  P2-self-ptr-unused-r2k1            unbound  NOT source order: src [0, 64, 68] -> emitted [64, 68, 0]
  P2-self-ref-other-r2k1             unbound  NOT source order: src [0, 64, 68] -> emitted [64, 68, 0]
  P2-self-local-int-r2k1             unbound  NOT source order: src [0, 64, 68] -> emitted [64, 68, 0]
  P2-self-outer-ref-r2k1             unbound  NOT source order: src [0, 64, 68] -> emitted [64, 68, 0]
  P2-self-val-temp-r2k1              unbound  NOT source order: src [0, 64, 68] -> emitted [64, 68, 0]
  P3-shift-none-r2k3                 unbound  NOT source order: src [0, 4, 8, 64, 68] -> emitted [0, 64, 68, 4, 8]
  P3-shift-none-r3k2                 unbound  NOT source order: src [0, 4, 64, 68, 72] -> emitted [64, 68, 0, 4, 72]
  P3-add-none-r2k3                   unbound  NOT source order: src [0, 4, 8, 64, 68] -> emitted [0, 64, 4, 8, 68]
  P3-add-none-r3k2                   unbound  NOT source order: src [0, 4, 64, 68, 72] -> emitted [64, 0, 4, 68, 72]

  emitted store order == SOURCE order:
    bound    36 of 36 cells
    unbound  20 of 52 cells
