lane gate: preflight on /tmp
  keep    /tmp/c2rs-gate-4113789       this run
  keep    /tmp/c2rs-gate-3897478       recent — 1 of 3 finished runs kept for their logs
  keep    /tmp/c2rs-gate-3271713       recent — 2 of 3 finished runs kept for their logs
          stripped 19556 regenerable cases; logs, reports and parts/ kept
  keep    /tmp/c2rs-gate-2169309       recent — 3 of 3 finished runs kept for their logs
  reaped  /tmp/c2rs-gate-1687433       stale — no live gate owns it
reap:   1 stale run tree(s) removed, 4 kept (0 live, 3 recent, 1 this run)
strip:  1 kept tree(s) lost 19556 regenerable cases; 1 newest kept theirs (C2RS_GATE_KEEP_CASES=1)
        freed 177.0 MiB and 19,827 inodes (df delta over a SHARED filesystem)
disk:   /tmp — free 18.6 GiB / 581,217 inodes (floors: 2.0 GiB / 150,000 inodes)

lane gate: 18 lanes from <REPO>/scripts/lanes.txt
  run dir: /tmp/c2rs-gate-4113789   (per-lane run dirs under /tmp/c2rs-gate-4113789/lanes/)
  graded tree: 851c61dce7ff  (810 files under crates fixtures scripts, content-hashed)

hatch-red:       work/w-hatch/hatch_red.py  (no toolchain; fires hatch.py's refusals)
  REFUSED  HATCH-STALE `hatch.py apply` cannot hatch this tree, so the arms have no tree to run on (board #1389)
ladder-red:      work/w-ladders/ladder_red.py  (no toolchain; fires ladder.py's width-table refusal)
  PASS  
building the harness (no-op if current)
   Compiling c2-il v0.1.0 (<REPO>/crates/c2-il)
   Compiling c2-core v0.1.0 (<REPO>/crates/c2-core)
   Compiling c2-reference v0.1.0 (<REPO>/crates/c2-reference)
   Compiling c2-harness v0.1.0 (<REPO>/crates/c2-harness)
    Finished `release` profile [optimized] target(s) in 6.61s
harness: /tmp/c2rs-gate-4113789/c2rs
  pinned from <REPO>/target/release/c2rs  built 2026-08-10 08:29:22
  sha e2b46ef16e5b  tree de0fd901

wall clock: 2s for 18 lanes at --jobs 16 (C2RS_JOBS=8)

generated sweep: scripts/expr_sweep.sh /tmp/c2rs-gate-4113789/sweep 0  (jobs 16)
    62 fragments, 19556 cases total (19556 .cpp on disk)
  sweeping 19556 of 19556 generated cases
    grading at 16 job(s)
  checked=19556 mismatches=0 graded=19460 ungraded=96 unknown=0
  (79s)

mode cross:      scripts/mode_cross.sh /tmp/c2rs-gate-4113789/cross 0  (jobs 16)
  assigned 19556 cases over 18 lanes = 90812 cells (full cross would be 352008)
  sweeping 90812 of 90812 case-lane cells (cross of 0 cases x <REPO>/scripts/lanes.txt; the full 12x product is 352008)
  checked=90812 mismatches=0 graded=90424 ungraded=388 unknown=0
  (28s)

disk:   /tmp low-water this run — 18.4 GiB and 561,333 inodes free (start: 18.6 GiB / 581,217)

LANE                 VERDICT     graded/total  match  mismatch  flags
-------------------- ---------- ------------- ------ --------- --------------------
O1                   PASS          375/375       175         0  /O1
O1-EHsc              PASS          375/375       176         0  /O1 /EHsc
O1-Oi                PASS          375/375       177         0  /O1 /Oi
O1-Oi-EHsc           PASS          375/375       178         0  /O1 /Oi /EHsc
Ox                   PASS          375/375       150         0  /Ox
Ox-EHsc              PASS          375/375       150         0  /Ox /EHsc
Ox-Gy                PASS          375/375       148         0  /Ox /Gy
Ox-Gy-EHsc           PASS          375/375       148         0  /Ox /Gy /EHsc
O2                   PASS          375/375       154         0  /O2
O2-EHsc              PASS          375/375       154         0  /O2 /EHsc
Od                   PASS          375/375        18         0  /Od
Od-EHsc              PASS          375/375        18         0  /Od /EHsc
O1-Oi-GR             PASS          375/375       177         0  /O1 /Oi /GR
O1-Oi-EHsc-GR        PASS          375/375       178         0  /O1 /Oi /EHsc /GR
Ox-GR                PASS          375/375       150         0  /Ox /GR
Ox-EHsc-GR           PASS          375/375       150         0  /Ox /EHsc /GR
Od-GR                PASS          375/375        18         0  /Od /GR
Od-EHsc-GR           PASS          375/375        18         0  /Od /EHsc /GR
expr-sweep           PASS        19556/19556   19460         0  generated cases (of 19556)
mode-cross           PASS        90812/90812   90424         0  case-lane cells (of 90812)
hatch-red            REFUSED         0/14          0       n/a  arms (0 green controls)   <- HATCH-STALE `hatch.py apply` cannot hatch this tree, so the arms have no tree to run on (board #1389)
ladder-red           PASS            5/5           3       n/a  arms (2 green controls)

lanes:  18 in the registry — 18 PASS, 0 FAIL, 0 SKIP, 0 NO-RESULT
graded: 6750 fixture-verdicts across all lanes
sweep:  PASS — 19556 of 19556 selected cases reached, 19460 GRADED by the
        oracle (96 ungraded: no reference obj), 0 mismatch (corpus 19556)
cross:  PASS — 90424 of 90812 selected cells graded, 0 mismatch (product 90812)
logs:   /tmp/c2rs-gate-4113789/<lane>.log, /tmp/c2rs-gate-4113789/sweep.log, /tmp/c2rs-gate-4113789/cross.log

GATE: PASS (HATCH-RED REFUSED) — 18/18 lanes ran and every one of them graded a corpus,
  the sweep graded 19460 of 19556 generated cases and the cross graded
  90424 of 90812 case-lane cells, with 0 mismatches anywhere
  (96 sweep cases carried ungraded — the reference rejects the source).

  HATCH-RED REFUSED — HATCH-STALE `hatch.py apply` cannot hatch this tree, so the arms have no tree to run on (board #1389)
  The arms write into crates/ and restore it, so they will not run over a tree
  that is not HEAD, and they cannot run at all on a tree the hatch will not
  apply to. Neither is a statement about `hatch.py`'s eight refusals, so this
  run does NOT establish what a full run establishes (board #1406). This is why
  the headline above is qualified: commit or stash crates/ and re-run.

graded tree: 851c61dce7ff  (810 files: crates fixtures scripts, content-hashed)
  This is the identity of what was graded. It is a hash of file CONTENT, not
  a commit — HEAD is what lied in #2907, and a commit id is silent about
  uncommitted work, a half-restored tree and a concurrent writer alike.
