====================================================================================================
CUT 1 — refusal rate vs the decomp's own per-unit completeness
====================================================================================================
  unit FINISHED (every fn norm==100)         TUs  310  bodies   33006  refused   18448  rate  55.89%   unfin   207 (0.63%)  fin  10507  ungradeable   22279 ( 67.5%)
  unit NOT finished (>=1 fn norm<100)        TUs  529  bodies  156092  refused   94831  rate  60.75%   unfin  3135 (2.01%)  fin  40600  ungradeable  112332 ( 72.0%)
  no objdiff unit at all                     TUs    5  bodies     226  refused     165  rate  73.01%   unfin     4 (1.77%)  fin     50  ungradeable     172 ( 76.1%)

  refusal-rate ratio  NOT-finished / FINISHED = 1.087
  A ratio near 1.00 means the decomp's completeness carries NO signal about
  whether the port refuses; a ratio >> 1 would be the hypothesis confirmed.

====================================================================================================
CUT 1b — the same, banded by how unfinished the unit is
====================================================================================================
  unit unfinished fraction == 0              TUs  309  bodies   33004  refused   18448  rate  55.90%   unfin   207 (0.63%)  fin  10507  ungradeable   22277 ( 67.5%)
  unit unfinished fraction [0.00,0.05)       TUs  111  bodies   40993  refused   24053  rate  58.68%   unfin   402 (0.98%)  fin  11650  ungradeable   28938 ( 70.6%)
  unit unfinished fraction [0.05,0.15)       TUs  268  bodies   85709  refused   52033  rate  60.71%   unfin  1626 (1.90%)  fin  22144  ungradeable   61930 ( 72.3%)
  unit unfinished fraction [0.15,0.40)       TUs  124  bodies   28251  refused   18005  rate  63.73%   unfin   960 (3.40%)  fin   6574  ungradeable   20713 ( 73.3%)
  unit unfinished fraction [0.40,1.01)       TUs   26  bodies    1139  refused     740  rate  64.97%   unfin   147 (12.91%)  fin    232  ungradeable     751 ( 65.9%)

====================================================================================================
CUT 2 — the same population split by emitted-body verdict
====================================================================================================
  emitted bodies 189371   refused 113447   (59.91% refusal rate overall)
  GRADEABLE by the decomp's ruler: 54580 (28.8%)
     on UNMATCHED source: 3349  = 6.14% of the gradeable population
     on MATCHED source:   51173
  NOT GRADEABLE (name in no objdiff unit — the body is not in the shipped
     image, so objdiff can never have a verdict on it): 134791 (71.2%)

  Ceilings on 'refusals explained by unmatched source':
     measured, from the gradeable part alone : 3349 / 113447 = 2.95%
     extrapolated at the gradeable rate to the
     whole emitted population                : 11620 / 113447 = 10.24%

====================================================================================================
CROSS-CHECK — the same three rates on the port's OWN denominator
====================================================================================================
  unit FINISHED                      R  18448  |S|   33006 -> 55.89%   E   28236 -> 65.34%
  unit NOT finished                  R  94831  |S|  156092 -> 60.75%   E  133558 -> 71.00%
  the 200-TU clean set               R   7964  |S|   14767 -> 53.93%   E   12510 -> 63.66%
  whole workload (all classes)       R 113447  |S|  189371 -> 59.91%   E  162046 -> 70.01%
  ratio not-finished / finished:  on |S| 1.087   on fnbyte-denominator 1.087   — invariant to the choice
