lane gate: preflight on /tmp
  keep    <gatetmp>       this run
  keep    <gatetmp>       recent — 1 of 3 finished runs kept for their logs
  keep    <gatetmp>       recent — 2 of 3 finished runs kept for their logs
  keep    <gatetmp>       recent — 3 of 3 finished runs kept for their logs
  reaped  <gatetmp>        stale — no live gate owns it
reap:   1 stale run tree(s) removed, 4 kept (0 live, 3 recent, 1 this run)
strip:  0 kept tree(s) lost 0 regenerable cases; 1 newest kept theirs (C2RS_GATE_KEEP_CASES=1)
        freed 171.8 MiB and 442 inodes (df delta over a SHARED filesystem)
disk:   /tmp — free 10.9 GiB / 969,508 inodes (floors: 2.0 GiB / 150,000 inodes)

lane gate: 18 lanes from <worktrees>/w-globarms/scripts/lanes.txt
  run dir: <gatetmp>   (per-lane run dirs under <gatetmp>/lanes/)
  row history: <worktrees>/w-globarms/work/gate_row_history.tsv   (board #3339)
  graded tree: bcb7e1dfff2a  (806 files under crates fixtures scripts, content-hashed)
               0 gitignored byproduct file(s) under those directories were NOT hashed (board #3048)

hatch-red:       work/w-hatch/hatch_red.py  (no toolchain; fires hatch.py's refusals)
  PASS  
ladder-red:      work/w-ladders/ladder_red.py  (no toolchain; fires ladder.py's width-table refusal)
  PASS  
building the harness (no-op if current)
   Compiling c2-il v0.1.0 (<worktrees>/w-globarms/crates/c2-il)
   Compiling c2-core v0.1.0 (<worktrees>/w-globarms/crates/c2-core)
   Compiling c2-reference v0.1.0 (<worktrees>/w-globarms/crates/c2-reference)
   Compiling c2-harness v0.1.0 (<worktrees>/w-globarms/crates/c2-harness)
    Finished `release` profile [optimized] target(s) in 8.50s
harness: <gatetmp>/c2rs
  pinned from <worktrees>/w-globarms/target/release/c2rs  built 2026-08-29 02:22:48
  sha aa1536de4a3c  tree 8e972fc19

wall clock: 21s for 18 lanes at --jobs 16 (C2RS_JOBS=8)

generated sweep: scripts/expr_sweep.sh <gatetmp>/sweep 0  (jobs 16)
  sweeping 19556 of 19556 generated cases
    grading at 16 job(s)
  checked=19556 mismatches=0 graded=19460 ungraded=96 unknown=0
  cache: hit=19460 miss=96 validated=190 cache-bad=0 (of 19556 cases)
  corpus: SHARED <repo>/work/corpus/gen-169fae960ed84b63
  (34s)

mode cross:      scripts/mode_cross.sh <gatetmp>/cross 0  (jobs 16)
  assigned 19556 cases over 18 lanes = 90812 cells (full cross would be 352008)
  sweeping 90812 of 90812 case-lane cells (cross of 19556 cases x <worktrees>/w-globarms/scripts/lanes.txt; the full 12x product is 352008)
  checked=90812 mismatches=0 graded=90424 ungraded=388 unknown=0
  cache: hit=90424 miss=388 validated=894 cache-bad=0 (of 90812 cells)
  corpus: SHARED <repo>/work/corpus/gen-169fae960ed84b63
  (40s)

debug lane:      scripts/debug_lane.sh  (DEBUG profile — the only row that can
                 execute a debug_assert or trap an arithmetic overflow)
  debug lane: 18 lanes x 391 fixtures at 16 lane(s) at once, binary=<gatetmp>/debuglane/c2rs
  DEBUG-LANE-TOTAL lanes=18 ran=18 failed=0
  (29s)

disk:   /tmp low-water this run — 10.8 GiB and 969,068 inodes free (start: 10.9 GiB / 969,508)

LANE                 VERDICT     graded/total  match  mismatch  flags
-------------------- ---------- ------------- ------ --------- --------------------
O1                   PASS          391/391       186         0  /O1
O1-EHsc              PASS          391/391       187         0  /O1 /EHsc
O1-Oi                PASS          391/391       188         0  /O1 /Oi
O1-Oi-EHsc           PASS          391/391       189         0  /O1 /Oi /EHsc
Ox                   PASS          391/391       157         0  /Ox
Ox-EHsc              PASS          391/391       157         0  /Ox /EHsc
Ox-Gy                PASS          391/391       157         0  /Ox /Gy
Ox-Gy-EHsc           PASS          391/391       157         0  /Ox /Gy /EHsc
O2                   PASS          391/391       163         0  /O2
O2-EHsc              PASS          391/391       163         0  /O2 /EHsc
Od                   PASS          391/391        21         0  /Od
Od-EHsc              PASS          391/391        21         0  /Od /EHsc
O1-Oi-GR             PASS          391/391       188         0  /O1 /Oi /GR
O1-Oi-EHsc-GR        PASS          391/391       189         0  /O1 /Oi /EHsc /GR
Ox-GR                PASS          391/391       157         0  /Ox /GR
Ox-EHsc-GR           PASS          391/391       157         0  /Ox /EHsc /GR
Od-GR                PASS          391/391        21         0  /Od /GR
Od-EHsc-GR           PASS          391/391        21         0  /Od /EHsc /GR
expr-sweep           PASS        19556/19556   19460         0  generated cases (of 19556)
mode-cross           PASS        90812/90812   90424         0  case-lane cells (of 90812)
hatch-red            PASS           14/14         11       n/a  arms (3 green controls)
ladder-red           PASS            5/5           3       n/a  arms (2 green controls)
debug-lane           PASS           18/18       2479         0  DEBUG-profile lanes (7038 graded, 0 panic)

ROW LIVENESS: every row executed this run (board #3339).

lanes:  18 in the registry — 18 PASS, 0 FAIL, 0 SKIP, 0 NO-RESULT
graded: 7038 fixture-verdicts across all lanes
sweep:  PASS — 19556 of 19556 selected cases reached, 19460 GRADED by the
        oracle (96 ungraded: no reference obj), 0 mismatch (corpus 19556)
cross:  PASS — 90424 of 90812 selected cells graded, 0 mismatch (product 90812)
debug:  PASS — 18 of 18 lanes through a DEBUG-profile c2rs,
        7038 fixture-verdicts, match 2479, 0 mismatch, 0 PANIC
logs:   <gatetmp>/<lane>.log, <gatetmp>/sweep.log, <gatetmp>/cross.log, <gatetmp>/debuglane.log

GATE: PASS — 18/18 lanes ran and every one of them graded a corpus,
  the sweep graded 19460 of 19556 generated cases and the cross graded
  90424 of 90812 case-lane cells, with 0 mismatches anywhere
  (96 sweep cases carried ungraded — the reference rejects the source),
  and 18/18 lanes ran again through a DEBUG-profile c2rs for
  7038 more fixture-verdicts at 0 panics — the one row here that can
  express a false debug_assert or an arithmetic overflow at all.

graded tree: bcb7e1dfff2a  (806 files: crates fixtures scripts, content-hashed)
  1 gitignored byproduct file(s) under those directories were NOT hashed
  (board #3048; it was 0 at the start of this run). The subtraction is
  printed at BOTH ends on purpose: a denominator nobody prints on both sides of a
  change is a denominator that grows unwatched (#1002). A rise here is not a failure —
  it is the gate saying which of its own byproducts it declined to grade itself on.
  This is the identity of what was graded. It is a hash of file CONTENT, not
  a commit — HEAD is what lied in #2907, and a commit id is silent about
  uncommitted work, a half-restored tree and a concurrent writer alike.
GATE_DONE rc=0
