== il_call_perm.cpp digest=0003fc1d492f30d0
SCHEMA 1
SLIDE 0
ARMED sched1
ARMED globregs
ARMED sched2
ARMED color
ARMED sched3
ARMED sched0
ARMED region
HITS color 7
HITS globregs 7
HITS region 56
HITS sched0 7
HITS sched1 7
HITS sched2 7
HITS sched3 7
TU 0 00000272 0d 01 04
TU 1 00000272 0d 01 04
TU 2 0000002b 0f 01 04
TU 3 00000272 0d 01 04
TU 4 000002f8 15 01 04
TU 5 0000030f 17 00 00
TU 6 00000309 1a 00 00
TU 7 0000030b 19 00 00
TU 8 00000309 1a 00 00
TU 0 0000030f 17 00 00
TU 1 00000309 1a 00 00
TU 2 0000030b 19 00 00
TU 3 00000309 1a 00 00
TU 0 0000002b 0f 01 04
TU 1 00000272 0d 01 04
TU 2 000002f8 15 01 04
TU 3 0000030f 17 00 00
TU 4 00000309 1a 00 00
TU 5 0000030b 19 00 00
TU 6 00000309 1a 00 00
TU 0 0000030f 17 00 00
TU 1 00000309 1a 00 00
TU 2 0000030b 19 00 00
TU 3 00000309 1a 00 00
TU 0 0000002b 0f 01 04
TU 1 00000272 0d 01 04
TU 2 000002f8 15 01 04
TU 3 0000030f 17 00 00
TU 4 00000309 1a 00 00
TU 5 0000030b 19 00 00
TU 6 00000309 1a 00 00
TU 0 0000030f 17 00 00
TU 1 00000309 1a 00 00
TU 2 0000030b 19 00 00
TU 3 00000309 1a 00 00
TU 0 0000001f 12 01 00
TU 1 0000030f 17 00 00
TU 2 0000030b 19 00 00
TU 3 00000309 1a 00 00
TU 0 0000030f 17 00 00
TU 1 0000030b 19 00 00
TU 2 00000309 1a 00 00
TU 0 00000272 0d 01 04
TU 1 00000272 0d 01 04
TU 2 00000272 0d 01 04
TU 3 0000002b 0f 01 04
TU 4 00000272 0d 01 04
TU 5 000002f8 15 01 04
TU 6 0000030f 17 00 00
TU 7 00000309 1a 00 00
TU 8 0000030b 19 00 00
TU 9 00000309 1a 00 00
TU 0 0000030f 17 00 00
TU 1 00000309 1a 00 00
TU 2 0000030b 19 00 00
TU 3 00000309 1a 00 00
TU 0 0000002b 0f 01 04
TU 1 00000272 0d 01 04
TU 2 000002f8 15 01 04
TU 3 0000030f 17 00 00
TU 4 00000309 1a 00 00
TU 5 0000030b 19 00 00
TU 6 00000309 1a 00 00
TU 0 0000030f 17 00 00
TU 1 00000309 1a 00 00
TU 2 0000030b 19 00 00
TU 3 00000309 1a 00 00
TU 0 0000002b 0f 01 04
TU 1 00000272 0d 01 04
TU 2 000002f8 15 01 04
TU 3 0000030f 17 00 00
TU 4 00000309 1a 00 00
TU 5 0000030b 19 00 00
TU 6 00000309 1a 00 00
TU 0 0000030f 17 00 00
TU 1 00000309 1a 00 00
TU 2 0000030b 19 00 00
TU 3 00000309 1a 00 00
TU 0 0000001f 12 01 00
TU 1 0000030f 17 00 00
TU 2 0000030b 19 00 00
TU 3 00000309 1a 00 00
TU 0 0000030f 17 00 00
TU 1 0000030b 19 00 00
TU 2 00000309 1a 00 00
TU 0 00000272 0d 01 04
TU 1 00000272 0d 01 04
TU 2 00000272 0d 01 04
TU 3 0000002b 0f 01 04
TU 4 00000272 0d 01 04
TU 5 000002f8 15 01 04
TU 6 0000030f 17 00 00
TU 7 00000309 1a 00 00
TU 8 0000030b 19 00 00
TU 9 00000309 1a 00 00
TU 0 0000030f 17 00 00
TU 1 00000309 1a 00 00
TU 2 0000030b 19 00 00
TU 3 00000309 1a 00 00
TU 0 00000272 0d 01 04
TU 1 0000002b 0f 01 04
TU 2 00000272 0d 01 04
TU 3 000002f8 15 01 04
TU 4 0000030f 17 00 00
TU 5 00000309 1a 00 00
TU 6 0000030b 19 00 00
TU 7 00000309 1a 00 00
TU 0 0000030f 17 00 00
TU 1 00000309 1a 00 00
TU 2 0000030b 19 00 00
TU 3 00000309 1a 00 00
TU 0 00000272 0d 01 04
TU 1 0000002b 0f 01 04
TU 2 00000272 0d 01 04
TU 3 000002f8 15 01 04
TU 4 0000030f 17 00 00
TU 5 00000309 1a 00 00
TU 6 0000030b 19 00 00
TU 7 00000309 1a 00 00
TU 0 0000030f 17 00 00
TU 1 00000309 1a 00 00
TU 2 0000030b 19 00 00
TU 3 00000309 1a 00 00
TU 0 00000272 0d 01 04
TU 1 00000272 0d 01 04
TU 2 00000272 0d 01 04
TU 3 0000001f 12 01 00
TU 4 0000030f 17 00 00
TU 5 0000030b 19 00 00
TU 6 00000309 1a 00 00
TU 0 0000030f 17 00 00
TU 1 0000030b 19 00 00
TU 2 00000309 1a 00 00
TU 0 00000272 0d 01 04
TU 1 00000272 0d 01 04
TU 2 00000272 0d 01 04
TU 3 0000002b 0f 01 04
TU 4 00000272 0d 01 04
TU 5 000002f8 15 01 04
TU 6 0000030f 17 00 00
TU 7 00000309 1a 00 00
TU 8 0000030b 19 00 00
TU 9 00000309 1a 00 00
TU 0 0000030f 17 00 00
TU 1 00000309 1a 00 00
TU 2 0000030b 19 00 00
TU 3 00000309 1a 00 00
TU 0 00000272 0d 01 04
TU 1 00000272 0d 01 04
TU 2 0000002b 0f 01 04
TU 3 00000272 0d 01 04
TU 4 000002f8 15 01 04
TU 5 0000030f 17 00 00
TU 6 00000309 1a 00 00
TU 7 0000030b 19 00 00
TU 8 00000309 1a 00 00
TU 0 0000030f 17 00 00
TU 1 00000309 1a 00 00
TU 2 0000030b 19 00 00
TU 3 00000309 1a 00 00
TU 0 00000272 0d 01 04
TU 1 00000272 0d 01 04
TU 2 0000002b 0f 01 04
TU 3 00000272 0d 01 04
TU 4 000002f8 15 01 04
TU 5 0000030f 17 00 00
TU 6 00000309 1a 00 00
TU 7 0000030b 19 00 00
TU 8 00000309 1a 00 00
TU 0 0000030f 17 00 00
TU 1 00000309 1a 00 00
TU 2 0000030b 19 00 00
TU 3 00000309 1a 00 00
TU 0 00000272 0d 01 04
TU 1 00000272 0d 01 04
TU 2 00000272 0d 01 04
TU 3 0000001f 12 01 00
TU 4 0000030f 17 00 00
TU 5 0000030b 19 00 00
TU 6 00000309 1a 00 00
TU 0 0000030f 17 00 00
TU 1 0000030b 19 00 00
TU 2 00000309 1a 00 00
TU 0 00000272 0d 01 04
TU 1 00000272 0d 01 04
TU 2 00000272 0d 01 04
TU 3 0000002b 0f 01 04
TU 4 00000272 0d 01 04
TU 5 000002f8 15 01 04
TU 6 0000030f 17 00 00
TU 7 00000309 1a 00 00
TU 8 0000030b 19 00 00
TU 9 00000309 1a 00 00
TU 0 0000030f 17 00 00
TU 1 00000309 1a 00 00
TU 2 0000030b 19 00 00
TU 3 00000309 1a 00 00
TU 0 00000272 0d 01 04
TU 1 0000002b 0f 01 04
TU 2 00000272 0d 01 04
TU 3 000002f8 15 01 04
TU 4 0000030f 17 00 00
TU 5 00000309 1a 00 00
TU 6 0000030b 19 00 00
TU 7 00000309 1a 00 00
TU 0 0000030f 17 00 00
TU 1 00000309 1a 00 00
TU 2 0000030b 19 00 00
TU 3 00000309 1a 00 00
TU 0 00000272 0d 01 04
TU 1 0000002b 0f 01 04
TU 2 00000272 0d 01 04
TU 3 000002f8 15 01 04
TU 4 0000030f 17 00 00
TU 5 00000309 1a 00 00
TU 6 0000030b 19 00 00
TU 7 00000309 1a 00 00
TU 0 0000030f 17 00 00
TU 1 00000309 1a 00 00
TU 2 0000030b 19 00 00
TU 3 00000309 1a 00 00
TU 0 00000272 0d 01 04
TU 1 00000272 0d 01 04
TU 2 00000272 0d 01 04
TU 3 0000001f 12 01 00
TU 4 0000030f 17 00 00
TU 5 0000030b 19 00 00
TU 6 00000309 1a 00 00
TU 0 0000030f 17 00 00
TU 1 0000030b 19 00 00
TU 2 00000309 1a 00 00
TU 0 00000272 0d 01 04
TU 1 00000272 0d 01 04
TU 2 00000272 0d 01 04
TU 3 0000002b 0f 01 04
TU 4 00000272 0d 01 04
TU 5 000002f8 15 01 04
TU 6 0000030f 17 00 00
TU 7 00000309 1a 00 00
TU 8 0000030b 19 00 00
TU 9 00000309 1a 00 00
TU 0 0000030f 17 00 00
TU 1 00000309 1a 00 00
TU 2 0000030b 19 00 00
TU 3 00000309 1a 00 00
TU 0 00000272 0d 01 04
TU 1 0000002b 0f 01 04
TU 2 00000272 0d 01 04
TU 3 000002f8 15 01 04
TU 4 0000030f 17 00 00
TU 5 00000309 1a 00 00
TU 6 0000030b 19 00 00
TU 7 00000309 1a 00 00
TU 0 0000030f 17 00 00
TU 1 00000309 1a 00 00
TU 2 0000030b 19 00 00
TU 3 00000309 1a 00 00
TU 0 00000272 0d 01 04
TU 1 0000002b 0f 01 04
TU 2 00000272 0d 01 04
TU 3 000002f8 15 01 04
TU 4 0000030f 17 00 00
TU 5 00000309 1a 00 00
TU 6 0000030b 19 00 00
TU 7 00000309 1a 00 00
TU 0 0000030f 17 00 00
TU 1 00000309 1a 00 00
TU 2 0000030b 19 00 00
TU 3 00000309 1a 00 00
TU 0 00000272 0d 01 04
TU 1 00000272 0d 01 04
TU 2 00000272 0d 01 04
TU 3 00000272 0d 01 04
TU 4 0000001f 12 01 00
TU 5 0000030f 17 00 00
TU 6 0000030b 19 00 00
TU 7 00000309 1a 00 00
TU 0 0000030f 17 00 00
TU 1 0000030b 19 00 00
TU 2 00000309 1a 00 00
TU 0 00000272 0d 01 04
TU 1 00000272 0d 01 04
TU 2 00000272 0d 01 04
TU 3 0000002b 0f 01 04
TU 4 00000272 0d 01 04
TU 5 000002f8 15 01 04
TU 6 0000030f 17 00 00
TU 7 00000309 1a 00 00
TU 8 0000030b 19 00 00
TU 9 00000309 1a 00 00
TU 0 0000030f 17 00 00
TU 1 00000309 1a 00 00
TU 2 0000030b 19 00 00
TU 3 00000309 1a 00 00
TU 0 00000272 0d 01 04
TU 1 0000002b 0f 01 04
TU 2 00000272 0d 01 04
TU 3 000002f8 15 01 04
TU 4 0000030f 17 00 00
TU 5 00000309 1a 00 00
TU 6 0000030b 19 00 00
TU 7 00000309 1a 00 00
TU 0 0000030f 17 00 00
TU 1 00000309 1a 00 00
TU 2 0000030b 19 00 00
TU 3 00000309 1a 00 00
TU 0 00000272 0d 01 04
TU 1 0000002b 0f 01 04
TU 2 00000272 0d 01 04
TU 3 000002f8 15 01 04
TU 4 0000030f 17 00 00
TU 5 00000309 1a 00 00
TU 6 0000030b 19 00 00
TU 7 00000309 1a 00 00
TU 0 0000030f 17 00 00
TU 1 00000309 1a 00 00
TU 2 0000030b 19 00 00
TU 3 00000309 1a 00 00
TU 0 00000272 0d 01 04
TU 1 00000272 0d 01 04
TU 2 00000272 0d 01 04
TU 3 00000272 0d 01 04
TU 4 0000001f 12 01 00
TU 5 0000030f 17 00 00
TU 6 0000030b 19 00 00
TU 7 00000309 1a 00 00
TU 0 0000030f 17 00 00
TU 1 0000030b 19 00 00
TU 2 00000309 1a 00 00
  SCHED+GLOBREGS fn1: sched1=13 sched2=11 DIFFERS
  SCHED+GLOBREGS fn2: sched1=14 sched2=11 DIFFERS
  SCHED+GLOBREGS fn3: sched1=14 sched2=12 DIFFERS
  SCHED+GLOBREGS fn4: sched1=14 sched2=13 DIFFERS
  SCHED+GLOBREGS fn5: sched1=14 sched2=12 DIFFERS
  SCHED+GLOBREGS fn6: sched1=14 sched2=12 DIFFERS
  SCHED+GLOBREGS fn7: sched1=14 sched2=12 DIFFERS
  COLOR fn1: sched2=11 sched3=11 IDENTICAL
  COLOR fn2: sched2=11 sched3=11 IDENTICAL
  COLOR fn3: sched2=12 sched3=12 IDENTICAL
  COLOR fn4: sched2=13 sched3=13 IDENTICAL
  COLOR fn5: sched2=12 sched3=12 IDENTICAL
  COLOR fn6: sched2=12 sched3=12 IDENTICAL
  COLOR fn7: sched2=12 sched3=12 IDENTICAL
  LOWERING fn1: sched3=11 sched0=7 DIFFERS
  LOWERING fn2: sched3=11 sched0=7 DIFFERS
  LOWERING fn3: sched3=12 sched0=10 DIFFERS
  LOWERING fn4: sched3=13 sched0=10 DIFFERS
  LOWERING fn5: sched3=12 sched0=10 DIFFERS
  LOWERING fn6: sched3=12 sched0=11 DIFFERS
  LOWERING fn7: sched3=12 sched0=11 DIFFERS
  gap-metric stage-snap-tuples 329
  gap-metric stage-snap-regions 56
  gap-metric stage-snap-walk-refusals 0
  gap-metric stage-color-pairs 7
  gap-metric stage-color-pairs-differing 0
  RAW WINDOW 128B, 83 tuple pairs aligned across sched2/sched3.
                   offsets COLOR writes: NONE — the allocator wrote nothing in this window
  FINDING, not a green: the pre/post-COLOR snapshots are IDENTICAL on every
                   function here. The walk is reading fields COLOR does not write — it shows THAT
                   the allocator ran, not WHAT it did.
