lane gate: preflight on /tmp
  keep    /tmp/c2rs-gate-1013074       this run
  keep    /tmp/c2rs-gate-650216        recent — 1 of 3 finished runs kept for their logs
  keep    /tmp/c2rs-gate-223944        recent — 2 of 3 finished runs kept for their logs
          cases KEPT — results.tsv is absent or carries a non-PASS row
  keep    /tmp/c2rs-gate-104332        recent — 3 of 3 finished runs kept for their logs
          cases KEPT — results.tsv is absent or carries a non-PASS row
  reaped  /tmp/c2rs-gate-3384429       stale — no live gate owns it
reap:   1 stale run tree(s) removed, 4 kept (0 live, 3 recent, 1 this run)
strip:  0 kept tree(s) lost 0 regenerable cases; 1 newest kept theirs (C2RS_GATE_KEEP_CASES=1)
        freed 94.3 MiB and 332 inodes (df delta over a SHARED filesystem)
disk:   /tmp — free 18.9 GiB / 582,019 inodes (floors: 2.0 GiB / 150,000 inodes)

lane gate: 18 lanes from <repo>/scripts/lanes.txt
  run dir: /tmp/c2rs-gate-1013074   (per-lane run dirs under /tmp/c2rs-gate-1013074/lanes/)
  graded tree: 628102b17f0d  (712 files under crates fixtures scripts, content-hashed)

hatch-red:       work/w-hatch/hatch_red.py  (no toolchain; fires hatch.py's refusals)
  REFUSED  HATCH-STALE `hatch.py apply` cannot hatch this tree, so the arms have no tree to run on (board #1389)
ladder-red:      work/w-ladders/ladder_red.py  (no toolchain; fires ladder.py's width-table refusal)
  PASS  
building the harness (no-op if current)
   Compiling c2-il v0.1.0 (<repo>/crates/c2-il)
   Compiling c2-core v0.1.0 (<repo>/crates/c2-core)
   Compiling c2-reference v0.1.0 (<repo>/crates/c2-reference)
   Compiling c2-harness v0.1.0 (<repo>/crates/c2-harness)
    Finished `release` profile [optimized] target(s) in 6.41s
harness: /tmp/c2rs-gate-1013074/c2rs
  pinned from <repo>/target/release/c2rs  built 2026-08-10 06:40:44
  sha ccdf6f432be9  tree a0f4a257-dirty

wall clock: 3s for 18 lanes at --jobs 6 (C2RS_JOBS=8)

generated sweep: scripts/expr_sweep.sh /tmp/c2rs-gate-1013074/sweep 0  (jobs 6)
    62 fragments, 19556 cases total (19556 .cpp on disk)
  sweeping 19556 of 19556 generated cases
    grading at 6 job(s)
  checked=19556 mismatches=0 graded=19460 ungraded=96 unknown=0
  (170s)

mode cross:      scripts/mode_cross.sh /tmp/c2rs-gate-1013074/cross 0  (jobs 6)
  assigned 19556 cases over 18 lanes = 90812 cells (full cross would be 352008)
  sweeping 90812 of 90812 case-lane cells (cross of 0 cases x <repo>/scripts/lanes.txt; the full 12x product is 352008)
  checked=90812 mismatches=0 graded=90424 ungraded=388 unknown=0
  (684s)

disk:   /tmp low-water this run — 18.7 GiB and 562,195 inodes free (start: 18.9 GiB / 582,019)

LANE                 VERDICT     graded/total  match  mismatch  flags
-------------------- ---------- ------------- ------ --------- --------------------
O1                   PASS          371/371       174         0  /O1
O1-EHsc              PASS          371/371       175         0  /O1 /EHsc
O1-Oi                PASS          371/371       176         0  /O1 /Oi
O1-Oi-EHsc           PASS          371/371       177         0  /O1 /Oi /EHsc
Ox                   PASS          371/371       150         0  /Ox
Ox-EHsc              PASS          371/371       150         0  /Ox /EHsc
Ox-Gy                PASS          371/371       148         0  /Ox /Gy
Ox-Gy-EHsc           PASS          371/371       148         0  /Ox /Gy /EHsc
O2                   PASS          371/371       154         0  /O2
O2-EHsc              PASS          371/371       154         0  /O2 /EHsc
Od                   PASS          371/371        18         0  /Od
Od-EHsc              PASS          371/371        18         0  /Od /EHsc
O1-Oi-GR             PASS          371/371       176         0  /O1 /Oi /GR
O1-Oi-EHsc-GR        PASS          371/371       177         0  /O1 /Oi /EHsc /GR
Ox-GR                PASS          371/371       150         0  /Ox /GR
Ox-EHsc-GR           PASS          371/371       150         0  /Ox /EHsc /GR
Od-GR                PASS          371/371        18         0  /Od /GR
Od-EHsc-GR           PASS          371/371        18         0  /Od /EHsc /GR
expr-sweep           PASS        19556/19556   19460         0  generated cases (of 19556)
mode-cross           PASS        90812/90812   90424         0  case-lane cells (of 90812)
hatch-red            REFUSED         0/14          0       n/a  arms (0 green controls)   <- HATCH-STALE `hatch.py apply` cannot hatch this tree, so the arms have no tree to run on (board #1389)
ladder-red           PASS            5/5           3       n/a  arms (2 green controls)

lanes:  18 in the registry — 18 PASS, 0 FAIL, 0 SKIP, 0 NO-RESULT
graded: 6678 fixture-verdicts across all lanes
sweep:  PASS — 19556 of 19556 selected cases reached, 19460 GRADED by the
        oracle (96 ungraded: no reference obj), 0 mismatch (corpus 19556)
cross:  PASS — 90424 of 90812 selected cells graded, 0 mismatch (product 90812)
logs:   /tmp/c2rs-gate-1013074/<lane>.log, /tmp/c2rs-gate-1013074/sweep.log, /tmp/c2rs-gate-1013074/cross.log

GATE: PASS (HATCH-RED REFUSED) — 18/18 lanes ran and every one of them graded a corpus,
  the sweep graded 19460 of 19556 generated cases and the cross graded
  90424 of 90812 case-lane cells, with 0 mismatches anywhere
  (96 sweep cases carried ungraded — the reference rejects the source).

  HATCH-RED REFUSED — HATCH-STALE `hatch.py apply` cannot hatch this tree, so the arms have no tree to run on (board #1389)
  The arms write into crates/ and restore it, so they will not run over a tree
  that is not HEAD, and they cannot run at all on a tree the hatch will not
  apply to. Neither is a statement about `hatch.py`'s eight refusals, so this
  run does NOT establish what a full run establishes (board #1406). This is why
  the headline above is qualified: commit or stash crates/ and re-run.

graded tree: ac876e62dfb7  (713 files: crates fixtures scripts, content-hashed)
  *** THE TREE MOVED UNDER THIS RUN — it began at 628102b17f0d
      (712 files) and ended at ac876e62dfb7 (713 files).
      The verdict above was produced partly from each, so it is evidence
      about NEITHER tree. Find what wrote to crates fixtures scripts during the run
      (a gate row, a peer session, a killed process) and re-run.
  This is the identity of what was graded. It is a hash of file CONTENT, not
  a commit — HEAD is what lied in #2907, and a commit id is silent about
  uncommitted work, a half-restored tree and a concurrent writer alike.
